Build started 2/25/2026 3:21:46 PM.
     1>Project "C:\Scaffolding\test\dotnet-scaffolding\dotnet-scaffold.Tests\dotnet-scaffold.Tests.csproj" on node 1 (VSTest target(s)).
     1>BuildProject:
         Build started, please wait...
     1>Project "C:\Scaffolding\test\dotnet-scaffolding\dotnet-scaffold.Tests\dotnet-scaffold.Tests.csproj" (1) is building "C:\Scaffolding\test\dotnet-scaffolding\dotnet-scaffold.Tests\dotnet-scaffold.Tests.csproj" (1:2) on node 1 (default targets).
   1:2>Project "C:\Scaffolding\test\dotnet-scaffolding\dotnet-scaffold.Tests\dotnet-scaffold.Tests.csproj" (1:2) is building "C:\Scaffolding\src\Shared\Microsoft.DotNet.Scaffolding.Shared\Microsoft.DotNet.Scaffolding.Shared.csproj" (9:6) on node 3 (default targets).
     9>CoreResGen:
         No resources are out of date with respect to their source files. Skipping resource generation.
       GenerateTargetFrameworkMonikerAttribute:
       Skipping target "GenerateTargetFrameworkMonikerAttribute" because all output files are up-to-date with respect to the input files.
       _BatchGenerateResxSource:
       Skipping target "_BatchGenerateResxSource" because it has no outputs.
       CoreGenerateAssemblyInfo:
       Skipping target "CoreGenerateAssemblyInfo" because all output files are up-to-date with respect to the input files.
       _GenerateSourceLinkFile:
         Source Link file 'C:\Scaffolding\artifacts\obj\Microsoft.DotNet.Scaffolding.Shared\Debug\net11.0\Microsoft.DotNet.Scaffolding.Shared.sourcelink.json' is up-to-date.
       CoreCompile:
       Skipping target "CoreCompile" because all output files are up-to-date with respect to the input files.
       GenerateBuildDependencyFile:
       Skipping target "GenerateBuildDependencyFile" because all output files are up-to-date with respect to the input files.
       CopyFilesToOutputDirectory:
         Microsoft.DotNet.Scaffolding.Shared -> C:\Scaffolding\artifacts\bin\Microsoft.DotNet.Scaffolding.Shared\Debug\net11.0\Microsoft.DotNet.Scaffolding.Shared.dll
   1:2>Project "C:\Scaffolding\test\dotnet-scaffolding\dotnet-scaffold.Tests\dotnet-scaffold.Tests.csproj" (1:2) is building "C:\Scaffolding\src\dotnet-scaffolding\Microsoft.DotNet.Scaffolding.Internal\Microsoft.DotNet.Scaffolding.Internal.csproj" (4:6) on node 18 (default targets).
     4>CoreResGen:
         No resources are out of date with respect to their source files. Skipping resource generation.
     9>Done Building Project "C:\Scaffolding\src\Shared\Microsoft.DotNet.Scaffolding.Shared\Microsoft.DotNet.Scaffolding.Shared.csproj" (default targets).
     4>GenerateTargetFrameworkMonikerAttribute:
       Skipping target "GenerateTargetFrameworkMonikerAttribute" because all output files are up-to-date with respect to the input files.
       _BatchGenerateResxSource:
       Skipping target "_BatchGenerateResxSource" because it has no outputs.
       CoreGenerateAssemblyInfo:
       Skipping target "CoreGenerateAssemblyInfo" because all output files are up-to-date with respect to the input files.
       _GenerateSourceLinkFile:
         Source Link file 'C:\Scaffolding\artifacts\obj\Microsoft.DotNet.Scaffolding.Internal\Debug\net11.0\Microsoft.DotNet.Scaffolding.Internal.sourcelink.json' is up-to-date.
       CoreCompile:
       Skipping target "CoreCompile" because all output files are up-to-date with respect to the input files.
       GenerateBuildDependencyFile:
       Skipping target "GenerateBuildDependencyFile" because all output files are up-to-date with respect to the input files.
       CopyFilesToOutputDirectory:
         Microsoft.DotNet.Scaffolding.Internal -> C:\Scaffolding\artifacts\bin\Microsoft.DotNet.Scaffolding.Internal\Debug\net11.0\Microsoft.DotNet.Scaffolding.Internal.dll
     4>Done Building Project "C:\Scaffolding\src\dotnet-scaffolding\Microsoft.DotNet.Scaffolding.Internal\Microsoft.DotNet.Scaffolding.Internal.csproj" (default targets).
   1:2>Project "C:\Scaffolding\test\dotnet-scaffolding\dotnet-scaffold.Tests\dotnet-scaffold.Tests.csproj" (1:2) is building "C:\Scaffolding\src\dotnet-scaffolding\Microsoft.DotNet.Scaffolding.Roslyn\Microsoft.DotNet.Scaffolding.Roslyn.csproj" (6:6) on node 14 (default targets).
     6>GenerateBindingRedirects:
       Skipping target "GenerateBindingRedirects" because all output files are up-to-date with respect to the input files.
       GenerateTargetFrameworkMonikerAttribute:
       Skipping target "GenerateTargetFrameworkMonikerAttribute" because all output files are up-to-date with respect to the input files.
       _BatchGenerateResxSource:
       Skipping target "_BatchGenerateResxSource" because it has no outputs.
       CoreGenerateAssemblyInfo:
       Skipping target "CoreGenerateAssemblyInfo" because all output files are up-to-date with respect to the input files.
       _GenerateSourceLinkFile:
         Source Link file 'C:\Scaffolding\artifacts\obj\Microsoft.DotNet.Scaffolding.Roslyn\Debug\net11.0\Microsoft.DotNet.Scaffolding.Roslyn.sourcelink.json' is up-to-date.
       CoreCompile:
       Skipping target "CoreCompile" because all output files are up-to-date with respect to the input files.
       _CopyOutOfDateSourceItemsToOutputDirectory:
       Skipping target "_CopyOutOfDateSourceItemsToOutputDirectory" because all output files are up-to-date with respect to the input files.
       _CopyAppConfigFile:
       Skipping target "_CopyAppConfigFile" because all output files are up-to-date with respect to the input files.
       GenerateBuildDependencyFile:
       Skipping target "GenerateBuildDependencyFile" because all output files are up-to-date with respect to the input files.
       CopyFilesToOutputDirectory:
         Microsoft.DotNet.Scaffolding.Roslyn -> C:\Scaffolding\artifacts\bin\Microsoft.DotNet.Scaffolding.Roslyn\Debug\net11.0\Microsoft.DotNet.Scaffolding.Roslyn.dll
     6>Done Building Project "C:\Scaffolding\src\dotnet-scaffolding\Microsoft.DotNet.Scaffolding.Roslyn\Microsoft.DotNet.Scaffolding.Roslyn.csproj" (default targets).
   1:2>Project "C:\Scaffolding\test\dotnet-scaffolding\dotnet-scaffold.Tests\dotnet-scaffold.Tests.csproj" (1:2) is building "C:\Scaffolding\src\dotnet-scaffolding\Microsoft.DotNet.Scaffolding.Core\Microsoft.DotNet.Scaffolding.Core.csproj" (3:6) on node 3 (default targets).
     3>GenerateTargetFrameworkMonikerAttribute:
       Skipping target "GenerateTargetFrameworkMonikerAttribute" because all output files are up-to-date with respect to the input files.
       GenerateInternalsVisibleToFile:
       Skipping target "GenerateInternalsVisibleToFile" because all output files are up-to-date with respect to the input files.
       _BatchGenerateResxSource:
       Skipping target "_BatchGenerateResxSource" because it has no outputs.
       CoreGenerateAssemblyInfo:
       Skipping target "CoreGenerateAssemblyInfo" because all output files are up-to-date with respect to the input files.
       _GenerateSourceLinkFile:
         Source Link file 'C:\Scaffolding\artifacts\obj\Microsoft.DotNet.Scaffolding.Core\Debug\net11.0\Microsoft.DotNet.Scaffolding.Core.sourcelink.json' is up-to-date.
       CoreCompile:
       Skipping target "CoreCompile" because all output files are up-to-date with respect to the input files.
       GenerateBuildDependencyFile:
       Skipping target "GenerateBuildDependencyFile" because all output files are up-to-date with respect to the input files.
       CopyFilesToOutputDirectory:
         Microsoft.DotNet.Scaffolding.Core -> C:\Scaffolding\artifacts\bin\Microsoft.DotNet.Scaffolding.Core\Debug\net11.0\Microsoft.DotNet.Scaffolding.Core.dll
     3>Done Building Project "C:\Scaffolding\src\dotnet-scaffolding\Microsoft.DotNet.Scaffolding.Core\Microsoft.DotNet.Scaffolding.Core.csproj" (default targets).
   1:2>Project "C:\Scaffolding\test\dotnet-scaffolding\dotnet-scaffold.Tests\dotnet-scaffold.Tests.csproj" (1:2) is building "C:\Scaffolding\src\dotnet-scaffolding\dotnet-scaffold\dotnet-scaffold.csproj" (2:6) on node 16 (default targets).
   2:6>Project "C:\Scaffolding\src\dotnet-scaffolding\dotnet-scaffold\dotnet-scaffold.csproj" (2:6) is building "C:\Scaffolding\src\dotnet-scaffolding\Microsoft.DotNet.Scaffolding.CodeModification\Microsoft.DotNet.Scaffolding.CodeModification.csproj" (5:7) on node 16 (default targets).
     5>GenerateTargetFrameworkMonikerAttribute:
       Skipping target "GenerateTargetFrameworkMonikerAttribute" because all output files are up-to-date with respect to the input files.
   1:2>Project "C:\Scaffolding\test\dotnet-scaffolding\dotnet-scaffold.Tests\dotnet-scaffold.Tests.csproj" (1:2) is building "C:\Scaffolding\src\dotnet-scaffolding\Microsoft.DotNet.Scaffolding.TextTemplating\Microsoft.DotNet.Scaffolding.TextTemplating.csproj" (12:6) on node 19 (default targets).
    12>GenerateTargetFrameworkMonikerAttribute:
       Skipping target "GenerateTargetFrameworkMonikerAttribute" because all output files are up-to-date with respect to the input files.
       _BatchGenerateResxSource:
       Skipping target "_BatchGenerateResxSource" because it has no outputs.
     5>_BatchGenerateResxSource:
       Skipping target "_BatchGenerateResxSource" because it has no outputs.
    12>CoreGenerateAssemblyInfo:
       Skipping target "CoreGenerateAssemblyInfo" because all output files are up-to-date with respect to the input files.
     5>CoreGenerateAssemblyInfo:
       Skipping target "CoreGenerateAssemblyInfo" because all output files are up-to-date with respect to the input files.
    12>_GenerateSourceLinkFile:
         Source Link file 'C:\Scaffolding\artifacts\obj\Microsoft.DotNet.Scaffolding.TextTemplating\Debug\net11.0\Microsoft.DotNet.Scaffolding.TextTemplating.sourcelink.json' is up-to-date.
       CoreCompile:
       Skipping target "CoreCompile" because all output files are up-to-date with respect to the input files.
       GenerateBuildDependencyFile:
       Skipping target "GenerateBuildDependencyFile" because all output files are up-to-date with respect to the input files.
     5>_GenerateSourceLinkFile:
         Source Link file 'C:\Scaffolding\artifacts\obj\Microsoft.DotNet.Scaffolding.CodeModification\Debug\net11.0\Microsoft.DotNet.Scaffolding.CodeModification.sourcelink.json' is up-to-date.
       CoreCompile:
       Skipping target "CoreCompile" because all output files are up-to-date with respect to the input files.
    12>CopyFilesToOutputDirectory:
         Microsoft.DotNet.Scaffolding.TextTemplating -> C:\Scaffolding\artifacts\bin\Microsoft.DotNet.Scaffolding.TextTemplating\Debug\net11.0\Microsoft.DotNet.Scaffolding.TextTemplating.dll
   1:2>Project "C:\Scaffolding\test\dotnet-scaffolding\dotnet-scaffold.Tests\dotnet-scaffold.Tests.csproj" (1:2) is building "C:\Scaffolding\src\Scaffolding\VS.Web.CG.Core\VS.Web.CG.Core.csproj" (7:6) on node 10 (default targets).
   7:6>Project "C:\Scaffolding\src\Scaffolding\VS.Web.CG.Core\VS.Web.CG.Core.csproj" (7:6) is building "C:\Scaffolding\src\Scaffolding\VS.Web.CG.Utils\VS.Web.CG.Utils.csproj" (13:11) on node 18 (default targets).
    13>CoreResGen:
         No resources are out of date with respect to their source files. Skipping resource generation.
       GenerateTargetFrameworkMonikerAttribute:
       Skipping target "GenerateTargetFrameworkMonikerAttribute" because all output files are up-to-date with respect to the input files.
    12>Done Building Project "C:\Scaffolding\src\dotnet-scaffolding\Microsoft.DotNet.Scaffolding.TextTemplating\Microsoft.DotNet.Scaffolding.TextTemplating.csproj" (default targets).
    13>_BatchGenerateResxSource:
       Skipping target "_BatchGenerateResxSource" because it has no outputs.
       CoreGenerateAssemblyInfo:
       Skipping target "CoreGenerateAssemblyInfo" because all output files are up-to-date with respect to the input files.
       _GenerateSourceLinkFile:
         Source Link file 'C:\Scaffolding\artifacts\obj\VS.Web.CG.Utils\Debug\net11.0\VS.Web.CG.Utils.sourcelink.json' is up-to-date.
       CoreCompile:
       Skipping target "CoreCompile" because all output files are up-to-date with respect to the input files.
     5>_CopyOutOfDateSourceItemsToOutputDirectory:
       Skipping target "_CopyOutOfDateSourceItemsToOutputDirectory" because all output files are up-to-date with respect to the input files.
       GenerateBuildDependencyFile:
       Skipping target "GenerateBuildDependencyFile" because all output files are up-to-date with respect to the input files.
       CopyFilesToOutputDirectory:
         Microsoft.DotNet.Scaffolding.CodeModification -> C:\Scaffolding\artifacts\bin\Microsoft.DotNet.Scaffolding.CodeModification\Debug\net11.0\Microsoft.DotNet.Scaffolding.CodeModification.dll
    13>_CopyOutOfDateSourceItemsToOutputDirectory:
       Skipping target "_CopyOutOfDateSourceItemsToOutputDirectory" because all output files are up-to-date with respect to the input files.
       GenerateBuildDependencyFile:
       Skipping target "GenerateBuildDependencyFile" because all output files are up-to-date with respect to the input files.
       CopyFilesToOutputDirectory:
         VS.Web.CG.Utils -> C:\Scaffolding\artifacts\bin\VS.Web.CG.Utils\Debug\net11.0\Microsoft.VisualStudio.Web.CodeGeneration.Utils.dll
    13>Done Building Project "C:\Scaffolding\src\Scaffolding\VS.Web.CG.Utils\VS.Web.CG.Utils.csproj" (default targets).
     5>Done Building Project "C:\Scaffolding\src\dotnet-scaffolding\Microsoft.DotNet.Scaffolding.CodeModification\Microsoft.DotNet.Scaffolding.CodeModification.csproj" (default targets).
   1:2>Project "C:\Scaffolding\test\dotnet-scaffolding\dotnet-scaffold.Tests\dotnet-scaffold.Tests.csproj" (1:2) is building "C:\Scaffolding\src\Scaffolding\VS.Web.CG.Templating\VS.Web.CG.Templating.csproj" (8:6) on node 17 (default targets).
     8>CoreResGen:
         No resources are out of date with respect to their source files. Skipping resource generation.
       GenerateTargetFrameworkMonikerAttribute:
       Skipping target "GenerateTargetFrameworkMonikerAttribute" because all output files are up-to-date with respect to the input files.
       _BatchGenerateResxSource:
       Skipping target "_BatchGenerateResxSource" because it has no outputs.
       CoreGenerateAssemblyInfo:
       Skipping target "CoreGenerateAssemblyInfo" because all output files are up-to-date with respect to the input files.
       _GenerateSourceLinkFile:
         Source Link file 'C:\Scaffolding\artifacts\obj\VS.Web.CG.Templating\Debug\net11.0\VS.Web.CG.Templating.sourcelink.json' is up-to-date.
       CoreCompile:
       Skipping target "CoreCompile" because all output files are up-to-date with respect to the input files.
       _CopyOutOfDateSourceItemsToOutputDirectory:
       Skipping target "_CopyOutOfDateSourceItemsToOutputDirectory" because all output files are up-to-date with respect to the input files.
       GenerateBuildDependencyFile:
       Skipping target "GenerateBuildDependencyFile" because all output files are up-to-date with respect to the input files.
       CopyFilesToOutputDirectory:
         VS.Web.CG.Templating -> C:\Scaffolding\artifacts\bin\VS.Web.CG.Templating\Debug\net11.0\Microsoft.VisualStudio.Web.CodeGeneration.Templating.dll
     8>Done Building Project "C:\Scaffolding\src\Scaffolding\VS.Web.CG.Templating\VS.Web.CG.Templating.csproj" (default targets).
     7>CoreResGen:
         No resources are out of date with respect to their source files. Skipping resource generation.
       GenerateTargetFrameworkMonikerAttribute:
       Skipping target "GenerateTargetFrameworkMonikerAttribute" because all output files are up-to-date with respect to the input files.
       _BatchGenerateResxSource:
       Skipping target "_BatchGenerateResxSource" because it has no outputs.
       CoreGenerateAssemblyInfo:
       Skipping target "CoreGenerateAssemblyInfo" because all output files are up-to-date with respect to the input files.
       _GenerateSourceLinkFile:
         Source Link file 'C:\Scaffolding\artifacts\obj\VS.Web.CG.Core\Debug\net11.0\VS.Web.CG.Core.sourcelink.json' is up-to-date.
       CoreCompile:
       Skipping target "CoreCompile" because all output files are up-to-date with respect to the input files.
       _CopyOutOfDateSourceItemsToOutputDirectory:
       Skipping target "_CopyOutOfDateSourceItemsToOutputDirectory" because all output files are up-to-date with respect to the input files.
       GenerateBuildDependencyFile:
       Skipping target "GenerateBuildDependencyFile" because all output files are up-to-date with respect to the input files.
       CopyFilesToOutputDirectory:
         VS.Web.CG.Core -> C:\Scaffolding\artifacts\bin\VS.Web.CG.Core\Debug\net11.0\Microsoft.VisualStudio.Web.CodeGeneration.Core.dll
     7>Done Building Project "C:\Scaffolding\src\Scaffolding\VS.Web.CG.Core\VS.Web.CG.Core.csproj" (default targets).
   1:2>Project "C:\Scaffolding\test\dotnet-scaffolding\dotnet-scaffold.Tests\dotnet-scaffold.Tests.csproj" (1:2) is building "C:\Scaffolding\src\Scaffolding\VS.Web.CG.EFCore\VS.Web.CG.EFCore.csproj" (10:6) on node 15 (default targets).
    10>CoreResGen:
         No resources are out of date with respect to their source files. Skipping resource generation.
       GenerateTargetFrameworkMonikerAttribute:
       Skipping target "GenerateTargetFrameworkMonikerAttribute" because all output files are up-to-date with respect to the input files.
       _BatchGenerateResxSource:
       Skipping target "_BatchGenerateResxSource" because it has no outputs.
       CoreGenerateAssemblyInfo:
       Skipping target "CoreGenerateAssemblyInfo" because all output files are up-to-date with respect to the input files.
       _GenerateSourceLinkFile:
         Source Link file 'C:\Scaffolding\artifacts\obj\VS.Web.CG.EFCore\Debug\net11.0\VS.Web.CG.EFCore.sourcelink.json' is up-to-date.
       CoreCompile:
       Skipping target "CoreCompile" because all output files are up-to-date with respect to the input files.
       _CopyOutOfDateSourceItemsToOutputDirectory:
       Skipping target "_CopyOutOfDateSourceItemsToOutputDirectory" because all output files are up-to-date with respect to the input files.
       GenerateBuildDependencyFile:
       Skipping target "GenerateBuildDependencyFile" because all output files are up-to-date with respect to the input files.
       GenerateBuildRuntimeConfigurationFiles:
       Skipping target "GenerateBuildRuntimeConfigurationFiles" because all output files are up-to-date with respect to the input files.
       CopyFilesToOutputDirectory:
         VS.Web.CG.EFCore -> C:\Scaffolding\artifacts\bin\VS.Web.CG.EFCore\Debug\net11.0\Microsoft.VisualStudio.Web.CodeGeneration.EntityFrameworkCore.dll
    10>Done Building Project "C:\Scaffolding\src\Scaffolding\VS.Web.CG.EFCore\VS.Web.CG.EFCore.csproj" (default targets).
   1:2>Project "C:\Scaffolding\test\dotnet-scaffolding\dotnet-scaffold.Tests\dotnet-scaffold.Tests.csproj" (1:2) is building "C:\Scaffolding\src\Scaffolding\VS.Web.CG\VS.Web.CG.csproj" (11:6) on node 7 (default targets).
    11>GenerateTargetFrameworkMonikerAttribute:
       Skipping target "GenerateTargetFrameworkMonikerAttribute" because all output files are up-to-date with respect to the input files.
       _BatchGenerateResxSource:
       Skipping target "_BatchGenerateResxSource" because it has no outputs.
       CoreGenerateAssemblyInfo:
       Skipping target "CoreGenerateAssemblyInfo" because all output files are up-to-date with respect to the input files.
       _GenerateSourceLinkFile:
         Source Link file 'C:\Scaffolding\artifacts\obj\VS.Web.CG\Debug\net11.0\VS.Web.CG.sourcelink.json' is up-to-date.
       CoreCompile:
       Skipping target "CoreCompile" because all output files are up-to-date with respect to the input files.
       _CopyOutOfDateSourceItemsToOutputDirectory:
       Skipping target "_CopyOutOfDateSourceItemsToOutputDirectory" because all output files are up-to-date with respect to the input files.
       GenerateBuildDependencyFile:
       Skipping target "GenerateBuildDependencyFile" because all output files are up-to-date with respect to the input files.
       CopyFilesToOutputDirectory:
         VS.Web.CG -> C:\Scaffolding\artifacts\bin\VS.Web.CG\Debug\net11.0\Microsoft.VisualStudio.Web.CodeGeneration.dll
    11>Done Building Project "C:\Scaffolding\src\Scaffolding\VS.Web.CG\VS.Web.CG.csproj" (default targets).
   2:6>Project "C:\Scaffolding\src\dotnet-scaffolding\dotnet-scaffold\dotnet-scaffold.csproj" (2:6) is building "C:\Scaffolding\src\Scaffolding\VS.Web.CG.Mvc\VS.Web.CG.Mvc.csproj" (14:7) on node 3 (default targets).
    14>CoreResGen:
         No resources are out of date with respect to their source files. Skipping resource generation.
       GenerateTargetFrameworkMonikerAttribute:
       Skipping target "GenerateTargetFrameworkMonikerAttribute" because all output files are up-to-date with respect to the input files.
       _BatchGenerateResxSource:
       Skipping target "_BatchGenerateResxSource" because it has no outputs.
       CoreGenerateAssemblyInfo:
       Skipping target "CoreGenerateAssemblyInfo" because all output files are up-to-date with respect to the input files.
       _GenerateSourceLinkFile:
         Source Link file 'C:\Scaffolding\artifacts\obj\VS.Web.CG.Mvc\Debug\net11.0\VS.Web.CG.Mvc.sourcelink.json' is up-to-date.
       CoreCompile:
       Skipping target "CoreCompile" because all output files are up-to-date with respect to the input files.
       _CopyOutOfDateSourceItemsToOutputDirectory:
       Skipping target "_CopyOutOfDateSourceItemsToOutputDirectory" because all output files are up-to-date with respect to the input files.
       GenerateBuildDependencyFile:
       Skipping target "GenerateBuildDependencyFile" because all output files are up-to-date with respect to the input files.
       CopyFilesToOutputDirectory:
         VS.Web.CG.Mvc -> C:\Scaffolding\artifacts\bin\VS.Web.CG.Mvc\Debug\net11.0\Microsoft.VisualStudio.Web.CodeGenerators.Mvc.dll
    14>Done Building Project "C:\Scaffolding\src\Scaffolding\VS.Web.CG.Mvc\VS.Web.CG.Mvc.csproj" (default targets).
     2>GenerateTargetFrameworkMonikerAttribute:
       Skipping target "GenerateTargetFrameworkMonikerAttribute" because all output files are up-to-date with respect to the input files.
       _BatchGenerateResxSource:
       Skipping target "_BatchGenerateResxSource" because it has no outputs.
       CoreGenerateAssemblyInfo:
       Skipping target "CoreGenerateAssemblyInfo" because all output files are up-to-date with respect to the input files.
       _GenerateSourceLinkFile:
         Source Link file 'C:\Scaffolding\artifacts\obj\dotnet-scaffold\Debug\net11.0\dotnet-scaffold.sourcelink.json' is up-to-date.
       CoreCompile:
       Skipping target "CoreCompile" because all output files are up-to-date with respect to the input files.
       _CreateAppHost:
       Skipping target "_CreateAppHost" because all output files are up-to-date with respect to the input files.
       _CopyOutOfDateSourceItemsToOutputDirectory:
       Skipping target "_CopyOutOfDateSourceItemsToOutputDirectory" because all output files are up-to-date with respect to the input files.
       GenerateBuildDependencyFile:
       Skipping target "GenerateBuildDependencyFile" because all output files are up-to-date with respect to the input files.
       GenerateBuildRuntimeConfigurationFiles:
       Skipping target "GenerateBuildRuntimeConfigurationFiles" because all output files are up-to-date with respect to the input files.
       CopyFilesToOutputDirectory:
         dotnet-scaffold -> C:\Scaffolding\artifacts\bin\dotnet-scaffold\Debug\net11.0\dotnet-scaffold.dll
     2>Done Building Project "C:\Scaffolding\src\dotnet-scaffolding\dotnet-scaffold\dotnet-scaffold.csproj" (default targets).
     1>GenerateTargetFrameworkMonikerAttribute:
       Skipping target "GenerateTargetFrameworkMonikerAttribute" because all output files are up-to-date with respect to the input files.
       _BatchGenerateResxSource:
       Skipping target "_BatchGenerateResxSource" because it has no outputs.
       CoreGenerateAssemblyInfo:
       Skipping target "CoreGenerateAssemblyInfo" because all output files are up-to-date with respect to the input files.
       _GenerateSourceLinkFile:
         Source Link file 'C:\Scaffolding\artifacts\obj\dotnet-scaffold.Tests\Debug\net11.0\dotnet-scaffold.Tests.sourcelink.json' is up-to-date.
       CoreCompile:
       Skipping target "CoreCompile" because all output files are up-to-date with respect to the input files.
       _CopyFilesMarkedCopyLocal:
         Copying file from "C:\Scaffolding\artifacts\bin\VS.Web.CG.Core\Debug\net11.0\Microsoft.VisualStudio.Web.CodeGeneration.Core.dll" to "C:\Scaffolding\artifacts\bin\dotnet-scaffold.Tests\Debug\net11.0\Microsoft.VisualStudio.Web.CodeGeneration.Core.dll".
         Copying file from "C:\Scaffolding\artifacts\bin\VS.Web.CG.Templating\Debug\net11.0\Microsoft.VisualStudio.Web.CodeGeneration.Templating.dll" to "C:\Scaffolding\artifacts\bin\dotnet-scaffold.Tests\Debug\net11.0\Microsoft.VisualStudio.Web.CodeGeneration.Templating.dll".
         Copying file from "C:\Scaffolding\artifacts\bin\VS.Web.CG.Utils\Debug\net11.0\Microsoft.VisualStudio.Web.CodeGeneration.Utils.dll" to "C:\Scaffolding\artifacts\bin\dotnet-scaffold.Tests\Debug\net11.0\Microsoft.VisualStudio.Web.CodeGeneration.Utils.dll".
         Copying file from "C:\Scaffolding\artifacts\bin\VS.Web.CG.Core\Debug\net11.0\Microsoft.VisualStudio.Web.CodeGeneration.Core.pdb" to "C:\Scaffolding\artifacts\bin\dotnet-scaffold.Tests\Debug\net11.0\Microsoft.VisualStudio.Web.CodeGeneration.Core.pdb".
         Copying file from "C:\Scaffolding\artifacts\bin\VS.Web.CG.Core\Debug\net11.0\Microsoft.VisualStudio.Web.CodeGeneration.Core.xml" to "C:\Scaffolding\artifacts\bin\dotnet-scaffold.Tests\Debug\net11.0\Microsoft.VisualStudio.Web.CodeGeneration.Core.xml".
         Copying file from "C:\Scaffolding\artifacts\bin\VS.Web.CG.Templating\Debug\net11.0\Microsoft.VisualStudio.Web.CodeGeneration.Templating.pdb" to "C:\Scaffolding\artifacts\bin\dotnet-scaffold.Tests\Debug\net11.0\Microsoft.VisualStudio.Web.CodeGeneration.Templating.pdb".
         Copying file from "C:\Scaffolding\artifacts\bin\VS.Web.CG.Templating\Debug\net11.0\Microsoft.VisualStudio.Web.CodeGeneration.Templating.xml" to "C:\Scaffolding\artifacts\bin\dotnet-scaffold.Tests\Debug\net11.0\Microsoft.VisualStudio.Web.CodeGeneration.Templating.xml".
         Copying file from "C:\Scaffolding\artifacts\bin\VS.Web.CG.Utils\Debug\net11.0\Microsoft.VisualStudio.Web.CodeGeneration.Utils.pdb" to "C:\Scaffolding\artifacts\bin\dotnet-scaffold.Tests\Debug\net11.0\Microsoft.VisualStudio.Web.CodeGeneration.Utils.pdb".
         Copying file from "C:\Scaffolding\artifacts\bin\VS.Web.CG.Utils\Debug\net11.0\Microsoft.VisualStudio.Web.CodeGeneration.Utils.xml" to "C:\Scaffolding\artifacts\bin\dotnet-scaffold.Tests\Debug\net11.0\Microsoft.VisualStudio.Web.CodeGeneration.Utils.xml".
         Touching "C:\Scaffolding\artifacts\obj\dotnet-scaffold.Tests\Debug\net11.0\dotnet-s.02EBC3C1.Up2Date".
       _CopyOutOfDateSourceItemsToOutputDirectory:
       Building target "_CopyOutOfDateSourceItemsToOutputDirectory" partially, because some output files are out of date with respect to their input files.
         Copying file from "C:\Scaffolding\artifacts\bin\dotnet-scaffold\Debug\net11.0\dotnet-scaffold.deps.json" to "C:\Scaffolding\artifacts\bin\dotnet-scaffold.Tests\Debug\net11.0\dotnet-scaffold.deps.json".
         Copying file from "C:\Scaffolding\artifacts\bin\dotnet-scaffold\Debug\net11.0\dotnet-scaffold.runtimeconfig.json" to "C:\Scaffolding\artifacts\bin\dotnet-scaffold.Tests\Debug\net11.0\dotnet-scaffold.runtimeconfig.json".
       GenerateBuildDependencyFile:
       Skipping target "GenerateBuildDependencyFile" because all output files are up-to-date with respect to the input files.
       GenerateBuildRuntimeConfigurationFiles:
       Skipping target "GenerateBuildRuntimeConfigurationFiles" because all output files are up-to-date with respect to the input files.
       CopyFilesToOutputDirectory:
         dotnet-scaffold.Tests -> C:\Scaffolding\artifacts\bin\dotnet-scaffold.Tests\Debug\net11.0\dotnet-scaffold.Tests.dll
     1>Done Building Project "C:\Scaffolding\test\dotnet-scaffolding\dotnet-scaffold.Tests\dotnet-scaffold.Tests.csproj" (default targets).
     1>BuildProject:
         Build completed.
         
Test run for C:\Scaffolding\artifacts\bin\dotnet-scaffold.Tests\Debug\net11.0\dotnet-scaffold.Tests.dll (.NETCoreApp,Version=v11.0)
A total of 1 test files matched the specified pattern.
[xUnit.net 00:00:00.00] xUnit.net VSTest Adapter v3.1.3+b1b99bdeb3 (64-bit .NET 11.0.0-preview.1.26076.102)
[xUnit.net 00:00:00.61]   Discovering: dotnet-scaffold.Tests
[xUnit.net 00:00:00.98]   Discovered:  dotnet-scaffold.Tests
[xUnit.net 00:00:01.29]   Starting:    dotnet-scaffold.Tests
  Passed Microsoft.DotNet.Tools.Scaffold.Tests.AspNet.Integration.EntraId.EntraIdMsIdentityIntegrationTests.RegisterAppStep_HasRequiredPropertiesForMsIdentity [356 ms]
  Passed Microsoft.DotNet.Tools.Scaffold.Tests.AspNet.Integration.EntraId.EntraIdMsIdentityIntegrationTests.MsIdentitySteps_ArePartOfEntraIdNamespace [< 1 ms]
  Passed Microsoft.DotNet.Tools.Scaffold.Tests.AspNet.Integration.EntraId.EntraIdScaffolderE2ETests.EntraIdScaffolder_HasCorrectModelTypes [373 ms]
  Passed Microsoft.DotNet.Tools.Scaffold.Tests.AspNet.Integration.EntraId.EntraIdScaffolderE2ETests.EntraIdScaffolder_HasCorrectOptions [< 1 ms]
  Passed Microsoft.DotNet.Tools.Scaffold.Tests.AspNet.Integration.EntraId.EntraIdScaffolderE2ETests.EntraIdScaffolder_RequiresCorrectDependencies [5 ms]
  Passed Microsoft.DotNet.Tools.Scaffold.Tests.AspNet.Integration.EntraId.EntraIdMsIdentityIntegrationTests.EntraIdScaffolder_IncludesAddClientSecretStep_WhichUsesMsIdentity [62 ms]
  Passed Microsoft.DotNet.Tools.Scaffold.Tests.AspNet.Integration.MVC.RazorViewsNet11IntegrationTests.ViewsScaffolderName_NotEmpty [429 ms]
  Passed Microsoft.DotNet.Tools.Scaffold.Tests.AspNet.Integration.MVC.AreaNet9IntegrationTests.Templates_HasExpectedScaffolderFolder(folderName: "BlazorIdentity") [430 ms]
  Passed Microsoft.DotNet.Tools.Scaffold.Tests.AspNet.Integration.EntraId.EntraIdNet10IntegrationTests.Templates_HasExpectedScaffolderFolder(folderName: "Views") [431 ms]
  Passed Microsoft.DotNet.Tools.Scaffold.Tests.AspNet.Integration.MVC.AreaNet8IntegrationTests.Templates_NoAreaFolderExists [431 ms]
  Passed Microsoft.DotNet.Tools.Scaffold.Tests.AspNet.Integration.MVC.CrudControllerNet11IntegrationTests.Templates_HasExpectedScaffolderFolder(folderName: "EfController") [431 ms]
  Passed Microsoft.DotNet.Tools.Scaffold.Tests.AspNet.Integration.Identity.BlazorIdentityNet8IntegrationTests.Templates_HasExpectedScaffolderFolder(folderName: "EfController") [433 ms]
  Passed Microsoft.DotNet.Tools.Scaffold.Tests.AspNet.Integration.API.MinimalApiNet11IntegrationTests.EfPackagesDict_ContainsAllFourProviders [438 ms]
  Passed Microsoft.DotNet.Tools.Scaffold.Tests.AspNet.Integration.EntraId.EntraIdMsIdentityIntegrationTests.EntraIdScaffolder_IncludesRegisterAppStep_WhichUsesMsIdentity [18 ms]
  Passed Microsoft.DotNet.Tools.Scaffold.Tests.AspNet.Integration.EntraId.EntraIdMsIdentityIntegrationTests.EntraIdScaffolder_StepsAreOrderedCorrectly [< 1 ms]
  Passed Microsoft.DotNet.Tools.Scaffold.Tests.AspNet.Integration.MVC.AreaNet9IntegrationTests.Templates_HasExpectedScaffolderFolder(folderName: "RazorPages") [16 ms]
  Passed Microsoft.DotNet.Tools.Scaffold.Tests.AspNet.Integration.EntraId.EntraIdNet10IntegrationTests.Templates_HasExpectedScaffolderFolder(folderName: "Identity") [16 ms]
  Passed Microsoft.DotNet.Tools.Scaffold.Tests.AspNet.Integration.API.MinimalApiNet11IntegrationTests.Templates_HasExpectedScaffolderFolder(folderName: "Files") [9 ms]
  Passed Microsoft.DotNet.Tools.Scaffold.Tests.AspNet.Integration.MVC.CrudControllerNet11IntegrationTests.Templates_HasExpectedScaffolderFolder(folderName: "BlazorCrud") [15 ms]
  Passed Microsoft.DotNet.Tools.Scaffold.Tests.AspNet.Integration.EntraId.EntraIdMsIdentityIntegrationTests.AddClientSecretStep_HasRequiredPropertiesForMsIdentity [1 ms]
  Passed Microsoft.DotNet.Tools.Scaffold.Tests.AspNet.Integration.Identity.BlazorIdentityNet8IntegrationTests.Templates_HasExpectedScaffolderFolder(folderName: "BlazorIdentity") [14 ms]
  Passed Microsoft.DotNet.Tools.Scaffold.Tests.AspNet.Integration.Identity.IdentityNet11IntegrationTests.ValidateIdentityStep_HasPrereleaseProperty [449 ms]
  Passed Microsoft.DotNet.Tools.Scaffold.Tests.AspNet.Integration.RazorViewEmptyNet10IntegrationTests.ProjectPath_DefaultsToNull [449 ms]
  Passed Microsoft.DotNet.Tools.Scaffold.Tests.AspNet.Integration.EntraId.EntraIdNet10IntegrationTests.Templates_HasExpectedScaffolderFolder(folderName: "RazorPages") [14 ms]
dotnet : [xUnit.net 00:00:01.79]     Microsoft.DotNet.Tools.Scaffold.Tests.AspN
et.Integration.MVC.RazorViewsNet11IntegrationTests.ViewsTemplates_HasExpectedFi
le(subfolder: "Bootstrap4", fileName: "Edit.cshtml") [FAIL]
At line:1 char:1
+ dotnet test test\dotnet-scaffolding\dotnet-scaffold.Tests\dotnet-scaf ...
+ ~~~~~~~~~~~~~~~~~~~~~~~~~~~~~~~~~~~~~~~~~~~~~~~~~~~~~~~~~~~~~~~~~~~~~
    + CategoryInfo          : NotSpecified: ([xUnit.net 00:0...cshtml") [FAIL] 
   :String) [], RemoteException
    + FullyQualifiedErrorId : NativeCommandError
 
[xUnit.net 00:00:01.79]       Expected Views template file 'Bootstrap4/Edit.cshtml' not found for net11.0
[xUnit.net 00:00:01.79]       Stack Trace:
[xUnit.net 00:00:01.80]         C:\Scaffolding\test\dotnet-scaffolding\dotnet-scaffold.Tests\AspNet\Integration\MVC\RazorViewsIntegrationTestsBase.cs(392,0): at Microsoft.DotNet.Tools.Scaffold.Tests.AspNet.Integration.RazorViewsIntegrationTestsBase.ViewsTemplates_HasExpectedFile(String subfolder, String fileName)
[xUnit.net 00:00:01.80]            at System.Reflection.MethodBaseInvoker.InterpretedInvoke_Method(Object obj, IntPtr* args)
[xUnit.net 00:00:01.80]            at System.Reflection.MethodBaseInvoker.InvokeDirectByRefWithFewArgs(Object obj, Span`1 copyOfArgs, BindingFlags invokeAttr)
  Passed Microsoft.DotNet.Tools.Scaffold.Tests.AspNet.Integration.MVC.AreaNet9IntegrationTests.Templates_HasExpectedScaffolderFolder(folderName: "Views") [14 ms]
  Passed Microsoft.DotNet.Tools.Scaffold.Tests.AspNet.Integration.MVC.CrudControllerNet11IntegrationTests.Templates_HasExpectedScaffolderFolder(folderName: "Identity") [14 ms]
  Passed Microsoft.DotNet.Tools.Scaffold.Tests.AspNet.Integration.API.MinimalApiNet11IntegrationTests.Templates_HasExpectedScaffolderFolder(folderName: "CodeModificationConfigs") [15 ms]
  Passed Microsoft.DotNet.Tools.Scaffold.Tests.AspNet.Integration.Identity.BlazorIdentityNet8IntegrationTests.Templates_HasExpectedScaffolderFolder(folderName: "Identity") [15 ms]
  Failed Microsoft.DotNet.Tools.Scaffold.Tests.AspNet.Integration.MVC.RazorViewsNet11IntegrationTests.ViewsTemplates_HasExpectedFile(subfolder: "Bootstrap4", fileName: "Edit.cshtml") [21 ms]
  Error Message:
   Expected Views template file 'Bootstrap4/Edit.cshtml' not found for net11.0
  Stack Trace:
     at Microsoft.DotNet.Tools.Scaffold.Tests.AspNet.Integration.RazorViewsIntegrationTestsBase.ViewsTemplates_HasExpectedFile(String subfolder, String fileName) in C:\Scaffolding\test\dotnet-scaffolding\dotnet-scaffold.Tests\AspNet\Integration\MVC\RazorViewsIntegrationTestsBase.cs:line 392
   at System.Reflection.MethodBaseInvoker.InterpretedInvoke_Method(Object obj, IntPtr* args)
   at System.Reflection.MethodBaseInvoker.InvokeDirectByRefWithFewArgs(Object obj, Span`1 copyOfArgs, BindingFlags invokeAttr)
  Passed Microsoft.DotNet.Tools.Scaffold.Tests.AspNet.Integration.RazorViewEmptyNet10IntegrationTests.ExecuteAsync_AcceptsCancellationToken [21 ms]
  Passed Microsoft.DotNet.Tools.Scaffold.Tests.AspNet.Integration.MVC.RazorViewsNet8IntegrationTests.ValidateViewsStep_FailsWithInvalidProject(project: null) [471 ms]
  Passed Microsoft.DotNet.Tools.Scaffold.Tests.AspNet.Integration.EntraId.EntraIdScaffolderE2ETests.EntraIdScaffolder_FailsValidation_WhenRequiredFieldsMissing [93 ms]
  Passed Microsoft.DotNet.Tools.Scaffold.Tests.AspNet.Integration.API.MinimalApiNet11IntegrationTests.Templates_HasExpectedScaffolderFolder(folderName: "EfController") [13 ms]
  Passed Microsoft.DotNet.Tools.Scaffold.Tests.AspNet.Integration.MVC.CrudControllerNet11IntegrationTests.Templates_HasExpectedScaffolderFolder(folderName: "Views") [14 ms]
[xUnit.net 00:00:01.80]     Microsoft.DotNet.Tools.Scaffold.Tests.AspNet.Integr
ation.MVC.RazorViewsNet11IntegrationTests.ViewsTemplates_HasExpectedFile(subfol
der: "Bootstrap5", fileName: "List.cshtml") [FAIL]
[xUnit.net 00:00:01.80]       Expected Views template file 'Bootstrap5/List.cshtml' not found for net11.0
[xUnit.net 00:00:01.80]       Stack Trace:
[xUnit.net 00:00:01.80]         C:\Scaffolding\test\dotnet-scaffolding\dotnet-scaffold.Tests\AspNet\Integration\MVC\RazorViewsIntegrationTestsBase.cs(392,0): at Microsoft.DotNet.Tools.Scaffold.Tests.AspNet.Integration.RazorViewsIntegrationTestsBase.ViewsTemplates_HasExpectedFile(String subfolder, String fileName)
[xUnit.net 00:00:01.80]            at InvokeStub_RazorViewsIntegrationTestsBase.ViewsTemplates_HasExpectedFile(Object, Span`1)
[xUnit.net 00:00:01.80]            at System.Reflection.MethodBaseInvoker.InvokeWithFewArgs(Object obj, BindingFlags invokeAttr, Binder binder, Object[] parameters, CultureInfo culture)
  Passed Microsoft.DotNet.Tools.Scaffold.Tests.AspNet.Integration.MVC.AreaNet9IntegrationTests.Templates_HasExpectedScaffolderFolder(folderName: "CodeModificationConfigs") [14 ms]
  Passed Microsoft.DotNet.Tools.Scaffold.Tests.AspNet.Integration.EntraId.EntraIdNet10IntegrationTests.Templates_HasExpectedScaffolderFolder(folderName: "BlazorIdentity") [14 ms]
  Passed Microsoft.DotNet.Tools.Scaffold.Tests.AspNet.Integration.MVC.RazorViewsNet8IntegrationTests.ValidateViewsStep_FailsWithInvalidProject(project: "") [5 ms]
  Passed Microsoft.DotNet.Tools.Scaffold.Tests.AspNet.Integration.Identity.BlazorIdentityNet8IntegrationTests.Templates_HasExpectedScaffolderFolder(folderName: "BlazorCrud") [13 ms]
  Failed Microsoft.DotNet.Tools.Scaffold.Tests.AspNet.Integration.MVC.RazorViewsNet11IntegrationTests.ViewsTemplates_HasExpectedFile(subfolder: "Bootstrap5", fileName: "List.cshtml") [8 ms]
  Error Message:
   Expected Views template file 'Bootstrap5/List.cshtml' not found for net11.0
  Stack Trace:
     at Microsoft.DotNet.Tools.Scaffold.Tests.AspNet.Integration.RazorViewsIntegrationTestsBase.ViewsTemplates_HasExpectedFile(String subfolder, String fileName) in C:\Scaffolding\test\dotnet-scaffolding\dotnet-scaffold.Tests\AspNet\Integration\MVC\RazorViewsIntegrationTestsBase.cs:line 392
   at InvokeStub_RazorViewsIntegrationTestsBase.ViewsTemplates_HasExpectedFile(Object, Span`1)
   at System.Reflection.MethodBaseInvoker.InvokeWithFewArgs(Object obj, BindingFlags invokeAttr, Binder binder, Object[] parameters, CultureInfo culture)
  Passed Microsoft.DotNet.Tools.Scaffold.Tests.AspNet.Integration.MVC.AreaNet8IntegrationTests.AreaScaffolderStep_ReturnsTrue_OnSuccess [53 ms]
  Passed Microsoft.DotNet.Tools.Scaffold.Tests.AspNet.Integration.MVC.CrudControllerNet9IntegrationTests.ValidateEfControllerStep_FailsValidation_ForVariousNames_WhenProjectMissing(controllerName: "OrdersController") [509 ms]
  Passed Microsoft.DotNet.Tools.Scaffold.Tests.AspNet.Integration.MVC.CrudControllerNet8IntegrationTests.ValidateEfControllerStep_FailsWithEmptyDataContext [509 ms]
  Passed Microsoft.DotNet.Tools.Scaffold.Tests.AspNet.Integration.Blazor.BlazorCrudNet8IntegrationTests.ExecuteAsync_ReturnsFalse_WhenPageIsNull [509 ms]
  Passed Microsoft.DotNet.Tools.Scaffold.Tests.AspNet.Integration.RazorPages.RazorPagesCrudNet9IntegrationTests.ValidateRazorPagesStep_FailsWithEmptyPage [509 ms]
  Passed Microsoft.DotNet.Tools.Scaffold.Tests.AspNet.Integration.Identity.IdentityNet11IntegrationTests.ValidateIdentityStep_FailsWithEmptyProject [59 ms]
  Passed Microsoft.DotNet.Tools.Scaffold.Tests.AspNet.Integration.EntraId.EntraIdNet10IntegrationTests.Templates_HasExpectedScaffolderFolder(folderName: "MinimalApi") [35 ms]
  Passed Microsoft.DotNet.Tools.Scaffold.Tests.AspNet.Integration.MVC.CrudControllerNet11IntegrationTests.Templates_HasExpectedScaffolderFolder(folderName: "BlazorIdentity") [35 ms]
  Passed Microsoft.DotNet.Tools.Scaffold.Tests.AspNet.Integration.API.MinimalApiNet11IntegrationTests.Templates_HasExpectedScaffolderFolder(folderName: "MinimalApi") [36 ms]
  Passed Microsoft.DotNet.Tools.Scaffold.Tests.AspNet.Integration.MVC.AreaNet9IntegrationTests.Templates_HasExpectedScaffolderFolder(folderName: "Files") [35 ms]
[xUnit.net 00:00:01.83]     Microsoft.DotNet.Tools.Scaffold.Tests.AspNet.Integr
ation.MVC.RazorViewsNet11IntegrationTests.ViewsTemplates_HasExpectedFile(subfol
der: "Bootstrap5", fileName: "_ValidationScriptsPartial.cshtml") [FAIL]
[xUnit.net 00:00:01.83]       Expected Views template file 'Bootstrap5/_ValidationScriptsPartial.cshtml' not found for net11.0
[xUnit.net 00:00:01.83]       Stack Trace:
[xUnit.net 00:00:01.83]         C:\Scaffolding\test\dotnet-scaffolding\dotnet-scaffold.Tests\AspNet\Integration\MVC\RazorViewsIntegrationTestsBase.cs(392,0): at Microsoft.DotNet.Tools.Scaffold.Tests.AspNet.Integration.RazorViewsIntegrationTestsBase.ViewsTemplates_HasExpectedFile(String subfolder, String fileName)
[xUnit.net 00:00:01.83]            at InvokeStub_RazorViewsIntegrationTestsBase.ViewsTemplates_HasExpectedFile(Object, Span`1)
[xUnit.net 00:00:01.83]            at System.Reflection.MethodBaseInvoker.InvokeWithFewArgs(Object obj, BindingFlags invokeAttr, Binder binder, Object[] parameters, CultureInfo culture)
  Passed Microsoft.DotNet.Tools.Scaffold.Tests.AspNet.Integration.MVC.CrudControllerNet9IntegrationTests.ValidateEfControllerStep_FailsValidation_ForVariousNames_WhenProjectMissing(controllerName: "ProductsController") [3 ms]
  Failed Microsoft.DotNet.Tools.Scaffold.Tests.AspNet.Integration.MVC.RazorViewsNet11IntegrationTests.ViewsTemplates_HasExpectedFile(subfolder: "Bootstrap5", fileName: "_ValidationScriptsPartial.cshtml") [35 ms]
  Error Message:
   Expected Views template file 'Bootstrap5/_ValidationScriptsPartial.cshtml' not found for net11.0
  Stack Trace:
     at Microsoft.DotNet.Tools.Scaffold.Tests.AspNet.Integration.RazorViewsIntegrationTestsBase.ViewsTemplates_HasExpectedFile(String subfolder, String fileName) in C:\Scaffolding\test\dotnet-scaffolding\dotnet-scaffold.Tests\AspNet\Integration\MVC\RazorViewsIntegrationTestsBase.cs:line 392
   at InvokeStub_RazorViewsIntegrationTestsBase.ViewsTemplates_HasExpectedFile(Object, Span`1)
   at System.Reflection.MethodBaseInvoker.InvokeWithFewArgs(Object obj, BindingFlags invokeAttr, Binder binder, Object[] parameters, CultureInfo culture)
  Passed Microsoft.DotNet.Tools.Scaffold.Tests.AspNet.Integration.EntraId.EntraIdScaffolderE2ETests.EntraIdScaffolder_EnforcesApplicationIdRule_WhenUsingExistingApp [40 ms]
  Passed Microsoft.DotNet.Tools.Scaffold.Tests.AspNet.Integration.MVC.RazorViewsNet8IntegrationTests.Templates_HasExpectedScaffolderFolder(folderName: "RazorPages") [36 ms]
  Passed Microsoft.DotNet.Tools.Scaffold.Tests.AspNet.Integration.Identity.BlazorIdentityNet8IntegrationTests.Templates_HasExpectedScaffolderFolder(folderName: "CodeModificationConfigs") [36 ms]
  Passed Microsoft.DotNet.Tools.Scaffold.Tests.AspNet.Integration.Identity.IdentityNet11IntegrationTests.IdentityEfPackagesDict_ContainsSqlite [4 ms]
  Passed Microsoft.DotNet.Tools.Scaffold.Tests.AspNet.Integration.API.ApiControllerNet9IntegrationTests.Templates_HasExpectedScaffolderFolder(folderName: "MinimalApi") [32 ms]
  Passed Microsoft.DotNet.Tools.Scaffold.Tests.AspNet.Integration.Blazor.BlazorCrudNet8IntegrationTests.ExecuteAsync_TracksTelemetryEvent_OnValidationFailure_NullModel [5 ms]
  Passed Microsoft.DotNet.Tools.Scaffold.Tests.AspNet.Integration.MVC.CrudControllerNet8IntegrationTests.ValidateEfControllerStep_TracksTelemetry_OnNullDataContextFailure [5 ms]
  Passed Microsoft.DotNet.Tools.Scaffold.Tests.AspNet.Integration.EntraId.EntraIdScaffolderE2ETests.EntraIdScaffolder_EnforcesApplicationIdRule_WhenCreatingNewApp [2 ms]
  Passed Microsoft.DotNet.Tools.Scaffold.Tests.AspNet.Integration.EntraId.EntraIdScaffolderE2ETests.EntraIdScaffolder_DefinesCorrectStepSequence [< 1 ms]
  Passed Microsoft.DotNet.Tools.Scaffold.Tests.AspNet.Integration.EntraId.EntraIdNet10IntegrationTests.Templates_HasExpectedScaffolderFolder(folderName: "BlazorCrud") [3 ms]
  Passed Microsoft.DotNet.Tools.Scaffold.Tests.AspNet.Integration.MVC.CrudControllerNet11IntegrationTests.Templates_HasExpectedScaffolderFolder(folderName: "RazorPages") [3 ms]
  Passed Microsoft.DotNet.Tools.Scaffold.Tests.AspNet.Integration.RazorPages.RazorPagesCrudNet9IntegrationTests.RazorPagesCrud_Category_DiffersFromMvcCategory [7 ms]
  Passed Microsoft.DotNet.Tools.Scaffold.Tests.AspNet.Integration.API.MinimalApiNet11IntegrationTests.Templates_HasExpectedScaffolderFolder(folderName: "Identity") [3 ms]
[xUnit.net 00:00:01.86]     Microsoft.DotNet.Tools.Scaffold.Tests.AspNet.Integr
ation.MVC.RazorViewsNet11IntegrationTests.ViewsTemplates_HasExpectedFile(subfol
der: "Bootstrap4", fileName: "Delete.cshtml") [FAIL]
[xUnit.net 00:00:01.86]       Expected Views template file 'Bootstrap4/Delete.cshtml' not found for net11.0
[xUnit.net 00:00:01.86]       Stack Trace:
[xUnit.net 00:00:01.86]         C:\Scaffolding\test\dotnet-scaffolding\dotnet-scaffold.Tests\AspNet\Integration\MVC\RazorViewsIntegrationTestsBase.cs(392,0): at Microsoft.DotNet.Tools.Scaffold.Tests.AspNet.Integration.RazorViewsIntegrationTestsBase.ViewsTemplates_HasExpectedFile(String subfolder, String fileName)
[xUnit.net 00:00:01.86]            at InvokeStub_RazorViewsIntegrationTestsBase.ViewsTemplates_HasExpectedFile(Object, Span`1)
[xUnit.net 00:00:01.86]            at System.Reflection.MethodBaseInvoker.InvokeWithFewArgs(Object obj, BindingFlags invokeAttr, Binder binder, Object[] parameters, CultureInfo culture)
  Passed Microsoft.DotNet.Tools.Scaffold.Tests.AspNet.Integration.MVC.AreaNet9IntegrationTests.Templates_HasExpectedScaffolderFolder(folderName: "BlazorCrud") [4 ms]
  Failed Microsoft.DotNet.Tools.Scaffold.Tests.AspNet.Integration.MVC.RazorViewsNet11IntegrationTests.ViewsTemplates_HasExpectedFile(subfolder: "Bootstrap4", fileName: "Delete.cshtml") [3 ms]
  Error Message:
   Expected Views template file 'Bootstrap4/Delete.cshtml' not found for net11.0
  Stack Trace:
     at Microsoft.DotNet.Tools.Scaffold.Tests.AspNet.Integration.RazorViewsIntegrationTestsBase.ViewsTemplates_HasExpectedFile(String subfolder, String fileName) in C:\Scaffolding\test\dotnet-scaffolding\dotnet-scaffold.Tests\AspNet\Integration\MVC\RazorViewsIntegrationTestsBase.cs:line 392
   at InvokeStub_RazorViewsIntegrationTestsBase.ViewsTemplates_HasExpectedFile(Object, Span`1)
   at System.Reflection.MethodBaseInvoker.InvokeWithFewArgs(Object obj, BindingFlags invokeAttr, Binder binder, Object[] parameters, CultureInfo culture)
  Passed Microsoft.DotNet.Tools.Scaffold.Tests.AspNet.Integration.MVC.CrudControllerNet9IntegrationTests.ValidateEfControllerStep_FailsValidation_ForVariousNames_WhenProjectMissing(controllerName: "CustomersController") [4 ms]
  Passed Microsoft.DotNet.Tools.Scaffold.Tests.AspNet.Integration.API.ApiControllerNet9IntegrationTests.Templates_HasExpectedScaffolderFolder(folderName: "BlazorCrud") [3 ms]
  Passed Microsoft.DotNet.Tools.Scaffold.Tests.AspNet.Integration.MVC.RazorViewsNet8IntegrationTests.Templates_HasExpectedScaffolderFolder(folderName: "Identity") [4 ms]
  Passed Microsoft.DotNet.Tools.Scaffold.Tests.AspNet.Integration.MVC.CrudControllerNet8IntegrationTests.Templates_HasExpectedScaffolderFolder(folderName: "BlazorIdentity") [3 ms]
  Passed Microsoft.DotNet.Tools.Scaffold.Tests.AspNet.Integration.EntraId.EntraIdNet10IntegrationTests.Templates_HasExpectedScaffolderFolder(folderName: "Files") [2 ms]
  Passed Microsoft.DotNet.Tools.Scaffold.Tests.AspNet.Integration.MVC.AreaNet8IntegrationTests.AreaScaffolderStep_CreatesNamedAreaDirectory [34 ms]
  Passed Microsoft.DotNet.Tools.Scaffold.Tests.AspNet.Integration.Blazor.BlazorCrudNet8IntegrationTests.ExecuteAsync_ReturnsFalse_WhenProjectIsNull [4 ms]
  Passed Microsoft.DotNet.Tools.Scaffold.Tests.AspNet.Integration.Identity.BlazorIdentityNet8IntegrationTests.Templates_HasExpectedScaffolderFolder(folderName: "Files") [5 ms]
[xUnit.net 00:00:01.87]     Microsoft.DotNet.Tools.Scaffold.Tests.AspNet.Integr
ation.Identity.IdentityNet11IntegrationTests.IdentityMinimalHostingChangesConfi
g_ExistsForTargetFramework [FAIL]
[xUnit.net 00:00:01.87]       identityMinimalHostingChanges.json should exist for net11.0
[xUnit.net 00:00:01.87]       Stack Trace:
[xUnit.net 00:00:01.87]         C:\Scaffolding\test\dotnet-scaffolding\dotnet-scaffold.Tests\AspNet\Integration\Identity\IdentityIntegrationTestsBase.cs(293,0): at Microsoft.DotNet.Tools.Scaffold.Tests.AspNet.Integration.IdentityIntegrationTestsBase.IdentityMinimalHostingChangesConfig_ExistsForTargetFramework()
[xUnit.net 00:00:01.87]            at System.Reflection.MethodBaseInvoker.InterpretedInvoke_Method(Object obj, IntPtr* args)
[xUnit.net 00:00:01.88]            at System.Reflection.MethodBaseInvoker.InvokeWithNoArgs(Object obj, BindingFlags invokeAttr)
[xUnit.net 00:00:01.88]     Microsoft.DotNet.Tools.Scaffold.Tests.AspNet.Integr
ation.MVC.RazorViewsNet11IntegrationTests.ViewsTemplates_HasExpectedFile(subfol
der: "Bootstrap5", fileName: "Create.cshtml") [FAIL]
[xUnit.net 00:00:01.88]       Expected Views template file 'Bootstrap5/Create.cshtml' not found for net11.0
[xUnit.net 00:00:01.88]       Stack Trace:
[xUnit.net 00:00:01.88]         C:\Scaffolding\test\dotnet-scaffolding\dotnet-scaffold.Tests\AspNet\Integration\MVC\RazorViewsIntegrationTestsBase.cs(392,0): at Microsoft.DotNet.Tools.Scaffold.Tests.AspNet.Integration.RazorViewsIntegrationTestsBase.ViewsTemplates_HasExpectedFile(String subfolder, String fileName)
[xUnit.net 00:00:01.88]            at InvokeStub_RazorViewsIntegrationTestsBase.ViewsTemplates_HasExpectedFile(Object, Span`1)
[xUnit.net 00:00:01.88]            at System.Reflection.MethodBaseInvoker.InvokeWithFewArgs(Object obj, BindingFlags invokeAttr, Binder binder, Object[] parameters, CultureInfo culture)
  Passed Microsoft.DotNet.Tools.Scaffold.Tests.AspNet.Integration.API.MinimalApiNet11IntegrationTests.Templates_HasExpectedScaffolderFolder(folderName: "RazorPages") [4 ms]
  Passed Microsoft.DotNet.Tools.Scaffold.Tests.AspNet.Integration.MVC.CrudControllerNet11IntegrationTests.Templates_HasExpectedScaffolderFolder(folderName: "CodeModificationConfigs") [4 ms]
  Failed Microsoft.DotNet.Tools.Scaffold.Tests.AspNet.Integration.Identity.IdentityNet11IntegrationTests.IdentityMinimalHostingChangesConfig_ExistsForTargetFramework [6 ms]
  Error Message:
   identityMinimalHostingChanges.json should exist for net11.0
  Stack Trace:
     at Microsoft.DotNet.Tools.Scaffold.Tests.AspNet.Integration.IdentityIntegrationTestsBase.IdentityMinimalHostingChangesConfig_ExistsForTargetFramework() in C:\Scaffolding\test\dotnet-scaffolding\dotnet-scaffold.Tests\AspNet\Integration\Identity\IdentityIntegrationTestsBase.cs:line 293
   at System.Reflection.MethodBaseInvoker.InterpretedInvoke_Method(Object obj, IntPtr* args)
   at System.Reflection.MethodBaseInvoker.InvokeWithNoArgs(Object obj, BindingFlags invokeAttr)
  Passed Microsoft.DotNet.Tools.Scaffold.Tests.AspNet.Integration.RazorPages.RazorPagesCrudNet9IntegrationTests.ValidateRazorPagesStep_FailsWithEmptyProject [5 ms]
  Failed Microsoft.DotNet.Tools.Scaffold.Tests.AspNet.Integration.MVC.RazorViewsNet11IntegrationTests.ViewsTemplates_HasExpectedFile(subfolder: "Bootstrap5", fileName: "Create.cshtml") [5 ms]
  Error Message:
   Expected Views template file 'Bootstrap5/Create.cshtml' not found for net11.0
  Stack Trace:
     at Microsoft.DotNet.Tools.Scaffold.Tests.AspNet.Integration.RazorViewsIntegrationTestsBase.ViewsTemplates_HasExpectedFile(String subfolder, String fileName) in C:\Scaffolding\test\dotnet-scaffolding\dotnet-scaffold.Tests\AspNet\Integration\MVC\RazorViewsIntegrationTestsBase.cs:line 392
   at InvokeStub_RazorViewsIntegrationTestsBase.ViewsTemplates_HasExpectedFile(Object, Span`1)
   at System.Reflection.MethodBaseInvoker.InvokeWithFewArgs(Object obj, BindingFlags invokeAttr, Binder binder, Object[] parameters, CultureInfo culture)
  Passed Microsoft.DotNet.Tools.Scaffold.Tests.AspNet.Integration.API.ApiControllerNet9IntegrationTests.Templates_HasExpectedScaffolderFolder(folderName: "Identity") [15 ms]
  Passed Microsoft.DotNet.Tools.Scaffold.Tests.AspNet.Integration.MVC.AreaNet9IntegrationTests.Templates_HasExpectedScaffolderFolder(folderName: "Identity") [17 ms]
  Passed Microsoft.DotNet.Tools.Scaffold.Tests.AspNet.Integration.EntraId.EntraIdNet10IntegrationTests.Templates_HasExpectedScaffolderFolder(folderName: "CodeModificationConfigs") [15 ms]
[xUnit.net 00:00:01.89]     Microsoft.DotNet.Tools.Scaffold.Tests.AspNet.Integr
ation.MVC.RazorViewsNet11IntegrationTests.ViewsTemplates_HasExpectedFile(subfol
der: "Bootstrap5", fileName: "Details.cshtml") [FAIL]
  Passed Microsoft.DotNet.Tools.Scaffold.Tests.AspNet.Integration.MVC.RazorViewsNet8IntegrationTests.Templates_HasExpectedScaffolderFolder(folderName: "BlazorCrud") [16 ms]
  Passed Microsoft.DotNet.Tools.Scaffold.Tests.AspNet.Integration.MVC.CrudControllerNet9IntegrationTests.ViewsTemplates_FolderExists [17 ms]
  Passed Microsoft.DotNet.Tools.Scaffold.Tests.AspNet.Integration.MVC.CrudControllerNet8IntegrationTests.Templates_HasExpectedScaffolderFolder(folderName: "CodeModificationConfigs") [16 ms]
  Passed Microsoft.DotNet.Tools.Scaffold.Tests.AspNet.Integration.MVC.CrudControllerNet11IntegrationTests.Templates_HasExpectedScaffolderFolder(folderName: "MinimalApi") [14 ms]
  Passed Microsoft.DotNet.Tools.Scaffold.Tests.AspNet.Integration.API.MinimalApiNet11IntegrationTests.Templates_HasExpectedScaffolderFolder(folderName: "BlazorIdentity") [14 ms]
  Passed Microsoft.DotNet.Tools.Scaffold.Tests.AspNet.Integration.Identity.BlazorIdentityNet8IntegrationTests.Templates_HasExpectedScaffolderFolder(folderName: "MinimalApi") [18 ms]
  Passed Microsoft.DotNet.Tools.Scaffold.Tests.AspNet.Integration.API.ApiControllerNet9IntegrationTests.Templates_HasExpectedScaffolderFolder(folderName: "Files") [3 ms]
[xUnit.net 00:00:01.89]       Expected Views template file 'Bootstrap5/Details.cshtml' not found for net11.0
[xUnit.net 00:00:01.89]       Stack Trace:
[xUnit.net 00:00:01.89]         C:\Scaffolding\test\dotnet-scaffolding\dotnet-scaffold.Tests\AspNet\Integration\MVC\RazorViewsIntegrationTestsBase.cs(392,0): at Microsoft.DotNet.Tools.Scaffold.Tests.AspNet.Integration.RazorViewsIntegrationTestsBase.ViewsTemplates_HasExpectedFile(String subfolder, String fileName)
[xUnit.net 00:00:01.89]            at InvokeStub_RazorViewsIntegrationTestsBase.ViewsTemplates_HasExpectedFile(Object, Span`1)
[xUnit.net 00:00:01.89]            at System.Reflection.MethodBaseInvoker.InvokeWithFewArgs(Object obj, BindingFlags invokeAttr, Binder binder, Object[] parameters, CultureInfo culture)
  Failed Microsoft.DotNet.Tools.Scaffold.Tests.AspNet.Integration.MVC.RazorViewsNet11IntegrationTests.ViewsTemplates_HasExpectedFile(subfolder: "Bootstrap5", fileName: "Details.cshtml") [15 ms]
  Error Message:
   Expected Views template file 'Bootstrap5/Details.cshtml' not found for net11.0
  Stack Trace:
     at Microsoft.DotNet.Tools.Scaffold.Tests.AspNet.Integration.RazorViewsIntegrationTestsBase.ViewsTemplates_HasExpectedFile(String subfolder, String fileName) in C:\Scaffolding\test\dotnet-scaffolding\dotnet-scaffold.Tests\AspNet\Integration\MVC\RazorViewsIntegrationTestsBase.cs:line 392
[xUnit.net 00:00:01.90]     Microsoft.DotNet.Tools.Scaffold.Tests.AspNet.Integr
ation.MVC.RazorViewsNet11IntegrationTests.ViewsTemplates_HasExpectedFile(subfol
der: "Bootstrap4", fileName: "Create.cshtml") [FAIL]
   at InvokeStub_RazorViewsIntegrationTestsBase.ViewsTemplates_HasExpectedFile(Object, Span`1)
   at System.Reflection.MethodBaseInvoker.InvokeWithFewArgs(Object obj, BindingFlags invokeAttr, Binder binder, Object[] parameters, CultureInfo culture)
  Passed Microsoft.DotNet.Tools.Scaffold.Tests.AspNet.Integration.Identity.IdentityNet11IntegrationTests.ValidateIdentityStep_HasOverwriteProperty [16 ms]
  Passed Microsoft.DotNet.Tools.Scaffold.Tests.AspNet.Integration.RazorPages.RazorPagesCrudNet9IntegrationTests.RazorPagesTemplates_HasExpectedT4File(fileName: "Details.cs") [16 ms]
  Passed Microsoft.DotNet.Tools.Scaffold.Tests.AspNet.Integration.MVC.RazorViewsNet8IntegrationTests.Templates_HasExpectedScaffolderFolder(folderName: "BlazorIdentity") [3 ms]
  Passed Microsoft.DotNet.Tools.Scaffold.Tests.AspNet.Integration.EntraId.EntraIdNet10IntegrationTests.Templates_HasExpectedScaffolderFolder(folderName: "EfController") [3 ms]
  Passed Microsoft.DotNet.Tools.Scaffold.Tests.AspNet.Integration.MVC.AreaNet9IntegrationTests.Templates_HasExpectedScaffolderFolder(folderName: "MinimalApi") [4 ms]
  Passed Microsoft.DotNet.Tools.Scaffold.Tests.AspNet.Integration.MVC.CrudControllerNet9IntegrationTests.UseDatabaseMethods_HasAllFourProviders [4 ms]
  Passed Microsoft.DotNet.Tools.Scaffold.Tests.AspNet.Integration.MVC.CrudControllerNet8IntegrationTests.Templates_HasExpectedScaffolderFolder(folderName: "BlazorCrud") [3 ms]
  Passed Microsoft.DotNet.Tools.Scaffold.Tests.AspNet.Integration.MVC.CrudControllerNet11IntegrationTests.Templates_HasExpectedScaffolderFolder(folderName: "Files") [4 ms]
  Passed Microsoft.DotNet.Tools.Scaffold.Tests.AspNet.Integration.API.MinimalApiNet11IntegrationTests.Templates_HasExpectedScaffolderFolder(folderName: "Views") [4 ms]
[xUnit.net 00:00:01.90]       Expected Views template file 'Bootstrap4/Create.cshtml' not found for net11.0
[xUnit.net 00:00:01.90]       Stack Trace:
[xUnit.net 00:00:01.90]         C:\Scaffolding\test\dotnet-scaffolding\dotnet-scaffold.Tests\AspNet\Integration\MVC\RazorViewsIntegrationTestsBase.cs(392,0): at Microsoft.DotNet.Tools.Scaffold.Tests.AspNet.Integration.RazorViewsIntegrationTestsBase.ViewsTemplates_HasExpectedFile(String subfolder, String fileName)
[xUnit.net 00:00:01.90]            at InvokeStub_RazorViewsIntegrationTestsBase.ViewsTemplates_HasExpectedFile(Object, Span`1)
[xUnit.net 00:00:01.90]            at System.Reflection.MethodBaseInvoker.InvokeWithFewArgs(Object obj, BindingFlags invokeAttr, Binder binder, Object[] parameters, CultureInfo culture)
  Passed Microsoft.DotNet.Tools.Scaffold.Tests.AspNet.Integration.MVC.AreaNet8IntegrationTests.AreaScaffolderStep_CreatesCorrectStructure_ForVariousNames(areaName: "Api") [23 ms]
  Passed Microsoft.DotNet.Tools.Scaffold.Tests.AspNet.Integration.API.ApiControllerNet9IntegrationTests.Templates_HasExpectedScaffolderFolder(folderName: "EfController") [4 ms]
  Failed Microsoft.DotNet.Tools.Scaffold.Tests.AspNet.Integration.MVC.RazorViewsNet11IntegrationTests.ViewsTemplates_HasExpectedFile(subfolder: "Bootstrap4", fileName: "Create.cshtml") [4 ms]
  Error Message:
   Expected Views template file 'Bootstrap4/Create.cshtml' not found for net11.0
  Stack Trace:
     at Microsoft.DotNet.Tools.Scaffold.Tests.AspNet.Integration.RazorViewsIntegrationTestsBase.ViewsTemplates_HasExpectedFile(String subfolder, String fileName) in C:\Scaffolding\test\dotnet-scaffolding\dotnet-scaffold.Tests\AspNet\Integration\MVC\RazorViewsIntegrationTestsBase.cs:line 392
   at InvokeStub_RazorViewsIntegrationTestsBase.ViewsTemplates_HasExpectedFile(Object, Span`1)
   at System.Reflection.MethodBaseInvoker.InvokeWithFewArgs(Object obj, BindingFlags invokeAttr, Binder binder, Object[] parameters, CultureInfo culture)
  Passed Microsoft.DotNet.Tools.Scaffold.Tests.AspNet.Integration.RazorPages.RazorPagesCrudNet9IntegrationTests.RazorPagesTemplates_HasExpectedT4File(fileName: "Create.tt") [5 ms]
  Passed Microsoft.DotNet.Tools.Scaffold.Tests.AspNet.Integration.MVC.RazorViewsNet8IntegrationTests.Templates_HasExpectedScaffolderFolder(folderName: "Files") [5 ms]
[xUnit.net 00:00:01.91]       Bootstrap5 subfolder should exist for net9.0 Views templates
[xUnit.net 00:00:01.91]       Stack Trace:
[xUnit.net 00:00:01.91]         C:\Scaffolding\test\dotnet-scaffolding\dotnet-scaffold.Tests\AspNet\Integration\MVC\CrudControllerIntegrationTestsBase.cs(483,0): at Microsoft.DotNet.Tools.Scaffold.Tests.AspNet.Integration.CrudControllerIntegrationTestsBase.ViewsTemplates_HasBootstrap5Subfolder()
[xUnit.net 00:00:01.91]            at System.Reflection.MethodBaseInvoker.InterpretedInvoke_Method(Object obj, IntPtr* args)
[xUnit.net 00:00:01.91]            at System.Reflection.MethodBaseInvoker.InvokeWithNoArgs(Object obj, BindingFlags invokeAttr)
  Passed Microsoft.DotNet.Tools.Scaffold.Tests.AspNet.Integration.MVC.AreaNet9IntegrationTests.Templates_HasExpectedScaffolderFolder(folderName: "EfController") [5 ms]
  Passed Microsoft.DotNet.Tools.Scaffold.Tests.AspNet.Integration.MVC.CrudControllerNet8IntegrationTests.Templates_HasExpectedScaffolderFolder(folderName: "RazorPages") [5 ms]
  Passed Microsoft.DotNet.Tools.Scaffold.Tests.AspNet.Integration.API.MinimalApiNet11IntegrationTests.Templates_HasExpectedScaffolderFolder(folderName: "BlazorCrud") [5 ms]
  Failed Microsoft.DotNet.Tools.Scaffold.Tests.AspNet.Integration.MVC.CrudControllerNet9IntegrationTests.ViewsTemplates_HasBootstrap5Subfolder [6 ms]
  Error Message:
   Bootstrap5 subfolder should exist for net9.0 Views templates
[xUnit.net 00:00:01.91]     Microsoft.DotNet.Tools.Scaffold.Tests.AspNet.Integr
ation.MVC.CrudControllerNet9IntegrationTests.ViewsTemplates_HasBootstrap5Subfol
der [FAIL]
  Stack Trace:
     at Microsoft.DotNet.Tools.Scaffold.Tests.AspNet.Integration.CrudControllerIntegrationTestsBase.ViewsTemplates_HasBootstrap5Subfolder() in C:\Scaffolding\test\dotnet-scaffolding\dotnet-scaffold.Tests\AspNet\Integration\MVC\CrudControllerIntegrationTestsBase.cs:line 483
   at System.Reflection.MethodBaseInvoker.InterpretedInvoke_Method(Object obj, IntPtr* args)
   at System.Reflection.MethodBaseInvoker.InvokeWithNoArgs(Object obj, BindingFlags invokeAttr)
  Passed Microsoft.DotNet.Tools.Scaffold.Tests.AspNet.Integration.Identity.BlazorIdentityNet8IntegrationTests.Templates_HasExpectedScaffolderFolder(folderName: "RazorPages") [7 ms]
  Passed Microsoft.DotNet.Tools.Scaffold.Tests.AspNet.Integration.Identity.IdentityNet11IntegrationTests.IdentityEfPackagesDict_DoesNotSupportProvider(provider: "npgsql-efcore") [7 ms]
  Passed Microsoft.DotNet.Tools.Scaffold.Tests.AspNet.Integration.EntraId.EntraIdNet10IntegrationTests.ValidateEntraIdStep_AllNullInputs_DoNotThrow [7 ms]
  Passed Microsoft.DotNet.Tools.Scaffold.Tests.AspNet.Integration.API.ApiControllerNet9IntegrationTests.Templates_HasExpectedScaffolderFolder(folderName: "CodeModificationConfigs") [4 ms]
  Passed Microsoft.DotNet.Tools.Scaffold.Tests.AspNet.Integration.MVC.CrudControllerNet11IntegrationTests.ValidateEfControllerStep_FailsWithInvalidControllerName(controllerName: "") [7 ms]
  Passed Microsoft.DotNet.Tools.Scaffold.Tests.AspNet.Integration.RazorPages.RazorPagesCrudNet9IntegrationTests.RazorPagesTemplates_HasExpectedT4File(fileName: "IndexModel.tt") [4 ms]
[xUnit.net 00:00:01.92]     Microsoft.DotNet.Tools.Scaffold.Tests.AspNet.Integr
ation.MVC.RazorViewsNet11IntegrationTests.ViewsTemplates_HasExpectedFile(subfol
der: "Bootstrap5", fileName: "Empty.cshtml") [FAIL]
[xUnit.net 00:00:01.92]       Expected Views template file 'Bootstrap5/Empty.cshtml' not found for net11.0
[xUnit.net 00:00:01.92]       Stack Trace:
[xUnit.net 00:00:01.92]         C:\Scaffolding\test\dotnet-scaffolding\dotnet-scaffold.Tests\AspNet\Integration\MVC\RazorViewsIntegrationTestsBase.cs(392,0): at Microsoft.DotNet.Tools.Scaffold.Tests.AspNet.Integration.RazorViewsIntegrationTestsBase.ViewsTemplates_HasExpectedFile(String subfolder, String fileName)
[xUnit.net 00:00:01.92]            at InvokeStub_RazorViewsIntegrationTestsBase.ViewsTemplates_HasExpectedFile(Object, Span`1)
[xUnit.net 00:00:01.92]            at System.Reflection.MethodBaseInvoker.InvokeWithFewArgs(Object obj, BindingFlags invokeAttr, Binder binder, Object[] parameters, CultureInfo culture)
  Failed Microsoft.DotNet.Tools.Scaffold.Tests.AspNet.Integration.MVC.RazorViewsNet11IntegrationTests.ViewsTemplates_HasExpectedFile(subfolder: "Bootstrap5", fileName: "Empty.cshtml") [4 ms]
  Error Message:
   Expected Views template file 'Bootstrap5/Empty.cshtml' not found for net11.0
  Stack Trace:
     at Microsoft.DotNet.Tools.Scaffold.Tests.AspNet.Integration.RazorViewsIntegrationTestsBase.ViewsTemplates_HasExpectedFile(String subfolder, String fileName) in C:\Scaffolding\test\dotnet-scaffolding\dotnet-scaffold.Tests\AspNet\Integration\MVC\RazorViewsIntegrationTestsBase.cs:line 392
   at InvokeStub_RazorViewsIntegrationTestsBase.ViewsTemplates_HasExpectedFile(Object, Span`1)
   at System.Reflection.MethodBaseInvoker.InvokeWithFewArgs(Object obj, BindingFlags invokeAttr, Binder binder, Object[] parameters, CultureInfo culture)
  Passed Microsoft.DotNet.Tools.Scaffold.Tests.AspNet.Integration.MVC.RazorViewsNet8IntegrationTests.Templates_HasExpectedScaffolderFolder(folderName: "EfController") [4 ms]
  Passed Microsoft.DotNet.Tools.Scaffold.Tests.AspNet.Integration.MVC.CrudControllerNet8IntegrationTests.Templates_HasExpectedScaffolderFolder(folderName: "Identity") [4 ms]
  Passed Microsoft.DotNet.Tools.Scaffold.Tests.AspNet.Integration.API.ApiControllerNet9IntegrationTests.Templates_HasExpectedScaffolderFolder(folderName: "BlazorIdentity") [4 ms]
  Passed Microsoft.DotNet.Tools.Scaffold.Tests.AspNet.Integration.MVC.CrudControllerNet9IntegrationTests.ValidateEfControllerStep_FailsWithInvalidModel(model: null) [6 ms]
  Passed Microsoft.DotNet.Tools.Scaffold.Tests.AspNet.Integration.MVC.AreaNet8IntegrationTests.AreaScaffolderStep_CreatesCorrectStructure_ForVariousNames(areaName: "Reporting") [9 ms]
  Passed Microsoft.DotNet.Tools.Scaffold.Tests.AspNet.Integration.RazorPages.RazorPagesCrudNet9IntegrationTests.RazorPagesTemplates_HasExpectedT4File(fileName: "DetailsModel.tt") [3 ms]
  Passed Microsoft.DotNet.Tools.Scaffold.Tests.AspNet.Integration.Identity.IdentityNet11IntegrationTests.IdentityEfPackagesDict_DoesNotSupportProvider(provider: "cosmos-efcore") [6 ms]
  Passed Microsoft.DotNet.Tools.Scaffold.Tests.AspNet.Integration.MVC.RazorViewsNet8IntegrationTests.Templates_HasExpectedScaffolderFolder(folderName: "CodeModificationConfigs") [3 ms]
  Passed Microsoft.DotNet.Tools.Scaffold.Tests.AspNet.Integration.EntraId.EntraIdNet10IntegrationTests.ValidateEntraIdStep_FailsWhenUseExistingTrueButApplicationMissing [6 ms]
[xUnit.net 00:00:01.93]     Microsoft.DotNet.Tools.Scaffold.Tests.AspNet.Integr
ation.MVC.RazorViewsNet11IntegrationTests.ViewsTemplates_HasExpectedFile(subfol
der: "Bootstrap4", fileName: "Empty.cshtml") [FAIL]
[xUnit.net 00:00:01.93]       Expected Views template file 'Bootstrap4/Empty.cshtml' not found for net11.0
[xUnit.net 00:00:01.93]       Stack Trace:
[xUnit.net 00:00:01.93]         C:\Scaffolding\test\dotnet-scaffolding\dotnet-scaffold.Tests\AspNet\Integration\MVC\RazorViewsIntegrationTestsBase.cs(392,0): at Microsoft.DotNet.Tools.Scaffold.Tests.AspNet.Integration.RazorViewsIntegrationTestsBase.ViewsTemplates_HasExpectedFile(String subfolder, String fileName)
[xUnit.net 00:00:01.93]            at InvokeStub_RazorViewsIntegrationTestsBase.ViewsTemplates_HasExpectedFile(Object, Span`1)
[xUnit.net 00:00:01.93]            at System.Reflection.MethodBaseInvoker.InvokeWithFewArgs(Object obj, BindingFlags invokeAttr, Binder binder, Object[] parameters, CultureInfo culture)
  Passed Microsoft.DotNet.Tools.Scaffold.Tests.AspNet.Integration.MVC.CrudControllerNet11IntegrationTests.ValidateEfControllerStep_FailsWithInvalidControllerName(controllerName: null) [4 ms]
  Passed Microsoft.DotNet.Tools.Scaffold.Tests.AspNet.Integration.Identity.BlazorIdentityNet8IntegrationTests.Templates_HasExpectedScaffolderFolder(folderName: "Views") [7 ms]
  Failed Microsoft.DotNet.Tools.Scaffold.Tests.AspNet.Integration.MVC.RazorViewsNet11IntegrationTests.ViewsTemplates_HasExpectedFile(subfolder: "Bootstrap4", fileName: "Empty.cshtml") [4 ms]
  Error Message:
   Expected Views template file 'Bootstrap4/Empty.cshtml' not found for net11.0
  Stack Trace:
     at Microsoft.DotNet.Tools.Scaffold.Tests.AspNet.Integration.RazorViewsIntegrationTestsBase.ViewsTemplates_HasExpectedFile(String subfolder, String fileName) in C:\Scaffolding\test\dotnet-scaffolding\dotnet-scaffold.Tests\AspNet\Integration\MVC\RazorViewsIntegrationTestsBase.cs:line 392
   at InvokeStub_RazorViewsIntegrationTestsBase.ViewsTemplates_HasExpectedFile(Object, Span`1)
   at System.Reflection.MethodBaseInvoker.InvokeWithFewArgs(Object obj, BindingFlags invokeAttr, Binder binder, Object[] parameters, CultureInfo culture)
  Passed Microsoft.DotNet.Tools.Scaffold.Tests.AspNet.Integration.MVC.CrudControllerNet8IntegrationTests.Templates_HasExpectedScaffolderFolder(folderName: "Views") [4 ms]
  Passed Microsoft.DotNet.Tools.Scaffold.Tests.AspNet.Integration.MVC.AreaNet9IntegrationTests.AreaScaffolderStep_CreatesControllersFolder [9 ms]
  Passed Microsoft.DotNet.Tools.Scaffold.Tests.AspNet.Integration.API.MinimalApiNet11IntegrationTests.ValidateMinimalApiStep_SingleEventPerValidation [9 ms]
  Passed Microsoft.DotNet.Tools.Scaffold.Tests.AspNet.Integration.API.ApiControllerNet9IntegrationTests.Templates_HasExpectedScaffolderFolder(folderName: "RazorPages") [3 ms]
  Passed Microsoft.DotNet.Tools.Scaffold.Tests.AspNet.Integration.RazorPages.RazorPagesCrudNet9IntegrationTests.RazorPagesTemplates_HasExpectedT4File(fileName: "DetailsModel.cs") [3 ms]
  Passed Microsoft.DotNet.Tools.Scaffold.Tests.AspNet.Integration.MVC.CrudControllerNet9IntegrationTests.ValidateEfControllerStep_FailsWithInvalidModel(model: "") [4 ms]
  Passed Microsoft.DotNet.Tools.Scaffold.Tests.AspNet.Integration.MVC.RazorViewsNet8IntegrationTests.Templates_HasExpectedScaffolderFolder(folderName: "MinimalApi") [4 ms]
[xUnit.net 00:00:01.95]     Microsoft.DotNet.Tools.Scaffold.Tests.AspNet.Integr
ation.MVC.RazorViewsNet11IntegrationTests.ViewsTemplates_HasExpectedFile(subfol
der: "Bootstrap4", fileName: "Details.cshtml") [FAIL]
[xUnit.net 00:00:01.95]       Expected Views template file 'Bootstrap4/Details.cshtml' not found for net11.0
[xUnit.net 00:00:01.95]       Stack Trace:
[xUnit.net 00:00:01.95]         C:\Scaffolding\test\dotnet-scaffolding\dotnet-scaffold.Tests\AspNet\Integration\MVC\RazorViewsIntegrationTestsBase.cs(392,0): at Microsoft.DotNet.Tools.Scaffold.Tests.AspNet.Integration.RazorViewsIntegrationTestsBase.ViewsTemplates_HasExpectedFile(String subfolder, String fileName)
[xUnit.net 00:00:01.95]            at InvokeStub_RazorViewsIntegrationTestsBase.ViewsTemplates_HasExpectedFile(Object, Span`1)
[xUnit.net 00:00:01.95]            at System.Reflection.MethodBaseInvoker.InvokeWithFewArgs(Object obj, BindingFlags invokeAttr, Binder binder, Object[] parameters, CultureInfo culture)
  Passed Microsoft.DotNet.Tools.Scaffold.Tests.AspNet.Integration.EntraId.EntraIdNet10IntegrationTests.ValidateEntraIdStep_HasProjectProperty [4 ms]
  Passed Microsoft.DotNet.Tools.Scaffold.Tests.AspNet.Integration.MVC.CrudControllerNet8IntegrationTests.Templates_HasExpectedScaffolderFolder(folderName: "Files") [3 ms]
  Failed Microsoft.DotNet.Tools.Scaffold.Tests.AspNet.Integration.MVC.RazorViewsNet11IntegrationTests.ViewsTemplates_HasExpectedFile(subfolder: "Bootstrap4", fileName: "Details.cshtml") [4 ms]
  Error Message:
   Expected Views template file 'Bootstrap4/Details.cshtml' not found for net11.0
  Stack Trace:
     at Microsoft.DotNet.Tools.Scaffold.Tests.AspNet.Integration.RazorViewsIntegrationTestsBase.ViewsTemplates_HasExpectedFile(String subfolder, String fileName) in C:\Scaffolding\test\dotnet-scaffolding\dotnet-scaffold.Tests\AspNet\Integration\MVC\RazorViewsIntegrationTestsBase.cs:line 392
   at InvokeStub_RazorViewsIntegrationTestsBase.ViewsTemplates_HasExpectedFile(Object, Span`1)
   at System.Reflection.MethodBaseInvoker.InvokeWithFewArgs(Object obj, BindingFlags invokeAttr, Binder binder, Object[] parameters, CultureInfo culture)
  Passed Microsoft.DotNet.Tools.Scaffold.Tests.AspNet.Integration.Identity.IdentityNet11IntegrationTests.IdentityEfPackagesDict_DoesNotSupportProvider(provider: "mysql") [6 ms]
  Passed Microsoft.DotNet.Tools.Scaffold.Tests.AspNet.Integration.MVC.AreaNet9IntegrationTests.Templates_NoAreasFolderExists [4 ms]
  Passed Microsoft.DotNet.Tools.Scaffold.Tests.AspNet.Integration.API.ApiControllerNet9IntegrationTests.Templates_HasExpectedScaffolderFolder(folderName: "Views") [3 ms]
  Passed Microsoft.DotNet.Tools.Scaffold.Tests.AspNet.Integration.MVC.CrudControllerNet11IntegrationTests.ValidateEfControllerStep_FailsWithNullControllerType [6 ms]
  Passed Microsoft.DotNet.Tools.Scaffold.Tests.AspNet.Integration.RazorPages.RazorPagesCrudNet9IntegrationTests.RazorPagesTemplates_HasExpectedT4File(fileName: "DeleteModel.cs") [5 ms]
  Passed Microsoft.DotNet.Tools.Scaffold.Tests.AspNet.Integration.API.MinimalApiNet11IntegrationTests.ValidateMinimalApiStep_TracksTelemetry_OnNullModelFailure [6 ms]
  Passed Microsoft.DotNet.Tools.Scaffold.Tests.AspNet.Integration.MVC.RazorViewsNet8IntegrationTests.Templates_HasExpectedScaffolderFolder(folderName: "Views") [4 ms]
  Passed Microsoft.DotNet.Tools.Scaffold.Tests.AspNet.Integration.Identity.BlazorIdentityNet8IntegrationTests.BlazorIdentityTemplates_HasManageSubfolder [8 ms]
  Passed Microsoft.DotNet.Tools.Scaffold.Tests.AspNet.Integration.MVC.AreaNet8IntegrationTests.AreaScaffolderStep_CreatesCorrectStructure_ForVariousNames(areaName: "Dashboard") [10 ms]
  Passed Microsoft.DotNet.Tools.Scaffold.Tests.AspNet.Integration.MVC.CrudControllerNet8IntegrationTests.Templates_HasExpectedScaffolderFolder(folderName: "EfController") [4 ms]
  Passed Microsoft.DotNet.Tools.Scaffold.Tests.AspNet.Integration.EntraId.EntraIdNet10IntegrationTests.BlazorEntraChangesConfig_ExistsForTargetFramework [5 ms]
  Passed Microsoft.DotNet.Tools.Scaffold.Tests.AspNet.Integration.MVC.AreaNet9IntegrationTests.Templates_NoAreaFolderExists [4 ms]
[xUnit.net 00:00:01.96]     Microsoft.DotNet.Tools.Scaffold.Tests.AspNet.Integr
ation.MVC.RazorViewsNet11IntegrationTests.ViewsTemplates_HasExpectedFile(subfol
der: "Bootstrap4", fileName: "_ValidationScriptsPartial.cshtml") [FAIL]
[xUnit.net 00:00:01.96]       Expected Views template file 'Bootstrap4/_ValidationScriptsPartial.cshtml' not found for net11.0
[xUnit.net 00:00:01.96]       Stack Trace:
[xUnit.net 00:00:01.96]         C:\Scaffolding\test\dotnet-scaffolding\dotnet-scaffold.Tests\AspNet\Integration\MVC\RazorViewsIntegrationTestsBase.cs(392,0): at Microsoft.DotNet.Tools.Scaffold.Tests.AspNet.Integration.RazorViewsIntegrationTestsBase.ViewsTemplates_HasExpectedFile(String subfolder, String fileName)
[xUnit.net 00:00:01.96]            at InvokeStub_RazorViewsIntegrationTestsBase.ViewsTemplates_HasExpectedFile(Object, Span`1)
[xUnit.net 00:00:01.96]            at System.Reflection.MethodBaseInvoker.InvokeWithFewArgs(Object obj, BindingFlags invokeAttr, Binder binder, Object[] parameters, CultureInfo culture)
  Failed Microsoft.DotNet.Tools.Scaffold.Tests.AspNet.Integration.MVC.RazorViewsNet11IntegrationTests.ViewsTemplates_HasExpectedFile(subfolder: "Bootstrap4", fileName: "_ValidationScriptsPartial.cshtml") [4 ms]
  Error Message:
   Expected Views template file 'Bootstrap4/_ValidationScriptsPartial.cshtml' not found for net11.0
  Stack Trace:
     at Microsoft.DotNet.Tools.Scaffold.Tests.AspNet.Integration.RazorViewsIntegrationTestsBase.ViewsTemplates_HasExpectedFile(String subfolder, String fileName) in C:\Scaffolding\test\dotnet-scaffolding\dotnet-scaffold.Tests\AspNet\Integration\MVC\RazorViewsIntegrationTestsBase.cs:line 392
   at InvokeStub_RazorViewsIntegrationTestsBase.ViewsTemplates_HasExpectedFile(Object, Span`1)
   at System.Reflection.MethodBaseInvoker.InvokeWithFewArgs(Object obj, BindingFlags invokeAttr, Binder binder, Object[] parameters, CultureInfo culture)
  Passed Microsoft.DotNet.Tools.Scaffold.Tests.AspNet.Integration.MVC.CrudControllerNet11IntegrationTests.EfPackagesDict_ContainsAllFourProviders [4 ms]
  Passed Microsoft.DotNet.Tools.Scaffold.Tests.AspNet.Integration.Identity.IdentityNet11IntegrationTests.IdentityEfPackagesDict_DoesNotSupportProvider(provider: "") [5 ms]
  Passed Microsoft.DotNet.Tools.Scaffold.Tests.AspNet.Integration.RazorPages.RazorPagesCrudNet9IntegrationTests.RazorPagesTemplates_HasExpectedT4File(fileName: "Delete.cs") [3 ms]
  Passed Microsoft.DotNet.Tools.Scaffold.Tests.AspNet.Integration.MVC.CrudControllerNet8IntegrationTests.Templates_HasExpectedScaffolderFolder(folderName: "MinimalApi") [3 ms]
[xUnit.net 00:00:01.97]     Microsoft.DotNet.Tools.Scaffold.Tests.AspNet.Integr
ation.MVC.CrudControllerNet9IntegrationTests.EfControllerTemplates_HasExactly2F
iles [FAIL]
[xUnit.net 00:00:01.97]       Assert.Equal() Failure: Values differ
[xUnit.net 00:00:01.97]       Expected: 2
[xUnit.net 00:00:01.97]       Actual:   6
[xUnit.net 00:00:01.97]       Stack Trace:
[xUnit.net 00:00:01.97]         C:\Scaffolding\test\dotnet-scaffolding\dotnet-scaffold.Tests\AspNet\Integration\MVC\CrudControllerIntegrationTestsBase.cs(444,0): at Microsoft.DotNet.Tools.Scaffold.Tests.AspNet.Integration.CrudControllerIntegrationTestsBase.EfControllerTemplates_HasExactly2Files()
[xUnit.net 00:00:01.97]            at System.Reflection.MethodBaseInvoker.InterpretedInvoke_Method(Object obj, IntPtr* args)
[xUnit.net 00:00:01.97]            at System.Reflection.MethodBaseInvoker.InvokeWithNoArgs(Object obj, BindingFlags invokeAttr)
[xUnit.net 00:00:01.97]     Microsoft.DotNet.Tools.Scaffold.Tests.AspNet.Integr
ation.MVC.RazorViewsNet11IntegrationTests.ViewsTemplates_HasExpectedFile(subfol
der: "Bootstrap4", fileName: "List.cshtml") [FAIL]
[xUnit.net 00:00:01.97]       Expected Views template file 'Bootstrap4/List.cshtml' not found for net11.0
[xUnit.net 00:00:01.97]       Stack Trace:
[xUnit.net 00:00:01.97]         C:\Scaffolding\test\dotnet-scaffolding\dotnet-scaffold.Tests\AspNet\Integration\MVC\RazorViewsIntegrationTestsBase.cs(392,0): at Microsoft.DotNet.Tools.Scaffold.Tests.AspNet.Integration.RazorViewsIntegrationTestsBase.ViewsTemplates_HasExpectedFile(String subfolder, String fileName)
[xUnit.net 00:00:01.97]            at InvokeStub_RazorViewsIntegrationTestsBase.ViewsTemplates_HasExpectedFile(Object, Span`1)
[xUnit.net 00:00:01.97]            at System.Reflection.MethodBaseInvoker.InvokeWithFewArgs(Object obj, BindingFlags invokeAttr, Binder binder, Object[] parameters, CultureInfo culture)
  Passed Microsoft.DotNet.Tools.Scaffold.Tests.AspNet.Integration.API.ApiControllerNet9IntegrationTests.ValidateEfControllerStep_FailsWithNullModel [7 ms]
  Passed Microsoft.DotNet.Tools.Scaffold.Tests.AspNet.Integration.API.MinimalApiNet11IntegrationTests.ValidateMinimalApiStep_TracksTelemetry_OnNullProjectFailure [4 ms]
  Failed Microsoft.DotNet.Tools.Scaffold.Tests.AspNet.Integration.MVC.CrudControllerNet9IntegrationTests.EfControllerTemplates_HasExactly2Files [10 ms]
  Error Message:
   Assert.Equal() Failure: Values differ
Expected: 2
Actual:   6
  Stack Trace:
     at Microsoft.DotNet.Tools.Scaffold.Tests.AspNet.Integration.CrudControllerIntegrationTestsBase.EfControllerTemplates_HasExactly2Files() in C:\Scaffolding\test\dotnet-scaffolding\dotnet-scaffold.Tests\AspNet\Integration\MVC\CrudControllerIntegrationTestsBase.cs:line 444
   at System.Reflection.MethodBaseInvoker.InterpretedInvoke_Method(Object obj, IntPtr* args)
   at System.Reflection.MethodBaseInvoker.InvokeWithNoArgs(Object obj, BindingFlags invokeAttr)
  Failed Microsoft.DotNet.Tools.Scaffold.Tests.AspNet.Integration.MVC.RazorViewsNet11IntegrationTests.ViewsTemplates_HasExpectedFile(subfolder: "Bootstrap4", fileName: "List.cshtml") [3 ms]
  Error Message:
   Expected Views template file 'Bootstrap4/List.cshtml' not found for net11.0
  Stack Trace:
     at Microsoft.DotNet.Tools.Scaffold.Tests.AspNet.Integration.RazorViewsIntegrationTestsBase.ViewsTemplates_HasExpectedFile(String subfolder, String fileName) in C:\Scaffolding\test\dotnet-scaffolding\dotnet-scaffold.Tests\AspNet\Integration\MVC\RazorViewsIntegrationTestsBase.cs:line 392
   at InvokeStub_RazorViewsIntegrationTestsBase.ViewsTemplates_HasExpectedFile(Object, Span`1)
   at System.Reflection.MethodBaseInvoker.InvokeWithFewArgs(Object obj, BindingFlags invokeAttr, Binder binder, Object[] parameters, CultureInfo culture)
  Passed Microsoft.DotNet.Tools.Scaffold.Tests.AspNet.Integration.EntraId.EntraIdNet10IntegrationTests.ValidateEntraIdStep_TracksTelemetry_OnProjectMissingFailure [5 ms]
  Passed Microsoft.DotNet.Tools.Scaffold.Tests.AspNet.Integration.MVC.RazorViewsNet8IntegrationTests.ValidateViewsStep_FailsWithInvalidPage(page: "") [6 ms]
  Passed Microsoft.DotNet.Tools.Scaffold.Tests.AspNet.Integration.Identity.BlazorIdentityNet8IntegrationTests.BlazorIdentityTemplates_FolderExists [7 ms]
  Passed Microsoft.DotNet.Tools.Scaffold.Tests.AspNet.Integration.Identity.IdentityNet11IntegrationTests.Identity_Bootstrap4_FolderExists [4 ms]
  Passed Microsoft.DotNet.Tools.Scaffold.Tests.AspNet.Integration.RazorPages.RazorPagesCrudNet9IntegrationTests.RazorPagesTemplates_HasExpectedT4File(fileName: "DeleteModel.tt") [3 ms]
  Passed Microsoft.DotNet.Tools.Scaffold.Tests.AspNet.Integration.MVC.CrudControllerNet8IntegrationTests.ValidateEfControllerStep_FailsValidation_ForVariousNames_WhenProjectMissing(controllerName: "ProductsController") [3 ms]
  Passed Microsoft.DotNet.Tools.Scaffold.Tests.AspNet.Integration.MVC.CrudControllerNet11IntegrationTests.ValidateEfControllerStep_FailsWithNullControllerName [6 ms]
  Passed Microsoft.DotNet.Tools.Scaffold.Tests.AspNet.Integration.MVC.AreaNet8IntegrationTests.AreaScaffolderStep_CreatesCorrectStructure_ForVariousNames(areaName: "Admin") [8 ms]
  Passed Microsoft.DotNet.Tools.Scaffold.Tests.AspNet.Integration.MVC.AreaNet9IntegrationTests.AreaScaffolderStep_CreatesCorrectStructure_ForVariousNames(areaName: "Admin") [7 ms]
  Passed Microsoft.DotNet.Tools.Scaffold.Tests.AspNet.Integration.API.ApiControllerNet9IntegrationTests.ValidateEfControllerStep_FailsWithNullControllerType [4 ms]
  Passed Microsoft.DotNet.Tools.Scaffold.Tests.AspNet.Integration.MVC.CrudControllerNet9IntegrationTests.ValidateEfControllerStep_TracksTelemetry_OnNullDataContextFailure [4 ms]
[xUnit.net 00:00:01.98]     Microsoft.DotNet.Tools.Scaffold.Tests.AspNet.Integr
ation.MVC.RazorViewsNet11IntegrationTests.ViewsTemplates_HasExpectedFile(subfol
der: "Bootstrap5", fileName: "Edit.cshtml") [FAIL]
[xUnit.net 00:00:01.98]       Expected Views template file 'Bootstrap5/Edit.cshtml' not found for net11.0
[xUnit.net 00:00:01.98]       Stack Trace:
[xUnit.net 00:00:01.98]         C:\Scaffolding\test\dotnet-scaffolding\dotnet-scaffold.Tests\AspNet\Integration\MVC\RazorViewsIntegrationTestsBase.cs(392,0): at Microsoft.DotNet.Tools.Scaffold.Tests.AspNet.Integration.RazorViewsIntegrationTestsBase.ViewsTemplates_HasExpectedFile(String subfolder, String fileName)
[xUnit.net 00:00:01.98]            at InvokeStub_RazorViewsIntegrationTestsBase.ViewsTemplates_HasExpectedFile(Object, Span`1)
[xUnit.net 00:00:01.98]            at System.Reflection.MethodBaseInvoker.InvokeWithFewArgs(Object obj, BindingFlags invokeAttr, Binder binder, Object[] parameters, CultureInfo culture)
  Passed Microsoft.DotNet.Tools.Scaffold.Tests.AspNet.Integration.API.MinimalApiNet11IntegrationTests.ValidateMinimalApiStep_FailsWithNullModel [5 ms]
  Passed Microsoft.DotNet.Tools.Scaffold.Tests.AspNet.Integration.EntraId.EntraIdNet10IntegrationTests.BlazorWasmEntraChangesConfig_ExistsForTargetFramework [3 ms]
  Passed Microsoft.DotNet.Tools.Scaffold.Tests.AspNet.Integration.MVC.RazorViewsNet8IntegrationTests.ValidateViewsStep_FailsWithInvalidPage(page: null) [4 ms]
  Failed Microsoft.DotNet.Tools.Scaffold.Tests.AspNet.Integration.MVC.RazorViewsNet11IntegrationTests.ViewsTemplates_HasExpectedFile(subfolder: "Bootstrap5", fileName: "Edit.cshtml") [6 ms]
  Error Message:
   Expected Views template file 'Bootstrap5/Edit.cshtml' not found for net11.0
  Stack Trace:
     at Microsoft.DotNet.Tools.Scaffold.Tests.AspNet.Integration.RazorViewsIntegrationTestsBase.ViewsTemplates_HasExpectedFile(String subfolder, String fileName) in C:\Scaffolding\test\dotnet-scaffolding\dotnet-scaffold.Tests\AspNet\Integration\MVC\RazorViewsIntegrationTestsBase.cs:line 392
   at InvokeStub_RazorViewsIntegrationTestsBase.ViewsTemplates_HasExpectedFile(Object, Span`1)
   at System.Reflection.MethodBaseInvoker.InvokeWithFewArgs(Object obj, BindingFlags invokeAttr, Binder binder, Object[] parameters, CultureInfo culture)
  Passed Microsoft.DotNet.Tools.Scaffold.Tests.AspNet.Integration.MVC.CrudControllerNet9IntegrationTests.Templates_HasExpectedScaffolderFolder(folderName: "CodeModificationConfigs") [3 ms]
  Passed Microsoft.DotNet.Tools.Scaffold.Tests.AspNet.Integration.RazorPages.RazorPagesCrudNet9IntegrationTests.RazorPagesTemplates_HasExpectedT4File(fileName: "Delete.tt") [5 ms]
  Passed Microsoft.DotNet.Tools.Scaffold.Tests.AspNet.Integration.Identity.BlazorIdentityNet8IntegrationTests.BlazorIdentityChangesConfig_ExistsForTargetFramework [6 ms]
  Passed Microsoft.DotNet.Tools.Scaffold.Tests.AspNet.Integration.MVC.CrudControllerNet8IntegrationTests.ValidateEfControllerStep_FailsValidation_ForVariousNames_WhenProjectMissing(controllerName: "OrdersController") [6 ms]
  Passed Microsoft.DotNet.Tools.Scaffold.Tests.AspNet.Integration.API.MinimalApiNet11IntegrationTests.ValidateMinimalApiStep_FailsWithEmptyProject [3 ms]
  Passed Microsoft.DotNet.Tools.Scaffold.Tests.AspNet.Integration.MVC.CrudControllerNet11IntegrationTests.ValidateEfControllerStep_FailsWithNullModel [5 ms]
[xUnit.net 00:00:01.99]     Microsoft.DotNet.Tools.Scaffold.Tests.AspNet.Integr
ation.API.ApiControllerNet9IntegrationTests.EfControllerTemplates_HasExactly2Fi
les [FAIL]
[xUnit.net 00:00:01.99]       Assert.Equal() Failure: Values differ
[xUnit.net 00:00:01.99]       Expected: 2
[xUnit.net 00:00:01.99]       Actual:   6
[xUnit.net 00:00:01.99]       Stack Trace:
[xUnit.net 00:00:01.99]         C:\Scaffolding\test\dotnet-scaffolding\dotnet-scaffold.Tests\AspNet\Integration\API\ApiControllerIntegrationTestsBase.cs(393,0): at Microsoft.DotNet.Tools.Scaffold.Tests.AspNet.Integration.ApiControllerIntegrationTestsBase.EfControllerTemplates_HasExactly2Files()
[xUnit.net 00:00:01.99]            at System.Reflection.MethodBaseInvoker.InterpretedInvoke_Method(Object obj, IntPtr* args)
[xUnit.net 00:00:01.99]            at System.Reflection.MethodBaseInvoker.InvokeWithNoArgs(Object obj, BindingFlags invokeAttr)
[xUnit.net 00:00:01.99]     Microsoft.DotNet.Tools.Scaffold.Tests.AspNet.Integr
ation.MVC.RazorViewsNet11IntegrationTests.ViewsTemplates_HasExpectedFile(subfol
der: "Bootstrap5", fileName: "Delete.cshtml") [FAIL]
[xUnit.net 00:00:01.99]       Expected Views template file 'Bootstrap5/Delete.cshtml' not found for net11.0
[xUnit.net 00:00:01.99]       Stack Trace:
[xUnit.net 00:00:01.99]         C:\Scaffolding\test\dotnet-scaffolding\dotnet-scaffold.Tests\AspNet\Integration\MVC\RazorViewsIntegrationTestsBase.cs(392,0): at Microsoft.DotNet.Tools.Scaffold.Tests.AspNet.Integration.RazorViewsIntegrationTestsBase.ViewsTemplates_HasExpectedFile(String subfolder, String fileName)
[xUnit.net 00:00:01.99]            at InvokeStub_RazorViewsIntegrationTestsBase.ViewsTemplates_HasExpectedFile(Object, Span`1)
[xUnit.net 00:00:01.99]            at System.Reflection.MethodBaseInvoker.InvokeWithFewArgs(Object obj, BindingFlags invokeAttr, Binder binder, Object[] parameters, CultureInfo culture)
  Failed Microsoft.DotNet.Tools.Scaffold.Tests.AspNet.Integration.API.ApiControllerNet9IntegrationTests.EfControllerTemplates_HasExactly2Files [4 ms]
  Error Message:
   Assert.Equal() Failure: Values differ
Expected: 2
Actual:   6
  Stack Trace:
     at Microsoft.DotNet.Tools.Scaffold.Tests.AspNet.Integration.ApiControllerIntegrationTestsBase.EfControllerTemplates_HasExactly2Files() in C:\Scaffolding\test\dotnet-scaffolding\dotnet-scaffold.Tests\AspNet\Integration\API\ApiControllerIntegrationTestsBase.cs:line 393
   at System.Reflection.MethodBaseInvoker.InterpretedInvoke_Method(Object obj, IntPtr* args)
   at System.Reflection.MethodBaseInvoker.InvokeWithNoArgs(Object obj, BindingFlags invokeAttr)
  Passed Microsoft.DotNet.Tools.Scaffold.Tests.AspNet.Integration.Identity.IdentityNet11IntegrationTests.IdentityEfPackagesDict_SupportsProvider(provider: "sqlserver-efcore") [6 ms]
  Passed Microsoft.DotNet.Tools.Scaffold.Tests.AspNet.Integration.EntraId.EntraIdNet10IntegrationTests.ValidateEntraIdStep_FailsWhenProjectFileDoesNotExist [4 ms]
  Failed Microsoft.DotNet.Tools.Scaffold.Tests.AspNet.Integration.MVC.RazorViewsNet11IntegrationTests.ViewsTemplates_HasExpectedFile(subfolder: "Bootstrap5", fileName: "Delete.cshtml") [4 ms]
  Error Message:
   Expected Views template file 'Bootstrap5/Delete.cshtml' not found for net11.0
  Stack Trace:
     at Microsoft.DotNet.Tools.Scaffold.Tests.AspNet.Integration.RazorViewsIntegrationTestsBase.ViewsTemplates_HasExpectedFile(String subfolder, String fileName) in C:\Scaffolding\test\dotnet-scaffolding\dotnet-scaffold.Tests\AspNet\Integration\MVC\RazorViewsIntegrationTestsBase.cs:line 392
   at InvokeStub_RazorViewsIntegrationTestsBase.ViewsTemplates_HasExpectedFile(Object, Span`1)
   at System.Reflection.MethodBaseInvoker.InvokeWithFewArgs(Object obj, BindingFlags invokeAttr, Binder binder, Object[] parameters, CultureInfo culture)
  Passed Microsoft.DotNet.Tools.Scaffold.Tests.AspNet.Integration.MVC.AreaNet9IntegrationTests.AreaScaffolderStep_CreatesCorrectStructure_ForVariousNames(areaName: "Reporting") [7 ms]
  Passed Microsoft.DotNet.Tools.Scaffold.Tests.AspNet.Integration.MVC.CrudControllerNet9IntegrationTests.Templates_HasExpectedScaffolderFolder(folderName: "Identity") [3 ms]
  Passed Microsoft.DotNet.Tools.Scaffold.Tests.AspNet.Integration.MVC.AreaNet8IntegrationTests.AreaScaffolderStep_CreatesCorrectStructure_ForVariousNames(areaName: "Blog") [7 ms]
  Passed Microsoft.DotNet.Tools.Scaffold.Tests.AspNet.Integration.MVC.RazorViewsNet8IntegrationTests.CRUDPages_ContainsPageType(pageType: "Details") [6 ms]
  Passed Microsoft.DotNet.Tools.Scaffold.Tests.AspNet.Integration.MVC.CrudControllerNet8IntegrationTests.ValidateEfControllerStep_FailsValidation_ForVariousNames_WhenProjectMissing(controllerName: "CustomersController") [4 ms]
  Passed Microsoft.DotNet.Tools.Scaffold.Tests.AspNet.Integration.RazorPages.RazorPagesCrudNet9IntegrationTests.RazorPagesTemplates_HasExpectedT4File(fileName: "Details.tt") [4 ms]
  Passed Microsoft.DotNet.Tools.Scaffold.Tests.AspNet.Integration.MVC.CrudControllerNet11IntegrationTests.ValidateEfControllerStep_FailsValidation_ForVariousNames_WhenProjectMissing(controllerName: "OrdersController") [4 ms]
  Passed Microsoft.DotNet.Tools.Scaffold.Tests.AspNet.Integration.EntraId.EntraIdNet10IntegrationTests.ValidateEntraIdStep_HasUsernameProperty [4 ms]
  Passed Microsoft.DotNet.Tools.Scaffold.Tests.AspNet.Integration.MVC.RazorViewsNet11IntegrationTests.CRUDPages_ContainsPageType(pageType: "Index") [3 ms]
  Passed Microsoft.DotNet.Tools.Scaffold.Tests.AspNet.Integration.API.ApiControllerNet9IntegrationTests.ValidateEfControllerStep_FailsWithEmptyControllerName [5 ms]
  Passed Microsoft.DotNet.Tools.Scaffold.Tests.AspNet.Integration.Identity.IdentityNet11IntegrationTests.IdentityEfPackagesDict_SupportsProvider(provider: "sqlite-efcore") [5 ms]
  Passed Microsoft.DotNet.Tools.Scaffold.Tests.AspNet.Integration.MVC.CrudControllerNet9IntegrationTests.Templates_HasExpectedScaffolderFolder(folderName: "Files") [3 ms]
  Passed Microsoft.DotNet.Tools.Scaffold.Tests.AspNet.Integration.MVC.RazorViewsNet8IntegrationTests.CRUDPages_ContainsPageType(pageType: "Index") [4 ms]
  Passed Microsoft.DotNet.Tools.Scaffold.Tests.AspNet.Integration.MVC.CrudControllerNet8IntegrationTests.ValidateEfControllerStep_FailsWithNullControllerType [4 ms]
  Passed Microsoft.DotNet.Tools.Scaffold.Tests.AspNet.Integration.MVC.CrudControllerNet11IntegrationTests.ValidateEfControllerStep_FailsValidation_ForVariousNames_WhenProjectMissing(controllerName: "CustomersController") [5 ms]
  Passed Microsoft.DotNet.Tools.Scaffold.Tests.AspNet.Integration.MVC.AreaNet9IntegrationTests.AreaScaffolderStep_CreatesCorrectStructure_ForVariousNames(areaName: "Api") [7 ms]
[xUnit.net 00:00:02.01]     Microsoft.DotNet.Tools.Scaffold.Tests.AspNet.Integr
ation.API.MinimalApiNet11IntegrationTests.MinimalApiTemplates_AllFilesAreCshtml
 [FAIL]
[xUnit.net 00:00:02.01]       Assert.All() Failure: 6 out of 6 items in the collection did not pass.
[xUnit.net 00:00:02.01]       [0]: Item:  "C:\\Scaffolding\\src\\dotnet-scaffolding\\dotnet-s"┬╖┬╖┬╖
[xUnit.net 00:00:02.01]            Error: Assert.EndsWith() Failure: String end does not match
[xUnit.net 00:00:02.01]                   String:       ┬╖┬╖┬╖"emplates\\net11.0\\MinimalApi\\MinimalApi.cs"
[xUnit.net 00:00:02.01]                   Expected end: ".cshtml"
[xUnit.net 00:00:02.01]       [1]: Item:  "C:\\Scaffolding\\src\\dotnet-scaffolding\\dotnet-s"┬╖┬╖┬╖
[xUnit.net 00:00:02.01]            Error: Assert.EndsWith() Failure: String end does not match
[xUnit.net 00:00:02.01]                   String:       ┬╖┬╖┬╖"t11.0\\MinimalApi\\MinimalApi.Interfaces.cs"
[xUnit.net 00:00:02.01]                   Expected end: ".cshtml"
[xUnit.net 00:00:02.01]       [2]: Item:  "C:\\Scaffolding\\src\\dotnet-scaffolding\\dotnet-s"┬╖┬╖┬╖
[xUnit.net 00:00:02.01]            Error: Assert.EndsWith() Failure: String end does not match
[xUnit.net 00:00:02.01]                   String:       ┬╖┬╖┬╖"emplates\\net11.0\\MinimalApi\\MinimalApi.tt"
[xUnit.net 00:00:02.01]                   Expected end: ".cshtml"
[xUnit.net 00:00:02.01]       [3]: Item:  "C:\\Scaffolding\\src\\dotnet-scaffolding\\dotnet-s"┬╖┬╖┬╖
[xUnit.net 00:00:02.01]            Error: Assert.EndsWith() Failure: String end does not match
[xUnit.net 00:00:02.01]                   String:       ┬╖┬╖┬╖"plates\\net11.0\\MinimalApi\\MinimalApiEf.cs"
[xUnit.net 00:00:02.01]                   Expected end: ".cshtml"
[xUnit.net 00:00:02.01]       [4]: Item:  "C:\\Scaffolding\\src\\dotnet-scaffolding\\dotnet-s"┬╖┬╖┬╖
[xUnit.net 00:00:02.01]            Error: Assert.EndsWith() Failure: String end does not match
[xUnit.net 00:00:02.01]                   String:       ┬╖┬╖┬╖"1.0\\MinimalApi\\MinimalApiEf.Interfaces.cs"
[xUnit.net 00:00:02.01]                   Expected end: ".cshtml"
[xUnit.net 00:00:02.01]       [5]: Item:  "C:\\Scaffolding\\src\\dotnet-scaffolding\\dotnet-s"┬╖┬╖┬╖
[xUnit.net 00:00:02.01]            Error: Assert.EndsWith() Failure: String end does not match
[xUnit.net 00:00:02.01]                   String:       ┬╖┬╖┬╖"plates\\net11.0\\MinimalApi\\MinimalApiEf.tt"
[xUnit.net 00:00:02.01]                   Expected end: ".cshtml"
[xUnit.net 00:00:02.01]       Stack Trace:
[xUnit.net 00:00:02.01]         C:\Scaffolding\test\dotnet-scaffolding\dotnet-scaffold.Tests\AspNet\Integration\API\MinimalApiIntegrationTestsBase.cs(266,0): at Microsoft.DotNet.Tools.Scaffold.Tests.AspNet.Integration.MinimalApiIntegrationTestsBase.MinimalApiTemplates_AllFilesAreCshtml()
[xUnit.net 00:00:02.01]            at System.Reflection.MethodBaseInvoker.InterpretedInvoke_Method(Object obj, IntPtr* args)
[xUnit.net 00:00:02.01]            at System.Reflection.MethodBaseInvoker.InvokeWithNoArgs(Object obj, BindingFlags invokeAttr)
  Passed Microsoft.DotNet.Tools.Scaffold.Tests.AspNet.Integration.RazorPages.RazorPagesCrudNet9IntegrationTests.RazorPagesTemplates_HasExpectedT4File(fileName: "EditModel.cs") [6 ms]
  Passed Microsoft.DotNet.Tools.Scaffold.Tests.AspNet.Integration.MVC.RazorViewsNet11IntegrationTests.CRUDPages_ContainsPageType(pageType: "CRUD") [5 ms]
  Failed Microsoft.DotNet.Tools.Scaffold.Tests.AspNet.Integration.API.MinimalApiNet11IntegrationTests.MinimalApiTemplates_AllFilesAreCshtml [10 ms]
  Error Message:
   Assert.All() Failure: 6 out of 6 items in the collection did not pass.
[0]: Item:  "C:\\Scaffolding\\src\\dotnet-scaffolding\\dotnet-s"┬╖┬╖┬╖
     Error: Assert.EndsWith() Failure: String end does not match
            String:       ┬╖┬╖┬╖"emplates\\net11.0\\MinimalApi\\MinimalApi.cs"
            Expected end: ".cshtml"
[1]: Item:  "C:\\Scaffolding\\src\\dotnet-scaffolding\\dotnet-s"┬╖┬╖┬╖
     Error: Assert.EndsWith() Failure: String end does not match
            String:       ┬╖┬╖┬╖"t11.0\\MinimalApi\\MinimalApi.Interfaces.cs"
            Expected end: ".cshtml"
[2]: Item:  "C:\\Scaffolding\\src\\dotnet-scaffolding\\dotnet-s"┬╖┬╖┬╖
     Error: Assert.EndsWith() Failure: String end does not match
            String:       ┬╖┬╖┬╖"emplates\\net11.0\\MinimalApi\\MinimalApi.tt"
            Expected end: ".cshtml"
[3]: Item:  "C:\\Scaffolding\\src\\dotnet-scaffolding\\dotnet-s"┬╖┬╖┬╖
     Error: Assert.EndsWith() Failure: String end does not match
            String:       ┬╖┬╖┬╖"plates\\net11.0\\MinimalApi\\MinimalApiEf.cs"
            Expected end: ".cshtml"
[4]: Item:  "C:\\Scaffolding\\src\\dotnet-scaffolding\\dotnet-s"┬╖┬╖┬╖
     Error: Assert.EndsWith() Failure: String end does not match
            String:       ┬╖┬╖┬╖"1.0\\MinimalApi\\MinimalApiEf.Interfaces.cs"
            Expected end: ".cshtml"
[5]: Item:  "C:\\Scaffolding\\src\\dotnet-scaffolding\\dotnet-s"┬╖┬╖┬╖
     Error: Assert.EndsWith() Failure: String end does not match
            String:       ┬╖┬╖┬╖"plates\\net11.0\\MinimalApi\\MinimalApiEf.tt"
            Expected end: ".cshtml"
  Stack Trace:
     at Microsoft.DotNet.Tools.Scaffold.Tests.AspNet.Integration.MinimalApiIntegrationTestsBase.MinimalApiTemplates_AllFilesAreCshtml() in C:\Scaffolding\test\dotnet-scaffolding\dotnet-scaffold.Tests\AspNet\Integration\API\MinimalApiIntegrationTestsBase.cs:line 266
   at System.Reflection.MethodBaseInvoker.InterpretedInvoke_Method(Object obj, IntPtr* args)
   at System.Reflection.MethodBaseInvoker.InvokeWithNoArgs(Object obj, BindingFlags invokeAttr)
  Passed Microsoft.DotNet.Tools.Scaffold.Tests.AspNet.Integration.EntraId.EntraIdNet10IntegrationTests.ValidateEntraIdStep_HasTenantIdProperty [6 ms]
  Passed Microsoft.DotNet.Tools.Scaffold.Tests.AspNet.Integration.MVC.AreaNet8IntegrationTests.AreaScaffolderStep_FallsBackToCurrentDirectory_WhenProjectDirMissing [9 ms]
  Passed Microsoft.DotNet.Tools.Scaffold.Tests.AspNet.Integration.MVC.CrudControllerNet9IntegrationTests.Templates_HasExpectedScaffolderFolder(folderName: "EfController") [6 ms]
  Passed Microsoft.DotNet.Tools.Scaffold.Tests.AspNet.Integration.MVC.RazorViewsNet8IntegrationTests.CRUDPages_ContainsPageType(pageType: "Delete") [4 ms]
  Passed Microsoft.DotNet.Tools.Scaffold.Tests.AspNet.Integration.API.ApiControllerNet9IntegrationTests.ValidateEfControllerStep_FailsWithNullDataContext [7 ms]
  Passed Microsoft.DotNet.Tools.Scaffold.Tests.AspNet.Integration.Identity.IdentityNet11IntegrationTests.Templates_HasExpectedScaffolderFolder(folderName: "Files") [9 ms]
  Passed Microsoft.DotNet.Tools.Scaffold.Tests.AspNet.Integration.MVC.CrudControllerNet11IntegrationTests.ValidateEfControllerStep_FailsValidation_ForVariousNames_WhenProjectMissing(controllerName: "ProductsController") [4 ms]
  Passed Microsoft.DotNet.Tools.Scaffold.Tests.AspNet.Integration.MVC.RazorViewsNet11IntegrationTests.CRUDPages_ContainsPageType(pageType: "Delete") [4 ms]
  Passed Microsoft.DotNet.Tools.Scaffold.Tests.AspNet.Integration.MVC.CrudControllerNet8IntegrationTests.ValidateEfControllerStep_TracksTelemetry_OnNullModelFailure [7 ms]
  Passed Microsoft.DotNet.Tools.Scaffold.Tests.AspNet.Integration.RazorPages.RazorPagesCrudNet9IntegrationTests.RazorPagesTemplates_HasExpectedT4File(fileName: "IndexModel.cs") [6 ms]
  Passed Microsoft.DotNet.Tools.Scaffold.Tests.AspNet.Integration.API.MinimalApiNet11IntegrationTests.ValidateMinimalApiStep_AllFieldsEmpty_FailsValidation [6 ms]
  Passed Microsoft.DotNet.Tools.Scaffold.Tests.AspNet.Integration.EntraId.EntraIdNet10IntegrationTests.ValidateEntraIdStep_HasUseExistingApplicationProperty [5 ms]
  Passed Microsoft.DotNet.Tools.Scaffold.Tests.AspNet.Integration.MVC.AreaNet9IntegrationTests.AreaScaffolderStep_CreatesCorrectStructure_ForVariousNames(areaName: "Blog") [9 ms]
  Passed Microsoft.DotNet.Tools.Scaffold.Tests.AspNet.Integration.MVC.RazorViewsNet8IntegrationTests.CRUDPages_ContainsPageType(pageType: "CRUD") [8 ms]
  Passed Microsoft.DotNet.Tools.Scaffold.Tests.AspNet.Integration.MVC.CrudControllerNet9IntegrationTests.Templates_HasExpectedScaffolderFolder(folderName: "Views") [8 ms]
  Passed Microsoft.DotNet.Tools.Scaffold.Tests.AspNet.Integration.MVC.AreaNet8IntegrationTests.Templates_NoAreasFolderExists [9 ms]
  Passed Microsoft.DotNet.Tools.Scaffold.Tests.AspNet.Integration.MVC.RazorViewsNet11IntegrationTests.CRUDPages_ContainsPageType(pageType: "Details") [5 ms]
  Passed Microsoft.DotNet.Tools.Scaffold.Tests.AspNet.Integration.MVC.CrudControllerNet11IntegrationTests.ValidateEfControllerStep_FailsWithNonExistentProject [6 ms]
  Passed Microsoft.DotNet.Tools.Scaffold.Tests.AspNet.Integration.MVC.CrudControllerNet8IntegrationTests.ValidateEfControllerStep_FailsWithInvalidControllerName(controllerName: null) [5 ms]
  Passed Microsoft.DotNet.Tools.Scaffold.Tests.AspNet.Integration.Identity.IdentityNet11IntegrationTests.Templates_HasExpectedScaffolderFolder(folderName: "EfController") [7 ms]
  Passed Microsoft.DotNet.Tools.Scaffold.Tests.AspNet.Integration.API.ApiControllerNet9IntegrationTests.ValidateEfControllerStep_FailsWithEmptyModel [10 ms]
  Passed Microsoft.DotNet.Tools.Scaffold.Tests.AspNet.Integration.RazorPages.RazorPagesCrudNet9IntegrationTests.RazorPagesTemplates_HasExpectedT4File(fileName: "Index.cs") [6 ms]
[xUnit.net 00:00:02.05]     Microsoft.DotNet.Tools.Scaffold.Tests.AspNet.Integration.EntraId.EntraIdNet10IntegrationTests.Scaffold_EntraId_Net10_CliInvocation [SKIP]
[xUnit.net 00:00:02.05]       Requires real Azure AD credentials ΓÇö entra-id scaffolder calls 'dotnet msidentity' which validates the tenant-id against Azure AD.
  Passed Microsoft.DotNet.Tools.Scaffold.Tests.AspNet.Integration.EntraId.EntraIdNet10IntegrationTests.ValidateEntraIdStep_FailsWhenProjectMissing [5 ms]
  Passed Microsoft.DotNet.Tools.Scaffold.Tests.AspNet.Integration.API.MinimalApiNet11IntegrationTests.UseDatabaseMethods_HasAllFourProviders [5 ms]
  Skipped Microsoft.DotNet.Tools.Scaffold.Tests.AspNet.Integration.EntraId.EntraIdNet10IntegrationTests.Scaffold_EntraId_Net10_CliInvocation [1 ms]
  Passed Microsoft.DotNet.Tools.Scaffold.Tests.AspNet.Integration.MVC.CrudControllerNet9IntegrationTests.Templates_HasExpectedScaffolderFolder(folderName: "BlazorIdentity") [5 ms]
  Passed Microsoft.DotNet.Tools.Scaffold.Tests.AspNet.Integration.MVC.RazorViewsNet8IntegrationTests.CRUDPages_ContainsPageType(pageType: "NotFound") [5 ms]
  Passed Microsoft.DotNet.Tools.Scaffold.Tests.AspNet.Integration.MVC.RazorViewsNet11IntegrationTests.CRUDPages_ContainsPageType(pageType: "Edit") [5 ms]
  Passed Microsoft.DotNet.Tools.Scaffold.Tests.AspNet.Integration.MVC.AreaNet8IntegrationTests.Templates_HasExpectedScaffolderFolder(folderName: "Views") [6 ms]
  Passed Microsoft.DotNet.Tools.Scaffold.Tests.AspNet.Integration.MVC.CrudControllerNet8IntegrationTests.ValidateEfControllerStep_FailsWithInvalidControllerName(controllerName: "") [5 ms]
  Passed Microsoft.DotNet.Tools.Scaffold.Tests.AspNet.Integration.RazorPages.RazorPagesCrudNet9IntegrationTests.RazorPagesTemplates_HasExpectedT4File(fileName: "Index.tt") [5 ms]
  Passed Microsoft.DotNet.Tools.Scaffold.Tests.AspNet.Integration.API.ApiControllerNet9IntegrationTests.ValidateEfControllerStep_TracksTelemetry_OnNullProjectFailure [5 ms]
  Passed Microsoft.DotNet.Tools.Scaffold.Tests.AspNet.Integration.MVC.AreaNet9IntegrationTests.AreaScaffolderStep_CreatesCorrectStructure_ForVariousNames(areaName: "Dashboard") [8 ms]
[xUnit.net 00:00:02.06]     Microsoft.DotNet.Tools.Scaffold.Tests.AspNet.Integr
ation.MVC.CrudControllerNet11IntegrationTests.EfControllerTemplates_UsesCshtmlF
ormat [FAIL]
[xUnit.net 00:00:02.06]       Assert.All() Failure: 6 out of 6 items in the collection did not pass.
[xUnit.net 00:00:02.06]       [0]: Item:  "C:\\Scaffolding\\src\\dotnet-scaffolding\\dotnet-s"┬╖┬╖┬╖
[xUnit.net 00:00:02.06]            Error: Assert.EndsWith() Failure: String end does not match
[xUnit.net 00:00:02.06]                   String:       ┬╖┬╖┬╖"s\\net11.0\\EfController\\ApiEfController.cs"
[xUnit.net 00:00:02.06]                   Expected end: ".cshtml"
[xUnit.net 00:00:02.06]       [1]: Item:  "C:\\Scaffolding\\src\\dotnet-scaffolding\\dotnet-s"┬╖┬╖┬╖
[xUnit.net 00:00:02.06]            Error: Assert.EndsWith() Failure: String end does not match
[xUnit.net 00:00:02.06]                   String:       ┬╖┬╖┬╖"fController\\ApiEfController.Interfaces.cs"
[xUnit.net 00:00:02.06]                   Expected end: ".cshtml"
[xUnit.net 00:00:02.06]       [2]: Item:  "C:\\Scaffolding\\src\\dotnet-scaffolding\\dotnet-s"┬╖┬╖┬╖
[xUnit.net 00:00:02.06]            Error: Assert.EndsWith() Failure: String end does not match
[xUnit.net 00:00:02.06]                   String:       ┬╖┬╖┬╖"s\\net11.0\\EfController\\ApiEfController.tt"
[xUnit.net 00:00:02.06]                   Expected end: ".cshtml"
[xUnit.net 00:00:02.06]       [3]: Item:  "C:\\Scaffolding\\src\\dotnet-scaffolding\\dotnet-s"┬╖┬╖┬╖
[xUnit.net 00:00:02.06]            Error: Assert.EndsWith() Failure: String end does not match
[xUnit.net 00:00:02.06]                   String:       ┬╖┬╖┬╖"s\\net11.0\\EfController\\MvcEfController.cs"
[xUnit.net 00:00:02.06]                   Expected end: ".cshtml"
[xUnit.net 00:00:02.06]       [4]: Item:  "C:\\Scaffolding\\src\\dotnet-scaffolding\\dotnet-s"┬╖┬╖┬╖
[xUnit.net 00:00:02.06]            Error: Assert.EndsWith() Failure: String end does not match
[xUnit.net 00:00:02.06]                   String:       ┬╖┬╖┬╖"fController\\MvcEfController.Interfaces.cs"
[xUnit.net 00:00:02.06]                   Expected end: ".cshtml"
[xUnit.net 00:00:02.06]       [5]: Item:  "C:\\Scaffolding\\src\\dotnet-scaffolding\\dotnet-s"┬╖┬╖┬╖
[xUnit.net 00:00:02.06]            Error: Assert.EndsWith() Failure: String end does not match
[xUnit.net 00:00:02.06]                   String:       ┬╖┬╖┬╖"s\\net11.0\\EfController\\MvcEfController.tt"
[xUnit.net 00:00:02.07]                   Expected end: ".cshtml"
[xUnit.net 00:00:02.07]       Stack Trace:
[xUnit.net 00:00:02.07]         C:\Scaffolding\test\dotnet-scaffolding\dotnet-scaffold.Tests\AspNet\Integration\MVC\CrudControllerIntegrationTestsBase.cs(453,0): at Microsoft.DotNet.Tools.Scaffold.Tests.AspNet.Integration.CrudControllerIntegrationTestsBase.EfControllerTemplates_UsesCshtmlFormat()
[xUnit.net 00:00:02.07]            at System.Reflection.MethodBaseInvoker.InterpretedInvoke_Method(Object obj, IntPtr* args)
[xUnit.net 00:00:02.07]            at System.Reflection.MethodBaseInvoker.InvokeWithNoArgs(Object obj, BindingFlags invokeAttr)
  Passed Microsoft.DotNet.Tools.Scaffold.Tests.AspNet.Integration.EntraId.EntraIdNet10IntegrationTests.ValidateEntraIdStep_IsScaffoldStep [5 ms]
  Passed Microsoft.DotNet.Tools.Scaffold.Tests.AspNet.Integration.Identity.IdentityNet11IntegrationTests.Templates_HasExpectedScaffolderFolder(folderName: "BlazorIdentity") [6 ms]
  Failed Microsoft.DotNet.Tools.Scaffold.Tests.AspNet.Integration.MVC.CrudControllerNet11IntegrationTests.EfControllerTemplates_UsesCshtmlFormat [6 ms]
  Error Message:
   Assert.All() Failure: 6 out of 6 items in the collection did not pass.
[0]: Item:  "C:\\Scaffolding\\src\\dotnet-scaffolding\\dotnet-s"┬╖┬╖┬╖
     Error: Assert.EndsWith() Failure: String end does not match
            String:       ┬╖┬╖┬╖"s\\net11.0\\EfController\\ApiEfController.cs"
            Expected end: ".cshtml"
[1]: Item:  "C:\\Scaffolding\\src\\dotnet-scaffolding\\dotnet-s"┬╖┬╖┬╖
     Error: Assert.EndsWith() Failure: String end does not match
            String:       ┬╖┬╖┬╖"fController\\ApiEfController.Interfaces.cs"
            Expected end: ".cshtml"
[2]: Item:  "C:\\Scaffolding\\src\\dotnet-scaffolding\\dotnet-s"┬╖┬╖┬╖
     Error: Assert.EndsWith() Failure: String end does not match
            String:       ┬╖┬╖┬╖"s\\net11.0\\EfController\\ApiEfController.tt"
            Expected end: ".cshtml"
[3]: Item:  "C:\\Scaffolding\\src\\dotnet-scaffolding\\dotnet-s"┬╖┬╖┬╖
     Error: Assert.EndsWith() Failure: String end does not match
            String:       ┬╖┬╖┬╖"s\\net11.0\\EfController\\MvcEfController.cs"
            Expected end: ".cshtml"
[4]: Item:  "C:\\Scaffolding\\src\\dotnet-scaffolding\\dotnet-s"┬╖┬╖┬╖
     Error: Assert.EndsWith() Failure: String end does not match
            String:       ┬╖┬╖┬╖"fController\\MvcEfController.Interfaces.cs"
            Expected end: ".cshtml"
[5]: Item:  "C:\\Scaffolding\\src\\dotnet-scaffolding\\dotnet-s"┬╖┬╖┬╖
     Error: Assert.EndsWith() Failure: String end does not match
            String:       ┬╖┬╖┬╖"s\\net11.0\\EfController\\MvcEfController.tt"
            Expected end: ".cshtml"
  Stack Trace:
     at Microsoft.DotNet.Tools.Scaffold.Tests.AspNet.Integration.CrudControllerIntegrationTestsBase.EfControllerTemplates_UsesCshtmlFormat() in C:\Scaffolding\test\dotnet-scaffolding\dotnet-scaffold.Tests\AspNet\Integration\MVC\CrudControllerIntegrationTestsBase.cs:line 453
   at System.Reflection.MethodBaseInvoker.InterpretedInvoke_Method(Object obj, IntPtr* args)
   at System.Reflection.MethodBaseInvoker.InvokeWithNoArgs(Object obj, BindingFlags invokeAttr)
  Passed Microsoft.DotNet.Tools.Scaffold.Tests.AspNet.Integration.API.MinimalApiNet11IntegrationTests.ValidateMinimalApiStep_FailsWithInvalidModel(model: "") [6 ms]
  Passed Microsoft.DotNet.Tools.Scaffold.Tests.AspNet.Integration.MVC.RazorViewsNet8IntegrationTests.CRUDPages_ContainsPageType(pageType: "Create") [4 ms]
  Passed Microsoft.DotNet.Tools.Scaffold.Tests.AspNet.Integration.MVC.CrudControllerNet9IntegrationTests.Templates_HasExpectedScaffolderFolder(folderName: "MinimalApi") [5 ms]
  Passed Microsoft.DotNet.Tools.Scaffold.Tests.AspNet.Integration.RazorPages.RazorPagesCrudNet9IntegrationTests.RazorPagesTemplates_HasExpectedT4File(fileName: "Edit.cs") [4 ms]
  Passed Microsoft.DotNet.Tools.Scaffold.Tests.AspNet.Integration.MVC.RazorViewsNet11IntegrationTests.CRUDPages_ContainsPageType(pageType: "Create") [5 ms]
  Passed Microsoft.DotNet.Tools.Scaffold.Tests.AspNet.Integration.MVC.AreaNet8IntegrationTests.Templates_HasExpectedScaffolderFolder(folderName: "Identity") [5 ms]
  Passed Microsoft.DotNet.Tools.Scaffold.Tests.AspNet.Integration.MVC.CrudControllerNet8IntegrationTests.ViewsTemplates_AllFilesAreCshtml [5 ms]
  Passed Microsoft.DotNet.Tools.Scaffold.Tests.AspNet.Integration.API.MinimalApiNet11IntegrationTests.ValidateMinimalApiStep_FailsWithInvalidModel(model: null) [5 ms]
  Passed Microsoft.DotNet.Tools.Scaffold.Tests.AspNet.Integration.Identity.IdentityNet11IntegrationTests.Templates_HasExpectedScaffolderFolder(folderName: "CodeModificationConfigs") [6 ms]
  Passed Microsoft.DotNet.Tools.Scaffold.Tests.AspNet.Integration.MVC.CrudControllerNet11IntegrationTests.ValidateEfControllerStep_TracksTelemetry_OnNullDataContextFailure [6 ms]
  Passed Microsoft.DotNet.Tools.Scaffold.Tests.AspNet.Integration.API.ApiControllerNet9IntegrationTests.ValidateEfControllerStep_FailsWithEmptyProject [8 ms]
  Passed Microsoft.DotNet.Tools.Scaffold.Tests.AspNet.Integration.MVC.CrudControllerNet9IntegrationTests.Templates_HasExpectedScaffolderFolder(folderName: "BlazorCrud") [5 ms]
  Passed Microsoft.DotNet.Tools.Scaffold.Tests.AspNet.Integration.EntraId.EntraIdNet10IntegrationTests.ValidateEntraIdStep_FailsWhenUsernameMissing [8 ms]
  Passed Microsoft.DotNet.Tools.Scaffold.Tests.AspNet.Integration.MVC.RazorViewsNet8IntegrationTests.CRUDPages_ContainsPageType(pageType: "Edit") [5 ms]
  Passed Microsoft.DotNet.Tools.Scaffold.Tests.AspNet.Integration.MVC.RazorViewsNet11IntegrationTests.CRUDPages_ContainsPageType(pageType: "NotFound") [5 ms]
  Passed Microsoft.DotNet.Tools.Scaffold.Tests.AspNet.Integration.MVC.AreaNet9IntegrationTests.AreaScaffolderStep_CreatesModelsFolder [10 ms]
  Passed Microsoft.DotNet.Tools.Scaffold.Tests.AspNet.Integration.MVC.AreaNet8IntegrationTests.Templates_HasExpectedScaffolderFolder(folderName: "CodeModificationConfigs") [6 ms]
  Passed Microsoft.DotNet.Tools.Scaffold.Tests.AspNet.Integration.RazorPages.RazorPagesCrudNet9IntegrationTests.RazorPagesTemplates_HasExpectedT4File(fileName: "CreateModel.tt") [7 ms]
  Passed Microsoft.DotNet.Tools.Scaffold.Tests.AspNet.Integration.MVC.CrudControllerNet8IntegrationTests.ViewsTemplates_HasBootstrap4Subfolder [6 ms]
  Passed Microsoft.DotNet.Tools.Scaffold.Tests.AspNet.Integration.Identity.IdentityNet11IntegrationTests.Templates_HasExpectedScaffolderFolder(folderName: "MinimalApi") [6 ms]
  Passed Microsoft.DotNet.Tools.Scaffold.Tests.AspNet.Integration.MVC.CrudControllerNet9IntegrationTests.Templates_HasExpectedScaffolderFolder(folderName: "RazorPages") [4 ms]
  Passed Microsoft.DotNet.Tools.Scaffold.Tests.AspNet.Integration.MVC.RazorViewsNet8IntegrationTests.ViewsTemplates_HasExpectedFile(subfolder: "Bootstrap5", fileName: "Delete.cshtml") [4 ms]
  Passed Microsoft.DotNet.Tools.Scaffold.Tests.AspNet.Integration.API.MinimalApiNet11IntegrationTests.ValidateMinimalApiStep_FailsWithEmptyModel [6 ms]
  Passed Microsoft.DotNet.Tools.Scaffold.Tests.AspNet.Integration.MVC.CrudControllerNet11IntegrationTests.ValidateEfControllerStep_FailsWithEmptyModel [6 ms]
  Passed Microsoft.DotNet.Tools.Scaffold.Tests.AspNet.Integration.API.ApiControllerNet9IntegrationTests.ValidateEfControllerStep_TracksTelemetry_OnNullModelFailure [14 ms]
  Passed Microsoft.DotNet.Tools.Scaffold.Tests.AspNet.Integration.MVC.RazorViewsNet11IntegrationTests.Templates_HasExpectedScaffolderFolder(folderName: "CodeModificationConfigs") [12 ms]
  Passed Microsoft.DotNet.Tools.Scaffold.Tests.AspNet.Integration.EntraId.EntraIdNet10IntegrationTests.ValidateEntraIdStep_FailsWhenTenantIdMissing [13 ms]
  Passed Microsoft.DotNet.Tools.Scaffold.Tests.AspNet.Integration.MVC.AreaNet8IntegrationTests.Templates_HasExpectedScaffolderFolder(folderName: "RazorPages") [11 ms]
  Passed Microsoft.DotNet.Tools.Scaffold.Tests.AspNet.Integration.RazorPages.RazorPagesCrudNet9IntegrationTests.RazorPagesTemplates_HasExpectedT4File(fileName: "Edit.tt") [11 ms]
  Passed Microsoft.DotNet.Tools.Scaffold.Tests.AspNet.Integration.MVC.CrudControllerNet8IntegrationTests.ValidateEfControllerStep_FailsWithEmptyControllerName [12 ms]
  Passed Microsoft.DotNet.Tools.Scaffold.Tests.AspNet.Integration.API.MinimalApiNet11IntegrationTests.MinimalApiTemplates_FolderExists [11 ms]
  Passed Microsoft.DotNet.Tools.Scaffold.Tests.AspNet.Integration.MVC.RazorViewsNet8IntegrationTests.ViewsTemplates_HasExpectedFile(subfolder: "Bootstrap4", fileName: "Delete.cshtml") [11 ms]
  Passed Microsoft.DotNet.Tools.Scaffold.Tests.AspNet.Integration.MVC.CrudControllerNet9IntegrationTests.ValidateEfControllerStep_FailsWithNonExistentProject [12 ms]
  Passed Microsoft.DotNet.Tools.Scaffold.Tests.AspNet.Integration.MVC.CrudControllerNet11IntegrationTests.ValidateEfControllerStep_TracksTelemetry_OnNullModelFailure [11 ms]
  Passed Microsoft.DotNet.Tools.Scaffold.Tests.AspNet.Integration.Identity.IdentityNet11IntegrationTests.Templates_HasExpectedScaffolderFolder(folderName: "Identity") [13 ms]
  Passed Microsoft.DotNet.Tools.Scaffold.Tests.AspNet.Integration.MVC.RazorViewsNet11IntegrationTests.Templates_HasExpectedScaffolderFolder(folderName: "Views") [4 ms]
  Passed Microsoft.DotNet.Tools.Scaffold.Tests.AspNet.Integration.RazorPages.RazorPagesCrudNet9IntegrationTests.RazorPagesTemplates_HasExpectedT4File(fileName: "CreateModel.cs") [3 ms]
  Passed Microsoft.DotNet.Tools.Scaffold.Tests.AspNet.Integration.MVC.AreaNet8IntegrationTests.Templates_HasExpectedScaffolderFolder(folderName: "BlazorCrud") [4 ms]
  Passed Microsoft.DotNet.Tools.Scaffold.Tests.AspNet.Integration.EntraId.EntraIdNet10IntegrationTests.ValidateEntraIdStep_SingleEventPerValidation [5 ms]
  Passed Microsoft.DotNet.Tools.Scaffold.Tests.AspNet.Integration.MVC.AreaNet9IntegrationTests.AreaScaffolderStep_CreatesExactly6Directories [17 ms]
  Passed Microsoft.DotNet.Tools.Scaffold.Tests.AspNet.Integration.API.ApiControllerNet9IntegrationTests.ValidateEfControllerStep_FailsWithInvalidModel(model: "") [5 ms]
  Passed Microsoft.DotNet.Tools.Scaffold.Tests.AspNet.Integration.Identity.BlazorIdentityNet8IntegrationTests.BlazorIdentityChangesConfig_ReferencesProgramCs [58 ms]
  Passed Microsoft.DotNet.Tools.Scaffold.Tests.AspNet.Integration.API.MinimalApiNet11IntegrationTests.ValidateMinimalApiStep_FailsWithNonExistentProject [4 ms]
  Passed Microsoft.DotNet.Tools.Scaffold.Tests.AspNet.Integration.MVC.RazorViewsNet8IntegrationTests.ViewsTemplates_HasExpectedFile(subfolder: "Bootstrap5", fileName: "Details.cshtml") [4 ms]
  Passed Microsoft.DotNet.Tools.Scaffold.Tests.AspNet.Integration.MVC.CrudControllerNet8IntegrationTests.ValidateEfControllerStep_FailsWithEmptyControllerType [4 ms]
  Passed Microsoft.DotNet.Tools.Scaffold.Tests.AspNet.Integration.MVC.CrudControllerNet9IntegrationTests.ValidateEfControllerStep_FailsWithEmptyControllerName [5 ms]
  Passed Microsoft.DotNet.Tools.Scaffold.Tests.AspNet.Integration.MVC.RazorViewsNet11IntegrationTests.Templates_HasExpectedScaffolderFolder(folderName: "EfController") [3 ms]
  Passed Microsoft.DotNet.Tools.Scaffold.Tests.AspNet.Integration.RazorPages.RazorPagesCrudNet9IntegrationTests.RazorPagesTemplates_HasExpectedT4File(fileName: "Create.cs") [3 ms]
  Passed Microsoft.DotNet.Tools.Scaffold.Tests.AspNet.Integration.MVC.AreaNet8IntegrationTests.Templates_HasExpectedScaffolderFolder(folderName: "EfController") [3 ms]
  Passed Microsoft.DotNet.Tools.Scaffold.Tests.AspNet.Integration.MVC.CrudControllerNet11IntegrationTests.ValidateEfControllerStep_FailsWithNullDataContext [5 ms]
  Passed Microsoft.DotNet.Tools.Scaffold.Tests.AspNet.Integration.Identity.IdentityNet11IntegrationTests.Templates_HasExpectedScaffolderFolder(folderName: "RazorPages") [5 ms]
  Passed Microsoft.DotNet.Tools.Scaffold.Tests.AspNet.Integration.EntraId.EntraIdNet10IntegrationTests.ValidateEntraIdStep_TracksTelemetry_OnUsernameMissingFailure [5 ms]
  Passed Microsoft.DotNet.Tools.Scaffold.Tests.AspNet.Integration.API.ApiControllerNet9IntegrationTests.ValidateEfControllerStep_FailsWithInvalidModel(model: null) [5 ms]
  Passed Microsoft.DotNet.Tools.Scaffold.Tests.AspNet.Integration.MVC.RazorViewsNet8IntegrationTests.ViewsTemplates_HasExpectedFile(subfolder: "Bootstrap4", fileName: "List.cshtml") [4 ms]
  Passed Microsoft.DotNet.Tools.Scaffold.Tests.AspNet.Integration.MVC.CrudControllerNet8IntegrationTests.ValidateEfControllerStep_FailsWithNonExistentProject [3 ms]
  Passed Microsoft.DotNet.Tools.Scaffold.Tests.AspNet.Integration.MVC.RazorViewsNet11IntegrationTests.Templates_HasExpectedScaffolderFolder(folderName: "MinimalApi") [3 ms]
  Passed Microsoft.DotNet.Tools.Scaffold.Tests.AspNet.Integration.MVC.CrudControllerNet9IntegrationTests.EfPackagesDict_ContainsAllFourProviders [4 ms]
[xUnit.net 00:00:02.11]     Microsoft.DotNet.Tools.Scaffold.Tests.AspNet.Integr
ation.MVC.CrudControllerNet11IntegrationTests.ViewsTemplates_HasBootstrap5Subfo
lder [FAIL]
[xUnit.net 00:00:02.11]       Bootstrap5 subfolder should exist for net11.0 Views templates
[xUnit.net 00:00:02.11]       Stack Trace:
[xUnit.net 00:00:02.11]         C:\Scaffolding\test\dotnet-scaffolding\dotnet-scaffold.Tests\AspNet\Integration\MVC\CrudControllerIntegrationTestsBase.cs(483,0): at Microsoft.DotNet.Tools.Scaffold.Tests.AspNet.Integration.CrudControllerIntegrationTestsBase.ViewsTemplates_HasBootstrap5Subfolder()
[xUnit.net 00:00:02.11]            at System.Reflection.MethodBaseInvoker.InterpretedInvoke_Method(Object obj, IntPtr* args)
[xUnit.net 00:00:02.11]            at System.Reflection.MethodBaseInvoker.InvokeWithNoArgs(Object obj, BindingFlags invokeAttr)
  Passed Microsoft.DotNet.Tools.Scaffold.Tests.AspNet.Integration.RazorPages.RazorPagesCrudNet9IntegrationTests.RazorPagesTemplates_HasExpectedT4File(fileName: "EditModel.tt") [5 ms]
  Passed Microsoft.DotNet.Tools.Scaffold.Tests.AspNet.Integration.MVC.AreaNet8IntegrationTests.Templates_HasExpectedScaffolderFolder(folderName: "MinimalApi") [4 ms]
  Failed Microsoft.DotNet.Tools.Scaffold.Tests.AspNet.Integration.MVC.CrudControllerNet11IntegrationTests.ViewsTemplates_HasBootstrap5Subfolder [4 ms]
  Error Message:
   Bootstrap5 subfolder should exist for net11.0 Views templates
  Stack Trace:
     at Microsoft.DotNet.Tools.Scaffold.Tests.AspNet.Integration.CrudControllerIntegrationTestsBase.ViewsTemplates_HasBootstrap5Subfolder() in C:\Scaffolding\test\dotnet-scaffolding\dotnet-scaffold.Tests\AspNet\Integration\MVC\CrudControllerIntegrationTestsBase.cs:line 483
   at System.Reflection.MethodBaseInvoker.InterpretedInvoke_Method(Object obj, IntPtr* args)
   at System.Reflection.MethodBaseInvoker.InvokeWithNoArgs(Object obj, BindingFlags invokeAttr)
  Passed Microsoft.DotNet.Tools.Scaffold.Tests.AspNet.Integration.MVC.AreaNet9IntegrationTests.AreaScaffolderStep_CreatesDataFolder [9 ms]
  Passed Microsoft.DotNet.Tools.Scaffold.Tests.AspNet.Integration.EntraId.EntraIdNet10IntegrationTests.ValidateEntraIdStep_HasApplicationProperty [4 ms]
  Passed Microsoft.DotNet.Tools.Scaffold.Tests.AspNet.Integration.Identity.IdentityNet11IntegrationTests.Templates_HasExpectedScaffolderFolder(folderName: "Views") [6 ms]
  Passed Microsoft.DotNet.Tools.Scaffold.Tests.AspNet.Integration.MVC.RazorViewsNet8IntegrationTests.ViewsTemplates_HasExpectedFile(subfolder: "Bootstrap4", fileName: "Details.cshtml") [4 ms]
  Passed Microsoft.DotNet.Tools.Scaffold.Tests.AspNet.Integration.MVC.RazorViewsNet11IntegrationTests.Templates_HasExpectedScaffolderFolder(folderName: "BlazorCrud") [5 ms]
  Passed Microsoft.DotNet.Tools.Scaffold.Tests.AspNet.Integration.MVC.CrudControllerNet9IntegrationTests.ValidateEfControllerStep_TracksTelemetry_OnNullModelFailure [5 ms]
  Passed Microsoft.DotNet.Tools.Scaffold.Tests.AspNet.Integration.MVC.CrudControllerNet8IntegrationTests.ValidateEfControllerStep_TracksTelemetry_OnNullControllerTypeFailure [6 ms]
  Passed Microsoft.DotNet.Tools.Scaffold.Tests.AspNet.Integration.API.ApiControllerNet9IntegrationTests.ValidateEfControllerStep_FailsWithInvalidDataContext(dataContext: "") [8 ms]
  Passed Microsoft.DotNet.Tools.Scaffold.Tests.AspNet.Integration.MVC.AreaNet8IntegrationTests.Templates_HasExpectedScaffolderFolder(folderName: "Files") [5 ms]
  Passed Microsoft.DotNet.Tools.Scaffold.Tests.AspNet.Integration.RazorPages.RazorPagesCrudNet9IntegrationTests.RazorPagesTemplates_AllFilesAreCshtml [6 ms]
  Passed Microsoft.DotNet.Tools.Scaffold.Tests.AspNet.Integration.MVC.CrudControllerNet11IntegrationTests.ValidateEfControllerStep_TracksTelemetry_OnNullControllerNameFailure [6 ms]
  Passed Microsoft.DotNet.Tools.Scaffold.Tests.AspNet.Integration.MVC.RazorViewsNet8IntegrationTests.ViewsTemplates_HasExpectedFile(subfolder: "Bootstrap4", fileName: "Empty.cshtml") [4 ms]
  Passed Microsoft.DotNet.Tools.Scaffold.Tests.AspNet.Integration.RazorViewEmptyNet9IntegrationTests.RazorViewEmpty_DoesNotSetNamespace [4 ms]
  Passed Microsoft.DotNet.Tools.Scaffold.Tests.AspNet.Integration.MVC.RazorViewsNet11IntegrationTests.Templates_HasExpectedScaffolderFolder(folderName: "Identity") [4 ms]
  Passed Microsoft.DotNet.Tools.Scaffold.Tests.AspNet.Integration.Identity.IdentityNet11IntegrationTests.Templates_HasExpectedScaffolderFolder(folderName: "BlazorCrud") [5 ms]
  Passed Microsoft.DotNet.Tools.Scaffold.Tests.AspNet.Integration.MVC.AreaNet8IntegrationTests.Templates_HasExpectedScaffolderFolder(folderName: "BlazorIdentity") [4 ms]
  Passed Microsoft.DotNet.Tools.Scaffold.Tests.AspNet.Integration.MVC.CrudControllerNet8IntegrationTests.ViewsTemplates_HasBootstrap5Subfolder [5 ms]
  Passed Microsoft.DotNet.Tools.Scaffold.Tests.AspNet.Integration.MVC.CrudControllerNet9IntegrationTests.ValidateEfControllerStep_FailsWithNullControllerName [5 ms]
  Passed Microsoft.DotNet.Tools.Scaffold.Tests.AspNet.Integration.API.ApiControllerNet9IntegrationTests.ValidateEfControllerStep_FailsWithInvalidDataContext(dataContext: null) [4 ms]
  Passed Microsoft.DotNet.Tools.Scaffold.Tests.AspNet.Integration.MVC.AreaNet9IntegrationTests.AreaScaffolderStep_CreatesAreasDirectory [9 ms]
  Passed Microsoft.DotNet.Tools.Scaffold.Tests.AspNet.Integration.MVC.CrudControllerNet11IntegrationTests.EfControllerTemplates_FolderExists [4 ms]
  Passed Microsoft.DotNet.Tools.Scaffold.Tests.AspNet.Integration.MVC.RazorViewsNet8IntegrationTests.ViewsTemplates_HasExpectedFile(subfolder: "Bootstrap5", fileName: "Empty.cshtml") [4 ms]
[xUnit.net 00:00:02.13]     Microsoft.DotNet.Tools.Scaffold.Tests.AspNet.Integr
ation.MVC.CrudControllerNet11IntegrationTests.ViewsTemplates_HasBootstrap4Subfo
lder [FAIL]
[xUnit.net 00:00:02.13]       Bootstrap4 subfolder should exist for net11.0 Views templates
[xUnit.net 00:00:02.13]       Stack Trace:
[xUnit.net 00:00:02.13]         C:\Scaffolding\test\dotnet-scaffolding\dotnet-scaffold.Tests\AspNet\Integration\MVC\CrudControllerIntegrationTestsBase.cs(474,0): at Microsoft.DotNet.Tools.Scaffold.Tests.AspNet.Integration.CrudControllerIntegrationTestsBase.ViewsTemplates_HasBootstrap4Subfolder()
[xUnit.net 00:00:02.13]            at System.Reflection.MethodBaseInvoker.InterpretedInvoke_Method(Object obj, IntPtr* args)
[xUnit.net 00:00:02.13]            at System.Reflection.MethodBaseInvoker.InvokeWithNoArgs(Object obj, BindingFlags invokeAttr)
  Passed Microsoft.DotNet.Tools.Scaffold.Tests.AspNet.Integration.RazorPages.RazorPagesCrudNet9IntegrationTests.Templates_HasExpectedScaffolderFolder(folderName: "Files") [4 ms]
  Passed Microsoft.DotNet.Tools.Scaffold.Tests.AspNet.Integration.MVC.RazorViewsNet11IntegrationTests.Templates_HasExpectedScaffolderFolder(folderName: "RazorPages") [4 ms]
  Passed Microsoft.DotNet.Tools.Scaffold.Tests.AspNet.Integration.Identity.IdentityNet11IntegrationTests.Identity_Bootstrap4_HasFiles [6 ms]
  Failed Microsoft.DotNet.Tools.Scaffold.Tests.AspNet.Integration.MVC.CrudControllerNet11IntegrationTests.ViewsTemplates_HasBootstrap4Subfolder [3 ms]
  Error Message:
   Bootstrap4 subfolder should exist for net11.0 Views templates
  Stack Trace:
     at Microsoft.DotNet.Tools.Scaffold.Tests.AspNet.Integration.CrudControllerIntegrationTestsBase.ViewsTemplates_HasBootstrap4Subfolder() in C:\Scaffolding\test\dotnet-scaffolding\dotnet-scaffold.Tests\AspNet\Integration\MVC\CrudControllerIntegrationTestsBase.cs:line 474
   at System.Reflection.MethodBaseInvoker.InterpretedInvoke_Method(Object obj, IntPtr* args)
   at System.Reflection.MethodBaseInvoker.InvokeWithNoArgs(Object obj, BindingFlags invokeAttr)
  Passed Microsoft.DotNet.Tools.Scaffold.Tests.AspNet.Integration.MVC.CrudControllerNet9IntegrationTests.ValidateEfControllerStep_TracksTelemetry_OnNullProjectFailure [5 ms]
  Passed Microsoft.DotNet.Tools.Scaffold.Tests.AspNet.Integration.MVC.RazorViewsNet11IntegrationTests.Templates_HasExpectedScaffolderFolder(folderName: "BlazorIdentity") [3 ms]
  Passed Microsoft.DotNet.Tools.Scaffold.Tests.AspNet.Integration.RazorPages.RazorPagesCrudNet9IntegrationTests.Templates_HasExpectedScaffolderFolder(folderName: "CodeModificationConfigs") [4 ms]
  Passed Microsoft.DotNet.Tools.Scaffold.Tests.AspNet.Integration.API.ApiControllerNet9IntegrationTests.EfControllerTemplates_FolderExists [7 ms]
  Passed Microsoft.DotNet.Tools.Scaffold.Tests.AspNet.Integration.MVC.AreaNet8IntegrationTests.AreaScaffolderStep_CreatesDataFolder [10 ms]
  Passed Microsoft.DotNet.Tools.Scaffold.Tests.AspNet.Integration.MVC.RazorViewsNet8IntegrationTests.ViewsTemplates_HasExpectedFile(subfolder: "Bootstrap4", fileName: "Create.cshtml") [8 ms]
  Passed Microsoft.DotNet.Tools.Scaffold.Tests.AspNet.Integration.Identity.IdentityNet11IntegrationTests.Identity_Bootstrap5_HasFiles [7 ms]
  Passed Microsoft.DotNet.Tools.Scaffold.Tests.AspNet.Integration.RazorPages.RazorPagesCrudNet9IntegrationTests.Templates_HasExpectedScaffolderFolder(folderName: "BlazorCrud") [4 ms]
  Passed Microsoft.DotNet.Tools.Scaffold.Tests.AspNet.Integration.MVC.CrudControllerNet11IntegrationTests.ValidateEfControllerStep_FailsWithEmptyControllerType [6 ms]
  Passed Microsoft.DotNet.Tools.Scaffold.Tests.AspNet.Integration.MVC.RazorViewsNet11IntegrationTests.Templates_HasExpectedScaffolderFolder(folderName: "Files") [5 ms]
  Passed Microsoft.DotNet.Tools.Scaffold.Tests.AspNet.Integration.MVC.CrudControllerNet9IntegrationTests.ValidateEfControllerStep_FailsWithNullDataContext [6 ms]
[xUnit.net 00:00:02.14]     Microsoft.DotNet.Tools.Scaffold.Tests.AspNet.Integr
ation.API.ApiControllerNet9IntegrationTests.EfControllerTemplates_UsesCshtmlFor
mat [FAIL]
[xUnit.net 00:00:02.14]       Assert.All() Failure: 6 out of 6 items in the collection did not pass.
[xUnit.net 00:00:02.14]       [0]: Item:  "C:\\Scaffolding\\src\\dotnet-scaffolding\\dotnet-s"┬╖┬╖┬╖
[xUnit.net 00:00:02.14]            Error: Assert.EndsWith() Failure: String end does not match
[xUnit.net 00:00:02.14]                   String:       ┬╖┬╖┬╖"es\\net9.0\\EfController\\ApiEfController.cs"
[xUnit.net 00:00:02.14]                   Expected end: ".cshtml"
[xUnit.net 00:00:02.14]       [1]: Item:  "C:\\Scaffolding\\src\\dotnet-scaffolding\\dotnet-s"┬╖┬╖┬╖
[xUnit.net 00:00:02.14]            Error: Assert.EndsWith() Failure: String end does not match
[xUnit.net 00:00:02.14]                   String:       ┬╖┬╖┬╖"fController\\ApiEfController.Interfaces.cs"
[xUnit.net 00:00:02.14]                   Expected end: ".cshtml"
[xUnit.net 00:00:02.14]       [2]: Item:  "C:\\Scaffolding\\src\\dotnet-scaffolding\\dotnet-s"┬╖┬╖┬╖
[xUnit.net 00:00:02.14]            Error: Assert.EndsWith() Failure: String end does not match
[xUnit.net 00:00:02.14]                   String:       ┬╖┬╖┬╖"es\\net9.0\\EfController\\ApiEfController.tt"
[xUnit.net 00:00:02.14]                   Expected end: ".cshtml"
[xUnit.net 00:00:02.14]       [3]: Item:  "C:\\Scaffolding\\src\\dotnet-scaffolding\\dotnet-s"┬╖┬╖┬╖
[xUnit.net 00:00:02.14]            Error: Assert.EndsWith() Failure: String end does not match
[xUnit.net 00:00:02.14]                   String:       ┬╖┬╖┬╖"es\\net9.0\\EfController\\MvcEfController.cs"
[xUnit.net 00:00:02.14]                   Expected end: ".cshtml"
[xUnit.net 00:00:02.14]       [4]: Item:  "C:\\Scaffolding\\src\\dotnet-scaffolding\\dotnet-s"┬╖┬╖┬╖
[xUnit.net 00:00:02.14]            Error: Assert.EndsWith() Failure: String end does not match
[xUnit.net 00:00:02.14]                   String:       ┬╖┬╖┬╖"fController\\MvcEfController.Interfaces.cs"
[xUnit.net 00:00:02.14]                   Expected end: ".cshtml"
[xUnit.net 00:00:02.14]       [5]: Item:  "C:\\Scaffolding\\src\\dotnet-scaffolding\\dotnet-s"┬╖┬╖┬╖
[xUnit.net 00:00:02.14]            Error: Assert.EndsWith() Failure: String end does not match
[xUnit.net 00:00:02.14]                   String:       ┬╖┬╖┬╖"es\\net9.0\\EfController\\MvcEfController.tt"
[xUnit.net 00:00:02.14]                   Expected end: ".cshtml"
[xUnit.net 00:00:02.14]       Stack Trace:
[xUnit.net 00:00:02.14]         C:\Scaffolding\test\dotnet-scaffolding\dotnet-scaffold.Tests\AspNet\Integration\API\ApiControllerIntegrationTestsBase.cs(402,0): at Microsoft.DotNet.Tools.Scaffold.Tests.AspNet.Integration.ApiControllerIntegrationTestsBase.EfControllerTemplates_UsesCshtmlFormat()
[xUnit.net 00:00:02.14]            at System.Reflection.MethodBaseInvoker.InterpretedInvoke_Method(Object obj, IntPtr* args)
[xUnit.net 00:00:02.14]            at System.Reflection.MethodBaseInvoker.InvokeWithNoArgs(Object obj, BindingFlags invokeAttr)
[xUnit.net 00:00:02.14]     Microsoft.DotNet.Tools.Scaffold.Tests.AspNet.Integr
ation.MVC.CrudControllerNet9IntegrationTests.ViewsTemplates_HasBootstrap4Subfol
der [FAIL]
[xUnit.net 00:00:02.14]       Bootstrap4 subfolder should exist for net9.0 Views templates
[xUnit.net 00:00:02.14]       Stack Trace:
[xUnit.net 00:00:02.14]         C:\Scaffolding\test\dotnet-scaffolding\dotnet-scaffold.Tests\AspNet\Integration\MVC\CrudControllerIntegrationTestsBase.cs(474,0): at Microsoft.DotNet.Tools.Scaffold.Tests.AspNet.Integration.CrudControllerIntegrationTestsBase.ViewsTemplates_HasBootstrap4Subfolder()
[xUnit.net 00:00:02.14]            at System.Reflection.MethodBaseInvoker.InterpretedInvoke_Method(Object obj, IntPtr* args)
[xUnit.net 00:00:02.14]            at System.Reflection.MethodBaseInvoker.InvokeWithNoArgs(Object obj, BindingFlags invokeAttr)
[xUnit.net 00:00:02.14]     Microsoft.DotNet.Tools.Scaffold.Tests.AspNet.Integr
ation.MVC.CrudControllerNet11IntegrationTests.ViewsTemplates_AllFilesAreCshtml 
[FAIL]
[xUnit.net 00:00:02.14]       Assert.All() Failure: 15 out of 15 items in the collection did not pass.
[xUnit.net 00:00:02.14]       [0]:  Item:  "C:\\Scaffolding\\src\\dotnet-scaffolding\\dotnet-s"┬╖┬╖┬╖
[xUnit.net 00:00:02.14]             Error: Assert.EndsWith() Failure: String end does not match
[xUnit.net 00:00:02.14]                    String:       ┬╖┬╖┬╖"\\AspNet\\Templates\\net11.0\\Views\\Create.cs"
[xUnit.net 00:00:02.15]                    Expected end: ".cshtml"
[xUnit.net 00:00:02.15]       [1]:  Item:  "C:\\Scaffolding\\src\\dotnet-scaffolding\\dotnet-s"┬╖┬╖┬╖
[xUnit.net 00:00:02.15]             Error: Assert.EndsWith() Failure: String end does not match
[xUnit.net 00:00:02.15]                    String:       ┬╖┬╖┬╖"plates\\net11.0\\Views\\Create.Interfaces.cs"
[xUnit.net 00:00:02.15]                    Expected end: ".cshtml"
[xUnit.net 00:00:02.15]       [2]:  Item:  "C:\\Scaffolding\\src\\dotnet-scaffolding\\dotnet-s"┬╖┬╖┬╖
[xUnit.net 00:00:02.15]             Error: Assert.EndsWith() Failure: String end does not match
[xUnit.net 00:00:02.15]                    String:       ┬╖┬╖┬╖"\\AspNet\\Templates\\net11.0\\Views\\Create.tt"
[xUnit.net 00:00:02.15]                    Expected end: ".cshtml"
[xUnit.net 00:00:02.15]       [3]:  Item:  "C:\\Scaffolding\\src\\dotnet-scaffolding\\dotnet-s"┬╖┬╖┬╖
[xUnit.net 00:00:02.15]             Error: Assert.EndsWith() Failure: String end does not match
[xUnit.net 00:00:02.15]                    String:       ┬╖┬╖┬╖"\\AspNet\\Templates\\net11.0\\Views\\Delete.cs"
[xUnit.net 00:00:02.15]                    Expected end: ".cshtml"
[xUnit.net 00:00:02.15]       [4]:  Item:  "C:\\Scaffolding\\src\\dotnet-scaffolding\\dotnet-s"┬╖┬╖┬╖
[xUnit.net 00:00:02.15]             Error: Assert.EndsWith() Failure: String end does not match
[xUnit.net 00:00:02.15]                    String:       ┬╖┬╖┬╖"plates\\net11.0\\Views\\Delete.Interfaces.cs"
[xUnit.net 00:00:02.15]                    Expected end: ".cshtml"
[xUnit.net 00:00:02.15]       [5]:  Item:  "C:\\Scaffolding\\src\\dotnet-scaffolding\\dotnet-s"┬╖┬╖┬╖
[xUnit.net 00:00:02.15]             Error: Assert.EndsWith() Failure: String end does not match
[xUnit.net 00:00:02.15]                    String:       ┬╖┬╖┬╖"\\AspNet\\Templates\\net11.0\\Views\\Delete.tt"
[xUnit.net 00:00:02.15]                    Expected end: ".cshtml"
[xUnit.net 00:00:02.15]       [6]:  Item:  "C:\\Scaffolding\\src\\dotnet-scaffolding\\dotnet-s"┬╖┬╖┬╖
[xUnit.net 00:00:02.15]             Error: Assert.EndsWith() Failure: String end does not match
[xUnit.net 00:00:02.15]                    String:       ┬╖┬╖┬╖"AspNet\\Templates\\net11.0\\Views\\Details.cs"
[xUnit.net 00:00:02.15]                    Expected end: ".cshtml"
[xUnit.net 00:00:02.15]       [7]:  Item:  "C:\\Scaffolding\\src\\dotnet-scaffolding\\dotnet-s"┬╖┬╖┬╖
[xUnit.net 00:00:02.15]             Error: Assert.EndsWith() Failure: String end does not match
[xUnit.net 00:00:02.15]                    String:       ┬╖┬╖┬╖"lates\\net11.0\\Views\\Details.Interfaces.cs"
[xUnit.net 00:00:02.15]                    Expected end: ".cshtml"
[xUnit.net 00:00:02.15]       [8]:  Item:  "C:\\Scaffolding\\src\\dotnet-scaffolding\\dotnet-s"┬╖┬╖┬╖
[xUnit.net 00:00:02.15]             Error: Assert.EndsWith() Failure: String end does not match
[xUnit.net 00:00:02.15]                    String:       ┬╖┬╖┬╖"AspNet\\Templates\\net11.0\\Views\\Details.tt"
[xUnit.net 00:00:02.15]                    Expected end: ".cshtml"
[xUnit.net 00:00:02.15]       [9]:  Item:  "C:\\Scaffolding\\src\\dotnet-scaffolding\\dotnet-s"┬╖┬╖┬╖
[xUnit.net 00:00:02.15]             Error: Assert.EndsWith() Failure: String end does not match
[xUnit.net 00:00:02.15]                    String:       ┬╖┬╖┬╖"ld\\AspNet\\Templates\\net11.0\\Views\\Edit.cs"
[xUnit.net 00:00:02.15]                    Expected end: ".cshtml"
[xUnit.net 00:00:02.15]       [10]: Item:  "C:\\Scaffolding\\src\\dotnet-scaffolding\\dotnet-s"┬╖┬╖┬╖
[xUnit.net 00:00:02.15]             Error: Assert.EndsWith() Failure: String end does not match
[xUnit.net 00:00:02.15]                    String:       ┬╖┬╖┬╖"emplates\\net11.0\\Views\\Edit.Interfaces.cs"
[xUnit.net 00:00:02.15]                    Expected end: ".cshtml"
[xUnit.net 00:00:02.15]       [11]: Item:  "C:\\Scaffolding\\src\\dotnet-scaffolding\\dotnet-s"┬╖┬╖┬╖
[xUnit.net 00:00:02.15]             Error: Assert.EndsWith() Failure: String end does not match
[xUnit.net 00:00:02.15]                    String:       ┬╖┬╖┬╖"ld\\AspNet\\Templates\\net11.0\\Views\\Edit.tt"
[xUnit.net 00:00:02.15]                    Expected end: ".cshtml"
[xUnit.net 00:00:02.15]       [12]: Item:  "C:\\Scaffolding\\src\\dotnet-scaffolding\\dotnet-s"┬╖┬╖┬╖
[xUnit.net 00:00:02.15]             Error: Assert.EndsWith() Failure: String end does not match
[xUnit.net 00:00:02.15]                    String:       ┬╖┬╖┬╖"d\\AspNet\\Templates\\net11.0\\Views\\Index.cs"
[xUnit.net 00:00:02.15]                    Expected end: ".cshtml"
[xUnit.net 00:00:02.15]       [13]: Item:  "C:\\Scaffolding\\src\\dotnet-scaffolding\\dotnet-s"┬╖┬╖┬╖
[xUnit.net 00:00:02.15]             Error: Assert.EndsWith() Failure: String end does not match
[xUnit.net 00:00:02.15]                    String:       ┬╖┬╖┬╖"mplates\\net11.0\\Views\\Index.Interfaces.cs"
[xUnit.net 00:00:02.15]                    Expected end: ".cshtml"
[xUnit.net 00:00:02.15]       [14]: Item:  "C:\\Scaffolding\\src\\dotnet-scaffolding\\dotnet-s"┬╖┬╖┬╖
[xUnit.net 00:00:02.15]             Error: Assert.EndsWith() Failure: String end does not match
[xUnit.net 00:00:02.15]                    String:       ┬╖┬╖┬╖"d\\AspNet\\Templates\\net11.0\\Views\\Index.tt"
[xUnit.net 00:00:02.15]                    Expected end: ".cshtml"
[xUnit.net 00:00:02.15]       Stack Trace:
[xUnit.net 00:00:02.15]         C:\Scaffolding\test\dotnet-scaffolding\dotnet-scaffold.Tests\AspNet\Integration\MVC\CrudControllerIntegrationTestsBase.cs(493,0): at Microsoft.DotNet.Tools.Scaffold.Tests.AspNet.Integration.CrudControllerIntegrationTestsBase.ViewsTemplates_AllFilesAreCshtml()
[xUnit.net 00:00:02.15]            at System.Reflection.MethodBaseInvoker.InterpretedInvoke_Method(Object obj, IntPtr* args)
[xUnit.net 00:00:02.15]            at System.Reflection.MethodBaseInvoker.InvokeWithNoArgs(Object obj, BindingFlags invokeAttr)
  Failed Microsoft.DotNet.Tools.Scaffold.Tests.AspNet.Integration.API.ApiControllerNet9IntegrationTests.EfControllerTemplates_UsesCshtmlFormat [6 ms]
  Error Message:
   Assert.All() Failure: 6 out of 6 items in the collection did not pass.
[0]: Item:  "C:\\Scaffolding\\src\\dotnet-scaffolding\\dotnet-s"┬╖┬╖┬╖
     Error: Assert.EndsWith() Failure: String end does not match
            String:       ┬╖┬╖┬╖"es\\net9.0\\EfController\\ApiEfController.cs"
            Expected end: ".cshtml"
[1]: Item:  "C:\\Scaffolding\\src\\dotnet-scaffolding\\dotnet-s"┬╖┬╖┬╖
     Error: Assert.EndsWith() Failure: String end does not match
            String:       ┬╖┬╖┬╖"fController\\ApiEfController.Interfaces.cs"
            Expected end: ".cshtml"
[2]: Item:  "C:\\Scaffolding\\src\\dotnet-scaffolding\\dotnet-s"┬╖┬╖┬╖
     Error: Assert.EndsWith() Failure: String end does not match
            String:       ┬╖┬╖┬╖"es\\net9.0\\EfController\\ApiEfController.tt"
            Expected end: ".cshtml"
[3]: Item:  "C:\\Scaffolding\\src\\dotnet-scaffolding\\dotnet-s"┬╖┬╖┬╖
     Error: Assert.EndsWith() Failure: String end does not match
            String:       ┬╖┬╖┬╖"es\\net9.0\\EfController\\MvcEfController.cs"
            Expected end: ".cshtml"
[4]: Item:  "C:\\Scaffolding\\src\\dotnet-scaffolding\\dotnet-s"┬╖┬╖┬╖
     Error: Assert.EndsWith() Failure: String end does not match
            String:       ┬╖┬╖┬╖"fController\\MvcEfController.Interfaces.cs"
            Expected end: ".cshtml"
[5]: Item:  "C:\\Scaffolding\\src\\dotnet-scaffolding\\dotnet-s"┬╖┬╖┬╖
     Error: Assert.EndsWith() Failure: String end does not match
            String:       ┬╖┬╖┬╖"es\\net9.0\\EfController\\MvcEfController.tt"
            Expected end: ".cshtml"
  Stack Trace:
     at Microsoft.DotNet.Tools.Scaffold.Tests.AspNet.Integration.ApiControllerIntegrationTestsBase.EfControllerTemplates_UsesCshtmlFormat() in C:\Scaffolding\test\dotnet-scaffolding\dotnet-scaffold.Tests\AspNet\Integration\API\ApiControllerIntegrationTestsBase.cs:line 402
   at System.Reflection.MethodBaseInvoker.InterpretedInvoke_Method(Object obj, IntPtr* args)
   at System.Reflection.MethodBaseInvoker.InvokeWithNoArgs(Object obj, BindingFlags invokeAttr)
  Passed Microsoft.DotNet.Tools.Scaffold.Tests.AspNet.Integration.MVC.RazorViewsNet8IntegrationTests.ViewsTemplates_HasExpectedFile(subfolder: "Bootstrap4", fileName: "_ValidationScriptsPartial.cshtml") [5 ms]
  Passed Microsoft.DotNet.Tools.Scaffold.Tests.AspNet.Integration.MVC.RazorViewsNet11IntegrationTests.ViewsTemplates_FolderExists [4 ms]
  Failed Microsoft.DotNet.Tools.Scaffold.Tests.AspNet.Integration.MVC.CrudControllerNet9IntegrationTests.ViewsTemplates_HasBootstrap4Subfolder [4 ms]
  Error Message:
   Bootstrap4 subfolder should exist for net9.0 Views templates
  Stack Trace:
     at Microsoft.DotNet.Tools.Scaffold.Tests.AspNet.Integration.CrudControllerIntegrationTestsBase.ViewsTemplates_HasBootstrap4Subfolder() in C:\Scaffolding\test\dotnet-scaffolding\dotnet-scaffold.Tests\AspNet\Integration\MVC\CrudControllerIntegrationTestsBase.cs:line 474
   at System.Reflection.MethodBaseInvoker.InterpretedInvoke_Method(Object obj, IntPtr* args)
   at System.Reflection.MethodBaseInvoker.InvokeWithNoArgs(Object obj, BindingFlags invokeAttr)
  Failed Microsoft.DotNet.Tools.Scaffold.Tests.AspNet.Integration.MVC.CrudControllerNet11IntegrationTests.ViewsTemplates_AllFilesAreCshtml [5 ms]
  Error Message:
   Assert.All() Failure: 15 out of 15 items in the collection did not pass.
[0]:  Item:  "C:\\Scaffolding\\src\\dotnet-scaffolding\\dotnet-s"┬╖┬╖┬╖
      Error: Assert.EndsWith() Failure: String end does not match
             String:       ┬╖┬╖┬╖"\\AspNet\\Templates\\net11.0\\Views\\Create.cs"
             Expected end: ".cshtml"
[1]:  Item:  "C:\\Scaffolding\\src\\dotnet-scaffolding\\dotnet-s"┬╖┬╖┬╖
      Error: Assert.EndsWith() Failure: String end does not match
             String:       ┬╖┬╖┬╖"plates\\net11.0\\Views\\Create.Interfaces.cs"
             Expected end: ".cshtml"
[2]:  Item:  "C:\\Scaffolding\\src\\dotnet-scaffolding\\dotnet-s"┬╖┬╖┬╖
      Error: Assert.EndsWith() Failure: String end does not match
             String:       ┬╖┬╖┬╖"\\AspNet\\Templates\\net11.0\\Views\\Create.tt"
             Expected end: ".cshtml"
[3]:  Item:  "C:\\Scaffolding\\src\\dotnet-scaffolding\\dotnet-s"┬╖┬╖┬╖
      Error: Assert.EndsWith() Failure: String end does not match
             String:       ┬╖┬╖┬╖"\\AspNet\\Templates\\net11.0\\Views\\Delete.cs"
             Expected end: ".cshtml"
[4]:  Item:  "C:\\Scaffolding\\src\\dotnet-scaffolding\\dotnet-s"┬╖┬╖┬╖
      Error: Assert.EndsWith() Failure: String end does not match
             String:       ┬╖┬╖┬╖"plates\\net11.0\\Views\\Delete.Interfaces.cs"
             Expected end: ".cshtml"
[5]:  Item:  "C:\\Scaffolding\\src\\dotnet-scaffolding\\dotnet-s"┬╖┬╖┬╖
      Error: Assert.EndsWith() Failure: String end does not match
             String:       ┬╖┬╖┬╖"\\AspNet\\Templates\\net11.0\\Views\\Delete.tt"
             Expected end: ".cshtml"
[6]:  Item:  "C:\\Scaffolding\\src\\dotnet-scaffolding\\dotnet-s"┬╖┬╖┬╖
      Error: Assert.EndsWith() Failure: String end does not match
             String:       ┬╖┬╖┬╖"AspNet\\Templates\\net11.0\\Views\\Details.cs"
             Expected end: ".cshtml"
[7]:  Item:  "C:\\Scaffolding\\src\\dotnet-scaffolding\\dotnet-s"┬╖┬╖┬╖
      Error: Assert.EndsWith() Failure: String end does not match
             String:       ┬╖┬╖┬╖"lates\\net11.0\\Views\\Details.Interfaces.cs"
             Expected end: ".cshtml"
[8]:  Item:  "C:\\Scaffolding\\src\\dotnet-scaffolding\\dotnet-s"┬╖┬╖┬╖
      Error: Assert.EndsWith() Failure: String end does not match
             String:       ┬╖┬╖┬╖"AspNet\\Templates\\net11.0\\Views\\Details.tt"
             Expected end: ".cshtml"
[9]:  Item:  "C:\\Scaffolding\\src\\dotnet-scaffolding\\dotnet-s"┬╖┬╖┬╖
      Error: Assert.EndsWith() Failure: String end does not match
             String:       ┬╖┬╖┬╖"ld\\AspNet\\Templates\\net11.0\\Views\\Edit.cs"
             Expected end: ".cshtml"
[10]: Item:  "C:\\Scaffolding\\src\\dotnet-scaffolding\\dotnet-s"┬╖┬╖┬╖
      Error: Assert.EndsWith() Failure: String end does not match
             String:       ┬╖┬╖┬╖"emplates\\net11.0\\Views\\Edit.Interfaces.cs"
             Expected end: ".cshtml"
[11]: Item:  "C:\\Scaffolding\\src\\dotnet-scaffolding\\dotnet-s"┬╖┬╖┬╖
      Error: Assert.EndsWith() Failure: String end does not match
             String:       ┬╖┬╖┬╖"ld\\AspNet\\Templates\\net11.0\\Views\\Edit.tt"
             Expected end: ".cshtml"
[12]: Item:  "C:\\Scaffolding\\src\\dotnet-scaffolding\\dotnet-s"┬╖┬╖┬╖
      Error: Assert.EndsWith() Failure: String end does not match
             String:       ┬╖┬╖┬╖"d\\AspNet\\Templates\\net11.0\\Views\\Index.cs"
             Expected end: ".cshtml"
[13]: Item:  "C:\\Scaffolding\\src\\dotnet-scaffolding\\dotnet-s"┬╖┬╖┬╖
      Error: Assert.EndsWith() Failure: String end does not match
             String:       ┬╖┬╖┬╖"mplates\\net11.0\\Views\\Index.Interfaces.cs"
             Expected end: ".cshtml"
[14]: Item:  "C:\\Scaffolding\\src\\dotnet-scaffolding\\dotnet-s"┬╖┬╖┬╖
      Error: Assert.EndsWith() Failure: String end does not match
             String:       ┬╖┬╖┬╖"d\\AspNet\\Templates\\net11.0\\Views\\Index.tt"
             Expected end: ".cshtml"
  Stack Trace:
     at Microsoft.DotNet.Tools.Scaffold.Tests.AspNet.Integration.CrudControllerIntegrationTestsBase.ViewsTemplates_AllFilesAreCshtml() in C:\Scaffolding\test\dotnet-scaffolding\dotnet-scaffold.Tests\AspNet\Integration\MVC\CrudControllerIntegrationTestsBase.cs:line 493
   at System.Reflection.MethodBaseInvoker.InterpretedInvoke_Method(Object obj, IntPtr* args)
   at System.Reflection.MethodBaseInvoker.InvokeWithNoArgs(Object obj, BindingFlags invokeAttr)
  Passed Microsoft.DotNet.Tools.Scaffold.Tests.AspNet.Integration.RazorPages.RazorPagesCrudNet9IntegrationTests.Templates_HasExpectedScaffolderFolder(folderName: "MinimalApi") [6 ms]
  Passed Microsoft.DotNet.Tools.Scaffold.Tests.AspNet.Integration.API.ApiControllerNet9IntegrationTests.ValidateEfControllerStep_FailsWithNullControllerName [4 ms]
  Passed Microsoft.DotNet.Tools.Scaffold.Tests.AspNet.Integration.MVC.RazorViewsNet8IntegrationTests.ViewsTemplates_HasExpectedFile(subfolder: "Bootstrap5", fileName: "Create.cshtml") [3 ms]
  Passed Microsoft.DotNet.Tools.Scaffold.Tests.AspNet.Integration.MVC.CrudControllerNet11IntegrationTests.UseDatabaseMethods_HasAllFourProviders [2 ms]
  Passed Microsoft.DotNet.Tools.Scaffold.Tests.AspNet.Integration.MVC.CrudControllerNet9IntegrationTests.ValidateEfControllerStep_FailsWithInvalidControllerName(controllerName: "") [3 ms]
  Passed Microsoft.DotNet.Tools.Scaffold.Tests.AspNet.Integration.MVC.RazorViewsNet11IntegrationTests.ValidateViewsStep_TracksTelemetry_OnNullPageFailure [4 ms]
  Passed Microsoft.DotNet.Tools.Scaffold.Tests.AspNet.Integration.RazorPages.RazorPagesCrudNet9IntegrationTests.Templates_HasExpectedScaffolderFolder(folderName: "Identity") [3 ms]
  Passed Microsoft.DotNet.Tools.Scaffold.Tests.AspNet.Integration.MVC.AreaNet8IntegrationTests.AreaScaffolderStep_CreatesViewsFolder [12 ms]
  Passed Microsoft.DotNet.Tools.Scaffold.Tests.AspNet.Integration.MVC.CrudControllerNet11IntegrationTests.ViewsTemplates_FolderExists [2 ms]
  Passed Microsoft.DotNet.Tools.Scaffold.Tests.AspNet.Integration.MVC.RazorViewsNet8IntegrationTests.ViewsTemplates_HasExpectedFile(subfolder: "Bootstrap5", fileName: "Edit.cshtml") [3 ms]
  Passed Microsoft.DotNet.Tools.Scaffold.Tests.AspNet.Integration.MVC.CrudControllerNet9IntegrationTests.ValidateEfControllerStep_FailsWithInvalidControllerName(controllerName: null) [3 ms]
  Passed Microsoft.DotNet.Tools.Scaffold.Tests.AspNet.Integration.API.ApiControllerNet9IntegrationTests.ValidateEfControllerStep_FailsWithInvalidControllerName(controllerName: null) [4 ms]
  Passed Microsoft.DotNet.Tools.Scaffold.Tests.AspNet.Integration.MVC.RazorViewsNet11IntegrationTests.CRUDPages_Has7Entries [3 ms]
  Passed Microsoft.DotNet.Tools.Scaffold.Tests.AspNet.Integration.RazorPages.RazorPagesCrudNet9IntegrationTests.Templates_HasExpectedScaffolderFolder(folderName: "EfController") [3 ms]
  Passed Microsoft.DotNet.Tools.Scaffold.Tests.AspNet.Integration.MVC.RazorViewsNet8IntegrationTests.ViewsTemplates_HasExpectedFile(subfolder: "Bootstrap4", fileName: "Edit.cshtml") [3 ms]
  Passed Microsoft.DotNet.Tools.Scaffold.Tests.AspNet.Integration.MVC.CrudControllerNet11IntegrationTests.ValidateEfControllerStep_FailsWithEmptyProject [3 ms]
  Passed Microsoft.DotNet.Tools.Scaffold.Tests.AspNet.Integration.MVC.CrudControllerNet9IntegrationTests.ValidateEfControllerStep_FailsWithEmptyDataContext [3 ms]
  Passed Microsoft.DotNet.Tools.Scaffold.Tests.AspNet.Integration.MVC.RazorViewsNet11IntegrationTests.ViewsExample1_NotEmpty [3 ms]
  Passed Microsoft.DotNet.Tools.Scaffold.Tests.AspNet.Integration.API.ApiControllerNet9IntegrationTests.ValidateEfControllerStep_FailsWithInvalidControllerName(controllerName: "") [4 ms]
  Passed Microsoft.DotNet.Tools.Scaffold.Tests.AspNet.Integration.RazorPages.RazorPagesCrudNet9IntegrationTests.Templates_HasExpectedScaffolderFolder(folderName: "RazorPages") [3 ms]
  Passed Microsoft.DotNet.Tools.Scaffold.Tests.AspNet.Integration.MVC.RazorViewsNet8IntegrationTests.ViewsTemplates_HasExpectedFile(subfolder: "Bootstrap5", fileName: "List.cshtml") [3 ms]
  Passed Microsoft.DotNet.Tools.Scaffold.Tests.AspNet.Integration.MVC.CrudControllerNet11IntegrationTests.ValidateEfControllerStep_FailsWithEmptyDataContext [4 ms]
  Passed Microsoft.DotNet.Tools.Scaffold.Tests.AspNet.Integration.MVC.CrudControllerNet9IntegrationTests.ValidateEfControllerStep_FailsWithNullModel [4 ms]
  Passed Microsoft.DotNet.Tools.Scaffold.Tests.AspNet.Integration.MVC.AreaNet8IntegrationTests.AreaScaffolderStep_SupportsCustomAreaName [9 ms]
  Passed Microsoft.DotNet.Tools.Scaffold.Tests.AspNet.Integration.API.ApiControllerNet9IntegrationTests.ValidateEfControllerStep_FailsWithNullProject [4 ms]
  Passed Microsoft.DotNet.Tools.Scaffold.Tests.AspNet.Integration.RazorPages.RazorPagesCrudNet9IntegrationTests.Templates_HasExpectedScaffolderFolder(folderName: "BlazorIdentity") [3 ms]
  Passed Microsoft.DotNet.Tools.Scaffold.Tests.AspNet.Integration.MVC.RazorViewsNet8IntegrationTests.ViewsTemplates_HasExpectedFile(subfolder: "Bootstrap5", fileName: "_ValidationScriptsPartial.cshtml") [3 ms]
  Passed Microsoft.DotNet.Tools.Scaffold.Tests.AspNet.Integration.MVC.CrudControllerNet11IntegrationTests.ValidateEfControllerStep_FailsWithEmptyControllerName [6 ms]
  Passed Microsoft.DotNet.Tools.Scaffold.Tests.AspNet.Integration.MVC.CrudControllerNet9IntegrationTests.ValidateEfControllerStep_FailsWithNullProject [6 ms]
  Passed Microsoft.DotNet.Tools.Scaffold.Tests.AspNet.Integration.MVC.RazorViewsNet11IntegrationTests.ValidateViewsStep_FailsWithEmptyModel [11 ms]
[xUnit.net 00:00:02.17]     Microsoft.DotNet.Tools.Scaffold.Tests.AspNet.Integr
ation.MVC.CrudControllerNet11IntegrationTests.EfControllerTemplates_HasExactly2
Files [FAIL]
[xUnit.net 00:00:02.17]       Assert.Equal() Failure: Values differ
[xUnit.net 00:00:02.17]       Expected: 2
[xUnit.net 00:00:02.17]       Actual:   6
[xUnit.net 00:00:02.17]       Stack Trace:
[xUnit.net 00:00:02.17]         C:\Scaffolding\test\dotnet-scaffolding\dotnet-scaffold.Tests\AspNet\Integration\MVC\CrudControllerIntegrationTestsBase.cs(444,0): at Microsoft.DotNet.Tools.Scaffold.Tests.AspNet.Integration.CrudControllerIntegrationTestsBase.EfControllerTemplates_HasExactly2Files()
[xUnit.net 00:00:02.17]            at System.Reflection.MethodBaseInvoker.InterpretedInvoke_Method(Object obj, IntPtr* args)
[xUnit.net 00:00:02.17]            at System.Reflection.MethodBaseInvoker.InvokeWithNoArgs(Object obj, BindingFlags invokeAttr)
[xUnit.net 00:00:02.18]     Microsoft.DotNet.Tools.Scaffold.Tests.AspNet.Integr
ation.MVC.CrudControllerNet9IntegrationTests.EfControllerTemplates_UsesCshtmlFo
rmat [FAIL]
[xUnit.net 00:00:02.18]       Assert.All() Failure: 6 out of 6 items in the collection did not pass.
[xUnit.net 00:00:02.18]       [0]: Item:  "C:\\Scaffolding\\src\\dotnet-scaffolding\\dotnet-s"┬╖┬╖┬╖
[xUnit.net 00:00:02.18]            Error: Assert.EndsWith() Failure: String end does not match
[xUnit.net 00:00:02.18]                   String:       ┬╖┬╖┬╖"es\\net9.0\\EfController\\ApiEfController.cs"
[xUnit.net 00:00:02.18]                   Expected end: ".cshtml"
[xUnit.net 00:00:02.18]       [1]: Item:  "C:\\Scaffolding\\src\\dotnet-scaffolding\\dotnet-s"┬╖┬╖┬╖
[xUnit.net 00:00:02.18]            Error: Assert.EndsWith() Failure: String end does not match
[xUnit.net 00:00:02.18]                   String:       ┬╖┬╖┬╖"fController\\ApiEfController.Interfaces.cs"
[xUnit.net 00:00:02.18]                   Expected end: ".cshtml"
[xUnit.net 00:00:02.18]       [2]: Item:  "C:\\Scaffolding\\src\\dotnet-scaffolding\\dotnet-s"┬╖┬╖┬╖
[xUnit.net 00:00:02.18]            Error: Assert.EndsWith() Failure: String end does not match
[xUnit.net 00:00:02.18]                   String:       ┬╖┬╖┬╖"es\\net9.0\\EfController\\ApiEfController.tt"
[xUnit.net 00:00:02.18]                   Expected end: ".cshtml"
[xUnit.net 00:00:02.18]       [3]: Item:  "C:\\Scaffolding\\src\\dotnet-scaffolding\\dotnet-s"┬╖┬╖┬╖
[xUnit.net 00:00:02.18]            Error: Assert.EndsWith() Failure: String end does not match
[xUnit.net 00:00:02.18]                   String:       ┬╖┬╖┬╖"es\\net9.0\\EfController\\MvcEfController.cs"
[xUnit.net 00:00:02.18]                   Expected end: ".cshtml"
[xUnit.net 00:00:02.18]       [4]: Item:  "C:\\Scaffolding\\src\\dotnet-scaffolding\\dotnet-s"┬╖┬╖┬╖
[xUnit.net 00:00:02.18]            Error: Assert.EndsWith() Failure: String end does not match
[xUnit.net 00:00:02.18]                   String:       ┬╖┬╖┬╖"fController\\MvcEfController.Interfaces.cs"
[xUnit.net 00:00:02.18]                   Expected end: ".cshtml"
[xUnit.net 00:00:02.18]       [5]: Item:  "C:\\Scaffolding\\src\\dotnet-scaffolding\\dotnet-s"┬╖┬╖┬╖
[xUnit.net 00:00:02.18]            Error: Assert.EndsWith() Failure: String end does not match
[xUnit.net 00:00:02.18]                   String:       ┬╖┬╖┬╖"es\\net9.0\\EfController\\MvcEfController.tt"
[xUnit.net 00:00:02.18]                   Expected end: ".cshtml"
[xUnit.net 00:00:02.18]       Stack Trace:
[xUnit.net 00:00:02.18]         C:\Scaffolding\test\dotnet-scaffolding\dotnet-scaffold.Tests\AspNet\Integration\MVC\CrudControllerIntegrationTestsBase.cs(453,0): at Microsoft.DotNet.Tools.Scaffold.Tests.AspNet.Integration.CrudControllerIntegrationTestsBase.EfControllerTemplates_UsesCshtmlFormat()
[xUnit.net 00:00:02.18]            at System.Reflection.MethodBaseInvoker.InterpretedInvoke_Method(Object obj, IntPtr* args)
[xUnit.net 00:00:02.18]            at System.Reflection.MethodBaseInvoker.InvokeWithNoArgs(Object obj, BindingFlags invokeAttr)
  Passed Microsoft.DotNet.Tools.Scaffold.Tests.AspNet.Integration.RazorPages.RazorPagesCrudNet9IntegrationTests.Templates_HasExpectedScaffolderFolder(folderName: "Views") [7 ms]
  Passed Microsoft.DotNet.Tools.Scaffold.Tests.AspNet.Integration.MVC.RazorViewsNet8IntegrationTests.ValidateViewsStep_TracksTelemetry_OnNullModelFailure [26 ms]
  Failed Microsoft.DotNet.Tools.Scaffold.Tests.AspNet.Integration.MVC.CrudControllerNet11IntegrationTests.EfControllerTemplates_HasExactly2Files [22 ms]
  Error Message:
   Assert.Equal() Failure: Values differ
Expected: 2
Actual:   6
  Stack Trace:
     at Microsoft.DotNet.Tools.Scaffold.Tests.AspNet.Integration.CrudControllerIntegrationTestsBase.EfControllerTemplates_HasExactly2Files() in C:\Scaffolding\test\dotnet-scaffolding\dotnet-scaffold.Tests\AspNet\Integration\MVC\CrudControllerIntegrationTestsBase.cs:line 444
   at System.Reflection.MethodBaseInvoker.InterpretedInvoke_Method(Object obj, IntPtr* args)
   at System.Reflection.MethodBaseInvoker.InvokeWithNoArgs(Object obj, BindingFlags invokeAttr)
  Failed Microsoft.DotNet.Tools.Scaffold.Tests.AspNet.Integration.MVC.CrudControllerNet9IntegrationTests.EfControllerTemplates_UsesCshtmlFormat [23 ms]
  Error Message:
   Assert.All() Failure: 6 out of 6 items in the collection did not pass.
[0]: Item:  "C:\\Scaffolding\\src\\dotnet-scaffolding\\dotnet-s"┬╖┬╖┬╖
     Error: Assert.EndsWith() Failure: String end does not match
            String:       ┬╖┬╖┬╖"es\\net9.0\\EfController\\ApiEfController.cs"
            Expected end: ".cshtml"
[1]: Item:  "C:\\Scaffolding\\src\\dotnet-scaffolding\\dotnet-s"┬╖┬╖┬╖
     Error: Assert.EndsWith() Failure: String end does not match
            String:       ┬╖┬╖┬╖"fController\\ApiEfController.Interfaces.cs"
            Expected end: ".cshtml"
[2]: Item:  "C:\\Scaffolding\\src\\dotnet-scaffolding\\dotnet-s"┬╖┬╖┬╖
     Error: Assert.EndsWith() Failure: String end does not match
            String:       ┬╖┬╖┬╖"es\\net9.0\\EfController\\ApiEfController.tt"
            Expected end: ".cshtml"
[3]: Item:  "C:\\Scaffolding\\src\\dotnet-scaffolding\\dotnet-s"┬╖┬╖┬╖
     Error: Assert.EndsWith() Failure: String end does not match
            String:       ┬╖┬╖┬╖"es\\net9.0\\EfController\\MvcEfController.cs"
            Expected end: ".cshtml"
[4]: Item:  "C:\\Scaffolding\\src\\dotnet-scaffolding\\dotnet-s"┬╖┬╖┬╖
     Error: Assert.EndsWith() Failure: String end does not match
            String:       ┬╖┬╖┬╖"fController\\MvcEfController.Interfaces.cs"
            Expected end: ".cshtml"
[5]: Item:  "C:\\Scaffolding\\src\\dotnet-scaffolding\\dotnet-s"┬╖┬╖┬╖
     Error: Assert.EndsWith() Failure: String end does not match
            String:       ┬╖┬╖┬╖"es\\net9.0\\EfController\\MvcEfController.tt"
            Expected end: ".cshtml"
  Stack Trace:
     at Microsoft.DotNet.Tools.Scaffold.Tests.AspNet.Integration.CrudControllerIntegrationTestsBase.EfControllerTemplates_UsesCshtmlFormat() in C:\Scaffolding\test\dotnet-scaffolding\dotnet-scaffold.Tests\AspNet\Integration\MVC\CrudControllerIntegrationTestsBase.cs:line 453
   at System.Reflection.MethodBaseInvoker.InterpretedInvoke_Method(Object obj, IntPtr* args)
   at System.Reflection.MethodBaseInvoker.InvokeWithNoArgs(Object obj, BindingFlags invokeAttr)
  Passed Microsoft.DotNet.Tools.Scaffold.Tests.AspNet.Integration.RazorPages.RazorPagesCrudNet9IntegrationTests.RazorPagesCrud_IsDifferentFromMvcControllerCrud [22 ms]
  Passed Microsoft.DotNet.Tools.Scaffold.Tests.AspNet.Integration.MVC.RazorViewsNet11IntegrationTests.ViewExtension_IsNotEmpty [23 ms]
  Passed Microsoft.DotNet.Tools.Scaffold.Tests.AspNet.Integration.MVC.CrudControllerNet9IntegrationTests.ValidateEfControllerStep_FailsWithEmptyControllerType [4 ms]
  Passed Microsoft.DotNet.Tools.Scaffold.Tests.AspNet.Integration.MVC.CrudControllerNet11IntegrationTests.ValidateEfControllerStep_FailsWithInvalidModel(model: null) [5 ms]
  Passed Microsoft.DotNet.Tools.Scaffold.Tests.AspNet.Integration.MVC.RazorViewsNet8IntegrationTests.ViewHelper_DeleteTemplate_IsNotEmpty [7 ms]
  Passed Microsoft.DotNet.Tools.Scaffold.Tests.AspNet.Integration.MVC.RazorViewsNet11IntegrationTests.ValidateViewsStep_FailsWithNullModel [5 ms]
  Passed Microsoft.DotNet.Tools.Scaffold.Tests.AspNet.Integration.MVC.CrudControllerNet9IntegrationTests.ValidateEfControllerStep_TracksTelemetry_OnNullControllerTypeFailure [4 ms]
  Passed Microsoft.DotNet.Tools.Scaffold.Tests.AspNet.Integration.MVC.CrudControllerNet11IntegrationTests.ValidateEfControllerStep_FailsWithInvalidModel(model: "") [4 ms]
  Passed Microsoft.DotNet.Tools.Scaffold.Tests.AspNet.Integration.RazorPages.RazorPagesCrudNet9IntegrationTests.RazorPagesTemplates_HasBootstrap5Subfolder [9 ms]
  Passed Microsoft.DotNet.Tools.Scaffold.Tests.AspNet.Integration.MVC.RazorViewsNet11IntegrationTests.ValidateViewsStep_TracksTelemetry_OnNullProjectFailure [4 ms]
  Passed Microsoft.DotNet.Tools.Scaffold.Tests.AspNet.Integration.MVC.CrudControllerNet11IntegrationTests.ValidateEfControllerStep_TracksTelemetry_OnNullProjectFailure [6 ms]
  Passed Microsoft.DotNet.Tools.Scaffold.Tests.AspNet.Integration.MVC.CrudControllerNet9IntegrationTests.ValidateEfControllerStep_FailsWithEmptyProject [6 ms]
  Passed Microsoft.DotNet.Tools.Scaffold.Tests.AspNet.Integration.MVC.RazorViewsNet11IntegrationTests.PageTypeOption_IsNotEmpty [4 ms]
  Passed Microsoft.DotNet.Tools.Scaffold.Tests.AspNet.Integration.RazorPages.RazorPagesCrudNet9IntegrationTests.RazorPagesCrud_IsDifferentFromRazorPageEmpty [7 ms]
  Passed Microsoft.DotNet.Tools.Scaffold.Tests.AspNet.Integration.MVC.RazorViewsNet11IntegrationTests.ValidateViewsStep_FailsWithInvalidProject(project: null) [3 ms]
  Passed Microsoft.DotNet.Tools.Scaffold.Tests.AspNet.Integration.MVC.CrudControllerNet9IntegrationTests.EfControllerTemplates_FolderExists [4 ms]
  Passed Microsoft.DotNet.Tools.Scaffold.Tests.AspNet.Integration.MVC.CrudControllerNet11IntegrationTests.ValidateEfControllerStep_TracksTelemetry_OnNullControllerTypeFailure [4 ms]
  Passed Microsoft.DotNet.Tools.Scaffold.Tests.AspNet.Integration.MVC.RazorViewsNet8IntegrationTests.ValidateViewsStep_FailsWithNullPage [15 ms]
  Passed Microsoft.DotNet.Tools.Scaffold.Tests.AspNet.Integration.RazorPages.RazorPagesCrudNet9IntegrationTests.ValidateRazorPagesStep_FailsWithNonExistentProject [5 ms]
[xUnit.net 00:00:02.19]     Microsoft.DotNet.Tools.Scaffold.Tests.AspNet.Integr
ation.MVC.CrudControllerNet9IntegrationTests.ViewsTemplates_AllFilesAreCshtml 
[FAIL]
[xUnit.net 00:00:02.19]       Assert.All() Failure: 15 out of 15 items in the collection did not pass.
[xUnit.net 00:00:02.19]       [0]:  Item:  "C:\\Scaffolding\\src\\dotnet-scaffolding\\dotnet-s"┬╖┬╖┬╖
[xUnit.net 00:00:02.19]             Error: Assert.EndsWith() Failure: String end does not match
[xUnit.net 00:00:02.19]                    String:       ┬╖┬╖┬╖"d\\AspNet\\Templates\\net9.0\\Views\\Create.cs"
[xUnit.net 00:00:02.19]                    Expected end: ".cshtml"
[xUnit.net 00:00:02.19]       [1]:  Item:  "C:\\Scaffolding\\src\\dotnet-scaffolding\\dotnet-s"┬╖┬╖┬╖
[xUnit.net 00:00:02.19]             Error: Assert.EndsWith() Failure: String end does not match
[xUnit.net 00:00:02.19]                    String:       ┬╖┬╖┬╖"mplates\\net9.0\\Views\\Create.Interfaces.cs"
[xUnit.net 00:00:02.19]                    Expected end: ".cshtml"
[xUnit.net 00:00:02.19]       [2]:  Item:  "C:\\Scaffolding\\src\\dotnet-scaffolding\\dotnet-s"┬╖┬╖┬╖
[xUnit.net 00:00:02.20]             Error: Assert.EndsWith() Failure: String end does not match
[xUnit.net 00:00:02.20]                    String:       ┬╖┬╖┬╖"d\\AspNet\\Templates\\net9.0\\Views\\Create.tt"
[xUnit.net 00:00:02.20]                    Expected end: ".cshtml"
[xUnit.net 00:00:02.20]       [3]:  Item:  "C:\\Scaffolding\\src\\dotnet-scaffolding\\dotnet-s"┬╖┬╖┬╖
[xUnit.net 00:00:02.20]             Error: Assert.EndsWith() Failure: String end does not match
[xUnit.net 00:00:02.20]                    String:       ┬╖┬╖┬╖"d\\AspNet\\Templates\\net9.0\\Views\\Delete.cs"
[xUnit.net 00:00:02.20]                    Expected end: ".cshtml"
[xUnit.net 00:00:02.20]       [4]:  Item:  "C:\\Scaffolding\\src\\dotnet-scaffolding\\dotnet-s"┬╖┬╖┬╖
[xUnit.net 00:00:02.20]             Error: Assert.EndsWith() Failure: String end does not match
[xUnit.net 00:00:02.20]                    String:       ┬╖┬╖┬╖"mplates\\net9.0\\Views\\Delete.Interfaces.cs"
[xUnit.net 00:00:02.20]                    Expected end: ".cshtml"
[xUnit.net 00:00:02.20]       [5]:  Item:  "C:\\Scaffolding\\src\\dotnet-scaffolding\\dotnet-s"┬╖┬╖┬╖
[xUnit.net 00:00:02.20]             Error: Assert.EndsWith() Failure: String end does not match
[xUnit.net 00:00:02.20]                    String:       ┬╖┬╖┬╖"d\\AspNet\\Templates\\net9.0\\Views\\Delete.tt"
[xUnit.net 00:00:02.20]                    Expected end: ".cshtml"
[xUnit.net 00:00:02.20]       [6]:  Item:  "C:\\Scaffolding\\src\\dotnet-scaffolding\\dotnet-s"┬╖┬╖┬╖
[xUnit.net 00:00:02.20]             Error: Assert.EndsWith() Failure: String end does not match
[xUnit.net 00:00:02.20]                    String:       ┬╖┬╖┬╖"\\AspNet\\Templates\\net9.0\\Views\\Details.cs"
[xUnit.net 00:00:02.20]                    Expected end: ".cshtml"
[xUnit.net 00:00:02.20]       [7]:  Item:  "C:\\Scaffolding\\src\\dotnet-scaffolding\\dotnet-s"┬╖┬╖┬╖
[xUnit.net 00:00:02.20]             Error: Assert.EndsWith() Failure: String end does not match
[xUnit.net 00:00:02.20]                    String:       ┬╖┬╖┬╖"plates\\net9.0\\Views\\Details.Interfaces.cs"
[xUnit.net 00:00:02.20]                    Expected end: ".cshtml"
[xUnit.net 00:00:02.20]       [8]:  Item:  "C:\\Scaffolding\\src\\dotnet-scaffolding\\dotnet-s"┬╖┬╖┬╖
[xUnit.net 00:00:02.20]             Error: Assert.EndsWith() Failure: String end does not match
[xUnit.net 00:00:02.20]                    String:       ┬╖┬╖┬╖"\\AspNet\\Templates\\net9.0\\Views\\Details.tt"
[xUnit.net 00:00:02.20]                    Expected end: ".cshtml"
[xUnit.net 00:00:02.20]       [9]:  Item:  "C:\\Scaffolding\\src\\dotnet-scaffolding\\dotnet-s"┬╖┬╖┬╖
[xUnit.net 00:00:02.20]             Error: Assert.EndsWith() Failure: String end does not match
[xUnit.net 00:00:02.20]                    String:       ┬╖┬╖┬╖"old\\AspNet\\Templates\\net9.0\\Views\\Edit.cs"
[xUnit.net 00:00:02.20]                    Expected end: ".cshtml"
[xUnit.net 00:00:02.20]       [10]: Item:  "C:\\Scaffolding\\src\\dotnet-scaffolding\\dotnet-s"┬╖┬╖┬╖
[xUnit.net 00:00:02.20]             Error: Assert.EndsWith() Failure: String end does not match
[xUnit.net 00:00:02.20]                    String:       ┬╖┬╖┬╖"Templates\\net9.0\\Views\\Edit.Interfaces.cs"
[xUnit.net 00:00:02.20]                    Expected end: ".cshtml"
[xUnit.net 00:00:02.20]       [11]: Item:  "C:\\Scaffolding\\src\\dotnet-scaffolding\\dotnet-s"┬╖┬╖┬╖
[xUnit.net 00:00:02.20]             Error: Assert.EndsWith() Failure: String end does not match
[xUnit.net 00:00:02.20]                    String:       ┬╖┬╖┬╖"old\\AspNet\\Templates\\net9.0\\Views\\Edit.tt"
[xUnit.net 00:00:02.20]                    Expected end: ".cshtml"
[xUnit.net 00:00:02.20]       [12]: Item:  "C:\\Scaffolding\\src\\dotnet-scaffolding\\dotnet-s"┬╖┬╖┬╖
[xUnit.net 00:00:02.20]             Error: Assert.EndsWith() Failure: String end does not match
[xUnit.net 00:00:02.20]                    String:       ┬╖┬╖┬╖"ld\\AspNet\\Templates\\net9.0\\Views\\Index.cs"
[xUnit.net 00:00:02.20]                    Expected end: ".cshtml"
[xUnit.net 00:00:02.20]       [13]: Item:  "C:\\Scaffolding\\src\\dotnet-scaffolding\\dotnet-s"┬╖┬╖┬╖
[xUnit.net 00:00:02.20]             Error: Assert.EndsWith() Failure: String end does not match
[xUnit.net 00:00:02.20]                    String:       ┬╖┬╖┬╖"emplates\\net9.0\\Views\\Index.Interfaces.cs"
[xUnit.net 00:00:02.20]                    Expected end: ".cshtml"
[xUnit.net 00:00:02.20]       [14]: Item:  "C:\\Scaffolding\\src\\dotnet-scaffolding\\dotnet-s"┬╖┬╖┬╖
[xUnit.net 00:00:02.20]             Error: Assert.EndsWith() Failure: String end does not match
[xUnit.net 00:00:02.20]                    String:       ┬╖┬╖┬╖"ld\\AspNet\\Templates\\net9.0\\Views\\Index.tt"
[xUnit.net 00:00:02.20]                    Expected end: ".cshtml"
[xUnit.net 00:00:02.20]       Stack Trace:
[xUnit.net 00:00:02.20]         C:\Scaffolding\test\dotnet-scaffolding\dotnet-scaffold.Tests\AspNet\Integration\MVC\CrudControllerIntegrationTestsBase.cs(493,0): at Microsoft.DotNet.Tools.Scaffold.Tests.AspNet.Integration.CrudControllerIntegrationTestsBase.ViewsTemplates_AllFilesAreCshtml()
[xUnit.net 00:00:02.20]            at System.Reflection.MethodBaseInvoker.InterpretedInvoke_Method(Object obj, IntPtr* args)
[xUnit.net 00:00:02.20]            at System.Reflection.MethodBaseInvoker.InvokeWithNoArgs(Object obj, BindingFlags invokeAttr)
  Passed Microsoft.DotNet.Tools.Scaffold.Tests.AspNet.Integration.MVC.RazorViewsNet11IntegrationTests.ValidateViewsStep_FailsWithInvalidProject(project: "") [3 ms]
  Passed Microsoft.DotNet.Tools.Scaffold.Tests.AspNet.Integration.MVC.CrudControllerNet11IntegrationTests.ValidateEfControllerStep_FailsWithNullProject [3 ms]
  Passed Microsoft.DotNet.Tools.Scaffold.Tests.AspNet.Integration.MVC.CrudControllerNet9IntegrationTests.ValidateEfControllerStep_FailsWithEmptyModel [3 ms]
  Passed Microsoft.DotNet.Tools.Scaffold.Tests.AspNet.Integration.MVC.RazorViewsNet11IntegrationTests.ViewsExample2_NotEmpty [3 ms]
  Passed Microsoft.DotNet.Tools.Scaffold.Tests.AspNet.Integration.MVC.RazorViewsNet8IntegrationTests.ValidateViewsStep_TracksTelemetry_OnNullPageFailure [5 ms]
  Failed Microsoft.DotNet.Tools.Scaffold.Tests.AspNet.Integration.MVC.CrudControllerNet9IntegrationTests.ViewsTemplates_AllFilesAreCshtml [3 ms]
  Error Message:
   Assert.All() Failure: 15 out of 15 items in the collection did not pass.
[0]:  Item:  "C:\\Scaffolding\\src\\dotnet-scaffolding\\dotnet-s"┬╖┬╖┬╖
      Error: Assert.EndsWith() Failure: String end does not match
             String:       ┬╖┬╖┬╖"d\\AspNet\\Templates\\net9.0\\Views\\Create.cs"
             Expected end: ".cshtml"
[1]:  Item:  "C:\\Scaffolding\\src\\dotnet-scaffolding\\dotnet-s"┬╖┬╖┬╖
      Error: Assert.EndsWith() Failure: String end does not match
             String:       ┬╖┬╖┬╖"mplates\\net9.0\\Views\\Create.Interfaces.cs"
             Expected end: ".cshtml"
[2]:  Item:  "C:\\Scaffolding\\src\\dotnet-scaffolding\\dotnet-s"┬╖┬╖┬╖
      Error: Assert.EndsWith() Failure: String end does not match
             String:       ┬╖┬╖┬╖"d\\AspNet\\Templates\\net9.0\\Views\\Create.tt"
             Expected end: ".cshtml"
[3]:  Item:  "C:\\Scaffolding\\src\\dotnet-scaffolding\\dotnet-s"┬╖┬╖┬╖
      Error: Assert.EndsWith() Failure: String end does not match
             String:       ┬╖┬╖┬╖"d\\AspNet\\Templates\\net9.0\\Views\\Delete.cs"
             Expected end: ".cshtml"
[4]:  Item:  "C:\\Scaffolding\\src\\dotnet-scaffolding\\dotnet-s"┬╖┬╖┬╖
      Error: Assert.EndsWith() Failure: String end does not match
             String:       ┬╖┬╖┬╖"mplates\\net9.0\\Views\\Delete.Interfaces.cs"
             Expected end: ".cshtml"
[5]:  Item:  "C:\\Scaffolding\\src\\dotnet-scaffolding\\dotnet-s"┬╖┬╖┬╖
      Error: Assert.EndsWith() Failure: String end does not match
             String:       ┬╖┬╖┬╖"d\\AspNet\\Templates\\net9.0\\Views\\Delete.tt"
             Expected end: ".cshtml"
[6]:  Item:  "C:\\Scaffolding\\src\\dotnet-scaffolding\\dotnet-s"┬╖┬╖┬╖
      Error: Assert.EndsWith() Failure: String end does not match
             String:       ┬╖┬╖┬╖"\\AspNet\\Templates\\net9.0\\Views\\Details.cs"
             Expected end: ".cshtml"
[7]:  Item:  "C:\\Scaffolding\\src\\dotnet-scaffolding\\dotnet-s"┬╖┬╖┬╖
      Error: Assert.EndsWith() Failure: String end does not match
             String:       ┬╖┬╖┬╖"plates\\net9.0\\Views\\Details.Interfaces.cs"
             Expected end: ".cshtml"
[8]:  Item:  "C:\\Scaffolding\\src\\dotnet-scaffolding\\dotnet-s"┬╖┬╖┬╖
      Error: Assert.EndsWith() Failure: String end does not match
             String:       ┬╖┬╖┬╖"\\AspNet\\Templates\\net9.0\\Views\\Details.tt"
             Expected end: ".cshtml"
[9]:  Item:  "C:\\Scaffolding\\src\\dotnet-scaffolding\\dotnet-s"┬╖┬╖┬╖
      Error: Assert.EndsWith() Failure: String end does not match
             String:       ┬╖┬╖┬╖"old\\AspNet\\Templates\\net9.0\\Views\\Edit.cs"
             Expected end: ".cshtml"
[10]: Item:  "C:\\Scaffolding\\src\\dotnet-scaffolding\\dotnet-s"┬╖┬╖┬╖
      Error: Assert.EndsWith() Failure: String end does not match
             String:       ┬╖┬╖┬╖"Templates\\net9.0\\Views\\Edit.Interfaces.cs"
             Expected end: ".cshtml"
[11]: Item:  "C:\\Scaffolding\\src\\dotnet-scaffolding\\dotnet-s"┬╖┬╖┬╖
      Error: Assert.EndsWith() Failure: String end does not match
             String:       ┬╖┬╖┬╖"old\\AspNet\\Templates\\net9.0\\Views\\Edit.tt"
             Expected end: ".cshtml"
[12]: Item:  "C:\\Scaffolding\\src\\dotnet-scaffolding\\dotnet-s"┬╖┬╖┬╖
      Error: Assert.EndsWith() Failure: String end does not match
             String:       ┬╖┬╖┬╖"ld\\AspNet\\Templates\\net9.0\\Views\\Index.cs"
             Expected end: ".cshtml"
[13]: Item:  "C:\\Scaffolding\\src\\dotnet-scaffolding\\dotnet-s"┬╖┬╖┬╖
      Error: Assert.EndsWith() Failure: String end does not match
             String:       ┬╖┬╖┬╖"emplates\\net9.0\\Views\\Index.Interfaces.cs"
             Expected end: ".cshtml"
[14]: Item:  "C:\\Scaffolding\\src\\dotnet-scaffolding\\dotnet-s"┬╖┬╖┬╖
      Error: Assert.EndsWith() Failure: String end does not match
             String:       ┬╖┬╖┬╖"ld\\AspNet\\Templates\\net9.0\\Views\\Index.tt"
             Expected end: ".cshtml"
  Stack Trace:
     at Microsoft.DotNet.Tools.Scaffold.Tests.AspNet.Integration.CrudControllerIntegrationTestsBase.ViewsTemplates_AllFilesAreCshtml() in C:\Scaffolding\test\dotnet-scaffolding\dotnet-scaffold.Tests\AspNet\Integration\MVC\CrudControllerIntegrationTestsBase.cs:line 493
   at System.Reflection.MethodBaseInvoker.InterpretedInvoke_Method(Object obj, IntPtr* args)
   at System.Reflection.MethodBaseInvoker.InvokeWithNoArgs(Object obj, BindingFlags invokeAttr)
[xUnit.net 00:00:02.21]     Microsoft.DotNet.Tools.Scaffold.Tests.AspNet.Integr
ation.MVC.RazorViewsNet11IntegrationTests.ViewsTemplates_DoesNotHaveFlatT4Templ
ates [FAIL]
[xUnit.net 00:00:02.21]       Assert.Empty() Failure: Collection was not empty
[xUnit.net 00:00:02.21]       Collection: ["C:\\Scaffolding\\src\\dotnet-scaffolding\\dotnet-s"┬╖┬╖┬╖, "C:\\Scaffolding\\src\\dotnet-scaffolding\\dotnet-s"┬╖┬╖┬╖, "C:\\Scaffolding\\src\\dotnet-scaffolding\\dotnet-s"┬╖┬╖┬╖, "C:\\Scaffolding\\src\\dotnet-scaffolding\\dotnet-s"┬╖┬╖┬╖, "C:\\Scaffolding\\src\\dotnet-scaffolding\\dotnet-s"┬╖┬╖┬╖]
[xUnit.net 00:00:02.21]       Stack Trace:
[xUnit.net 00:00:02.21]         C:\Scaffolding\test\dotnet-scaffolding\dotnet-scaffold.Tests\AspNet\Integration\MVC\RazorViewsIntegrationTestsBase.cs(370,0): at Microsoft.DotNet.Tools.Scaffold.Tests.AspNet.Integration.RazorViewsIntegrationTestsBase.ViewsTemplates_DoesNotHaveFlatT4Templates()
[xUnit.net 00:00:02.21]            at System.Reflection.MethodBaseInvoker.InterpretedInvoke_Method(Object obj, IntPtr* args)
[xUnit.net 00:00:02.21]            at System.Reflection.MethodBaseInvoker.InvokeWithNoArgs(Object obj, BindingFlags invokeAttr)
  Passed Microsoft.DotNet.Tools.Scaffold.Tests.AspNet.Integration.RazorPages.RazorPagesCrudNet9IntegrationTests.ValidateRazorPagesStep_TracksTelemetry_OnNullDataContextFailure [7 ms]
  Passed Microsoft.DotNet.Tools.Scaffold.Tests.AspNet.Integration.MVC.RazorViewsNet8IntegrationTests.CRUDPages_Has7Entries [2 ms]
  Failed Microsoft.DotNet.Tools.Scaffold.Tests.AspNet.Integration.MVC.RazorViewsNet11IntegrationTests.ViewsTemplates_DoesNotHaveFlatT4Templates [6 ms]
  Error Message:
   Assert.Empty() Failure: Collection was not empty
Collection: ["C:\\Scaffolding\\src\\dotnet-scaffolding\\dotnet-s"┬╖┬╖┬╖, "C:\\Scaffolding\\src\\dotnet-scaffolding\\dotnet-s"┬╖┬╖┬╖, "C:\\Scaffolding\\src\\dotnet-scaffolding\\dotnet-s"┬╖┬╖┬╖, "C:\\Scaffolding\\src\\dotnet-scaffolding\\dotnet-s"┬╖┬╖┬╖, "C:\\Scaffolding\\src\\dotnet-scaffolding\\dotnet-s"┬╖┬╖┬╖]
  Stack Trace:
     at Microsoft.DotNet.Tools.Scaffold.Tests.AspNet.Integration.RazorViewsIntegrationTestsBase.ViewsTemplates_DoesNotHaveFlatT4Templates() in C:\Scaffolding\test\dotnet-scaffolding\dotnet-scaffold.Tests\AspNet\Integration\MVC\RazorViewsIntegrationTestsBase.cs:line 370
   at System.Reflection.MethodBaseInvoker.InterpretedInvoke_Method(Object obj, IntPtr* args)
   at System.Reflection.MethodBaseInvoker.InvokeWithNoArgs(Object obj, BindingFlags invokeAttr)
  Passed Microsoft.DotNet.Tools.Scaffold.Tests.AspNet.Integration.MVC.RazorViewsNet8IntegrationTests.ValidateViewsStep_FailsWithEmptyProject [5 ms]
  Passed Microsoft.DotNet.Tools.Scaffold.Tests.AspNet.Integration.RazorPages.RazorPagesCrudNet9IntegrationTests.ValidateRazorPagesStep_FailsWithNullDataContext [5 ms]
  Passed Microsoft.DotNet.Tools.Scaffold.Tests.AspNet.Integration.MVC.RazorViewsNet8IntegrationTests.ViewsScaffolderDisplayName_NotEmpty [2 ms]
  Passed Microsoft.DotNet.Tools.Scaffold.Tests.AspNet.Integration.RazorPages.RazorPagesCrudNet9IntegrationTests.ValidateRazorPagesStep_FailsWithInvalidPage(page: null) [4 ms]
  Passed Microsoft.DotNet.Tools.Scaffold.Tests.AspNet.Integration.MVC.RazorViewsNet8IntegrationTests.ValidateViewsStep_FailsWithNonExistentProject [3 ms]
  Passed Microsoft.DotNet.Tools.Scaffold.Tests.AspNet.Integration.MVC.RazorViewsNet8IntegrationTests.ViewsTemplates_FolderExists [2 ms]
  Passed Microsoft.DotNet.Tools.Scaffold.Tests.AspNet.Integration.MVC.RazorViewsNet8IntegrationTests.ViewsScaffolderDescription_NotEmpty [2 ms]
  Passed Microsoft.DotNet.Tools.Scaffold.Tests.AspNet.Integration.RazorViewEmptyNet10IntegrationTests.GetScaffoldSteps_ContainsDotnetNewScaffolderStep [292 ms]
  Passed Microsoft.DotNet.Tools.Scaffold.Tests.AspNet.Integration.MVC.RazorViewsNet8IntegrationTests.ViewsExample1_NotEmpty [4 ms]
  Passed Microsoft.DotNet.Tools.Scaffold.Tests.AspNet.Integration.RazorViewEmptyNet10IntegrationTests.Constructor_InitializesCorrectly [2 ms]
  Passed Microsoft.DotNet.Tools.Scaffold.Tests.AspNet.Integration.Blazor.BlazorCrudNet8IntegrationTests.GetTemplateType_WithUnknownTemplate_ReturnsNull [249 ms]
  Passed Microsoft.DotNet.Tools.Scaffold.Tests.AspNet.Integration.MVC.RazorViewsNet8IntegrationTests.ValidateViewsStep_FailsWithNullProject [3 ms]
  Passed Microsoft.DotNet.Tools.Scaffold.Tests.AspNet.Integration.MVC.RazorViewsNet8IntegrationTests.PageTypeOption_IsNotEmpty [2 ms]
  Passed Microsoft.DotNet.Tools.Scaffold.Tests.AspNet.Integration.Blazor.BlazorCrudNet8IntegrationTests.IsValidTemplate_ReturnsExpectedResult(template: "CRUD", expected: True) [5 ms]
  Passed Microsoft.DotNet.Tools.Scaffold.Tests.AspNet.Integration.MVC.RazorViewsNet8IntegrationTests.ViewHelper_DetailsTemplate_IsNotEmpty [2 ms]
  Passed Microsoft.DotNet.Tools.Scaffold.Tests.AspNet.Integration.MVC.RazorViewsNet8IntegrationTests.ValidateViewsStep_TracksTelemetry_OnNullProjectFailure [2 ms]
  Passed Microsoft.DotNet.Tools.Scaffold.Tests.AspNet.Integration.Blazor.BlazorCrudNet8IntegrationTests.IsValidTemplate_ReturnsExpectedResult(template: "NotFound", expected: True) [3 ms]
  Passed Microsoft.DotNet.Tools.Scaffold.Tests.AspNet.Integration.RazorPages.RazorPagesCrudNet9IntegrationTests.ValidateRazorPagesStep_FailsWithInvalidPage(page: "") [23 ms]
  Passed Microsoft.DotNet.Tools.Scaffold.Tests.AspNet.Integration.Blazor.BlazorCrudNet8IntegrationTests.IsValidTemplate_ReturnsExpectedResult(template: "Details", expected: True) [2 ms]
  Passed Microsoft.DotNet.Tools.Scaffold.Tests.AspNet.Integration.MVC.RazorViewsNet8IntegrationTests.ViewsTemplates_AllFilesAreCshtml [3 ms]
  Passed Microsoft.DotNet.Tools.Scaffold.Tests.AspNet.Integration.Blazor.BlazorCrudNet8IntegrationTests.IsValidTemplate_ReturnsExpectedResult(template: "Create", expected: True) [1 ms]
  Passed Microsoft.DotNet.Tools.Scaffold.Tests.AspNet.Integration.RazorPages.RazorPagesCrudNet9IntegrationTests.ValidateRazorPagesStep_FailsWithEmptyModel [3 ms]
  Passed Microsoft.DotNet.Tools.Scaffold.Tests.AspNet.Integration.Blazor.BlazorCrudNet8IntegrationTests.IsValidTemplate_ReturnsExpectedResult(template: "Delete", expected: True) [2 ms]
  Passed Microsoft.DotNet.Tools.Scaffold.Tests.AspNet.Integration.MVC.RazorViewsNet8IntegrationTests.ViewsTemplates_HasBootstrap4Subfolder [4 ms]
  Passed Microsoft.DotNet.Tools.Scaffold.Tests.AspNet.Integration.Blazor.BlazorCrudNet8IntegrationTests.IsValidTemplate_ReturnsExpectedResult(template: null, expected: False) [2 ms]
  Passed Microsoft.DotNet.Tools.Scaffold.Tests.AspNet.Integration.MVC.RazorViewsNet8IntegrationTests.ViewHelper_EditTemplate_IsNotEmpty [2 ms]
  Passed Microsoft.DotNet.Tools.Scaffold.Tests.AspNet.Integration.RazorPages.RazorPagesCrudNet9IntegrationTests.ValidateRazorPagesStep_FailsWithInvalidModel(model: "") [4 ms]
  Passed Microsoft.DotNet.Tools.Scaffold.Tests.AspNet.Integration.Blazor.BlazorCrudNet8IntegrationTests.IsValidTemplate_ReturnsExpectedResult(template: "", expected: False) [2 ms]
  Passed Microsoft.DotNet.Tools.Scaffold.Tests.AspNet.Integration.MVC.RazorViewsNet8IntegrationTests.ViewsTemplates_HasBootstrap5Subfolder [2 ms]
  Passed Microsoft.DotNet.Tools.Scaffold.Tests.AspNet.Integration.Blazor.BlazorCrudNet8IntegrationTests.IsValidTemplate_ReturnsExpectedResult(template: "Unknown", expected: False) [2 ms]
  Passed Microsoft.DotNet.Tools.Scaffold.Tests.AspNet.Integration.RazorPages.RazorPagesCrudNet9IntegrationTests.ValidateRazorPagesStep_FailsWithInvalidModel(model: null) [5 ms]
  Passed Microsoft.DotNet.Tools.Scaffold.Tests.AspNet.Integration.Blazor.BlazorCrudNet8IntegrationTests.IsValidTemplate_ReturnsExpectedResult(template: "Index", expected: True) [2 ms]
  Passed Microsoft.DotNet.Tools.Scaffold.Tests.AspNet.Integration.MVC.RazorViewsNet8IntegrationTests.ViewsExample2Description_NotEmpty [4 ms]
  Passed Microsoft.DotNet.Tools.Scaffold.Tests.AspNet.Integration.Blazor.BlazorCrudNet8IntegrationTests.IsValidTemplate_ReturnsExpectedResult(template: "Edit", expected: True) [2 ms]
  Passed Microsoft.DotNet.Tools.Scaffold.Tests.AspNet.Integration.RazorPages.RazorPagesCrudNet9IntegrationTests.RazorPagesTemplates_HasBootstrap4Subfolder [2 ms]
  Passed Microsoft.DotNet.Tools.Scaffold.Tests.AspNet.Integration.Blazor.BlazorCrudNet8IntegrationTests.BlazorCrudTemplates_FolderExists [7 ms]
  Passed Microsoft.DotNet.Tools.Scaffold.Tests.AspNet.Integration.MVC.RazorViewsNet8IntegrationTests.ValidateViewsStep_FailsWithNullModel [9 ms]
  Passed Microsoft.DotNet.Tools.Scaffold.Tests.AspNet.Integration.Blazor.BlazorCrudNet8IntegrationTests.Templates_HasExpectedScaffolderFolder(folderName: "RazorPages") [2 ms]
  Passed Microsoft.DotNet.Tools.Scaffold.Tests.AspNet.Integration.MVC.RazorViewsNet8IntegrationTests.ViewHelper_CreateTemplate_IsNotEmpty [2 ms]
  Passed Microsoft.DotNet.Tools.Scaffold.Tests.AspNet.Integration.Blazor.BlazorCrudNet8IntegrationTests.Templates_HasExpectedScaffolderFolder(folderName: "Files") [2 ms]
  Passed Microsoft.DotNet.Tools.Scaffold.Tests.AspNet.Integration.RazorPages.RazorPagesCrudNet9IntegrationTests.ValidateRazorPagesStep_FailsWithNullPage [14 ms]
  Passed Microsoft.DotNet.Tools.Scaffold.Tests.AspNet.Integration.MVC.RazorViewsNet8IntegrationTests.ViewsScaffolderName_NotEmpty [3 ms]
  Passed Microsoft.DotNet.Tools.Scaffold.Tests.AspNet.Integration.Blazor.BlazorCrudNet8IntegrationTests.Templates_HasExpectedScaffolderFolder(folderName: "CodeModificationConfigs") [2 ms]
  Passed Microsoft.DotNet.Tools.Scaffold.Tests.AspNet.Integration.Blazor.BlazorCrudNet8IntegrationTests.Templates_HasExpectedScaffolderFolder(folderName: "BlazorCrud") [2 ms]
  Passed Microsoft.DotNet.Tools.Scaffold.Tests.AspNet.Integration.Blazor.BlazorCrudNet8IntegrationTests.Templates_HasExpectedScaffolderFolder(folderName: "Identity") [2 ms]
  Passed Microsoft.DotNet.Tools.Scaffold.Tests.AspNet.Integration.Blazor.BlazorCrudNet8IntegrationTests.Templates_HasExpectedScaffolderFolder(folderName: "MinimalApi") [2 ms]
  Passed Microsoft.DotNet.Tools.Scaffold.Tests.AspNet.Integration.Blazor.BlazorCrudNet8IntegrationTests.Templates_HasExpectedScaffolderFolder(folderName: "EfController") [2 ms]
  Passed Microsoft.DotNet.Tools.Scaffold.Tests.AspNet.Integration.Blazor.BlazorCrudNet8IntegrationTests.Templates_HasExpectedScaffolderFolder(folderName: "Views") [2 ms]
  Passed Microsoft.DotNet.Tools.Scaffold.Tests.AspNet.Integration.Blazor.BlazorCrudNet8IntegrationTests.Templates_HasExpectedScaffolderFolder(folderName: "BlazorIdentity") [2 ms]
  Passed Microsoft.DotNet.Tools.Scaffold.Tests.AspNet.Integration.Blazor.BlazorCrudNet8IntegrationTests.ExecuteAsync_ReturnsFalse_WhenProjectIsEmpty [2 ms]
  Passed Microsoft.DotNet.Tools.Scaffold.Tests.AspNet.Integration.Blazor.BlazorCrudNet8IntegrationTests.GetTemplateType_WithIndexTemplate_ReturnsNonNull [2 ms]
  Passed Microsoft.DotNet.Tools.Scaffold.Tests.AspNet.Integration.Blazor.BlazorCrudNet8IntegrationTests.EfPackagesDict_ContainsAllFourProviders [2 ms]
  Passed Microsoft.DotNet.Tools.Scaffold.Tests.AspNet.Integration.Blazor.BlazorCrudNet8IntegrationTests.ExecuteAsync_ReturnsFalse_WhenProjectDoesNotExist [3 ms]
  Passed Microsoft.DotNet.Tools.Scaffold.Tests.AspNet.Integration.Blazor.BlazorCrudNet8IntegrationTests.ExecuteAsync_ReturnsFalse_WhenPageIsEmpty [5 ms]
  Passed Microsoft.DotNet.Tools.Scaffold.Tests.AspNet.Integration.Blazor.BlazorCrudNet8IntegrationTests.ExecuteAsync_TracksTelemetryEvent_WithScaffolderDisplayName [3 ms]
  Passed Microsoft.DotNet.Tools.Scaffold.Tests.AspNet.Integration.Blazor.BlazorCrudNet8IntegrationTests.GetTemplateType_WithEmpty_ReturnsNull [2 ms]
  Passed Microsoft.DotNet.Tools.Scaffold.Tests.AspNet.Integration.Blazor.BlazorCrudNet8IntegrationTests.RegressionGuard_CRUDPages_ListHasNoDuplicates [2 ms]
  Passed Microsoft.DotNet.Tools.Scaffold.Tests.AspNet.Integration.Blazor.BlazorCrudNet8IntegrationTests.GetTemplateType_WithNotFoundTemplate_ReturnsNonNull [2 ms]
  Passed Microsoft.DotNet.Tools.Scaffold.Tests.AspNet.Integration.Blazor.BlazorCrudNet8IntegrationTests.GetTemplateType_WithDetailsTemplate_ReturnsNonNull [2 ms]
  Passed Microsoft.DotNet.Tools.Scaffold.Tests.AspNet.Integration.Blazor.BlazorCrudNet8IntegrationTests.GetTemplateType_WithCreateTemplate_ReturnsNonNull [2 ms]
  Passed Microsoft.DotNet.Tools.Scaffold.Tests.AspNet.Integration.Blazor.BlazorCrudNet8IntegrationTests.ExecuteAsync_TracksTelemetryEvent_OnValidationFailure_NullProject [3 ms]
  Passed Microsoft.DotNet.Tools.Scaffold.Tests.AspNet.Integration.Blazor.BlazorCrudNet8IntegrationTests.GetTemplateType_WithNull_ReturnsNull [2 ms]
  Passed Microsoft.DotNet.Tools.Scaffold.Tests.AspNet.Integration.Blazor.BlazorCrudNet8IntegrationTests.ExecuteAsync_ReturnsFalse_WhenDataContextIsNull [4 ms]
  Passed Microsoft.DotNet.Tools.Scaffold.Tests.AspNet.Integration.Blazor.BlazorCrudNet8IntegrationTests.ExecuteAsync_ReturnsFalse_WhenDataContextIsEmpty [4 ms]
  Passed Microsoft.DotNet.Tools.Scaffold.Tests.AspNet.Integration.RazorViewEmptyNet10IntegrationTests.ExecuteAsync_DoesNotCreatePagesDirectory [1 s]
  Passed Microsoft.DotNet.Tools.Scaffold.Tests.AspNet.Integration.RazorViewEmptyNet10IntegrationTests.NamespaceName_DefaultsToNull [2 ms]
  Passed Microsoft.DotNet.Tools.Scaffold.Tests.AspNet.Integration.EntraId.EntraIdScaffolderE2ETests.EntraIdScaffolder_ValidatesInputs_BeforeProceeding [1 s]
  Passed Microsoft.DotNet.Tools.Scaffold.Tests.AspNet.Integration.RazorViewEmptyNet10IntegrationTests.FileName_DefaultsToNull [2 ms]
  Passed Microsoft.DotNet.Tools.Scaffold.Tests.AspNet.Integration.RazorViewEmptyNet10IntegrationTests.ExecuteAsync_ReturnsFalse_WhenProjectPathDoesNotExist [3 ms]
  Passed Microsoft.DotNet.Tools.Scaffold.Tests.AspNet.Integration.RazorViewEmptyNet9IntegrationTests.ExecuteAsync_OnlyGeneratesSingleViewFile [2 s]
  Passed Microsoft.DotNet.Tools.Scaffold.Tests.AspNet.Integration.RazorViewEmptyNet9IntegrationTests.ExecuteAsync_ReturnsFalse_WhenFileNameIsNull [4 ms]
  Passed Microsoft.DotNet.Tools.Scaffold.Tests.AspNet.Integration.EntraId.EntraIdScaffolderE2ETests.EntraIdScaffolder_PopulatesContextProperties_AfterValidation [733 ms]
  Passed Microsoft.DotNet.Tools.Scaffold.Tests.AspNet.Integration.API.MinimalApiNet9IntegrationTests.ValidateMinimalApiStep_FailsWithNonExistentProject [2 ms]
  Passed Microsoft.DotNet.Tools.Scaffold.Tests.AspNet.Integration.API.MinimalApiNet9IntegrationTests.Templates_HasExpectedScaffolderFolder(folderName: "EfController") [6 ms]
  Passed Microsoft.DotNet.Tools.Scaffold.Tests.AspNet.Integration.API.MinimalApiNet9IntegrationTests.Templates_HasExpectedScaffolderFolder(folderName: "RazorPages") [4 ms]
  Passed Microsoft.DotNet.Tools.Scaffold.Tests.AspNet.Integration.API.MinimalApiNet9IntegrationTests.Templates_HasExpectedScaffolderFolder(folderName: "BlazorIdentity") [3 ms]
  Passed Microsoft.DotNet.Tools.Scaffold.Tests.AspNet.Integration.API.MinimalApiNet9IntegrationTests.Templates_HasExpectedScaffolderFolder(folderName: "Views") [2 ms]
  Passed Microsoft.DotNet.Tools.Scaffold.Tests.AspNet.Integration.API.MinimalApiNet9IntegrationTests.Templates_HasExpectedScaffolderFolder(folderName: "Files") [2 ms]
  Passed Microsoft.DotNet.Tools.Scaffold.Tests.AspNet.Integration.API.MinimalApiNet9IntegrationTests.Templates_HasExpectedScaffolderFolder(folderName: "CodeModificationConfigs") [3 ms]
  Passed Microsoft.DotNet.Tools.Scaffold.Tests.AspNet.Integration.API.MinimalApiNet9IntegrationTests.Templates_HasExpectedScaffolderFolder(folderName: "BlazorCrud") [2 ms]
  Passed Microsoft.DotNet.Tools.Scaffold.Tests.AspNet.Integration.API.MinimalApiNet9IntegrationTests.Templates_HasExpectedScaffolderFolder(folderName: "Identity") [2 ms]
  Passed Microsoft.DotNet.Tools.Scaffold.Tests.AspNet.Integration.API.MinimalApiNet9IntegrationTests.Templates_HasExpectedScaffolderFolder(folderName: "MinimalApi") [2 ms]
  Passed Microsoft.DotNet.Tools.Scaffold.Tests.AspNet.Integration.API.MinimalApiNet9IntegrationTests.ValidateMinimalApiStep_FailsWithInvalidModel(model: null) [2 ms]
  Passed Microsoft.DotNet.Tools.Scaffold.Tests.AspNet.Integration.API.MinimalApiNet9IntegrationTests.ValidateMinimalApiStep_FailsWithInvalidModel(model: "") [2 ms]
  Passed Microsoft.DotNet.Tools.Scaffold.Tests.AspNet.Integration.API.MinimalApiNet9IntegrationTests.ValidateMinimalApiStep_FailsWithEmptyModel [3 ms]
  Passed Microsoft.DotNet.Tools.Scaffold.Tests.AspNet.Integration.API.MinimalApiNet9IntegrationTests.ValidateMinimalApiStep_SingleEventPerValidation [2 ms]
  Passed Microsoft.DotNet.Tools.Scaffold.Tests.AspNet.Integration.API.MinimalApiNet9IntegrationTests.ValidateMinimalApiStep_TracksTelemetry_OnNullModelFailure [3 ms]
  Passed Microsoft.DotNet.Tools.Scaffold.Tests.AspNet.Integration.API.MinimalApiNet9IntegrationTests.UseDatabaseMethods_HasAllFourProviders [2 ms]
  Passed Microsoft.DotNet.Tools.Scaffold.Tests.AspNet.Integration.API.MinimalApiNet9IntegrationTests.ValidateMinimalApiStep_AllFieldsEmpty_FailsValidation [2 ms]
  Passed Microsoft.DotNet.Tools.Scaffold.Tests.AspNet.Integration.API.MinimalApiNet9IntegrationTests.EfPackagesDict_ContainsAllFourProviders [1 ms]
  Passed Microsoft.DotNet.Tools.Scaffold.Tests.AspNet.Integration.API.MinimalApiNet9IntegrationTests.ValidateMinimalApiStep_TracksTelemetry_OnNullProjectFailure [2 ms]
  Passed Microsoft.DotNet.Tools.Scaffold.Tests.AspNet.Integration.API.MinimalApiNet9IntegrationTests.ValidateMinimalApiStep_FailsWithNullModel [2 ms]
  Passed Microsoft.DotNet.Tools.Scaffold.Tests.AspNet.Integration.RazorViewEmptyNet10IntegrationTests.ExecuteAsync_GeneratesViewFile_WhenProjectIsValid [1 s]
  Passed Microsoft.DotNet.Tools.Scaffold.Tests.AspNet.Integration.RazorViewEmptyNet9IntegrationTests.ExecuteAsync_CreatesViewsSubdirectory [1 s]
  Passed Microsoft.DotNet.Tools.Scaffold.Tests.AspNet.Integration.RazorViewEmptyNet9IntegrationTests.ExecuteAsync_ReturnsFalse_WhenFileNameIsEmpty [4 ms]
  Passed Microsoft.DotNet.Tools.Scaffold.Tests.AspNet.Integration.RazorViewEmptyNet10IntegrationTests.ExecuteAsync_GeneratesCorrectFileName_WhenLowercaseInput [1 s]
  Passed Microsoft.DotNet.Tools.Scaffold.Tests.AspNet.Integration.MVC.ControllerNet8IntegrationTests.EmptyControllerScaffolderStep_FailsWithNullFileName [6 ms]
  Passed Microsoft.DotNet.Tools.Scaffold.Tests.AspNet.Integration.MVC.ControllerNet8IntegrationTests.Templates_HasExpectedScaffolderFolder(folderName: "Identity") [3 ms]
  Passed Microsoft.DotNet.Tools.Scaffold.Tests.AspNet.Integration.MVC.ControllerNet8IntegrationTests.Templates_HasExpectedScaffolderFolder(folderName: "Views") [2 ms]
  Passed Microsoft.DotNet.Tools.Scaffold.Tests.AspNet.Integration.MVC.ControllerNet8IntegrationTests.Templates_HasExpectedScaffolderFolder(folderName: "CodeModificationConfigs") [2 ms]
  Passed Microsoft.DotNet.Tools.Scaffold.Tests.AspNet.Integration.MVC.ControllerNet8IntegrationTests.Templates_HasExpectedScaffolderFolder(folderName: "Files") [2 ms]
  Passed Microsoft.DotNet.Tools.Scaffold.Tests.AspNet.Integration.MVC.ControllerNet8IntegrationTests.Templates_HasExpectedScaffolderFolder(folderName: "BlazorCrud") [2 ms]
  Passed Microsoft.DotNet.Tools.Scaffold.Tests.AspNet.Integration.API.MinimalApiNet8IntegrationTests.ValidateMinimalApiStep_FailsWithNullModel [2 ms]
  Passed Microsoft.DotNet.Tools.Scaffold.Tests.AspNet.Integration.MVC.ControllerNet8IntegrationTests.Templates_HasExpectedScaffolderFolder(folderName: "MinimalApi") [2 ms]
  Passed Microsoft.DotNet.Tools.Scaffold.Tests.AspNet.Integration.API.MinimalApiNet8IntegrationTests.Templates_HasExpectedScaffolderFolder(folderName: "MinimalApi") [2 ms]
  Passed Microsoft.DotNet.Tools.Scaffold.Tests.AspNet.Integration.MVC.ControllerNet8IntegrationTests.Templates_HasExpectedScaffolderFolder(folderName: "EfController") [2 ms]
  Passed Microsoft.DotNet.Tools.Scaffold.Tests.AspNet.Integration.API.MinimalApiNet8IntegrationTests.Templates_HasExpectedScaffolderFolder(folderName: "Views") [2 ms]
  Passed Microsoft.DotNet.Tools.Scaffold.Tests.AspNet.Integration.MVC.ControllerNet8IntegrationTests.Templates_HasExpectedScaffolderFolder(folderName: "BlazorIdentity") [2 ms]
  Passed Microsoft.DotNet.Tools.Scaffold.Tests.AspNet.Integration.API.MinimalApiNet8IntegrationTests.Templates_HasExpectedScaffolderFolder(folderName: "BlazorCrud") [1 ms]
  Passed Microsoft.DotNet.Tools.Scaffold.Tests.AspNet.Integration.MVC.ControllerNet8IntegrationTests.Templates_HasExpectedScaffolderFolder(folderName: "RazorPages") [2 ms]
  Passed Microsoft.DotNet.Tools.Scaffold.Tests.AspNet.Integration.API.MinimalApiNet8IntegrationTests.Templates_HasExpectedScaffolderFolder(folderName: "CodeModificationConfigs") [1 ms]
  Passed Microsoft.DotNet.Tools.Scaffold.Tests.AspNet.Integration.API.MinimalApiNet8IntegrationTests.Templates_HasExpectedScaffolderFolder(folderName: "BlazorIdentity") [1 ms]
  Passed Microsoft.DotNet.Tools.Scaffold.Tests.AspNet.Integration.MVC.ControllerNet8IntegrationTests.ViewsTemplates_FolderExists [2 ms]
  Passed Microsoft.DotNet.Tools.Scaffold.Tests.AspNet.Integration.API.MinimalApiNet8IntegrationTests.Templates_HasExpectedScaffolderFolder(folderName: "Files") [2 ms]
  Passed Microsoft.DotNet.Tools.Scaffold.Tests.AspNet.Integration.API.MinimalApiNet8IntegrationTests.Templates_HasExpectedScaffolderFolder(folderName: "Identity") [2 ms]
  Passed Microsoft.DotNet.Tools.Scaffold.Tests.AspNet.Integration.API.MinimalApiNet8IntegrationTests.Templates_HasExpectedScaffolderFolder(folderName: "RazorPages") [2 ms]
  Passed Microsoft.DotNet.Tools.Scaffold.Tests.AspNet.Integration.API.MinimalApiNet8IntegrationTests.Templates_HasExpectedScaffolderFolder(folderName: "EfController") [2 ms]
  Passed Microsoft.DotNet.Tools.Scaffold.Tests.AspNet.Integration.API.MinimalApiNet8IntegrationTests.EfPackagesDict_ContainsAllFourProviders [6 ms]
  Passed Microsoft.DotNet.Tools.Scaffold.Tests.AspNet.Integration.API.MinimalApiNet8IntegrationTests.ValidateMinimalApiStep_FailsWithInvalidModel(model: "") [3 ms]
  Passed Microsoft.DotNet.Tools.Scaffold.Tests.AspNet.Integration.API.MinimalApiNet8IntegrationTests.ValidateMinimalApiStep_FailsWithInvalidModel(model: null) [2 ms]
  Passed Microsoft.DotNet.Tools.Scaffold.Tests.AspNet.Integration.API.MinimalApiNet8IntegrationTests.MinimalApiTemplates_FolderExists [2 ms]
  Passed Microsoft.DotNet.Tools.Scaffold.Tests.AspNet.Integration.API.MinimalApiNet8IntegrationTests.ValidateMinimalApiStep_FailsWithNonExistentProject [2 ms]
  Passed Microsoft.DotNet.Tools.Scaffold.Tests.AspNet.Integration.API.MinimalApiNet8IntegrationTests.ValidateMinimalApiStep_TracksTelemetry_OnNullModelFailure [2 ms]
  Passed Microsoft.DotNet.Tools.Scaffold.Tests.AspNet.Integration.RazorViewEmptyNet9IntegrationTests.ExecuteAsync_GeneratedViewFile_ContainsValidContent [1 s]
  Passed Microsoft.DotNet.Tools.Scaffold.Tests.AspNet.Integration.API.MinimalApiNet8IntegrationTests.ValidateMinimalApiStep_FailsWithEmptyProject [2 ms]
  Passed Microsoft.DotNet.Tools.Scaffold.Tests.AspNet.Integration.API.MinimalApiNet8IntegrationTests.ValidateMinimalApiStep_TracksTelemetry_OnNullProjectFailure [2 ms]
  Passed Microsoft.DotNet.Tools.Scaffold.Tests.AspNet.Integration.API.MinimalApiNet8IntegrationTests.UseDatabaseMethods_HasAllFourProviders [2 ms]
  Passed Microsoft.DotNet.Tools.Scaffold.Tests.AspNet.Integration.API.MinimalApiNet8IntegrationTests.ValidateMinimalApiStep_AllFieldsEmpty_FailsValidation [2 ms]
  Passed Microsoft.DotNet.Tools.Scaffold.Tests.AspNet.Integration.MVC.ControllerNet8IntegrationTests.EmptyControllerScaffolderStep_WithActionsFalse_CreatesControllersDir [1 s]
  Passed Microsoft.DotNet.Tools.Scaffold.Tests.AspNet.Integration.MVC.ControllerNet8IntegrationTests.ViewsTemplates_HasBootstrap4Subfolder [2 ms]
  Passed Microsoft.DotNet.Tools.Scaffold.Tests.AspNet.Integration.MVC.ControllerNet8IntegrationTests.EmptyControllerScaffolderStep_FailsWithEmptyProjectPath [2 ms]
  Passed Microsoft.DotNet.Tools.Scaffold.Tests.AspNet.Integration.MVC.ControllerNet8IntegrationTests.Templates_NoControllerFolderExists [2 ms]
  Passed Microsoft.DotNet.Tools.Scaffold.Tests.AspNet.Integration.MVC.ControllerNet8IntegrationTests.EmptyControllerScaffolderStep_FailsValidation_ForVariousNames_WhenProjectMissing(controllerName: "DashboardController") [2 ms]
  Passed Microsoft.DotNet.Tools.Scaffold.Tests.AspNet.Integration.MVC.ControllerNet8IntegrationTests.EmptyControllerScaffolderStep_FailsValidation_ForVariousNames_WhenProjectMissing(controllerName: "OrderController") [2 ms]
  Passed Microsoft.DotNet.Tools.Scaffold.Tests.AspNet.Integration.MVC.ControllerNet8IntegrationTests.EmptyControllerScaffolderStep_FailsValidation_ForVariousNames_WhenProjectMissing(controllerName: "ProductController") [2 ms]
  Passed Microsoft.DotNet.Tools.Scaffold.Tests.AspNet.Integration.MVC.ControllerNet8IntegrationTests.EmptyControllerScaffolderStep_FailsValidation_ForVariousNames_WhenProjectMissing(controllerName: "HomeController") [2 ms]
  Passed Microsoft.DotNet.Tools.Scaffold.Tests.AspNet.Integration.MVC.ControllerNet8IntegrationTests.EmptyControllerScaffolderStep_FailsValidation_ForVariousNames_WhenProjectMissing(controllerName: "AccountController") [1 ms]
  Passed Microsoft.DotNet.Tools.Scaffold.Tests.AspNet.Integration.MVC.ControllerNet8IntegrationTests.EmptyControllerScaffolderStep_CreatesControllersDir_ForVariousNames(controllerName: "HomeController") [1 s]
  Passed Microsoft.DotNet.Tools.Scaffold.Tests.AspNet.Integration.MVC.ControllerNet8IntegrationTests.EmptyControllerScaffolderStep_CreatesControllersDir_ForVariousNames(controllerName: "ProductController") [1 s]
  Passed Microsoft.DotNet.Tools.Scaffold.Tests.AspNet.Integration.MVC.ControllerNet8IntegrationTests.EmptyControllerScaffolderStep_CreatesControllersDir_ForVariousNames(controllerName: "AccountController") [1 s]
  Passed Microsoft.DotNet.Tools.Scaffold.Tests.AspNet.Integration.MVC.ControllerNet8IntegrationTests.EmptyControllerScaffolderStep_ControllersDir_IsUnderProjectDir [1 s]
  Passed Microsoft.DotNet.Tools.Scaffold.Tests.AspNet.Integration.MVC.ControllerNet8IntegrationTests.EmptyControllerScaffolderStep_FailsWithNonExistentProject [3 ms]
  Passed Microsoft.DotNet.Tools.Scaffold.Tests.AspNet.Integration.MVC.ControllerNet8IntegrationTests.ViewsTemplates_AllFilesAreCshtml [2 ms]
  Passed Microsoft.DotNet.Tools.Scaffold.Tests.AspNet.Integration.MVC.ControllerNet8IntegrationTests.EmptyControllerScaffolderStep_FailsWithNullProjectPath [2 ms]
  Passed Microsoft.DotNet.Tools.Scaffold.Tests.AspNet.Integration.MVC.ControllerNet8IntegrationTests.EmptyControllerScaffolderStep_FailsWithEmptyFileName [3 ms]
  Passed Microsoft.DotNet.Tools.Scaffold.Tests.AspNet.Integration.MVC.ControllerNet8IntegrationTests.ViewsTemplates_HasBootstrap5Subfolder [2 ms]
  Passed Microsoft.DotNet.Tools.Scaffold.Tests.AspNet.Integration.MVC.ControllerNet8IntegrationTests.EmptyControllerScaffolderStep_TracksTelemetry_OnValidationFailure [2 ms]
  Passed Microsoft.DotNet.Tools.Scaffold.Tests.AspNet.Integration.MVC.ControllerNet8IntegrationTests.EmptyControllerScaffolderStep_TracksTelemetry_OnFileNameValidationFailure [3 ms]
  Passed Microsoft.DotNet.Tools.Scaffold.Tests.AspNet.Integration.MVC.ControllerNet8IntegrationTests.Templates_NoMvcControllerFolderExists [2 ms]
  Passed Microsoft.DotNet.Tools.Scaffold.Tests.AspNet.Integration.MVC.ControllerNet8IntegrationTests.EfControllerTemplates_UsesCshtmlFormat [2 ms]
  Passed Microsoft.DotNet.Tools.Scaffold.Tests.AspNet.Integration.MVC.AreaNet8IntegrationTests.Scaffold_Area_Net8_CliInvocation [1 m 49 s]
  Passed Microsoft.DotNet.Tools.Scaffold.Tests.AspNet.Integration.MVC.AreaNet8IntegrationTests.AreaScaffolderStep_CreatesExactly6Directories [8 ms]
  Passed Microsoft.DotNet.Tools.Scaffold.Tests.AspNet.Integration.MVC.AreaNet8IntegrationTests.AreaScaffolderStep_CreatesModelsFolder [23 ms]
  Passed Microsoft.DotNet.Tools.Scaffold.Tests.AspNet.Integration.MVC.AreaNet8IntegrationTests.AreaScaffolderStep_CreatesControllersFolder [9 ms]
  Passed Microsoft.DotNet.Tools.Scaffold.Tests.AspNet.Integration.MVC.AreaNet8IntegrationTests.AreaScaffolderStep_UsesProjectDirectory_WhenExists [13 ms]
  Passed Microsoft.DotNet.Tools.Scaffold.Tests.AspNet.Integration.MVC.AreaNet8IntegrationTests.AreaScaffolderStep_CreatesAreasDirectory [14 ms]
  Passed Microsoft.DotNet.Tools.Scaffold.Tests.AspNet.Integration.RazorPageEmptyNet10IntegrationTests.ExecuteAsync_ReturnsFalse_WhenFileNameIsEmpty [5 ms]
  Passed Microsoft.DotNet.Tools.Scaffold.Tests.AspNet.Integration.RazorPageEmptyNet10IntegrationTests.ExecuteAsync_GeneratesPageAndCodeBehind [1 s]
  Passed Microsoft.DotNet.Tools.Scaffold.Tests.AspNet.Integration.RazorPageEmptyNet10IntegrationTests.ExecuteAsync_GeneratedPageFile_ContainsValidContent [1 s]
  Passed Microsoft.DotNet.Tools.Scaffold.Tests.AspNet.Integration.RazorPageEmptyNet10IntegrationTests.RegressionGuard_ValidationFailure_DoesNotThrow [2 ms]
  Passed Microsoft.DotNet.Tools.Scaffold.Tests.AspNet.Integration.RazorPageEmptyNet10IntegrationTests.ExecuteAsync_DoesNotCreateViewsDirectory [1 s]
  Passed Microsoft.DotNet.Tools.Scaffold.Tests.AspNet.Integration.RazorPageEmptyNet10IntegrationTests.ExecuteAsync_CreatesPagesDirectory_WhenProjectExists [1 s]
  Passed Microsoft.DotNet.Tools.Scaffold.Tests.AspNet.Integration.RazorPageEmptyNet10IntegrationTests.ExecuteAsync_CreatesPagesSubdirectory [1 s]
  Passed Microsoft.DotNet.Tools.Scaffold.Tests.AspNet.Integration.RazorViewEmptyNet8IntegrationTests.Scaffold_RazorViewEmpty_Net8_CliInvocation [1 m 57 s]
  Passed Microsoft.DotNet.Tools.Scaffold.Tests.AspNet.Integration.RazorViewEmptyNet8IntegrationTests.ProjectPath_DefaultsToNull [2 ms]
  Passed Microsoft.DotNet.Tools.Scaffold.Tests.AspNet.Integration.RazorPageEmptyNet10IntegrationTests.ExecuteAsync_TracksSuccessTelemetry_WhenGenerationSucceeds [1 s]
  Passed Microsoft.DotNet.Tools.Scaffold.Tests.AspNet.Integration.RazorPageEmptyNet10IntegrationTests.RegressionGuard_NonExistentProject_ReturnsFalseNotException [3 ms]
  Passed Microsoft.DotNet.Tools.Scaffold.Tests.AspNet.Integration.RazorPageEmptyNet10IntegrationTests.RazorPageEmpty_DiffersFromRazorViewEmpty_InNamespaceHandling [2 ms]
  Passed Microsoft.DotNet.Tools.Scaffold.Tests.AspNet.Integration.RazorPageEmptyNet10IntegrationTests.ExecuteAsync_TracksTelemetryEvent_OnValidFileNameFailure [4 ms]
  Passed Microsoft.DotNet.Tools.Scaffold.Tests.AspNet.Integration.RazorPageEmptyNet10IntegrationTests.ExecuteAsync_ReturnsFalse_WhenFileNameIsNull [4 ms]
  Passed Microsoft.DotNet.Tools.Scaffold.Tests.AspNet.Integration.RazorPageEmptyNet10IntegrationTests.GetScaffoldSteps_ContainsDotnetNewScaffolderStep [3 ms]
  Passed Microsoft.DotNet.Tools.Scaffold.Tests.AspNet.Integration.RazorViewEmptyNet8IntegrationTests.ExecuteAsync_DoesNotCreateComponentsDirectory [1 s]
  Passed Microsoft.DotNet.Tools.Scaffold.Tests.AspNet.Integration.RazorPageEmptyNet10IntegrationTests.ExecuteAsync_GeneratesCorrectFileName_WhenLowercaseInput [1 s]
  Passed Microsoft.DotNet.Tools.Scaffold.Tests.AspNet.Integration.RazorPageEmptyNet10IntegrationTests.Constructor_InitializesCorrectly [2 ms]
  Passed Microsoft.DotNet.Tools.Scaffold.Tests.AspNet.Integration.RazorViewEmptyNet8IntegrationTests.ExecuteAsync_GeneratedViewFile_HasCshtmlExtension [1 s]
  Passed Microsoft.DotNet.Tools.Scaffold.Tests.AspNet.Integration.RazorViewEmptyNet8IntegrationTests.RegressionGuard_ValidationFailure_DoesNotThrow [2 ms]
  Passed Microsoft.DotNet.Tools.Scaffold.Tests.AspNet.Integration.RazorViewEmptyNet8IntegrationTests.ExecuteAsync_TracksSuccessTelemetry_WhenGenerationSucceeds [1 s]
  Passed Microsoft.DotNet.Tools.Scaffold.Tests.AspNet.Integration.RazorViewEmptyNet8IntegrationTests.Constructor_InitializesCorrectly [2 ms]
  Passed Microsoft.DotNet.Tools.Scaffold.Tests.AspNet.Integration.RazorViewEmptyNet8IntegrationTests.ExecuteAsync_ReturnsFalse_WhenProjectPathIsEmpty [3 ms]
  Passed Microsoft.DotNet.Tools.Scaffold.Tests.AspNet.Integration.RazorViewEmptyNet8IntegrationTests.ExecuteAsync_DoesNotCreatePagesDirectory [1 s]
  Passed Microsoft.DotNet.Tools.Scaffold.Tests.AspNet.Integration.RazorViewEmptyNet8IntegrationTests.ExecuteAsync_CreatesViewsDirectory_WhenProjectExists [1 s]
  Passed Microsoft.DotNet.Tools.Scaffold.Tests.AspNet.Integration.RazorViewEmptyNet8IntegrationTests.ExecuteAsync_OnlyGeneratesSingleViewFile [1 s]
  Passed Microsoft.DotNet.Tools.Scaffold.Tests.AspNet.Integration.RazorViewEmptyNet8IntegrationTests.RegressionGuard_NonExistentProject_ReturnsFalseNotException [4 ms]
  Passed Microsoft.DotNet.Tools.Scaffold.Tests.AspNet.Integration.RazorViewEmptyNet8IntegrationTests.ExecuteAsync_TracksTelemetryEvent_OnValidFileNameFailure [8 ms]
  Passed Microsoft.DotNet.Tools.Scaffold.Tests.AspNet.Integration.RazorViewEmptyNet8IntegrationTests.NamespaceName_DefaultsToNull [2 ms]
  Passed Microsoft.DotNet.Tools.Scaffold.Tests.AspNet.Integration.RazorViewEmptyNet8IntegrationTests.ExecuteAsync_ReturnsFalse_WhenFileNameIsNull [2 ms]
  Passed Microsoft.DotNet.Tools.Scaffold.Tests.AspNet.Integration.RazorViewEmptyNet8IntegrationTests.FileName_DefaultsToNull [11 ms]
  Passed Microsoft.DotNet.Tools.Scaffold.Tests.AspNet.Integration.RazorViewEmptyNet8IntegrationTests.ExecuteAsync_TracksTelemetryEvent_OnValidationFailure [3 ms]
  Passed Microsoft.DotNet.Tools.Scaffold.Tests.AspNet.Integration.RazorViewEmptyNet8IntegrationTests.ExecuteAsync_CreatesViewsSubdirectory [1 s]
  Passed Microsoft.DotNet.Tools.Scaffold.Tests.AspNet.Integration.RazorViewEmptyNet8IntegrationTests.ExecuteAsync_TracksTelemetryEvent_WhenSettingsAreValid [1 s]
  Passed Microsoft.DotNet.Tools.Scaffold.Tests.AspNet.Integration.RazorViewEmptyNet8IntegrationTests.ExecuteAsync_AcceptsCancellationToken [2 ms]
  Passed Microsoft.DotNet.Tools.Scaffold.Tests.AspNet.Integration.RazorViewEmptyNet8IntegrationTests.ExecuteAsync_ReturnsFalse_WhenFileNameIsEmpty [2 ms]
  Passed Microsoft.DotNet.Tools.Scaffold.Tests.AspNet.Integration.RazorViewEmptyNet8IntegrationTests.ExecuteAsync_ReturnsFalse_WhenProjectPathIsNull [2 ms]
  Passed Microsoft.DotNet.Tools.Scaffold.Tests.AspNet.Integration.RazorViewEmptyNet8IntegrationTests.ExecuteAsync_GeneratesCorrectFileName_WhenLowercaseInput [1 s]
  Passed Microsoft.DotNet.Tools.Scaffold.Tests.AspNet.Integration.RazorViewEmptyNet8IntegrationTests.ExecuteAsync_OutputFolder_IsViews_ForView [1 s]
  Passed Microsoft.DotNet.Tools.Scaffold.Tests.AspNet.Integration.RazorViewEmptyNet8IntegrationTests.RazorViewEmpty_DoesNotSetNamespace [2 ms]
  Passed Microsoft.DotNet.Tools.Scaffold.Tests.AspNet.Integration.RazorViewEmptyNet8IntegrationTests.ExecuteAsync_GeneratesViewFile_WhenProjectIsValid [1 s]
  Passed Microsoft.DotNet.Tools.Scaffold.Tests.AspNet.Integration.RazorViewEmptyNet8IntegrationTests.RegressionGuard_EmptyInputs_DoNotThrow [3 ms]
  Passed Microsoft.DotNet.Tools.Scaffold.Tests.AspNet.Integration.RazorViewEmptyNet8IntegrationTests.ExecuteAsync_GeneratedViewFile_ContainsValidContent [1 s]
  Passed Microsoft.DotNet.Tools.Scaffold.Tests.AspNet.Integration.RazorViewEmptyNet8IntegrationTests.GetScaffoldSteps_ContainsDotnetNewScaffolderStep [2 ms]
  Passed Microsoft.DotNet.Tools.Scaffold.Tests.AspNet.Integration.RazorViewEmptyNet8IntegrationTests.ExecuteAsync_ReturnsFalse_WhenProjectPathDoesNotExist [2 ms]
  Passed Microsoft.DotNet.Tools.Scaffold.Tests.AspNet.Integration.Identity.IdentityNet10IntegrationTests.Templates_HasExpectedScaffolderFolder(folderName: "Files") [2 ms]
  Passed Microsoft.DotNet.Tools.Scaffold.Tests.AspNet.Integration.Identity.IdentityNet10IntegrationTests.Templates_HasExpectedScaffolderFolder(folderName: "Identity") [2 ms]
  Passed Microsoft.DotNet.Tools.Scaffold.Tests.AspNet.Integration.Identity.IdentityNet10IntegrationTests.Templates_HasExpectedScaffolderFolder(folderName: "RazorPages") [2 ms]
  Passed Microsoft.DotNet.Tools.Scaffold.Tests.AspNet.Integration.Identity.IdentityNet10IntegrationTests.Templates_HasExpectedScaffolderFolder(folderName: "BlazorIdentity") [2 ms]
  Passed Microsoft.DotNet.Tools.Scaffold.Tests.AspNet.Integration.Identity.IdentityNet10IntegrationTests.Templates_HasExpectedScaffolderFolder(folderName: "CodeModificationConfigs") [2 ms]
  Passed Microsoft.DotNet.Tools.Scaffold.Tests.AspNet.Integration.Identity.IdentityNet10IntegrationTests.Templates_HasExpectedScaffolderFolder(folderName: "Views") [2 ms]
  Passed Microsoft.DotNet.Tools.Scaffold.Tests.AspNet.Integration.Identity.IdentityNet10IntegrationTests.Templates_HasExpectedScaffolderFolder(folderName: "EfController") [2 ms]
  Passed Microsoft.DotNet.Tools.Scaffold.Tests.AspNet.Integration.Identity.IdentityNet10IntegrationTests.Templates_HasExpectedScaffolderFolder(folderName: "MinimalApi") [2 ms]
  Passed Microsoft.DotNet.Tools.Scaffold.Tests.AspNet.Integration.Identity.IdentityNet10IntegrationTests.Templates_HasExpectedScaffolderFolder(folderName: "BlazorCrud") [3 ms]
  Passed Microsoft.DotNet.Tools.Scaffold.Tests.AspNet.Integration.Identity.IdentityNet10IntegrationTests.ValidateIdentityStep_FailsWithNonExistentProject [3 ms]
  Passed Microsoft.DotNet.Tools.Scaffold.Tests.AspNet.Integration.Identity.IdentityNet10IntegrationTests.IdentityEfPackagesDict_HasExactlyTwoProviders [2 ms]
  Passed Microsoft.DotNet.Tools.Scaffold.Tests.AspNet.Integration.Identity.IdentityNet10IntegrationTests.IdentityEfPackagesDict_DoesNotSupportProvider(provider: "npgsql-efcore") [2 ms]
  Passed Microsoft.DotNet.Tools.Scaffold.Tests.AspNet.Integration.Identity.IdentityNet10IntegrationTests.IdentityEfPackagesDict_DoesNotSupportProvider(provider: "mysql") [3 ms]
  Passed Microsoft.DotNet.Tools.Scaffold.Tests.AspNet.Integration.Identity.IdentityNet10IntegrationTests.IdentityEfPackagesDict_DoesNotSupportProvider(provider: "cosmos-efcore") [2 ms]
  Passed Microsoft.DotNet.Tools.Scaffold.Tests.AspNet.Integration.Identity.IdentityNet10IntegrationTests.IdentityEfPackagesDict_DoesNotSupportProvider(provider: "") [2 ms]
  Passed Microsoft.DotNet.Tools.Scaffold.Tests.AspNet.Integration.Identity.IdentityNet10IntegrationTests.ValidateIdentityStep_HasOverwriteProperty [2 ms]
  Passed Microsoft.DotNet.Tools.Scaffold.Tests.AspNet.Integration.Identity.IdentityNet10IntegrationTests.IdentityEfPackagesDict_DoesNotContainPostgres [2 ms]
  Passed Microsoft.DotNet.Tools.Scaffold.Tests.AspNet.Integration.Identity.IdentityNet10IntegrationTests.IdentityEfPackagesDict_SupportsProvider(provider: "sqlserver-efcore") [2 ms]
  Passed Microsoft.DotNet.Tools.Scaffold.Tests.AspNet.Integration.Identity.IdentityNet10IntegrationTests.IdentityEfPackagesDict_SupportsProvider(provider: "sqlite-efcore") [2 ms]
  Passed Microsoft.DotNet.Tools.Scaffold.Tests.AspNet.Integration.Identity.IdentityNet10IntegrationTests.ValidateIdentityStep_FailsWithNullDataContext [4 ms]
  Passed Microsoft.DotNet.Tools.Scaffold.Tests.AspNet.Integration.Identity.IdentityNet10IntegrationTests.ValidateIdentityStep_TracksTelemetry_OnFailure [3 ms]
  Passed Microsoft.DotNet.Tools.Scaffold.Tests.AspNet.Integration.Identity.IdentityNet10IntegrationTests.ValidateIdentityStep_FailsWithEmptyProject [2 ms]
  Passed Microsoft.DotNet.Tools.Scaffold.Tests.AspNet.Integration.API.MinimalApiNet11IntegrationTests.Scaffold_MinimalApi_Net11_CliInvocation [2 m 33 s]
[xUnit.net 00:02:35.44]     Microsoft.DotNet.Tools.Scaffold.Tests.AspNet.Integr
ation.MVC.CrudControllerNet10IntegrationTests.ViewsTemplates_AllFilesAreCshtml 
[FAIL]
[xUnit.net 00:02:35.44]       Assert.All() Failure: 15 out of 15 items in the collection did not pass.
[xUnit.net 00:02:35.44]       [0]:  Item:  "C:\\Scaffolding\\src\\dotnet-scaffolding\\dotnet-s"┬╖┬╖┬╖
[xUnit.net 00:02:35.44]             Error: Assert.EndsWith() Failure: String end does not match
[xUnit.net 00:02:35.44]                    String:       ┬╖┬╖┬╖"\\AspNet\\Templates\\net10.0\\Views\\Create.cs"
[xUnit.net 00:02:35.44]                    Expected end: ".cshtml"
[xUnit.net 00:02:35.44]       [1]:  Item:  "C:\\Scaffolding\\src\\dotnet-scaffolding\\dotnet-s"┬╖┬╖┬╖
[xUnit.net 00:02:35.44]             Error: Assert.EndsWith() Failure: String end does not match
[xUnit.net 00:02:35.44]                    String:       ┬╖┬╖┬╖"plates\\net10.0\\Views\\Create.Interfaces.cs"
[xUnit.net 00:02:35.44]                    Expected end: ".cshtml"
[xUnit.net 00:02:35.44]       [2]:  Item:  "C:\\Scaffolding\\src\\dotnet-scaffolding\\dotnet-s"┬╖┬╖┬╖
[xUnit.net 00:02:35.44]             Error: Assert.EndsWith() Failure: String end does not match
[xUnit.net 00:02:35.44]                    String:       ┬╖┬╖┬╖"\\AspNet\\Templates\\net10.0\\Views\\Create.tt"
[xUnit.net 00:02:35.44]                    Expected end: ".cshtml"
[xUnit.net 00:02:35.44]       [3]:  Item:  "C:\\Scaffolding\\src\\dotnet-scaffolding\\dotnet-s"┬╖┬╖┬╖
[xUnit.net 00:02:35.44]             Error: Assert.EndsWith() Failure: String end does not match
[xUnit.net 00:02:35.44]                    String:       ┬╖┬╖┬╖"\\AspNet\\Templates\\net10.0\\Views\\Delete.cs"
[xUnit.net 00:02:35.44]                    Expected end: ".cshtml"
[xUnit.net 00:02:35.44]       [4]:  Item:  "C:\\Scaffolding\\src\\dotnet-scaffolding\\dotnet-s"┬╖┬╖┬╖
[xUnit.net 00:02:35.44]             Error: Assert.EndsWith() Failure: String end does not match
[xUnit.net 00:02:35.44]                    String:       ┬╖┬╖┬╖"plates\\net10.0\\Views\\Delete.Interfaces.cs"
[xUnit.net 00:02:35.44]                    Expected end: ".cshtml"
[xUnit.net 00:02:35.44]       [5]:  Item:  "C:\\Scaffolding\\src\\dotnet-scaffolding\\dotnet-s"┬╖┬╖┬╖
[xUnit.net 00:02:35.44]             Error: Assert.EndsWith() Failure: String end does not match
[xUnit.net 00:02:35.44]                    String:       ┬╖┬╖┬╖"\\AspNet\\Templates\\net10.0\\Views\\Delete.tt"
[xUnit.net 00:02:35.44]                    Expected end: ".cshtml"
[xUnit.net 00:02:35.44]       [6]:  Item:  "C:\\Scaffolding\\src\\dotnet-scaffolding\\dotnet-s"┬╖┬╖┬╖
[xUnit.net 00:02:35.44]             Error: Assert.EndsWith() Failure: String end does not match
[xUnit.net 00:02:35.44]                    String:       ┬╖┬╖┬╖"AspNet\\Templates\\net10.0\\Views\\Details.cs"
[xUnit.net 00:02:35.44]                    Expected end: ".cshtml"
[xUnit.net 00:02:35.44]       [7]:  Item:  "C:\\Scaffolding\\src\\dotnet-scaffolding\\dotnet-s"┬╖┬╖┬╖
[xUnit.net 00:02:35.44]             Error: Assert.EndsWith() Failure: String end does not match
[xUnit.net 00:02:35.44]                    String:       ┬╖┬╖┬╖"lates\\net10.0\\Views\\Details.Interfaces.cs"
[xUnit.net 00:02:35.44]                    Expected end: ".cshtml"
[xUnit.net 00:02:35.44]       [8]:  Item:  "C:\\Scaffolding\\src\\dotnet-scaffolding\\dotnet-s"┬╖┬╖┬╖
[xUnit.net 00:02:35.44]             Error: Assert.EndsWith() Failure: String end does not match
[xUnit.net 00:02:35.44]                    String:       ┬╖┬╖┬╖"AspNet\\Templates\\net10.0\\Views\\Details.tt"
[xUnit.net 00:02:35.44]                    Expected end: ".cshtml"
[xUnit.net 00:02:35.44]       [9]:  Item:  "C:\\Scaffolding\\src\\dotnet-scaffolding\\dotnet-s"┬╖┬╖┬╖
[xUnit.net 00:02:35.44]             Error: Assert.EndsWith() Failure: String end does not match
[xUnit.net 00:02:35.44]                    String:       ┬╖┬╖┬╖"ld\\AspNet\\Templates\\net10.0\\Views\\Edit.cs"
[xUnit.net 00:02:35.44]                    Expected end: ".cshtml"
[xUnit.net 00:02:35.44]       [10]: Item:  "C:\\Scaffolding\\src\\dotnet-scaffolding\\dotnet-s"┬╖┬╖┬╖
[xUnit.net 00:02:35.44]             Error: Assert.EndsWith() Failure: String end does not match
[xUnit.net 00:02:35.44]                    String:       ┬╖┬╖┬╖"emplates\\net10.0\\Views\\Edit.Interfaces.cs"
[xUnit.net 00:02:35.44]                    Expected end: ".cshtml"
[xUnit.net 00:02:35.44]       [11]: Item:  "C:\\Scaffolding\\src\\dotnet-scaffolding\\dotnet-s"┬╖┬╖┬╖
[xUnit.net 00:02:35.44]             Error: Assert.EndsWith() Failure: String end does not match
[xUnit.net 00:02:35.44]                    String:       ┬╖┬╖┬╖"ld\\AspNet\\Templates\\net10.0\\Views\\Edit.tt"
[xUnit.net 00:02:35.44]                    Expected end: ".cshtml"
[xUnit.net 00:02:35.44]       [12]: Item:  "C:\\Scaffolding\\src\\dotnet-scaffolding\\dotnet-s"┬╖┬╖┬╖
[xUnit.net 00:02:35.44]             Error: Assert.EndsWith() Failure: String end does not match
[xUnit.net 00:02:35.44]                    String:       ┬╖┬╖┬╖"d\\AspNet\\Templates\\net10.0\\Views\\Index.cs"
[xUnit.net 00:02:35.44]                    Expected end: ".cshtml"
[xUnit.net 00:02:35.44]       [13]: Item:  "C:\\Scaffolding\\src\\dotnet-scaffolding\\dotnet-s"┬╖┬╖┬╖
[xUnit.net 00:02:35.44]             Error: Assert.EndsWith() Failure: String end does not match
[xUnit.net 00:02:35.44]                    String:       ┬╖┬╖┬╖"mplates\\net10.0\\Views\\Index.Interfaces.cs"
[xUnit.net 00:02:35.44]                    Expected end: ".cshtml"
[xUnit.net 00:02:35.44]       [14]: Item:  "C:\\Scaffolding\\src\\dotnet-scaffolding\\dotnet-s"┬╖┬╖┬╖
[xUnit.net 00:02:35.44]             Error: Assert.EndsWith() Failure: String end does not match
[xUnit.net 00:02:35.44]                    String:       ┬╖┬╖┬╖"d\\AspNet\\Templates\\net10.0\\Views\\Index.tt"
[xUnit.net 00:02:35.44]                    Expected end: ".cshtml"
[xUnit.net 00:02:35.44]       Stack Trace:
[xUnit.net 00:02:35.44]         C:\Scaffolding\test\dotnet-scaffolding\dotnet-scaffold.Tests\AspNet\Integration\MVC\CrudControllerIntegrationTestsBase.cs(493,0): at Microsoft.DotNet.Tools.Scaffold.Tests.AspNet.Integration.CrudControllerIntegrationTestsBase.ViewsTemplates_AllFilesAreCshtml()
[xUnit.net 00:02:35.44]            at System.RuntimeMethodHandle.InvokeMethod(ObjectHandleOnStack target, Void** arguments, ObjectHandleOnStack sig, BOOL isConstructor, ObjectHandleOnStack result)
[xUnit.net 00:02:35.44]            at System.Reflection.MethodBaseInvoker.InterpretedInvoke_Method(Object obj, IntPtr* args)
[xUnit.net 00:02:35.44]            at System.Reflection.RuntimeMethodInfo.Invoke(Object obj, BindingFlags invokeAttr, Binder binder, Object[] parameters, CultureInfo culture)
  Passed Microsoft.DotNet.Tools.Scaffold.Tests.AspNet.Integration.API.MinimalApiNet11IntegrationTests.ValidateMinimalApiStep_FailsWithNullProject [3 ms]
  Passed Microsoft.DotNet.Tools.Scaffold.Tests.AspNet.Integration.MVC.CrudControllerNet10IntegrationTests.ValidateEfControllerStep_FailsWithNullControllerName [3 ms]
  Failed Microsoft.DotNet.Tools.Scaffold.Tests.AspNet.Integration.MVC.CrudControllerNet10IntegrationTests.ViewsTemplates_AllFilesAreCshtml [2 ms]
  Error Message:
   Assert.All() Failure: 15 out of 15 items in the collection did not pass.
[0]:  Item:  "C:\\Scaffolding\\src\\dotnet-scaffolding\\dotnet-s"┬╖┬╖┬╖
      Error: Assert.EndsWith() Failure: String end does not match
             String:       ┬╖┬╖┬╖"\\AspNet\\Templates\\net10.0\\Views\\Create.cs"
             Expected end: ".cshtml"
[1]:  Item:  "C:\\Scaffolding\\src\\dotnet-scaffolding\\dotnet-s"┬╖┬╖┬╖
      Error: Assert.EndsWith() Failure: String end does not match
             String:       ┬╖┬╖┬╖"plates\\net10.0\\Views\\Create.Interfaces.cs"
             Expected end: ".cshtml"
[2]:  Item:  "C:\\Scaffolding\\src\\dotnet-scaffolding\\dotnet-s"┬╖┬╖┬╖
      Error: Assert.EndsWith() Failure: String end does not match
             String:       ┬╖┬╖┬╖"\\AspNet\\Templates\\net10.0\\Views\\Create.tt"
             Expected end: ".cshtml"
[3]:  Item:  "C:\\Scaffolding\\src\\dotnet-scaffolding\\dotnet-s"┬╖┬╖┬╖
      Error: Assert.EndsWith() Failure: String end does not match
             String:       ┬╖┬╖┬╖"\\AspNet\\Templates\\net10.0\\Views\\Delete.cs"
             Expected end: ".cshtml"
[4]:  Item:  "C:\\Scaffolding\\src\\dotnet-scaffolding\\dotnet-s"┬╖┬╖┬╖
      Error: Assert.EndsWith() Failure: String end does not match
             String:       ┬╖┬╖┬╖"plates\\net10.0\\Views\\Delete.Interfaces.cs"
             Expected end: ".cshtml"
[5]:  Item:  "C:\\Scaffolding\\src\\dotnet-scaffolding\\dotnet-s"┬╖┬╖┬╖
      Error: Assert.EndsWith() Failure: String end does not match
             String:       ┬╖┬╖┬╖"\\AspNet\\Templates\\net10.0\\Views\\Delete.tt"
             Expected end: ".cshtml"
[6]:  Item:  "C:\\Scaffolding\\src\\dotnet-scaffolding\\dotnet-s"┬╖┬╖┬╖
      Error: Assert.EndsWith() Failure: String end does not match
             String:       ┬╖┬╖┬╖"AspNet\\Templates\\net10.0\\Views\\Details.cs"
             Expected end: ".cshtml"
[7]:  Item:  "C:\\Scaffolding\\src\\dotnet-scaffolding\\dotnet-s"┬╖┬╖┬╖
      Error: Assert.EndsWith() Failure: String end does not match
             String:       ┬╖┬╖┬╖"lates\\net10.0\\Views\\Details.Interfaces.cs"
             Expected end: ".cshtml"
[8]:  Item:  "C:\\Scaffolding\\src\\dotnet-scaffolding\\dotnet-s"┬╖┬╖┬╖
      Error: Assert.EndsWith() Failure: String end does not match
             String:       ┬╖┬╖┬╖"AspNet\\Templates\\net10.0\\Views\\Details.tt"
             Expected end: ".cshtml"
[9]:  Item:  "C:\\Scaffolding\\src\\dotnet-scaffolding\\dotnet-s"┬╖┬╖┬╖
      Error: Assert.EndsWith() Failure: String end does not match
             String:       ┬╖┬╖┬╖"ld\\AspNet\\Templates\\net10.0\\Views\\Edit.cs"
             Expected end: ".cshtml"
[10]: Item:  "C:\\Scaffolding\\src\\dotnet-scaffolding\\dotnet-s"┬╖┬╖┬╖
      Error: Assert.EndsWith() Failure: String end does not match
             String:       ┬╖┬╖┬╖"emplates\\net10.0\\Views\\Edit.Interfaces.cs"
             Expected end: ".cshtml"
[11]: Item:  "C:\\Scaffolding\\src\\dotnet-scaffolding\\dotnet-s"┬╖┬╖┬╖
      Error: Assert.EndsWith() Failure: String end does not match
             String:       ┬╖┬╖┬╖"ld\\AspNet\\Templates\\net10.0\\Views\\Edit.tt"
             Expected end: ".cshtml"
[12]: Item:  "C:\\Scaffolding\\src\\dotnet-scaffolding\\dotnet-s"┬╖┬╖┬╖
      Error: Assert.EndsWith() Failure: String end does not match
             String:       ┬╖┬╖┬╖"d\\AspNet\\Templates\\net10.0\\Views\\Index.cs"
             Expected end: ".cshtml"
[13]: Item:  "C:\\Scaffolding\\src\\dotnet-scaffolding\\dotnet-s"┬╖┬╖┬╖
      Error: Assert.EndsWith() Failure: String end does not match
             String:       ┬╖┬╖┬╖"mplates\\net10.0\\Views\\Index.Interfaces.cs"
             Expected end: ".cshtml"
[14]: Item:  "C:\\Scaffolding\\src\\dotnet-scaffolding\\dotnet-s"┬╖┬╖┬╖
      Error: Assert.EndsWith() Failure: String end does not match
             String:       ┬╖┬╖┬╖"d\\AspNet\\Templates\\net10.0\\Views\\Index.tt"
             Expected end: ".cshtml"
  Stack Trace:
     at Microsoft.DotNet.Tools.Scaffold.Tests.AspNet.Integration.CrudControllerIntegrationTestsBase.ViewsTemplates_AllFilesAreCshtml() in C:\Scaffolding\test\dotnet-scaffolding\dotnet-scaffold.Tests\AspNet\Integration\MVC\CrudControllerIntegrationTestsBase.cs:line 493
   at System.RuntimeMethodHandle.InvokeMethod(ObjectHandleOnStack target, Void** arguments, ObjectHandleOnStack sig, BOOL isConstructor, ObjectHandleOnStack result)
   at System.Reflection.MethodBaseInvoker.InterpretedInvoke_Method(Object obj, IntPtr* args)
   at System.Reflection.RuntimeMethodInfo.Invoke(Object obj, BindingFlags invokeAttr, Binder binder, Object[] parameters, CultureInfo culture)
  Passed Microsoft.DotNet.Tools.Scaffold.Tests.AspNet.Integration.MVC.CrudControllerNet10IntegrationTests.ValidateEfControllerStep_FailsWithInvalidControllerName(controllerName: "") [2 ms]
  Passed Microsoft.DotNet.Tools.Scaffold.Tests.AspNet.Integration.MVC.CrudControllerNet10IntegrationTests.ValidateEfControllerStep_FailsWithInvalidControllerName(controllerName: null) [2 ms]
  Passed Microsoft.DotNet.Tools.Scaffold.Tests.AspNet.Integration.MVC.CrudControllerNet10IntegrationTests.ValidateEfControllerStep_FailsValidation_ForVariousNames_WhenProjectMissing(controllerName: "CustomersController") [2 ms]
  Passed Microsoft.DotNet.Tools.Scaffold.Tests.AspNet.Integration.MVC.CrudControllerNet10IntegrationTests.ValidateEfControllerStep_FailsValidation_ForVariousNames_WhenProjectMissing(controllerName: "ProductsController") [2 ms]
  Passed Microsoft.DotNet.Tools.Scaffold.Tests.AspNet.Integration.MVC.CrudControllerNet10IntegrationTests.ValidateEfControllerStep_FailsValidation_ForVariousNames_WhenProjectMissing(controllerName: "OrdersController") [2 ms]
  Passed Microsoft.DotNet.Tools.Scaffold.Tests.AspNet.Integration.MVC.CrudControllerNet10IntegrationTests.ViewsTemplates_FolderExists [3 ms]
[xUnit.net 00:02:35.46]     Microsoft.DotNet.Tools.Scaffold.Tests.AspNet.Integr
ation.MVC.CrudControllerNet10IntegrationTests.EfControllerTemplates_UsesCshtmlF
ormat [FAIL]
[xUnit.net 00:02:35.46]       Assert.All() Failure: 6 out of 6 items in the collection did not pass.
[xUnit.net 00:02:35.46]       [0]: Item:  "C:\\Scaffolding\\src\\dotnet-scaffolding\\dotnet-s"┬╖┬╖┬╖
[xUnit.net 00:02:35.46]            Error: Assert.EndsWith() Failure: String end does not match
[xUnit.net 00:02:35.46]                   String:       ┬╖┬╖┬╖"s\\net10.0\\EfController\\ApiEfController.cs"
[xUnit.net 00:02:35.46]                   Expected end: ".cshtml"
[xUnit.net 00:02:35.46]       [1]: Item:  "C:\\Scaffolding\\src\\dotnet-scaffolding\\dotnet-s"┬╖┬╖┬╖
[xUnit.net 00:02:35.46]            Error: Assert.EndsWith() Failure: String end does not match
[xUnit.net 00:02:35.46]                   String:       ┬╖┬╖┬╖"fController\\ApiEfController.Interfaces.cs"
[xUnit.net 00:02:35.46]                   Expected end: ".cshtml"
[xUnit.net 00:02:35.46]       [2]: Item:  "C:\\Scaffolding\\src\\dotnet-scaffolding\\dotnet-s"┬╖┬╖┬╖
[xUnit.net 00:02:35.46]            Error: Assert.EndsWith() Failure: String end does not match
[xUnit.net 00:02:35.46]                   String:       ┬╖┬╖┬╖"s\\net10.0\\EfController\\ApiEfController.tt"
[xUnit.net 00:02:35.46]                   Expected end: ".cshtml"
[xUnit.net 00:02:35.46]       [3]: Item:  "C:\\Scaffolding\\src\\dotnet-scaffolding\\dotnet-s"┬╖┬╖┬╖
[xUnit.net 00:02:35.46]            Error: Assert.EndsWith() Failure: String end does not match
[xUnit.net 00:02:35.46]                   String:       ┬╖┬╖┬╖"s\\net10.0\\EfController\\MvcEfController.cs"
[xUnit.net 00:02:35.46]                   Expected end: ".cshtml"
[xUnit.net 00:02:35.46]       [4]: Item:  "C:\\Scaffolding\\src\\dotnet-scaffolding\\dotnet-s"┬╖┬╖┬╖
[xUnit.net 00:02:35.46]            Error: Assert.EndsWith() Failure: String end does not match
[xUnit.net 00:02:35.46]                   String:       ┬╖┬╖┬╖"fController\\MvcEfController.Interfaces.cs"
[xUnit.net 00:02:35.46]                   Expected end: ".cshtml"
[xUnit.net 00:02:35.46]       [5]: Item:  "C:\\Scaffolding\\src\\dotnet-scaffolding\\dotnet-s"┬╖┬╖┬╖
[xUnit.net 00:02:35.46]            Error: Assert.EndsWith() Failure: String end does not match
[xUnit.net 00:02:35.46]                   String:       ┬╖┬╖┬╖"s\\net10.0\\EfController\\MvcEfController.tt"
[xUnit.net 00:02:35.46]                   Expected end: ".cshtml"
[xUnit.net 00:02:35.46]       Stack Trace:
[xUnit.net 00:02:35.46]         C:\Scaffolding\test\dotnet-scaffolding\dotnet-scaffold.Tests\AspNet\Integration\MVC\CrudControllerIntegrationTestsBase.cs(453,0): at Microsoft.DotNet.Tools.Scaffold.Tests.AspNet.Integration.CrudControllerIntegrationTestsBase.EfControllerTemplates_UsesCshtmlFormat()
[xUnit.net 00:02:35.46]            at System.RuntimeMethodHandle.InvokeMethod(ObjectHandleOnStack target, Void** arguments, ObjectHandleOnStack sig, BOOL isConstructor, ObjectHandleOnStack result)
[xUnit.net 00:02:35.46]            at System.Reflection.MethodBaseInvoker.InterpretedInvoke_Method(Object obj, IntPtr* args)
[xUnit.net 00:02:35.46]            at System.Reflection.RuntimeMethodInfo.Invoke(Object obj, BindingFlags invokeAttr, Binder binder, Object[] parameters, CultureInfo culture)
  Passed Microsoft.DotNet.Tools.Scaffold.Tests.AspNet.Integration.MVC.CrudControllerNet10IntegrationTests.EfControllerTemplates_FolderExists [2 ms]
  Failed Microsoft.DotNet.Tools.Scaffold.Tests.AspNet.Integration.MVC.CrudControllerNet10IntegrationTests.EfControllerTemplates_UsesCshtmlFormat [2 ms]
  Error Message:
   Assert.All() Failure: 6 out of 6 items in the collection did not pass.
[0]: Item:  "C:\\Scaffolding\\src\\dotnet-scaffolding\\dotnet-s"┬╖┬╖┬╖
     Error: Assert.EndsWith() Failure: String end does not match
            String:       ┬╖┬╖┬╖"s\\net10.0\\EfController\\ApiEfController.cs"
            Expected end: ".cshtml"
[1]: Item:  "C:\\Scaffolding\\src\\dotnet-scaffolding\\dotnet-s"┬╖┬╖┬╖
     Error: Assert.EndsWith() Failure: String end does not match
            String:       ┬╖┬╖┬╖"fController\\ApiEfController.Interfaces.cs"
            Expected end: ".cshtml"
[2]: Item:  "C:\\Scaffolding\\src\\dotnet-scaffolding\\dotnet-s"┬╖┬╖┬╖
     Error: Assert.EndsWith() Failure: String end does not match
            String:       ┬╖┬╖┬╖"s\\net10.0\\EfController\\ApiEfController.tt"
            Expected end: ".cshtml"
[3]: Item:  "C:\\Scaffolding\\src\\dotnet-scaffolding\\dotnet-s"┬╖┬╖┬╖
     Error: Assert.EndsWith() Failure: String end does not match
            String:       ┬╖┬╖┬╖"s\\net10.0\\EfController\\MvcEfController.cs"
            Expected end: ".cshtml"
[4]: Item:  "C:\\Scaffolding\\src\\dotnet-scaffolding\\dotnet-s"┬╖┬╖┬╖
     Error: Assert.EndsWith() Failure: String end does not match
            String:       ┬╖┬╖┬╖"fController\\MvcEfController.Interfaces.cs"
            Expected end: ".cshtml"
[5]: Item:  "C:\\Scaffolding\\src\\dotnet-scaffolding\\dotnet-s"┬╖┬╖┬╖
     Error: Assert.EndsWith() Failure: String end does not match
            String:       ┬╖┬╖┬╖"s\\net10.0\\EfController\\MvcEfController.tt"
            Expected end: ".cshtml"
  Stack Trace:
     at Microsoft.DotNet.Tools.Scaffold.Tests.AspNet.Integration.CrudControllerIntegrationTestsBase.EfControllerTemplates_UsesCshtmlFormat() in C:\Scaffolding\test\dotnet-scaffolding\dotnet-scaffold.Tests\AspNet\Integration\MVC\CrudControllerIntegrationTestsBase.cs:line 453
   at System.RuntimeMethodHandle.InvokeMethod(ObjectHandleOnStack target, Void** arguments, ObjectHandleOnStack sig, BOOL isConstructor, ObjectHandleOnStack result)
   at System.Reflection.MethodBaseInvoker.InterpretedInvoke_Method(Object obj, IntPtr* args)
   at System.Reflection.RuntimeMethodInfo.Invoke(Object obj, BindingFlags invokeAttr, Binder binder, Object[] parameters, CultureInfo culture)
  Passed Microsoft.DotNet.Tools.Scaffold.Tests.AspNet.Integration.MVC.CrudControllerNet10IntegrationTests.ValidateEfControllerStep_TracksTelemetry_OnNullControllerTypeFailure [2 ms]
  Passed Microsoft.DotNet.Tools.Scaffold.Tests.AspNet.Integration.MVC.CrudControllerNet10IntegrationTests.UseDatabaseMethods_HasAllFourProviders [1 ms]
  Passed Microsoft.DotNet.Tools.Scaffold.Tests.AspNet.Integration.MVC.CrudControllerNet10IntegrationTests.ValidateEfControllerStep_FailsWithNullModel [2 ms]
  Passed Microsoft.DotNet.Tools.Scaffold.Tests.AspNet.Integration.MVC.CrudControllerNet10IntegrationTests.ValidateEfControllerStep_FailsWithEmptyControllerType [3 ms]
  Passed Microsoft.DotNet.Tools.Scaffold.Tests.AspNet.Integration.MVC.CrudControllerNet10IntegrationTests.ValidateEfControllerStep_FailsWithEmptyModel [2 ms]
  Passed Microsoft.DotNet.Tools.Scaffold.Tests.AspNet.Integration.MVC.CrudControllerNet10IntegrationTests.Templates_HasExpectedScaffolderFolder(folderName: "EfController") [2 ms]
  Passed Microsoft.DotNet.Tools.Scaffold.Tests.AspNet.Integration.MVC.CrudControllerNet10IntegrationTests.Templates_HasExpectedScaffolderFolder(folderName: "Identity") [2 ms]
  Passed Microsoft.DotNet.Tools.Scaffold.Tests.AspNet.Integration.MVC.CrudControllerNet10IntegrationTests.Templates_HasExpectedScaffolderFolder(folderName: "RazorPages") [2 ms]
  Passed Microsoft.DotNet.Tools.Scaffold.Tests.AspNet.Integration.MVC.CrudControllerNet10IntegrationTests.Templates_HasExpectedScaffolderFolder(folderName: "Files") [1 ms]
  Passed Microsoft.DotNet.Tools.Scaffold.Tests.AspNet.Integration.MVC.CrudControllerNet10IntegrationTests.Templates_HasExpectedScaffolderFolder(folderName: "CodeModificationConfigs") [1 ms]
  Passed Microsoft.DotNet.Tools.Scaffold.Tests.AspNet.Integration.MVC.CrudControllerNet10IntegrationTests.Templates_HasExpectedScaffolderFolder(folderName: "BlazorCrud") [2 ms]
  Passed Microsoft.DotNet.Tools.Scaffold.Tests.AspNet.Integration.MVC.CrudControllerNet10IntegrationTests.Templates_HasExpectedScaffolderFolder(folderName: "MinimalApi") [1 ms]
  Passed Microsoft.DotNet.Tools.Scaffold.Tests.AspNet.Integration.MVC.CrudControllerNet10IntegrationTests.Templates_HasExpectedScaffolderFolder(folderName: "BlazorIdentity") [1 ms]
  Passed Microsoft.DotNet.Tools.Scaffold.Tests.AspNet.Integration.MVC.CrudControllerNet10IntegrationTests.Templates_HasExpectedScaffolderFolder(folderName: "Views") [1 ms]
  Passed Microsoft.DotNet.Tools.Scaffold.Tests.AspNet.Integration.MVC.CrudControllerNet10IntegrationTests.ValidateEfControllerStep_FailsWithInvalidModel(model: "") [2 ms]
  Passed Microsoft.DotNet.Tools.Scaffold.Tests.AspNet.Integration.MVC.CrudControllerNet10IntegrationTests.ValidateEfControllerStep_FailsWithInvalidModel(model: null) [2 ms]
[xUnit.net 00:02:35.52]     Microsoft.DotNet.Tools.Scaffold.Tests.AspNet.Integr
ation.MVC.CrudControllerNet10IntegrationTests.EfControllerTemplates_HasExactly2
Files [FAIL]
[xUnit.net 00:02:35.52]       Assert.Equal() Failure: Values differ
[xUnit.net 00:02:35.52]       Expected: 2
[xUnit.net 00:02:35.52]       Actual:   6
[xUnit.net 00:02:35.52]       Stack Trace:
[xUnit.net 00:02:35.52]         C:\Scaffolding\test\dotnet-scaffolding\dotnet-scaffold.Tests\AspNet\Integration\MVC\CrudControllerIntegrationTestsBase.cs(444,0): at Microsoft.DotNet.Tools.Scaffold.Tests.AspNet.Integration.CrudControllerIntegrationTestsBase.EfControllerTemplates_HasExactly2Files()
[xUnit.net 00:02:35.52]            at System.RuntimeMethodHandle.InvokeMethod(ObjectHandleOnStack target, Void** arguments, ObjectHandleOnStack sig, BOOL isConstructor, ObjectHandleOnStack result)
[xUnit.net 00:02:35.52]            at System.Reflection.MethodBaseInvoker.InterpretedInvoke_Method(Object obj, IntPtr* args)
[xUnit.net 00:02:35.52]            at System.Reflection.RuntimeMethodInfo.Invoke(Object obj, BindingFlags invokeAttr, Binder binder, Object[] parameters, CultureInfo culture)
  Passed Microsoft.DotNet.Tools.Scaffold.Tests.AspNet.Integration.MVC.CrudControllerNet10IntegrationTests.ValidateEfControllerStep_FailsWithEmptyControllerName [2 ms]
  Passed Microsoft.DotNet.Tools.Scaffold.Tests.AspNet.Integration.MVC.CrudControllerNet10IntegrationTests.ValidateEfControllerStep_FailsWithNonExistentProject [2 ms]
  Passed Microsoft.DotNet.Tools.Scaffold.Tests.AspNet.Integration.MVC.CrudControllerNet10IntegrationTests.ValidateEfControllerStep_FailsWithEmptyProject [3 ms]
  Passed Microsoft.DotNet.Tools.Scaffold.Tests.AspNet.Integration.MVC.CrudControllerNet10IntegrationTests.ValidateEfControllerStep_FailsWithNullProject [1 ms]
  Passed Microsoft.DotNet.Tools.Scaffold.Tests.AspNet.Integration.MVC.CrudControllerNet10IntegrationTests.ValidateEfControllerStep_TracksTelemetry_OnNullProjectFailure [1 ms]
  Passed Microsoft.DotNet.Tools.Scaffold.Tests.AspNet.Integration.MVC.CrudControllerNet10IntegrationTests.ValidateEfControllerStep_FailsWithNullControllerType [2 ms]
  Passed Microsoft.DotNet.Tools.Scaffold.Tests.AspNet.Integration.MVC.CrudControllerNet10IntegrationTests.ValidateEfControllerStep_FailsWithEmptyDataContext [2 ms]
  Passed Microsoft.DotNet.Tools.Scaffold.Tests.AspNet.Integration.MVC.CrudControllerNet10IntegrationTests.ValidateEfControllerStep_TracksTelemetry_OnNullDataContextFailure [2 ms]
  Failed Microsoft.DotNet.Tools.Scaffold.Tests.AspNet.Integration.MVC.CrudControllerNet10IntegrationTests.EfControllerTemplates_HasExactly2Files [2 ms]
  Error Message:
   Assert.Equal() Failure: Values differ
Expected: 2
Actual:   6
  Stack Trace:
     at Microsoft.DotNet.Tools.Scaffold.Tests.AspNet.Integration.CrudControllerIntegrationTestsBase.EfControllerTemplates_HasExactly2Files() in C:\Scaffolding\test\dotnet-scaffolding\dotnet-scaffold.Tests\AspNet\Integration\MVC\CrudControllerIntegrationTestsBase.cs:line 444
   at System.RuntimeMethodHandle.InvokeMethod(ObjectHandleOnStack target, Void** arguments, ObjectHandleOnStack sig, BOOL isConstructor, ObjectHandleOnStack result)
   at System.Reflection.MethodBaseInvoker.InterpretedInvoke_Method(Object obj, IntPtr* args)
   at System.Reflection.RuntimeMethodInfo.Invoke(Object obj, BindingFlags invokeAttr, Binder binder, Object[] parameters, CultureInfo culture)
[xUnit.net 00:02:35.53]     Microsoft.DotNet.Tools.Scaffold.Tests.AspNet.Integr
ation.MVC.CrudControllerNet10IntegrationTests.ViewsTemplates_HasBootstrap5Subfo
lder [FAIL]
[xUnit.net 00:02:35.53]       Bootstrap5 subfolder should exist for net10.0 Views templates
[xUnit.net 00:02:35.53]       Stack Trace:
[xUnit.net 00:02:35.53]         C:\Scaffolding\test\dotnet-scaffolding\dotnet-scaffold.Tests\AspNet\Integration\MVC\CrudControllerIntegrationTestsBase.cs(483,0): at Microsoft.DotNet.Tools.Scaffold.Tests.AspNet.Integration.CrudControllerIntegrationTestsBase.ViewsTemplates_HasBootstrap5Subfolder()
[xUnit.net 00:02:35.53]            at System.RuntimeMethodHandle.InvokeMethod(ObjectHandleOnStack target, Void** arguments, ObjectHandleOnStack sig, BOOL isConstructor, ObjectHandleOnStack result)
[xUnit.net 00:02:35.53]            at System.Reflection.MethodBaseInvoker.InterpretedInvoke_Method(Object obj, IntPtr* args)
[xUnit.net 00:02:35.53]            at System.Reflection.RuntimeMethodInfo.Invoke(Object obj, BindingFlags invokeAttr, Binder binder, Object[] parameters, CultureInfo culture)
  Passed Microsoft.DotNet.Tools.Scaffold.Tests.AspNet.Integration.MVC.CrudControllerNet10IntegrationTests.EfPackagesDict_ContainsAllFourProviders [1 ms]
  Passed Microsoft.DotNet.Tools.Scaffold.Tests.AspNet.Integration.MVC.CrudControllerNet10IntegrationTests.ValidateEfControllerStep_TracksTelemetry_OnNullControllerNameFailure [2 ms]
  Failed Microsoft.DotNet.Tools.Scaffold.Tests.AspNet.Integration.MVC.CrudControllerNet10IntegrationTests.ViewsTemplates_HasBootstrap5Subfolder [2 ms]
  Error Message:
   Bootstrap5 subfolder should exist for net10.0 Views templates
  Stack Trace:
     at Microsoft.DotNet.Tools.Scaffold.Tests.AspNet.Integration.CrudControllerIntegrationTestsBase.ViewsTemplates_HasBootstrap5Subfolder() in C:\Scaffolding\test\dotnet-scaffolding\dotnet-scaffold.Tests\AspNet\Integration\MVC\CrudControllerIntegrationTestsBase.cs:line 483
   at System.RuntimeMethodHandle.InvokeMethod(ObjectHandleOnStack target, Void** arguments, ObjectHandleOnStack sig, BOOL isConstructor, ObjectHandleOnStack result)
   at System.Reflection.MethodBaseInvoker.InterpretedInvoke_Method(Object obj, IntPtr* args)
   at System.Reflection.RuntimeMethodInfo.Invoke(Object obj, BindingFlags invokeAttr, Binder binder, Object[] parameters, CultureInfo culture)
[xUnit.net 00:02:37.17]     Microsoft.DotNet.Tools.Scaffold.Tests.AspNet.Integr
ation.RazorPages.RazorPagesCrudNet9IntegrationTests.Scaffold_RazorPagesCrud_Net
9_CliInvocation [FAIL]
[xUnit.net 00:02:37.17]       File 'Pages\TestModelPages\Delete.cshtml.cs' should not contain 'NotFound()' for this target framework.
[xUnit.net 00:02:37.17]       Stack Trace:
[xUnit.net 00:02:37.17]         C:\Scaffolding\test\dotnet-scaffolding\dotnet-scaffold.Tests\Helpers\ScaffoldCliHelper.cs(136,0): at Microsoft.DotNet.Tools.Scaffold.Tests.Helpers.ScaffoldCliHelper.AssertNoNotFoundInGeneratedFiles(String projectDir)
[xUnit.net 00:02:37.17]         C:\Scaffolding\test\dotnet-scaffolding\dotnet-scaffold.Tests\AspNet\Integration\RazorPages\RazorPagesCrudNet9IntegrationTests.cs(118,0): at Microsoft.DotNet.Tools.Scaffold.Tests.AspNet.Integration.RazorPages.RazorPagesCrudNet9IntegrationTests.Scaffold_RazorPagesCrud_Net9_CliInvocation()
[xUnit.net 00:02:37.17]         --- End of stack trace from previous location ---
  Failed Microsoft.DotNet.Tools.Scaffold.Tests.AspNet.Integration.RazorPages.RazorPagesCrudNet9IntegrationTests.Scaffold_RazorPagesCrud_Net9_CliInvocation [2 m 35 s]
  Error Message:
   File 'Pages\TestModelPages\Delete.cshtml.cs' should not contain 'NotFound()' for this target framework.
  Stack Trace:
     at Microsoft.DotNet.Tools.Scaffold.Tests.Helpers.ScaffoldCliHelper.AssertNoNotFoundInGeneratedFiles(String projectDir) in C:\Scaffolding\test\dotnet-scaffolding\dotnet-scaffold.Tests\Helpers\ScaffoldCliHelper.cs:line 136
   at Microsoft.DotNet.Tools.Scaffold.Tests.AspNet.Integration.RazorPages.RazorPagesCrudNet9IntegrationTests.Scaffold_RazorPagesCrud_Net9_CliInvocation() in C:\Scaffolding\test\dotnet-scaffolding\dotnet-scaffold.Tests\AspNet\Integration\RazorPages\RazorPagesCrudNet9IntegrationTests.cs:line 118
--- End of stack trace from previous location ---
  Passed Microsoft.DotNet.Tools.Scaffold.Tests.AspNet.Integration.RazorPages.RazorPagesCrudNet9IntegrationTests.RazorPagesCrud_IsDifferentFromBlazorCrud [4 ms]
  Passed Microsoft.DotNet.Tools.Scaffold.Tests.AspNet.Integration.RazorPages.RazorPagesCrudNet9IntegrationTests.ValidateRazorPagesStep_TracksTelemetry_OnNullModelFailure [15 ms]
  Passed Microsoft.DotNet.Tools.Scaffold.Tests.AspNet.Integration.RazorPages.RazorPagesCrudNet9IntegrationTests.EfPackagesDict_ContainsAllFourProviders [2 ms]
  Passed Microsoft.DotNet.Tools.Scaffold.Tests.AspNet.Integration.RazorPages.RazorPagesCrudNet9IntegrationTests.ValidateRazorPagesStep_FailsWithEmptyDataContext [3 ms]
  Passed Microsoft.DotNet.Tools.Scaffold.Tests.AspNet.Integration.RazorPages.RazorPagesCrudNet9IntegrationTests.ValidateRazorPagesStep_TracksTelemetry_OnNullProjectFailure [2 ms]
  Passed Microsoft.DotNet.Tools.Scaffold.Tests.AspNet.Integration.RazorPages.RazorPagesCrudNet9IntegrationTests.CrudPages_ContainsNotFound [2 ms]
  Passed Microsoft.DotNet.Tools.Scaffold.Tests.AspNet.Integration.RazorPages.RazorPagesCrudNet9IntegrationTests.UseDatabaseMethods_HasAllFourProviders [4 ms]
  Passed Microsoft.DotNet.Tools.Scaffold.Tests.AspNet.Integration.RazorPages.RazorPagesCrudNet9IntegrationTests.RazorPagesTemplates_FolderExists [2 ms]
[xUnit.net 00:02:38.68]     Microsoft.DotNet.Tools.Scaffold.Tests.AspNet.Integr
ation.API.MinimalApiNet8IntegrationTests.Scaffold_MinimalApi_Net8_CliInvocation
 [FAIL]
[xUnit.net 00:02:38.68]       CLI scaffold should succeed.
Output: C:\Program Files\dotnet\sdk\11.0.100-preview.1.26076.102\Microsoft.Common.CurrentVersion.targets(4917,5): warning MSB3026: Could not copy "C:\Scaffolding\artifacts\obj\Microsoft.DotNet.Scaffolding.CodeModification\Debug\net11.0\Microsoft.DotNet.Scaffolding.CodeModification.dll" to "C:\Scaffolding\artifacts\bin\Microsoft.DotNet.Scaffolding.CodeModification\Debug\net11.0\Microsoft.DotNet.Scaffolding.CodeModification.dll". Beginning retry 1 in 1000ms. The process cannot access the file 'C:\Scaffolding\artifacts\bin\Microsoft.DotNet.Scaffolding.CodeModification\Debug\net11.0\Microsoft.DotNet.Scaffolding.CodeModification.dll' because it is being used by another process.  [C:\Scaffolding\src\dotnet-scaffolding\Microsoft.DotNet.Scaffolding.CodeModification\Microsoft.DotNet.Scaffolding.CodeModification.csproj::TargetFramework=net11.0]
[xUnit.net 00:02:38.68]       C:\Program Files\dotnet\sdk\11.0.100-preview.1.26076.102\Microsoft.Common.CurrentVersion.targets(5094,5): warning MSB3026: Could not copy "C:\Scaffolding\artifacts\bin\Microsoft.DotNet.Scaffolding.CodeModification\Debug\net11.0\Microsoft.DotNet.Scaffolding.CodeModification.dll" to "C:\Scaffolding\artifacts\bin\dotnet-scaffold\Debug\net11.0\Microsoft.DotNet.Scaffolding.CodeModification.dll". Beginning retry 1 in 1000ms. The process cannot access the file 'C:\Scaffolding\artifacts\bin\dotnet-scaffold\Debug\net11.0\Microsoft.DotNet.Scaffolding.CodeModification.dll' because it is being used by another process. The file is locked by: ".NET Host (69756), .NET Host (26576), dotnet-scaffold (82904), dotnet-scaffold (49964), dotnet-scaffold (38348), dotnet-scaffold (33444), dotnet-scaffold (75916), dotnet-scaffold (20952), dotnet-scaffold (80780), dotnet-scaffold (32408)" [C:\Scaffolding\src\dotnet-scaffolding\dotnet-scaffold\dotnet-scaffold.csproj::TargetFramework=net11.0]
[xUnit.net 00:02:38.68]       C:\Program Files\dotnet\sdk\11.0.100-preview.1.26076.102\Microsoft.Common.CurrentVersion.targets(5094,5): warning MSB3026: Could not copy "C:\Scaffolding\artifacts\bin\Microsoft.DotNet.Scaffolding.CodeModification\Debug\net11.0\Microsoft.DotNet.Scaffolding.CodeModification.dll" to "C:\Scaffolding\artifacts\bin\dotnet-scaffold\Debug\net11.0\Microsoft.DotNet.Scaffolding.CodeModification.dll". Beginning retry 2 in 1000ms. The process cannot access the file 'C:\Scaffolding\artifacts\bin\dotnet-scaffold\Debug\net11.0\Microsoft.DotNet.Scaffolding.CodeModification.dll' because it is being used by another process. The file is locked by: "dotnet-scaffold (82904), dotnet-scaffold (49964), dotnet-scaffold (38348), dotnet-scaffold (33444), dotnet-scaffold (20952), dotnet-scaffold (80780), dotnet-scaffold (32408)" [C:\Scaffolding\src\dotnet-scaffolding\dotnet-scaffold\dotnet-scaffold.csproj::TargetFramework=net11.0]
[xUnit.net 00:02:38.68]       C:\Program Files\dotnet\sdk\11.0.100-preview.1.26076.102\Microsoft.Common.CurrentVersion.targets(5094,5): warning MSB3026: Could not copy "C:\Scaffolding\artifacts\bin\Microsoft.DotNet.Scaffolding.CodeModification\Debug\net11.0\Microsoft.DotNet.Scaffolding.CodeModification.dll" to "C:\Scaffolding\artifacts\bin\dotnet-scaffold\Debug\net11.0\Microsoft.DotNet.Scaffolding.CodeModification.dll". Beginning retry 3 in 1000ms. The process cannot access the file 'C:\Scaffolding\artifacts\bin\dotnet-scaffold\Debug\net11.0\Microsoft.DotNet.Scaffolding.CodeModification.dll' because it is being used by another process. The file is locked by: ".NET Host (82760), dotnet-scaffold (82904), dotnet-scaffold (49964), dotnet-scaffold (38348), dotnet-scaffold (33444), dotnet-scaffold (20952), dotnet-scaffold (80780), dotnet-scaffold (32408), .NET Host (69756), .NET Host (21204)" [C:\Scaffolding\src\dotnet-scaffolding\dotnet-scaffold\dotnet-scaffold.csproj::TargetFramework=net11.0]
[xUnit.net 00:02:38.68]       C:\Program Files\dotnet\sdk\11.0.100-preview.1.26076.102\Microsoft.Common.CurrentVersion.targets(5094,5): warning MSB3026: Could not copy "C:\Scaffolding\artifacts\bin\Microsoft.DotNet.Scaffolding.CodeModification\Debug\net11.0\Microsoft.DotNet.Scaffolding.CodeModification.dll" to "C:\Scaffolding\artifacts\bin\dotnet-scaffold\Debug\net11.0\Microsoft.DotNet.Scaffolding.CodeModification.dll". Beginning retry 4 in 1000ms. The process cannot access the file 'C:\Scaffolding\artifacts\bin\dotnet-scaffold\Debug\net11.0\Microsoft.DotNet.Scaffolding.CodeModification.dll' because it is being used by another process. The file is locked by: ".NET Host (88448), .NET Host (10324), .NET Host (44224), dotnet-scaffold (82904), dotnet-scaffold (49964), dotnet-scaffold (38348), dotnet-scaffold (33444), dotnet-scaffold (20952), dotnet-scaffold (80780), dotnet-scaffold (32408), .NET Host (82140), .NET Host (66676)" [C:\Scaffolding\src\dotnet-scaffolding\dotnet-scaffold\dotnet-scaffold.csproj::TargetFramework=net11.0]
[xUnit.net 00:02:38.68]       C:\Program Files\dotnet\sdk\11.0.100-preview.1.26076.102\Microsoft.Common.CurrentVersion.targets(5094,5): warning MSB3026: Could not copy "C:\Scaffolding\artifacts\bin\Microsoft.DotNet.Scaffolding.CodeModification\Debug\net11.0\Microsoft.DotNet.Scaffolding.CodeModification.dll" to "C:\Scaffolding\artifacts\bin\dotnet-scaffold\Debug\net11.0\Microsoft.DotNet.Scaffolding.CodeModification.dll". Beginning retry 5 in 1000ms. The process cannot access the file 'C:\Scaffolding\artifacts\bin\dotnet-scaffold\Debug\net11.0\Microsoft.DotNet.Scaffolding.CodeModification.dll' because it is being used by another process. The file is locked by: ".NET Host (26576), .NET Host (44224), dotnet-scaffold (82904), dotnet-scaffold (49964), dotnet-scaffold (38348), dotnet-scaffold (33444), dotnet-scaffold (20952), dotnet-scaffold (80780), dotnet-scaffold (32408)" [C:\Scaffolding\src\dotnet-scaffolding\dotnet-scaffold\dotnet-scaffold.csproj::TargetFramework=net11.0]
[xUnit.net 00:02:38.68]       C:\Program Files\dotnet\sdk\11.0.100-preview.1.26076.102\Microsoft.Common.CurrentVersion.targets(5094,5): warning MSB3026: Could not copy "C:\Scaffolding\artifacts\bin\Microsoft.DotNet.Scaffolding.CodeModification\Debug\net11.0\Microsoft.DotNet.Scaffolding.CodeModification.dll" to "C:\Scaffolding\artifacts\bin\dotnet-scaffold\Debug\net11.0\Microsoft.DotNet.Scaffolding.CodeModification.dll". Beginning retry 6 in 1000ms. The process cannot access the file 'C:\Scaffolding\artifacts\bin\dotnet-scaffold\Debug\net11.0\Microsoft.DotNet.Scaffolding.CodeModification.dll' because it is being used by another process. The file is locked by: "dotnet-scaffold (82904), dotnet-scaffold (49964), dotnet-scaffold (38348), dotnet-scaffold (33444), dotnet-scaffold (20952), dotnet-scaffold (80780), dotnet-scaffold (32408)" [C:\Scaffolding\src\dotnet-scaffolding\dotnet-scaffold\dotnet-scaffold.csproj::TargetFramework=net11.0]
[xUnit.net 00:02:38.68]       C:\Program Files\dotnet\sdk\11.0.100-preview.1.26076.102\Microsoft.Common.CurrentVersion.targets(5094,5): warning MSB3026: Could not copy "C:\Scaffolding\artifacts\bin\Microsoft.DotNet.Scaffolding.CodeModification\Debug\net11.0\Microsoft.DotNet.Scaffolding.CodeModification.dll" to "C:\Scaffolding\artifacts\bin\dotnet-scaffold\Debug\net11.0\Microsoft.DotNet.Scaffolding.CodeModification.dll". Beginning retry 7 in 1000ms. The process cannot access the file 'C:\Scaffolding\artifacts\bin\dotnet-scaffold\Debug\net11.0\Microsoft.DotNet.Scaffolding.CodeModification.dll' because it is being used by another process. The file is locked by: ".NET Host (58960), dotnet-scaffold (82904), dotnet-scaffold (49964), dotnet-scaffold (38348), dotnet-scaffold (33444), dotnet-scaffold (20952), dotnet-scaffold (80780), dotnet-scaffold (32408)" [C:\Scaffolding\src\dotnet-scaffolding\dotnet-scaffold\dotnet-scaffold.csproj::TargetFramework=net11.0]
[xUnit.net 00:02:38.68]       C:\Program Files\dotnet\sdk\11.0.100-preview.1.26076.102\Microsoft.Common.CurrentVersion.targets(5094,5): warning MSB3026: Could not copy "C:\Scaffolding\artifacts\bin\Microsoft.DotNet.Scaffolding.CodeModification\Debug\net11.0\Microsoft.DotNet.Scaffolding.CodeModification.dll" to "C:\Scaffolding\artifacts\bin\dotnet-scaffold\Debug\net11.0\Microsoft.DotNet.Scaffolding.CodeModification.dll". Beginning retry 8 in 1000ms. The process cannot access the file 'C:\Scaffolding\artifacts\bin\dotnet-scaffold\Debug\net11.0\Microsoft.DotNet.Scaffolding.CodeModification.dll' because it is being used by another process. The file is locked by: "dotnet-scaffold (82904), dotnet-scaffold (49964), dotnet-scaffold (38348), dotnet-scaffold (33444), dotnet-scaffold (20952), dotnet-scaffold (80780), dotnet-scaffold (32408)" [C:\Scaffolding\src\dotnet-scaffolding\dotnet-scaffold\dotnet-scaffold.csproj::TargetFramework=net11.0]
[xUnit.net 00:02:38.68]       C:\Program Files\dotnet\sdk\11.0.100-preview.1.26076.102\Microsoft.Common.CurrentVersion.targets(5094,5): warning MSB3026: Could not copy "C:\Scaffolding\artifacts\bin\Microsoft.DotNet.Scaffolding.CodeModification\Debug\net11.0\Microsoft.DotNet.Scaffolding.CodeModification.dll" to "C:\Scaffolding\artifacts\bin\dotnet-scaffold\Debug\net11.0\Microsoft.DotNet.Scaffolding.CodeModification.dll". Beginning retry 9 in 1000ms. The process cannot access the file 'C:\Scaffolding\artifacts\bin\dotnet-scaffold\Debug\net11.0\Microsoft.DotNet.Scaffolding.CodeModification.dll' because it is being used by another process. The file is locked by: "dotnet-scaffold (82904), dotnet-scaffold (49964), dotnet-scaffold (38348), dotnet-scaffold (33444), dotnet-scaffold (20952), dotnet-scaffold (80780), dotnet-scaffold (32408), .NET Host (69756), .NET Host (21204)" [C:\Scaffolding\src\dotnet-scaffolding\dotnet-scaffold\dotnet-scaffold.csproj::TargetFramework=net11.0]
[xUnit.net 00:02:38.68]       C:\Program Files\dotnet\sdk\11.0.100-preview.1.26076.102\Microsoft.Common.CurrentVersion.targets(5094,5): warning MSB3026: Could not copy "C:\Scaffolding\artifacts\bin\Microsoft.DotNet.Scaffolding.CodeModification\Debug\net11.0\Microsoft.DotNet.Scaffolding.CodeModification.dll" to "C:\Scaffolding\artifacts\bin\dotnet-scaffold\Debug\net11.0\Microsoft.DotNet.Scaffolding.CodeModification.dll". Beginning retry 10 in 1000ms. The process cannot access the file 'C:\Scaffolding\artifacts\bin\dotnet-scaffold\Debug\net11.0\Microsoft.DotNet.Scaffolding.CodeModification.dll' because it is being used by another process. The file is locked by: ".NET Host (21204), dotnet-scaffold (82904), dotnet-scaffold (49964), dotnet-scaffold (38348), dotnet-scaffold (33444), dotnet-scaffold (20952), dotnet-scaffold (80780), dotnet-scaffold (32408)" [C:\Scaffolding\src\dotnet-scaffolding\dotnet-scaffold\dotnet-scaffold.csproj::TargetFramework=net11.0]
[xUnit.net 00:02:38.68]       C:\Program Files\dotnet\sdk\11.0.100-preview.1.26076.102\Microsoft.Common.CurrentVersion.targets(5094,5): error MSB3027: Could not copy "C:\Scaffolding\artifacts\bin\Microsoft.DotNet.Scaffolding.CodeModification\Debug\net11.0\Microsoft.DotNet.Scaffolding.CodeModification.dll" to "C:\Scaffolding\artifacts\bin\dotnet-scaffold\Debug\net11.0\Microsoft.DotNet.Scaffolding.CodeModification.dll". Exceeded retry count of 10. Failed. The file is locked by: ".NET Host (88448), .NET Host (82760), dotnet-scaffold (82904), dotnet-scaffold (49964), dotnet-scaffold (38348), dotnet-scaffold (33444), dotnet-scaffold (20952), dotnet-scaffold (80780), dotnet-scaffold (32408), .NET Host (82140), .NET Host (26576), .NET Host (21204), .NET Host (66676), .NET Host (10324)" [C:\Scaffolding\src\dotnet-scaffolding\dotnet-scaffold\dotnet-scaffold.csproj::TargetFramework=net11.0]
[xUnit.net 00:02:38.68]       C:\Program Files\dotnet\sdk\11.0.100-preview.1.26076.102\Microsoft.Common.CurrentVersion.targets(5094,5): error MSB3021: Unable to copy file "C:\Scaffolding\artifacts\bin\Microsoft.DotNet.Scaffolding.CodeModification\Debug\net11.0\Microsoft.DotNet.Scaffolding.CodeModification.dll" to "C:\Scaffolding\artifacts\bin\dotnet-scaffold\Debug\net11.0\Microsoft.DotNet.Scaffolding.CodeModification.dll". The process cannot access the file 'C:\Scaffolding\artifacts\bin\dotnet-scaffold\Debug\net11.0\Microsoft.DotNet.Scaffolding.CodeModification.dll' because it is being used by another process. [C:\Scaffolding\src\dotnet-scaffolding\dotnet-scaffold\dotnet-scaffold.csproj::TargetFramework=net11.0]
[xUnit.net 00:02:38.68]       
Error: 
[xUnit.net 00:02:38.68]       The build failed. Fix the build errors and run again.
[xUnit.net 00:02:38.68]       
[xUnit.net 00:02:38.68]       Stack Trace:
[xUnit.net 00:02:38.68]         C:\Scaffolding\test\dotnet-scaffolding\dotnet-scaffold.Tests\AspNet\Integration\API\MinimalApiNet8IntegrationTests.cs(38,0): at Microsoft.DotNet.Tools.Scaffold.Tests.AspNet.Integration.API.MinimalApiNet8IntegrationTests.Scaffold_MinimalApi_Net8_CliInvocation()
[xUnit.net 00:02:38.68]         --- End of stack trace from previous location ---
  Passed Microsoft.DotNet.Tools.Scaffold.Tests.AspNet.Integration.RazorPages.RazorPagesCrudNet9IntegrationTests.CrudPages_ContainsExpectedPageTypes [2 ms]
  Passed Microsoft.DotNet.Tools.Scaffold.Tests.AspNet.Integration.RazorPages.RazorPagesCrudNet9IntegrationTests.ValidateRazorPagesStep_FailsWithNullModel [3 ms]
  Passed Microsoft.DotNet.Tools.Scaffold.Tests.AspNet.Integration.RazorPages.RazorPagesCrudNet9IntegrationTests.ValidateRazorPagesStep_TracksTelemetry_OnNullPageFailure [3 ms]
  Passed Microsoft.DotNet.Tools.Scaffold.Tests.AspNet.Integration.RazorPages.RazorPagesCrudNet9IntegrationTests.ValidateRazorPagesStep_FailsWithInvalidDataContext(dataContext: null) [3 ms]
  Passed Microsoft.DotNet.Tools.Scaffold.Tests.AspNet.Integration.RazorPages.RazorPagesCrudNet9IntegrationTests.ValidateRazorPagesStep_FailsWithInvalidDataContext(dataContext: "") [7 ms]
  Passed Microsoft.DotNet.Tools.Scaffold.Tests.AspNet.Integration.RazorPages.RazorPagesCrudNet9IntegrationTests.ValidateRazorPagesStep_FailsWithNullProject [2 ms]
  Passed Microsoft.DotNet.Tools.Scaffold.Tests.AspNet.Integration.RazorPageEmptyNet11IntegrationTests.ProjectPath_DefaultsToNull [3 ms]
  Failed Microsoft.DotNet.Tools.Scaffold.Tests.AspNet.Integration.API.MinimalApiNet8IntegrationTests.Scaffold_MinimalApi_Net8_CliInvocation [2 m 31 s]
  Error Message:
   CLI scaffold should succeed.
Output: C:\Program Files\dotnet\sdk\11.0.100-preview.1.26076.102\Microsoft.Common.CurrentVersion.targets(4917,5): warning MSB3026: Could not copy "C:\Scaffolding\artifacts\obj\Microsoft.DotNet.Scaffolding.CodeModification\Debug\net11.0\Microsoft.DotNet.Scaffolding.CodeModification.dll" to "C:\Scaffolding\artifacts\bin\Microsoft.DotNet.Scaffolding.CodeModification\Debug\net11.0\Microsoft.DotNet.Scaffolding.CodeModification.dll". Beginning retry 1 in 1000ms. The process cannot access the file 'C:\Scaffolding\artifacts\bin\Microsoft.DotNet.Scaffolding.CodeModification\Debug\net11.0\Microsoft.DotNet.Scaffolding.CodeModification.dll' because it is being used by another process.  [C:\Scaffolding\src\dotnet-scaffolding\Microsoft.DotNet.Scaffolding.CodeModification\Microsoft.DotNet.Scaffolding.CodeModification.csproj::TargetFramework=net11.0]
C:\Program Files\dotnet\sdk\11.0.100-preview.1.26076.102\Microsoft.Common.CurrentVersion.targets(5094,5): warning MSB3026: Could not copy "C:\Scaffolding\artifacts\bin\Microsoft.DotNet.Scaffolding.CodeModification\Debug\net11.0\Microsoft.DotNet.Scaffolding.CodeModification.dll" to "C:\Scaffolding\artifacts\bin\dotnet-scaffold\Debug\net11.0\Microsoft.DotNet.Scaffolding.CodeModification.dll". Beginning retry 1 in 1000ms. The process cannot access the file 'C:\Scaffolding\artifacts\bin\dotnet-scaffold\Debug\net11.0\Microsoft.DotNet.Scaffolding.CodeModification.dll' because it is being used by another process. The file is locked by: ".NET Host (69756), .NET Host (26576), dotnet-scaffold (82904), dotnet-scaffold (49964), dotnet-scaffold (38348), dotnet-scaffold (33444), dotnet-scaffold (75916), dotnet-scaffold (20952), dotnet-scaffold (80780), dotnet-scaffold (32408)" [C:\Scaffolding\src\dotnet-scaffolding\dotnet-scaffold\dotnet-scaffold.csproj::TargetFramework=net11.0]
C:\Program Files\dotnet\sdk\11.0.100-preview.1.26076.102\Microsoft.Common.CurrentVersion.targets(5094,5): warning MSB3026: Could not copy "C:\Scaffolding\artifacts\bin\Microsoft.DotNet.Scaffolding.CodeModification\Debug\net11.0\Microsoft.DotNet.Scaffolding.CodeModification.dll" to "C:\Scaffolding\artifacts\bin\dotnet-scaffold\Debug\net11.0\Microsoft.DotNet.Scaffolding.CodeModification.dll". Beginning retry 2 in 1000ms. The process cannot access the file 'C:\Scaffolding\artifacts\bin\dotnet-scaffold\Debug\net11.0\Microsoft.DotNet.Scaffolding.CodeModification.dll' because it is being used by another process. The file is locked by: "dotnet-scaffold (82904), dotnet-scaffold (49964), dotnet-scaffold (38348), dotnet-scaffold (33444), dotnet-scaffold (20952), dotnet-scaffold (80780), dotnet-scaffold (32408)" [C:\Scaffolding\src\dotnet-scaffolding\dotnet-scaffold\dotnet-scaffold.csproj::TargetFramework=net11.0]
C:\Program Files\dotnet\sdk\11.0.100-preview.1.26076.102\Microsoft.Common.CurrentVersion.targets(5094,5): warning MSB3026: Could not copy "C:\Scaffolding\artifacts\bin\Microsoft.DotNet.Scaffolding.CodeModification\Debug\net11.0\Microsoft.DotNet.Scaffolding.CodeModification.dll" to "C:\Scaffolding\artifacts\bin\dotnet-scaffold\Debug\net11.0\Microsoft.DotNet.Scaffolding.CodeModification.dll". Beginning retry 3 in 1000ms. The process cannot access the file 'C:\Scaffolding\artifacts\bin\dotnet-scaffold\Debug\net11.0\Microsoft.DotNet.Scaffolding.CodeModification.dll' because it is being used by another process. The file is locked by: ".NET Host (82760), dotnet-scaffold (82904), dotnet-scaffold (49964), dotnet-scaffold (38348), dotnet-scaffold (33444), dotnet-scaffold (20952), dotnet-scaffold (80780), dotnet-scaffold (32408), .NET Host (69756), .NET Host (21204)" [C:\Scaffolding\src\dotnet-scaffolding\dotnet-scaffold\dotnet-scaffold.csproj::TargetFramework=net11.0]
C:\Program Files\dotnet\sdk\11.0.100-preview.1.26076.102\Microsoft.Common.CurrentVersion.targets(5094,5): warning MSB3026: Could not copy "C:\Scaffolding\artifacts\bin\Microsoft.DotNet.Scaffolding.CodeModification\Debug\net11.0\Microsoft.DotNet.Scaffolding.CodeModification.dll" to "C:\Scaffolding\artifacts\bin\dotnet-scaffold\Debug\net11.0\Microsoft.DotNet.Scaffolding.CodeModification.dll". Beginning retry 4 in 1000ms. The process cannot access the file 'C:\Scaffolding\artifacts\bin\dotnet-scaffold\Debug\net11.0\Microsoft.DotNet.Scaffolding.CodeModification.dll' because it is being used by another process. The file is locked by: ".NET Host (88448), .NET Host (10324), .NET Host (44224), dotnet-scaffold (82904), dotnet-scaffold (49964), dotnet-scaffold (38348), dotnet-scaffold (33444), dotnet-scaffold (20952), dotnet-scaffold (80780), dotnet-scaffold (32408), .NET Host (82140), .NET Host (66676)" [C:\Scaffolding\src\dotnet-scaffolding\dotnet-scaffold\dotnet-scaffold.csproj::TargetFramework=net11.0]
C:\Program Files\dotnet\sdk\11.0.100-preview.1.26076.102\Microsoft.Common.CurrentVersion.targets(5094,5): warning MSB3026: Could not copy "C:\Scaffolding\artifacts\bin\Microsoft.DotNet.Scaffolding.CodeModification\Debug\net11.0\Microsoft.DotNet.Scaffolding.CodeModification.dll" to "C:\Scaffolding\artifacts\bin\dotnet-scaffold\Debug\net11.0\Microsoft.DotNet.Scaffolding.CodeModification.dll". Beginning retry 5 in 1000ms. The process cannot access the file 'C:\Scaffolding\artifacts\bin\dotnet-scaffold\Debug\net11.0\Microsoft.DotNet.Scaffolding.CodeModification.dll' because it is being used by another process. The file is locked by: ".NET Host (26576), .NET Host (44224), dotnet-scaffold (82904), dotnet-scaffold (49964), dotnet-scaffold (38348), dotnet-scaffold (33444), dotnet-scaffold (20952), dotnet-scaffold (80780), dotnet-scaffold (32408)" [C:\Scaffolding\src\dotnet-scaffolding\dotnet-scaffold\dotnet-scaffold.csproj::TargetFramework=net11.0]
C:\Program Files\dotnet\sdk\11.0.100-preview.1.26076.102\Microsoft.Common.CurrentVersion.targets(5094,5): warning MSB3026: Could not copy "C:\Scaffolding\artifacts\bin\Microsoft.DotNet.Scaffolding.CodeModification\Debug\net11.0\Microsoft.DotNet.Scaffolding.CodeModification.dll" to "C:\Scaffolding\artifacts\bin\dotnet-scaffold\Debug\net11.0\Microsoft.DotNet.Scaffolding.CodeModification.dll". Beginning retry 6 in 1000ms. The process cannot access the file 'C:\Scaffolding\artifacts\bin\dotnet-scaffold\Debug\net11.0\Microsoft.DotNet.Scaffolding.CodeModification.dll' because it is being used by another process. The file is locked by: "dotnet-scaffold (82904), dotnet-scaffold (49964), dotnet-scaffold (38348), dotnet-scaffold (33444), dotnet-scaffold (20952), dotnet-scaffold (80780), dotnet-scaffold (32408)" [C:\Scaffolding\src\dotnet-scaffolding\dotnet-scaffold\dotnet-scaffold.csproj::TargetFramework=net11.0]
C:\Program Files\dotnet\sdk\11.0.100-preview.1.26076.102\Microsoft.Common.CurrentVersion.targets(5094,5): warning MSB3026: Could not copy "C:\Scaffolding\artifacts\bin\Microsoft.DotNet.Scaffolding.CodeModification\Debug\net11.0\Microsoft.DotNet.Scaffolding.CodeModification.dll" to "C:\Scaffolding\artifacts\bin\dotnet-scaffold\Debug\net11.0\Microsoft.DotNet.Scaffolding.CodeModification.dll". Beginning retry 7 in 1000ms. The process cannot access the file 'C:\Scaffolding\artifacts\bin\dotnet-scaffold\Debug\net11.0\Microsoft.DotNet.Scaffolding.CodeModification.dll' because it is being used by another process. The file is locked by: ".NET Host (58960), dotnet-scaffold (82904), dotnet-scaffold (49964), dotnet-scaffold (38348), dotnet-scaffold (33444), dotnet-scaffold (20952), dotnet-scaffold (80780), dotnet-scaffold (32408)" [C:\Scaffolding\src\dotnet-scaffolding\dotnet-scaffold\dotnet-scaffold.csproj::TargetFramework=net11.0]
C:\Program Files\dotnet\sdk\11.0.100-preview.1.26076.102\Microsoft.Common.CurrentVersion.targets(5094,5): warning MSB3026: Could not copy "C:\Scaffolding\artifacts\bin\Microsoft.DotNet.Scaffolding.CodeModification\Debug\net11.0\Microsoft.DotNet.Scaffolding.CodeModification.dll" to "C:\Scaffolding\artifacts\bin\dotnet-scaffold\Debug\net11.0\Microsoft.DotNet.Scaffolding.CodeModification.dll". Beginning retry 8 in 1000ms. The process cannot access the file 'C:\Scaffolding\artifacts\bin\dotnet-scaffold\Debug\net11.0\Microsoft.DotNet.Scaffolding.CodeModification.dll' because it is being used by another process. The file is locked by: "dotnet-scaffold (82904), dotnet-scaffold (49964), dotnet-scaffold (38348), dotnet-scaffold (33444), dotnet-scaffold (20952), dotnet-scaffold (80780), dotnet-scaffold (32408)" [C:\Scaffolding\src\dotnet-scaffolding\dotnet-scaffold\dotnet-scaffold.csproj::TargetFramework=net11.0]
C:\Program Files\dotnet\sdk\11.0.100-preview.1.26076.102\Microsoft.Common.CurrentVersion.targets(5094,5): warning MSB3026: Could not copy "C:\Scaffolding\artifacts\bin\Microsoft.DotNet.Scaffolding.CodeModification\Debug\net11.0\Microsoft.DotNet.Scaffolding.CodeModification.dll" to "C:\Scaffolding\artifacts\bin\dotnet-scaffold\Debug\net11.0\Microsoft.DotNet.Scaffolding.CodeModification.dll". Beginning retry 9 in 1000ms. The process cannot access the file 'C:\Scaffolding\artifacts\bin\dotnet-scaffold\Debug\net11.0\Microsoft.DotNet.Scaffolding.CodeModification.dll' because it is being used by another process. The file is locked by: "dotnet-scaffold (82904), dotnet-scaffold (49964), dotnet-scaffold (38348), dotnet-scaffold (33444), dotnet-scaffold (20952), dotnet-scaffold (80780), dotnet-scaffold (32408), .NET Host (69756), .NET Host (21204)" [C:\Scaffolding\src\dotnet-scaffolding\dotnet-scaffold\dotnet-scaffold.csproj::TargetFramework=net11.0]
C:\Program Files\dotnet\sdk\11.0.100-preview.1.26076.102\Microsoft.Common.CurrentVersion.targets(5094,5): warning MSB3026: Could not copy "C:\Scaffolding\artifacts\bin\Microsoft.DotNet.Scaffolding.CodeModification\Debug\net11.0\Microsoft.DotNet.Scaffolding.CodeModification.dll" to "C:\Scaffolding\artifacts\bin\dotnet-scaffold\Debug\net11.0\Microsoft.DotNet.Scaffolding.CodeModification.dll". Beginning retry 10 in 1000ms. The process cannot access the file 'C:\Scaffolding\artifacts\bin\dotnet-scaffold\Debug\net11.0\Microsoft.DotNet.Scaffolding.CodeModification.dll' because it is being used by another process. The file is locked by: ".NET Host (21204), dotnet-scaffold (82904), dotnet-scaffold (49964), dotnet-scaffold (38348), dotnet-scaffold (33444), dotnet-scaffold (20952), dotnet-scaffold (80780), dotnet-scaffold (32408)" [C:\Scaffolding\src\dotnet-scaffolding\dotnet-scaffold\dotnet-scaffold.csproj::TargetFramework=net11.0]
C:\Program Files\dotnet\sdk\11.0.100-preview.1.26076.102\Microsoft.Common.CurrentVersion.targets(5094,5): error MSB3027: Could not copy "C:\Scaffolding\artifacts\bin\Microsoft.DotNet.Scaffolding.CodeModification\Debug\net11.0\Microsoft.DotNet.Scaffolding.CodeModification.dll" to "C:\Scaffolding\artifacts\bin\dotnet-scaffold\Debug\net11.0\Microsoft.DotNet.Scaffolding.CodeModification.dll". Exceeded retry count of 10. Failed. The file is locked by: ".NET Host (88448), .NET Host (82760), dotnet-scaffold (82904), dotnet-scaffold (49964), dotnet-scaffold (38348), dotnet-scaffold (33444), dotnet-scaffold (20952), dotnet-scaffold (80780), dotnet-scaffold (32408), .NET Host (82140), .NET Host (26576), .NET Host (21204), .NET Host (66676), .NET Host (10324)" [C:\Scaffolding\src\dotnet-scaffolding\dotnet-scaffold\dotnet-scaffold.csproj::TargetFramework=net11.0]
C:\Program Files\dotnet\sdk\11.0.100-preview.1.26076.102\Microsoft.Common.CurrentVersion.targets(5094,5): error MSB3021: Unable to copy file "C:\Scaffolding\artifacts\bin\Microsoft.DotNet.Scaffolding.CodeModification\Debug\net11.0\Microsoft.DotNet.Scaffolding.CodeModification.dll" to "C:\Scaffolding\artifacts\bin\dotnet-scaffold\Debug\net11.0\Microsoft.DotNet.Scaffolding.CodeModification.dll". The process cannot access the file 'C:\Scaffolding\artifacts\bin\dotnet-scaffold\Debug\net11.0\Microsoft.DotNet.Scaffolding.CodeModification.dll' because it is being used by another process. [C:\Scaffolding\src\dotnet-scaffolding\dotnet-scaffold\dotnet-scaffold.csproj::TargetFramework=net11.0]

Error: 
The build failed. Fix the build errors and run again.

  Stack Trace:
     at Microsoft.DotNet.Tools.Scaffold.Tests.AspNet.Integration.API.MinimalApiNet8IntegrationTests.Scaffold_MinimalApi_Net8_CliInvocation() in C:\Scaffolding\test\dotnet-scaffolding\dotnet-scaffold.Tests\AspNet\Integration\API\MinimalApiNet8IntegrationTests.cs:line 38
--- End of stack trace from previous location ---
  Passed Microsoft.DotNet.Tools.Scaffold.Tests.AspNet.Integration.API.MinimalApiNet8IntegrationTests.ValidateMinimalApiStep_FailsWithEmptyModel [6 ms]
  Passed Microsoft.DotNet.Tools.Scaffold.Tests.AspNet.Integration.API.MinimalApiNet8IntegrationTests.ValidateMinimalApiStep_SingleEventPerValidation [6 ms]
  Passed Microsoft.DotNet.Tools.Scaffold.Tests.AspNet.Integration.API.MinimalApiNet8IntegrationTests.MinimalApiTemplates_AllFilesAreCshtml [2 ms]
  Passed Microsoft.DotNet.Tools.Scaffold.Tests.AspNet.Integration.API.MinimalApiNet8IntegrationTests.ValidateMinimalApiStep_FailsWithNullProject [2 ms]
  Passed Microsoft.DotNet.Tools.Scaffold.Tests.AspNet.Integration.MVC.ControllerNet10IntegrationTests.Templates_HasExpectedScaffolderFolder(folderName: "MinimalApi") [2 ms]
  Passed Microsoft.DotNet.Tools.Scaffold.Tests.AspNet.Integration.MVC.ControllerNet10IntegrationTests.Templates_HasExpectedScaffolderFolder(folderName: "Identity") [2 ms]
  Passed Microsoft.DotNet.Tools.Scaffold.Tests.AspNet.Integration.MVC.ControllerNet10IntegrationTests.Templates_HasExpectedScaffolderFolder(folderName: "BlazorIdentity") [2 ms]
  Passed Microsoft.DotNet.Tools.Scaffold.Tests.AspNet.Integration.MVC.ControllerNet10IntegrationTests.Templates_HasExpectedScaffolderFolder(folderName: "CodeModificationConfigs") [2 ms]
  Passed Microsoft.DotNet.Tools.Scaffold.Tests.AspNet.Integration.MVC.ControllerNet10IntegrationTests.Templates_HasExpectedScaffolderFolder(folderName: "Files") [2 ms]
[xUnit.net 00:02:38.73]     Microsoft.DotNet.Tools.Scaffold.Tests.AspNet.Integr
ation.MVC.ControllerNet10IntegrationTests.EfControllerTemplates_UsesCshtmlForma
t [FAIL]
[xUnit.net 00:02:38.74]       Assert.All() Failure: 6 out of 6 items in the collection did not pass.
[xUnit.net 00:02:38.74]       [0]: Item:  "C:\\Scaffolding\\src\\dotnet-scaffolding\\dotnet-s"┬╖┬╖┬╖
[xUnit.net 00:02:38.74]            Error: Assert.EndsWith() Failure: String end does not match
[xUnit.net 00:02:38.74]                   String:       ┬╖┬╖┬╖"s\\net10.0\\EfController\\ApiEfController.cs"
[xUnit.net 00:02:38.74]                   Expected end: ".cshtml"
[xUnit.net 00:02:38.74]       [1]: Item:  "C:\\Scaffolding\\src\\dotnet-scaffolding\\dotnet-s"┬╖┬╖┬╖
[xUnit.net 00:02:38.74]            Error: Assert.EndsWith() Failure: String end does not match
[xUnit.net 00:02:38.74]                   String:       ┬╖┬╖┬╖"fController\\ApiEfController.Interfaces.cs"
[xUnit.net 00:02:38.74]                   Expected end: ".cshtml"
[xUnit.net 00:02:38.74]       [2]: Item:  "C:\\Scaffolding\\src\\dotnet-scaffolding\\dotnet-s"┬╖┬╖┬╖
[xUnit.net 00:02:38.74]            Error: Assert.EndsWith() Failure: String end does not match
[xUnit.net 00:02:38.74]                   String:       ┬╖┬╖┬╖"s\\net10.0\\EfController\\ApiEfController.tt"
[xUnit.net 00:02:38.74]                   Expected end: ".cshtml"
[xUnit.net 00:02:38.74]       [3]: Item:  "C:\\Scaffolding\\src\\dotnet-scaffolding\\dotnet-s"┬╖┬╖┬╖
[xUnit.net 00:02:38.74]            Error: Assert.EndsWith() Failure: String end does not match
[xUnit.net 00:02:38.74]                   String:       ┬╖┬╖┬╖"s\\net10.0\\EfController\\MvcEfController.cs"
[xUnit.net 00:02:38.74]                   Expected end: ".cshtml"
[xUnit.net 00:02:38.74]       [4]: Item:  "C:\\Scaffolding\\src\\dotnet-scaffolding\\dotnet-s"┬╖┬╖┬╖
[xUnit.net 00:02:38.74]            Error: Assert.EndsWith() Failure: String end does not match
[xUnit.net 00:02:38.74]                   String:       ┬╖┬╖┬╖"fController\\MvcEfController.Interfaces.cs"
[xUnit.net 00:02:38.74]                   Expected end: ".cshtml"
[xUnit.net 00:02:38.74]       [5]: Item:  "C:\\Scaffolding\\src\\dotnet-scaffolding\\dotnet-s"┬╖┬╖┬╖
[xUnit.net 00:02:38.74]            Error: Assert.EndsWith() Failure: String end does not match
[xUnit.net 00:02:38.74]                   String:       ┬╖┬╖┬╖"s\\net10.0\\EfController\\MvcEfController.tt"
[xUnit.net 00:02:38.74]                   Expected end: ".cshtml"
[xUnit.net 00:02:38.74]       Stack Trace:
[xUnit.net 00:02:38.74]         C:\Scaffolding\test\dotnet-scaffolding\dotnet-scaffold.Tests\AspNet\Integration\MVC\ControllerIntegrationTestsBase.cs(300,0): at Microsoft.DotNet.Tools.Scaffold.Tests.AspNet.Integration.ControllerIntegrationTestsBase.EfControllerTemplates_UsesCshtmlFormat()
[xUnit.net 00:02:38.74]            at System.RuntimeMethodHandle.InvokeMethod(ObjectHandleOnStack target, Void** arguments, ObjectHandleOnStack sig, BOOL isConstructor, ObjectHandleOnStack result)
[xUnit.net 00:02:38.74]            at System.Reflection.MethodBaseInvoker.InterpretedInvoke_Method(Object obj, IntPtr* args)
[xUnit.net 00:02:38.74]            at System.Reflection.RuntimeMethodInfo.Invoke(Object obj, BindingFlags invokeAttr, Binder binder, Object[] parameters, CultureInfo culture)
  Passed Microsoft.DotNet.Tools.Scaffold.Tests.AspNet.Integration.MVC.ControllerNet10IntegrationTests.Templates_HasExpectedScaffolderFolder(folderName: "Views") [2 ms]
  Passed Microsoft.DotNet.Tools.Scaffold.Tests.AspNet.Integration.MVC.ControllerNet10IntegrationTests.Templates_HasExpectedScaffolderFolder(folderName: "BlazorCrud") [2 ms]
  Passed Microsoft.DotNet.Tools.Scaffold.Tests.AspNet.Integration.MVC.ControllerNet10IntegrationTests.Templates_HasExpectedScaffolderFolder(folderName: "EfController") [8 ms]
  Passed Microsoft.DotNet.Tools.Scaffold.Tests.AspNet.Integration.MVC.ControllerNet10IntegrationTests.Templates_HasExpectedScaffolderFolder(folderName: "RazorPages") [2 ms]
  Failed Microsoft.DotNet.Tools.Scaffold.Tests.AspNet.Integration.MVC.ControllerNet10IntegrationTests.EfControllerTemplates_UsesCshtmlFormat [2 ms]
  Error Message:
   Assert.All() Failure: 6 out of 6 items in the collection did not pass.
[0]: Item:  "C:\\Scaffolding\\src\\dotnet-scaffolding\\dotnet-s"┬╖┬╖┬╖
     Error: Assert.EndsWith() Failure: String end does not match
            String:       ┬╖┬╖┬╖"s\\net10.0\\EfController\\ApiEfController.cs"
            Expected end: ".cshtml"
[1]: Item:  "C:\\Scaffolding\\src\\dotnet-scaffolding\\dotnet-s"┬╖┬╖┬╖
     Error: Assert.EndsWith() Failure: String end does not match
            String:       ┬╖┬╖┬╖"fController\\ApiEfController.Interfaces.cs"
            Expected end: ".cshtml"
[2]: Item:  "C:\\Scaffolding\\src\\dotnet-scaffolding\\dotnet-s"┬╖┬╖┬╖
     Error: Assert.EndsWith() Failure: String end does not match
            String:       ┬╖┬╖┬╖"s\\net10.0\\EfController\\ApiEfController.tt"
            Expected end: ".cshtml"
[3]: Item:  "C:\\Scaffolding\\src\\dotnet-scaffolding\\dotnet-s"┬╖┬╖┬╖
     Error: Assert.EndsWith() Failure: String end does not match
            String:       ┬╖┬╖┬╖"s\\net10.0\\EfController\\MvcEfController.cs"
            Expected end: ".cshtml"
[4]: Item:  "C:\\Scaffolding\\src\\dotnet-scaffolding\\dotnet-s"┬╖┬╖┬╖
     Error: Assert.EndsWith() Failure: String end does not match
            String:       ┬╖┬╖┬╖"fController\\MvcEfController.Interfaces.cs"
            Expected end: ".cshtml"
[5]: Item:  "C:\\Scaffolding\\src\\dotnet-scaffolding\\dotnet-s"┬╖┬╖┬╖
     Error: Assert.EndsWith() Failure: String end does not match
            String:       ┬╖┬╖┬╖"s\\net10.0\\EfController\\MvcEfController.tt"
            Expected end: ".cshtml"
  Stack Trace:
     at Microsoft.DotNet.Tools.Scaffold.Tests.AspNet.Integration.ControllerIntegrationTestsBase.EfControllerTemplates_UsesCshtmlFormat() in C:\Scaffolding\test\dotnet-scaffolding\dotnet-scaffold.Tests\AspNet\Integration\MVC\ControllerIntegrationTestsBase.cs:line 300
   at System.RuntimeMethodHandle.InvokeMethod(ObjectHandleOnStack target, Void** arguments, ObjectHandleOnStack sig, BOOL isConstructor, ObjectHandleOnStack result)
   at System.Reflection.MethodBaseInvoker.InterpretedInvoke_Method(Object obj, IntPtr* args)
   at System.Reflection.RuntimeMethodInfo.Invoke(Object obj, BindingFlags invokeAttr, Binder binder, Object[] parameters, CultureInfo culture)
  Passed Microsoft.DotNet.Tools.Scaffold.Tests.AspNet.Integration.MVC.ControllerNet10IntegrationTests.EmptyControllerScaffolderStep_FailsValidation_ForVariousNames_WhenProjectMissing(controllerName: "AccountController") [2 ms]
  Passed Microsoft.DotNet.Tools.Scaffold.Tests.AspNet.Integration.MVC.ControllerNet10IntegrationTests.EmptyControllerScaffolderStep_FailsValidation_ForVariousNames_WhenProjectMissing(controllerName: "ProductController") [2 ms]
  Passed Microsoft.DotNet.Tools.Scaffold.Tests.AspNet.Integration.MVC.ControllerNet10IntegrationTests.EmptyControllerScaffolderStep_FailsValidation_ForVariousNames_WhenProjectMissing(controllerName: "DashboardController") [2 ms]
  Passed Microsoft.DotNet.Tools.Scaffold.Tests.AspNet.Integration.MVC.ControllerNet10IntegrationTests.EmptyControllerScaffolderStep_FailsValidation_ForVariousNames_WhenProjectMissing(controllerName: "HomeController") [12 ms]
[xUnit.net 00:02:38.77]     Microsoft.DotNet.Tools.Scaffold.Tests.AspNet.Integr
ation.MVC.ControllerNet10IntegrationTests.ViewsTemplates_HasBootstrap5Subfolder
 [FAIL]
[xUnit.net 00:02:38.77]       Bootstrap5 subfolder should exist for net10.0 Views templates
[xUnit.net 00:02:38.77]       Stack Trace:
[xUnit.net 00:02:38.77]         C:\Scaffolding\test\dotnet-scaffolding\dotnet-scaffold.Tests\AspNet\Integration\MVC\ControllerIntegrationTestsBase.cs(330,0): at Microsoft.DotNet.Tools.Scaffold.Tests.AspNet.Integration.ControllerIntegrationTestsBase.ViewsTemplates_HasBootstrap5Subfolder()
[xUnit.net 00:02:38.77]            at System.RuntimeMethodHandle.InvokeMethod(ObjectHandleOnStack target, Void** arguments, ObjectHandleOnStack sig, BOOL isConstructor, ObjectHandleOnStack result)
[xUnit.net 00:02:38.77]            at System.Reflection.MethodBaseInvoker.InterpretedInvoke_Method(Object obj, IntPtr* args)
[xUnit.net 00:02:38.77]            at System.Reflection.RuntimeMethodInfo.Invoke(Object obj, BindingFlags invokeAttr, Binder binder, Object[] parameters, CultureInfo culture)
[xUnit.net 00:02:38.79]     Microsoft.DotNet.Tools.Scaffold.Tests.AspNet.Integr
ation.MVC.ControllerNet10IntegrationTests.ViewsTemplates_HasBootstrap4Subfolder
 [FAIL]
[xUnit.net 00:02:38.79]       Bootstrap4 subfolder should exist for net10.0 Views templates
[xUnit.net 00:02:38.79]       Stack Trace:
[xUnit.net 00:02:38.79]         C:\Scaffolding\test\dotnet-scaffolding\dotnet-scaffold.Tests\AspNet\Integration\MVC\ControllerIntegrationTestsBase.cs(321,0): at Microsoft.DotNet.Tools.Scaffold.Tests.AspNet.Integration.ControllerIntegrationTestsBase.ViewsTemplates_HasBootstrap4Subfolder()
[xUnit.net 00:02:38.79]            at System.RuntimeMethodHandle.InvokeMethod(ObjectHandleOnStack target, Void** arguments, ObjectHandleOnStack sig, BOOL isConstructor, ObjectHandleOnStack result)
[xUnit.net 00:02:38.79]            at System.Reflection.MethodBaseInvoker.InterpretedInvoke_Method(Object obj, IntPtr* args)
[xUnit.net 00:02:38.79]            at System.Reflection.RuntimeMethodInfo.Invoke(Object obj, BindingFlags invokeAttr, Binder binder, Object[] parameters, CultureInfo culture)
[xUnit.net 00:02:38.80]     Microsoft.DotNet.Tools.Scaffold.Tests.AspNet.Integr
ation.MVC.ControllerNet10IntegrationTests.ViewsTemplates_AllFilesAreCshtml 
[FAIL]
[xUnit.net 00:02:38.80]       Assert.All() Failure: 15 out of 15 items in the collection did not pass.
[xUnit.net 00:02:38.80]       [0]:  Item:  "C:\\Scaffolding\\src\\dotnet-scaffolding\\dotnet-s"┬╖┬╖┬╖
[xUnit.net 00:02:38.80]             Error: Assert.EndsWith() Failure: String end does not match
[xUnit.net 00:02:38.80]                    String:       ┬╖┬╖┬╖"\\AspNet\\Templates\\net10.0\\Views\\Create.cs"
[xUnit.net 00:02:38.80]                    Expected end: ".cshtml"
[xUnit.net 00:02:38.80]       [1]:  Item:  "C:\\Scaffolding\\src\\dotnet-scaffolding\\dotnet-s"┬╖┬╖┬╖
[xUnit.net 00:02:38.80]             Error: Assert.EndsWith() Failure: String end does not match
[xUnit.net 00:02:38.80]                    String:       ┬╖┬╖┬╖"plates\\net10.0\\Views\\Create.Interfaces.cs"
[xUnit.net 00:02:38.80]                    Expected end: ".cshtml"
[xUnit.net 00:02:38.80]       [2]:  Item:  "C:\\Scaffolding\\src\\dotnet-scaffolding\\dotnet-s"┬╖┬╖┬╖
[xUnit.net 00:02:38.80]             Error: Assert.EndsWith() Failure: String end does not match
[xUnit.net 00:02:38.80]                    String:       ┬╖┬╖┬╖"\\AspNet\\Templates\\net10.0\\Views\\Create.tt"
[xUnit.net 00:02:38.80]                    Expected end: ".cshtml"
[xUnit.net 00:02:38.80]       [3]:  Item:  "C:\\Scaffolding\\src\\dotnet-scaffolding\\dotnet-s"┬╖┬╖┬╖
[xUnit.net 00:02:38.80]             Error: Assert.EndsWith() Failure: String end does not match
[xUnit.net 00:02:38.80]                    String:       ┬╖┬╖┬╖"\\AspNet\\Templates\\net10.0\\Views\\Delete.cs"
[xUnit.net 00:02:38.80]                    Expected end: ".cshtml"
[xUnit.net 00:02:38.80]       [4]:  Item:  "C:\\Scaffolding\\src\\dotnet-scaffolding\\dotnet-s"┬╖┬╖┬╖
[xUnit.net 00:02:38.80]             Error: Assert.EndsWith() Failure: String end does not match
[xUnit.net 00:02:38.80]                    String:       ┬╖┬╖┬╖"plates\\net10.0\\Views\\Delete.Interfaces.cs"
[xUnit.net 00:02:38.80]                    Expected end: ".cshtml"
[xUnit.net 00:02:38.80]       [5]:  Item:  "C:\\Scaffolding\\src\\dotnet-scaffolding\\dotnet-s"┬╖┬╖┬╖
[xUnit.net 00:02:38.80]             Error: Assert.EndsWith() Failure: String end does not match
[xUnit.net 00:02:38.80]                    String:       ┬╖┬╖┬╖"\\AspNet\\Templates\\net10.0\\Views\\Delete.tt"
[xUnit.net 00:02:38.80]                    Expected end: ".cshtml"
[xUnit.net 00:02:38.80]       [6]:  Item:  "C:\\Scaffolding\\src\\dotnet-scaffolding\\dotnet-s"┬╖┬╖┬╖
[xUnit.net 00:02:38.80]             Error: Assert.EndsWith() Failure: String end does not match
[xUnit.net 00:02:38.80]                    String:       ┬╖┬╖┬╖"AspNet\\Templates\\net10.0\\Views\\Details.cs"
[xUnit.net 00:02:38.80]                    Expected end: ".cshtml"
[xUnit.net 00:02:38.80]       [7]:  Item:  "C:\\Scaffolding\\src\\dotnet-scaffolding\\dotnet-s"┬╖┬╖┬╖
[xUnit.net 00:02:38.80]             Error: Assert.EndsWith() Failure: String end does not match
[xUnit.net 00:02:38.80]                    String:       ┬╖┬╖┬╖"lates\\net10.0\\Views\\Details.Interfaces.cs"
[xUnit.net 00:02:38.80]                    Expected end: ".cshtml"
[xUnit.net 00:02:38.80]       [8]:  Item:  "C:\\Scaffolding\\src\\dotnet-scaffolding\\dotnet-s"┬╖┬╖┬╖
[xUnit.net 00:02:38.80]             Error: Assert.EndsWith() Failure: String end does not match
[xUnit.net 00:02:38.80]                    String:       ┬╖┬╖┬╖"AspNet\\Templates\\net10.0\\Views\\Details.tt"
[xUnit.net 00:02:38.80]                    Expected end: ".cshtml"
[xUnit.net 00:02:38.80]       [9]:  Item:  "C:\\Scaffolding\\src\\dotnet-scaffolding\\dotnet-s"┬╖┬╖┬╖
[xUnit.net 00:02:38.80]             Error: Assert.EndsWith() Failure: String end does not match
[xUnit.net 00:02:38.80]                    String:       ┬╖┬╖┬╖"ld\\AspNet\\Templates\\net10.0\\Views\\Edit.cs"
[xUnit.net 00:02:38.80]                    Expected end: ".cshtml"
[xUnit.net 00:02:38.80]       [10]: Item:  "C:\\Scaffolding\\src\\dotnet-scaffolding\\dotnet-s"┬╖┬╖┬╖
[xUnit.net 00:02:38.80]             Error: Assert.EndsWith() Failure: String end does not match
[xUnit.net 00:02:38.80]                    String:       ┬╖┬╖┬╖"emplates\\net10.0\\Views\\Edit.Interfaces.cs"
[xUnit.net 00:02:38.80]                    Expected end: ".cshtml"
[xUnit.net 00:02:38.80]       [11]: Item:  "C:\\Scaffolding\\src\\dotnet-scaffolding\\dotnet-s"┬╖┬╖┬╖
[xUnit.net 00:02:38.80]             Error: Assert.EndsWith() Failure: String end does not match
[xUnit.net 00:02:38.80]                    String:       ┬╖┬╖┬╖"ld\\AspNet\\Templates\\net10.0\\Views\\Edit.tt"
[xUnit.net 00:02:38.80]                    Expected end: ".cshtml"
[xUnit.net 00:02:38.80]       [12]: Item:  "C:\\Scaffolding\\src\\dotnet-scaffolding\\dotnet-s"┬╖┬╖┬╖
[xUnit.net 00:02:38.80]             Error: Assert.EndsWith() Failure: String end does not match
[xUnit.net 00:02:38.80]                    String:       ┬╖┬╖┬╖"d\\AspNet\\Templates\\net10.0\\Views\\Index.cs"
[xUnit.net 00:02:38.80]                    Expected end: ".cshtml"
[xUnit.net 00:02:38.80]       [13]: Item:  "C:\\Scaffolding\\src\\dotnet-scaffolding\\dotnet-s"┬╖┬╖┬╖
[xUnit.net 00:02:38.80]             Error: Assert.EndsWith() Failure: String end does not match
[xUnit.net 00:02:38.80]                    String:       ┬╖┬╖┬╖"mplates\\net10.0\\Views\\Index.Interfaces.cs"
[xUnit.net 00:02:38.80]                    Expected end: ".cshtml"
[xUnit.net 00:02:38.80]       [14]: Item:  "C:\\Scaffolding\\src\\dotnet-scaffolding\\dotnet-s"┬╖┬╖┬╖
[xUnit.net 00:02:38.80]             Error: Assert.EndsWith() Failure: String end does not match
[xUnit.net 00:02:38.80]                    String:       ┬╖┬╖┬╖"d\\AspNet\\Templates\\net10.0\\Views\\Index.tt"
[xUnit.net 00:02:38.80]                    Expected end: ".cshtml"
[xUnit.net 00:02:38.80]       Stack Trace:
[xUnit.net 00:02:38.80]         C:\Scaffolding\test\dotnet-scaffolding\dotnet-scaffold.Tests\AspNet\Integration\MVC\ControllerIntegrationTestsBase.cs(340,0): at Microsoft.DotNet.Tools.Scaffold.Tests.AspNet.Integration.ControllerIntegrationTestsBase.ViewsTemplates_AllFilesAreCshtml()
[xUnit.net 00:02:38.80]            at System.RuntimeMethodHandle.InvokeMethod(ObjectHandleOnStack target, Void** arguments, ObjectHandleOnStack sig, BOOL isConstructor, ObjectHandleOnStack result)
[xUnit.net 00:02:38.80]            at System.Reflection.MethodBaseInvoker.InterpretedInvoke_Method(Object obj, IntPtr* args)
[xUnit.net 00:02:38.80]            at System.Reflection.RuntimeMethodInfo.Invoke(Object obj, BindingFlags invokeAttr, Binder binder, Object[] parameters, CultureInfo culture)
[xUnit.net 00:02:38.82]     Microsoft.DotNet.Tools.Scaffold.Tests.AspNet.Integr
ation.Identity.BlazorIdentityNet8IntegrationTests.Scaffold_BlazorIdentity_Net8_
CliInvocation [FAIL]
[xUnit.net 00:02:38.82]       CLI scaffold should succeed.
Output: C:\Program Files\dotnet\sdk\11.0.100-preview.1.26076.102\Microsoft.Common.CurrentVersion.targets(5094,5): warning MSB3026: Could not copy "C:\Scaffolding\artifacts\bin\Microsoft.DotNet.Scaffolding.CodeModification\Debug\net11.0\Microsoft.DotNet.Scaffolding.CodeModification.dll" to "C:\Scaffolding\artifacts\bin\dotnet-scaffold\Debug\net11.0\Microsoft.DotNet.Scaffolding.CodeModification.dll". Beginning retry 1 in 1000ms. The process cannot access the file 'C:\Scaffolding\artifacts\bin\dotnet-scaffold\Debug\net11.0\Microsoft.DotNet.Scaffolding.CodeModification.dll' because it is being used by another process. The file is locked by: ".NET Host (58960), dotnet-scaffold (82904), dotnet-scaffold (49964), dotnet-scaffold (38348), dotnet-scaffold (33444), dotnet-scaffold (75916), dotnet-scaffold (20952), dotnet-scaffold (80780), dotnet-scaffold (32408)" [C:\Scaffolding\src\dotnet-scaffolding\dotnet-scaffold\dotnet-scaffold.csproj::TargetFramework=net11.0]
[xUnit.net 00:02:38.82]       C:\Program Files\dotnet\sdk\11.0.100-preview.1.26076.102\Microsoft.Common.CurrentVersion.targets(5094,5): warning MSB3026: Could not copy "C:\Scaffolding\artifacts\bin\Microsoft.DotNet.Scaffolding.CodeModification\Debug\net11.0\Microsoft.DotNet.Scaffolding.CodeModification.dll" to "C:\Scaffolding\artifacts\bin\dotnet-scaffold\Debug\net11.0\Microsoft.DotNet.Scaffolding.CodeModification.dll". Beginning retry 2 in 1000ms. The process cannot access the file 'C:\Scaffolding\artifacts\bin\dotnet-scaffold\Debug\net11.0\Microsoft.DotNet.Scaffolding.CodeModification.dll' because it is being used by another process. The file is locked by: "dotnet-scaffold (82904), dotnet-scaffold (49964), dotnet-scaffold (38348), dotnet-scaffold (33444), dotnet-scaffold (20952), dotnet-scaffold (80780), dotnet-scaffold (32408), .NET Host (88448), .NET Host (21204)" [C:\Scaffolding\src\dotnet-scaffolding\dotnet-scaffold\dotnet-scaffold.csproj::TargetFramework=net11.0]
[xUnit.net 00:02:38.82]       C:\Program Files\dotnet\sdk\11.0.100-preview.1.26076.102\Microsoft.Common.CurrentVersion.targets(5094,5): warning MSB3026: Could not copy "C:\Scaffolding\artifacts\bin\Microsoft.DotNet.Scaffolding.CodeModification\Debug\net11.0\Microsoft.DotNet.Scaffolding.CodeModification.dll" to "C:\Scaffolding\artifacts\bin\dotnet-scaffold\Debug\net11.0\Microsoft.DotNet.Scaffolding.CodeModification.dll". Beginning retry 3 in 1000ms. The process cannot access the file 'C:\Scaffolding\artifacts\bin\dotnet-scaffold\Debug\net11.0\Microsoft.DotNet.Scaffolding.CodeModification.dll' because it is being used by another process. The file is locked by: ".NET Host (88448), dotnet-scaffold (82904), dotnet-scaffold (49964), dotnet-scaffold (38348), dotnet-scaffold (33444), dotnet-scaffold (20952), dotnet-scaffold (80780), dotnet-scaffold (32408)" [C:\Scaffolding\src\dotnet-scaffolding\dotnet-scaffold\dotnet-scaffold.csproj::TargetFramework=net11.0]
[xUnit.net 00:02:38.82]       C:\Program Files\dotnet\sdk\11.0.100-preview.1.26076.102\Microsoft.Common.CurrentVersion.targets(5094,5): warning MSB3026: Could not copy "C:\Scaffolding\artifacts\bin\Microsoft.DotNet.Scaffolding.CodeModification\Debug\net11.0\Microsoft.DotNet.Scaffolding.CodeModification.dll" to "C:\Scaffolding\artifacts\bin\dotnet-scaffold\Debug\net11.0\Microsoft.DotNet.Scaffolding.CodeModification.dll". Beginning retry 4 in 1000ms. The process cannot access the file 'C:\Scaffolding\artifacts\bin\dotnet-scaffold\Debug\net11.0\Microsoft.DotNet.Scaffolding.CodeModification.dll' because it is being used by another process. The file is locked by: "dotnet-scaffold (82904), dotnet-scaffold (49964), dotnet-scaffold (38348), dotnet-scaffold (33444), dotnet-scaffold (20952), dotnet-scaffold (80780), dotnet-scaffold (32408), .NET Host (88448), .NET Host (69048), .NET Host (10324), .NET Host (44224), .NET Host (82140)" [C:\Scaffolding\src\dotnet-scaffolding\dotnet-scaffold\dotnet-scaffold.csproj::TargetFramework=net11.0]
[xUnit.net 00:02:38.82]       C:\Program Files\dotnet\sdk\11.0.100-preview.1.26076.102\Microsoft.Common.CurrentVersion.targets(5094,5): warning MSB3026: Could not copy "C:\Scaffolding\artifacts\bin\Microsoft.DotNet.Scaffolding.CodeModification\Debug\net11.0\Microsoft.DotNet.Scaffolding.CodeModification.dll" to "C:\Scaffolding\artifacts\bin\dotnet-scaffold\Debug\net11.0\Microsoft.DotNet.Scaffolding.CodeModification.dll". Beginning retry 5 in 1000ms. The process cannot access the file 'C:\Scaffolding\artifacts\bin\dotnet-scaffold\Debug\net11.0\Microsoft.DotNet.Scaffolding.CodeModification.dll' because it is being used by another process. The file is locked by: "dotnet-scaffold (82904), dotnet-scaffold (49964), dotnet-scaffold (38348), dotnet-scaffold (33444), dotnet-scaffold (20952), dotnet-scaffold (80780), dotnet-scaffold (32408), .NET Host (44224)" [C:\Scaffolding\src\dotnet-scaffolding\dotnet-scaffold\dotnet-scaffold.csproj::TargetFramework=net11.0]
[xUnit.net 00:02:38.82]       C:\Program Files\dotnet\sdk\11.0.100-preview.1.26076.102\Microsoft.Common.CurrentVersion.targets(5094,5): warning MSB3026: Could not copy "C:\Scaffolding\artifacts\bin\Microsoft.DotNet.Scaffolding.CodeModification\Debug\net11.0\Microsoft.DotNet.Scaffolding.CodeModification.dll" to "C:\Scaffolding\artifacts\bin\dotnet-scaffold\Debug\net11.0\Microsoft.DotNet.Scaffolding.CodeModification.dll". Beginning retry 6 in 1000ms. The process cannot access the file 'C:\Scaffolding\artifacts\bin\dotnet-scaffold\Debug\net11.0\Microsoft.DotNet.Scaffolding.CodeModification.dll' because it is being used by another process. The file is locked by: ".NET Host (58960), dotnet-scaffold (82904), dotnet-scaffold (49964), dotnet-scaffold (38348), dotnet-scaffold (33444), dotnet-scaffold (20952), dotnet-scaffold (80780), dotnet-scaffold (32408)" [C:\Scaffolding\src\dotnet-scaffolding\dotnet-scaffold\dotnet-scaffold.csproj::TargetFramework=net11.0]
[xUnit.net 00:02:38.82]       C:\Program Files\dotnet\sdk\11.0.100-preview.1.26076.102\Microsoft.Common.CurrentVersion.targets(5094,5): warning MSB3026: Could not copy "C:\Scaffolding\artifacts\bin\Microsoft.DotNet.Scaffolding.CodeModification\Debug\net11.0\Microsoft.DotNet.Scaffolding.CodeModification.dll" to "C:\Scaffolding\artifacts\bin\dotnet-scaffold\Debug\net11.0\Microsoft.DotNet.Scaffolding.CodeModification.dll". Beginning retry 7 in 1000ms. The process cannot access the file 'C:\Scaffolding\artifacts\bin\dotnet-scaffold\Debug\net11.0\Microsoft.DotNet.Scaffolding.CodeModification.dll' because it is being used by another process. The file is locked by: ".NET Host (88448), .NET Host (66676), .NET Host (82140), dotnet-scaffold (82904), dotnet-scaffold (49964), dotnet-scaffold (38348), dotnet-scaffold (33444), dotnet-scaffold (20952), dotnet-scaffold (80780), dotnet-scaffold (32408), .NET Host (58960)" [C:\Scaffolding\src\dotnet-scaffolding\dotnet-scaffold\dotnet-scaffold.csproj::TargetFramework=net11.0]
[xUnit.net 00:02:38.82]       C:\Program Files\dotnet\sdk\11.0.100-preview.1.26076.102\Microsoft.Common.CurrentVersion.targets(5094,5): warning MSB3026: Could not copy "C:\Scaffolding\artifacts\bin\Microsoft.DotNet.Scaffolding.CodeModification\Debug\net11.0\Microsoft.DotNet.Scaffolding.CodeModification.dll" to "C:\Scaffolding\artifacts\bin\dotnet-scaffold\Debug\net11.0\Microsoft.DotNet.Scaffolding.CodeModification.dll". Beginning retry 8 in 1000ms. The process cannot access the file 'C:\Scaffolding\artifacts\bin\dotnet-scaffold\Debug\net11.0\Microsoft.DotNet.Scaffolding.CodeModification.dll' because it is being used by another process. The file is locked by: "dotnet-scaffold (82904), dotnet-scaffold (49964), dotnet-scaffold (38348), dotnet-scaffold (33444), dotnet-scaffold (20952), dotnet-scaffold (80780), dotnet-scaffold (32408), .NET Host (58960), .NET Host (82760), .NET Host (44224), .NET Host (82140)" [C:\Scaffolding\src\dotnet-scaffolding\dotnet-scaffold\dotnet-scaffold.csproj::TargetFramework=net11.0]
[xUnit.net 00:02:38.82]       C:\Program Files\dotnet\sdk\11.0.100-preview.1.26076.102\Microsoft.Common.CurrentVersion.targets(5094,5): warning MSB3026: Could not copy "C:\Scaffolding\artifacts\bin\Microsoft.DotNet.Scaffolding.CodeModification\Debug\net11.0\Microsoft.DotNet.Scaffolding.CodeModification.dll" to "C:\Scaffolding\artifacts\bin\dotnet-scaffold\Debug\net11.0\Microsoft.DotNet.Scaffolding.CodeModification.dll". Beginning retry 9 in 1000ms. The process cannot access the file 'C:\Scaffolding\artifacts\bin\dotnet-scaffold\Debug\net11.0\Microsoft.DotNet.Scaffolding.CodeModification.dll' because it is being used by another process. The file is locked by: "dotnet-scaffold (82904), dotnet-scaffold (49964), dotnet-scaffold (38348), dotnet-scaffold (33444), dotnet-scaffold (20952), dotnet-scaffold (80780), dotnet-scaffold (32408), .NET Host (10324), .NET Host (82140), .NET Host (66676), .NET Host (44224)" [C:\Scaffolding\src\dotnet-scaffolding\dotnet-scaffold\dotnet-scaffold.csproj::TargetFramework=net11.0]
[xUnit.net 00:02:38.82]       C:\Program Files\dotnet\sdk\11.0.100-preview.1.26076.102\Microsoft.Common.CurrentVersion.targets(5094,5): warning MSB3026: Could not copy "C:\Scaffolding\artifacts\bin\Microsoft.DotNet.Scaffolding.CodeModification\Debug\net11.0\Microsoft.DotNet.Scaffolding.CodeModification.dll" to "C:\Scaffolding\artifacts\bin\dotnet-scaffold\Debug\net11.0\Microsoft.DotNet.Scaffolding.CodeModification.dll". Beginning retry 10 in 1000ms. The process cannot access the file 'C:\Scaffolding\artifacts\bin\dotnet-scaffold\Debug\net11.0\Microsoft.DotNet.Scaffolding.CodeModification.dll' because it is being used by another process. The file is locked by: ".NET Host (69756), .NET Host (66676), .NET Host (82760), dotnet-scaffold (82904), dotnet-scaffold (49964), dotnet-scaffold (38348), dotnet-scaffold (33444), dotnet-scaffold (20952), dotnet-scaffold (80780), dotnet-scaffold (32408)" [C:\Scaffolding\src\dotnet-scaffolding\dotnet-scaffold\dotnet-scaffold.csproj::TargetFramework=net11.0]
[xUnit.net 00:02:38.82]       C:\Program Files\dotnet\sdk\11.0.100-preview.1.26076.102\Microsoft.Common.CurrentVersion.targets(5094,5): error MSB3027: Could not copy "C:\Scaffolding\artifacts\bin\Microsoft.DotNet.Scaffolding.CodeModification\Debug\net11.0\Microsoft.DotNet.Scaffolding.CodeModification.dll" to "C:\Scaffolding\artifacts\bin\dotnet-scaffold\Debug\net11.0\Microsoft.DotNet.Scaffolding.CodeModification.dll". Exceeded retry count of 10. Failed. The file is locked by: ".NET Host (88448), .NET Host (10324), dotnet-scaffold (82904), dotnet-scaffold (49964), dotnet-scaffold (38348), dotnet-scaffold (33444), dotnet-scaffold (20952), dotnet-scaffold (32408), .NET Host (69048)" [C:\Scaffolding\src\dotnet-scaffolding\dotnet-scaffold\dotnet-scaffold.csproj::TargetFramework=net11.0]
[xUnit.net 00:02:38.82]       C:\Program Files\dotnet\sdk\11.0.100-preview.1.26076.102\Microsoft.Common.CurrentVersion.targets(5094,5): error MSB3021: Unable to copy file "C:\Scaffolding\artifacts\bin\Microsoft.DotNet.Scaffolding.CodeModification\Debug\net11.0\Microsoft.DotNet.Scaffolding.CodeModification.dll" to "C:\Scaffolding\artifacts\bin\dotnet-scaffold\Debug\net11.0\Microsoft.DotNet.Scaffolding.CodeModification.dll". The process cannot access the file 'C:\Scaffolding\artifacts\bin\dotnet-scaffold\Debug\net11.0\Microsoft.DotNet.Scaffolding.CodeModification.dll' because it is being used by another process. [C:\Scaffolding\src\dotnet-scaffolding\dotnet-scaffold\dotnet-scaffold.csproj::TargetFramework=net11.0]
[xUnit.net 00:02:38.82]       
Error: 
[xUnit.net 00:02:38.82]       The build failed. Fix the build errors and run again.
[xUnit.net 00:02:38.82]       
[xUnit.net 00:02:38.82]       Stack Trace:
[xUnit.net 00:02:38.82]         C:\Scaffolding\test\dotnet-scaffolding\dotnet-scaffold.Tests\AspNet\Integration\Identity\BlazorIdentityNet8IntegrationTests.cs(34,0): at Microsoft.DotNet.Tools.Scaffold.Tests.AspNet.Integration.Identity.BlazorIdentityNet8IntegrationTests.Scaffold_BlazorIdentity_Net8_CliInvocation()
[xUnit.net 00:02:38.82]         --- End of stack trace from previous location ---
  Passed Microsoft.DotNet.Tools.Scaffold.Tests.AspNet.Integration.MVC.ControllerNet10IntegrationTests.EmptyControllerScaffolderStep_FailsValidation_ForVariousNames_WhenProjectMissing(controllerName: "OrderController") [3 ms]
  Passed Microsoft.DotNet.Tools.Scaffold.Tests.AspNet.Integration.MVC.ControllerNet10IntegrationTests.EmptyControllerScaffolderStep_FailsWithEmptyFileName [3 ms]
  Passed Microsoft.DotNet.Tools.Scaffold.Tests.AspNet.Integration.MVC.ControllerNet10IntegrationTests.ViewsTemplates_FolderExists [2 ms]
  Passed Microsoft.DotNet.Tools.Scaffold.Tests.AspNet.Integration.MVC.ControllerNet10IntegrationTests.EmptyControllerScaffolderStep_FailsWithEmptyProjectPath [2 ms]
  Failed Microsoft.DotNet.Tools.Scaffold.Tests.AspNet.Integration.MVC.ControllerNet10IntegrationTests.ViewsTemplates_HasBootstrap5Subfolder [2 ms]
  Error Message:
   Bootstrap5 subfolder should exist for net10.0 Views templates
  Stack Trace:
     at Microsoft.DotNet.Tools.Scaffold.Tests.AspNet.Integration.ControllerIntegrationTestsBase.ViewsTemplates_HasBootstrap5Subfolder() in C:\Scaffolding\test\dotnet-scaffolding\dotnet-scaffold.Tests\AspNet\Integration\MVC\ControllerIntegrationTestsBase.cs:line 330
   at System.RuntimeMethodHandle.InvokeMethod(ObjectHandleOnStack target, Void** arguments, ObjectHandleOnStack sig, BOOL isConstructor, ObjectHandleOnStack result)
   at System.Reflection.MethodBaseInvoker.InterpretedInvoke_Method(Object obj, IntPtr* args)
   at System.Reflection.RuntimeMethodInfo.Invoke(Object obj, BindingFlags invokeAttr, Binder binder, Object[] parameters, CultureInfo culture)
  Failed Microsoft.DotNet.Tools.Scaffold.Tests.AspNet.Integration.MVC.ControllerNet10IntegrationTests.ViewsTemplates_HasBootstrap4Subfolder [18 ms]
  Error Message:
   Bootstrap4 subfolder should exist for net10.0 Views templates
  Stack Trace:
     at Microsoft.DotNet.Tools.Scaffold.Tests.AspNet.Integration.ControllerIntegrationTestsBase.ViewsTemplates_HasBootstrap4Subfolder() in C:\Scaffolding\test\dotnet-scaffolding\dotnet-scaffold.Tests\AspNet\Integration\MVC\ControllerIntegrationTestsBase.cs:line 321
   at System.RuntimeMethodHandle.InvokeMethod(ObjectHandleOnStack target, Void** arguments, ObjectHandleOnStack sig, BOOL isConstructor, ObjectHandleOnStack result)
   at System.Reflection.MethodBaseInvoker.InterpretedInvoke_Method(Object obj, IntPtr* args)
   at System.Reflection.RuntimeMethodInfo.Invoke(Object obj, BindingFlags invokeAttr, Binder binder, Object[] parameters, CultureInfo culture)
  Failed Microsoft.DotNet.Tools.Scaffold.Tests.AspNet.Integration.MVC.ControllerNet10IntegrationTests.ViewsTemplates_AllFilesAreCshtml [2 ms]
  Error Message:
   Assert.All() Failure: 15 out of 15 items in the collection did not pass.
[0]:  Item:  "C:\\Scaffolding\\src\\dotnet-scaffolding\\dotnet-s"┬╖┬╖┬╖
      Error: Assert.EndsWith() Failure: String end does not match
             String:       ┬╖┬╖┬╖"\\AspNet\\Templates\\net10.0\\Views\\Create.cs"
             Expected end: ".cshtml"
[1]:  Item:  "C:\\Scaffolding\\src\\dotnet-scaffolding\\dotnet-s"┬╖┬╖┬╖
      Error: Assert.EndsWith() Failure: String end does not match
             String:       ┬╖┬╖┬╖"plates\\net10.0\\Views\\Create.Interfaces.cs"
             Expected end: ".cshtml"
[2]:  Item:  "C:\\Scaffolding\\src\\dotnet-scaffolding\\dotnet-s"┬╖┬╖┬╖
      Error: Assert.EndsWith() Failure: String end does not match
             String:       ┬╖┬╖┬╖"\\AspNet\\Templates\\net10.0\\Views\\Create.tt"
             Expected end: ".cshtml"
[3]:  Item:  "C:\\Scaffolding\\src\\dotnet-scaffolding\\dotnet-s"┬╖┬╖┬╖
      Error: Assert.EndsWith() Failure: String end does not match
             String:       ┬╖┬╖┬╖"\\AspNet\\Templates\\net10.0\\Views\\Delete.cs"
             Expected end: ".cshtml"
[4]:  Item:  "C:\\Scaffolding\\src\\dotnet-scaffolding\\dotnet-s"┬╖┬╖┬╖
      Error: Assert.EndsWith() Failure: String end does not match
             String:       ┬╖┬╖┬╖"plates\\net10.0\\Views\\Delete.Interfaces.cs"
             Expected end: ".cshtml"
[5]:  Item:  "C:\\Scaffolding\\src\\dotnet-scaffolding\\dotnet-s"┬╖┬╖┬╖
      Error: Assert.EndsWith() Failure: String end does not match
             String:       ┬╖┬╖┬╖"\\AspNet\\Templates\\net10.0\\Views\\Delete.tt"
             Expected end: ".cshtml"
[6]:  Item:  "C:\\Scaffolding\\src\\dotnet-scaffolding\\dotnet-s"┬╖┬╖┬╖
      Error: Assert.EndsWith() Failure: String end does not match
             String:       ┬╖┬╖┬╖"AspNet\\Templates\\net10.0\\Views\\Details.cs"
             Expected end: ".cshtml"
[7]:  Item:  "C:\\Scaffolding\\src\\dotnet-scaffolding\\dotnet-s"┬╖┬╖┬╖
      Error: Assert.EndsWith() Failure: String end does not match
             String:       ┬╖┬╖┬╖"lates\\net10.0\\Views\\Details.Interfaces.cs"
             Expected end: ".cshtml"
[8]:  Item:  "C:\\Scaffolding\\src\\dotnet-scaffolding\\dotnet-s"┬╖┬╖┬╖
      Error: Assert.EndsWith() Failure: String end does not match
             String:       ┬╖┬╖┬╖"AspNet\\Templates\\net10.0\\Views\\Details.tt"
             Expected end: ".cshtml"
[9]:  Item:  "C:\\Scaffolding\\src\\dotnet-scaffolding\\dotnet-s"┬╖┬╖┬╖
      Error: Assert.EndsWith() Failure: String end does not match
             String:       ┬╖┬╖┬╖"ld\\AspNet\\Templates\\net10.0\\Views\\Edit.cs"
             Expected end: ".cshtml"
[10]: Item:  "C:\\Scaffolding\\src\\dotnet-scaffolding\\dotnet-s"┬╖┬╖┬╖
      Error: Assert.EndsWith() Failure: String end does not match
             String:       ┬╖┬╖┬╖"emplates\\net10.0\\Views\\Edit.Interfaces.cs"
             Expected end: ".cshtml"
[11]: Item:  "C:\\Scaffolding\\src\\dotnet-scaffolding\\dotnet-s"┬╖┬╖┬╖
      Error: Assert.EndsWith() Failure: String end does not match
             String:       ┬╖┬╖┬╖"ld\\AspNet\\Templates\\net10.0\\Views\\Edit.tt"
             Expected end: ".cshtml"
[12]: Item:  "C:\\Scaffolding\\src\\dotnet-scaffolding\\dotnet-s"┬╖┬╖┬╖
      Error: Assert.EndsWith() Failure: String end does not match
             String:       ┬╖┬╖┬╖"d\\AspNet\\Templates\\net10.0\\Views\\Index.cs"
             Expected end: ".cshtml"
[13]: Item:  "C:\\Scaffolding\\src\\dotnet-scaffolding\\dotnet-s"┬╖┬╖┬╖
      Error: Assert.EndsWith() Failure: String end does not match
             String:       ┬╖┬╖┬╖"mplates\\net10.0\\Views\\Index.Interfaces.cs"
             Expected end: ".cshtml"
[14]: Item:  "C:\\Scaffolding\\src\\dotnet-scaffolding\\dotnet-s"┬╖┬╖┬╖
      Error: Assert.EndsWith() Failure: String end does not match
             String:       ┬╖┬╖┬╖"d\\AspNet\\Templates\\net10.0\\Views\\Index.tt"
             Expected end: ".cshtml"
  Stack Trace:
     at Microsoft.DotNet.Tools.Scaffold.Tests.AspNet.Integration.ControllerIntegrationTestsBase.ViewsTemplates_AllFilesAreCshtml() in C:\Scaffolding\test\dotnet-scaffolding\dotnet-scaffold.Tests\AspNet\Integration\MVC\ControllerIntegrationTestsBase.cs:line 340
   at System.RuntimeMethodHandle.InvokeMethod(ObjectHandleOnStack target, Void** arguments, ObjectHandleOnStack sig, BOOL isConstructor, ObjectHandleOnStack result)
   at System.Reflection.MethodBaseInvoker.InterpretedInvoke_Method(Object obj, IntPtr* args)
   at System.Reflection.RuntimeMethodInfo.Invoke(Object obj, BindingFlags invokeAttr, Binder binder, Object[] parameters, CultureInfo culture)
  Failed Microsoft.DotNet.Tools.Scaffold.Tests.AspNet.Integration.Identity.BlazorIdentityNet8IntegrationTests.Scaffold_BlazorIdentity_Net8_CliInvocation [2 m 36 s]
  Error Message:
   CLI scaffold should succeed.
Output: C:\Program Files\dotnet\sdk\11.0.100-preview.1.26076.102\Microsoft.Common.CurrentVersion.targets(5094,5): warning MSB3026: Could not copy "C:\Scaffolding\artifacts\bin\Microsoft.DotNet.Scaffolding.CodeModification\Debug\net11.0\Microsoft.DotNet.Scaffolding.CodeModification.dll" to "C:\Scaffolding\artifacts\bin\dotnet-scaffold\Debug\net11.0\Microsoft.DotNet.Scaffolding.CodeModification.dll". Beginning retry 1 in 1000ms. The process cannot access the file 'C:\Scaffolding\artifacts\bin\dotnet-scaffold\Debug\net11.0\Microsoft.DotNet.Scaffolding.CodeModification.dll' because it is being used by another process. The file is locked by: ".NET Host (58960), dotnet-scaffold (82904), dotnet-scaffold (49964), dotnet-scaffold (38348), dotnet-scaffold (33444), dotnet-scaffold (75916), dotnet-scaffold (20952), dotnet-scaffold (80780), dotnet-scaffold (32408)" [C:\Scaffolding\src\dotnet-scaffolding\dotnet-scaffold\dotnet-scaffold.csproj::TargetFramework=net11.0]
C:\Program Files\dotnet\sdk\11.0.100-preview.1.26076.102\Microsoft.Common.CurrentVersion.targets(5094,5): warning MSB3026: Could not copy "C:\Scaffolding\artifacts\bin\Microsoft.DotNet.Scaffolding.CodeModification\Debug\net11.0\Microsoft.DotNet.Scaffolding.CodeModification.dll" to "C:\Scaffolding\artifacts\bin\dotnet-scaffold\Debug\net11.0\Microsoft.DotNet.Scaffolding.CodeModification.dll". Beginning retry 2 in 1000ms. The process cannot access the file 'C:\Scaffolding\artifacts\bin\dotnet-scaffold\Debug\net11.0\Microsoft.DotNet.Scaffolding.CodeModification.dll' because it is being used by another process. The file is locked by: "dotnet-scaffold (82904), dotnet-scaffold (49964), dotnet-scaffold (38348), dotnet-scaffold (33444), dotnet-scaffold (20952), dotnet-scaffold (80780), dotnet-scaffold (32408), .NET Host (88448), .NET Host (21204)" [C:\Scaffolding\src\dotnet-scaffolding\dotnet-scaffold\dotnet-scaffold.csproj::TargetFramework=net11.0]
C:\Program Files\dotnet\sdk\11.0.100-preview.1.26076.102\Microsoft.Common.CurrentVersion.targets(5094,5): warning MSB3026: Could not copy "C:\Scaffolding\artifacts\bin\Microsoft.DotNet.Scaffolding.CodeModification\Debug\net11.0\Microsoft.DotNet.Scaffolding.CodeModification.dll" to "C:\Scaffolding\artifacts\bin\dotnet-scaffold\Debug\net11.0\Microsoft.DotNet.Scaffolding.CodeModification.dll". Beginning retry 3 in 1000ms. The process cannot access the file 'C:\Scaffolding\artifacts\bin\dotnet-scaffold\Debug\net11.0\Microsoft.DotNet.Scaffolding.CodeModification.dll' because it is being used by another process. The file is locked by: ".NET Host (88448), dotnet-scaffold (82904), dotnet-scaffold (49964), dotnet-scaffold (38348), dotnet-scaffold (33444), dotnet-scaffold (20952), dotnet-scaffold (80780), dotnet-scaffold (32408)" [C:\Scaffolding\src\dotnet-scaffolding\dotnet-scaffold\dotnet-scaffold.csproj::TargetFramework=net11.0]
C:\Program Files\dotnet\sdk\11.0.100-preview.1.26076.102\Microsoft.Common.CurrentVersion.targets(5094,5): warning MSB3026: Could not copy "C:\Scaffolding\artifacts\bin\Microsoft.DotNet.Scaffolding.CodeModification\Debug\net11.0\Microsoft.DotNet.Scaffolding.CodeModification.dll" to "C:\Scaffolding\artifacts\bin\dotnet-scaffold\Debug\net11.0\Microsoft.DotNet.Scaffolding.CodeModification.dll". Beginning retry 4 in 1000ms. The process cannot access the file 'C:\Scaffolding\artifacts\bin\dotnet-scaffold\Debug\net11.0\Microsoft.DotNet.Scaffolding.CodeModification.dll' because it is being used by another process. The file is locked by: "dotnet-scaffold (82904), dotnet-scaffold (49964), dotnet-scaffold (38348), dotnet-scaffold (33444), dotnet-scaffold (20952), dotnet-scaffold (80780), dotnet-scaffold (32408), .NET Host (88448), .NET Host (69048), .NET Host (10324), .NET Host (44224), .NET Host (82140)" [C:\Scaffolding\src\dotnet-scaffolding\dotnet-scaffold\dotnet-scaffold.csproj::TargetFramework=net11.0]
C:\Program Files\dotnet\sdk\11.0.100-preview.1.26076.102\Microsoft.Common.CurrentVersion.targets(5094,5): warning MSB3026: Could not copy "C:\Scaffolding\artifacts\bin\Microsoft.DotNet.Scaffolding.CodeModification\Debug\net11.0\Microsoft.DotNet.Scaffolding.CodeModification.dll" to "C:\Scaffolding\artifacts\bin\dotnet-scaffold\Debug\net11.0\Microsoft.DotNet.Scaffolding.CodeModification.dll". Beginning retry 5 in 1000ms. The process cannot access the file 'C:\Scaffolding\artifacts\bin\dotnet-scaffold\Debug\net11.0\Microsoft.DotNet.Scaffolding.CodeModification.dll' because it is being used by another process. The file is locked by: "dotnet-scaffold (82904), dotnet-scaffold (49964), dotnet-scaffold (38348), dotnet-scaffold (33444), dotnet-scaffold (20952), dotnet-scaffold (80780), dotnet-scaffold (32408), .NET Host (44224)" [C:\Scaffolding\src\dotnet-scaffolding\dotnet-scaffold\dotnet-scaffold.csproj::TargetFramework=net11.0]
C:\Program Files\dotnet\sdk\11.0.100-preview.1.26076.102\Microsoft.Common.CurrentVersion.targets(5094,5): warning MSB3026: Could not copy "C:\Scaffolding\artifacts\bin\Microsoft.DotNet.Scaffolding.CodeModification\Debug\net11.0\Microsoft.DotNet.Scaffolding.CodeModification.dll" to "C:\Scaffolding\artifacts\bin\dotnet-scaffold\Debug\net11.0\Microsoft.DotNet.Scaffolding.CodeModification.dll". Beginning retry 6 in 1000ms. The process cannot access the file 'C:\Scaffolding\artifacts\bin\dotnet-scaffold\Debug\net11.0\Microsoft.DotNet.Scaffolding.CodeModification.dll' because it is being used by another process. The file is locked by: ".NET Host (58960), dotnet-scaffold (82904), dotnet-scaffold (49964), dotnet-scaffold (38348), dotnet-scaffold (33444), dotnet-scaffold (20952), dotnet-scaffold (80780), dotnet-scaffold (32408)" [C:\Scaffolding\src\dotnet-scaffolding\dotnet-scaffold\dotnet-scaffold.csproj::TargetFramework=net11.0]
C:\Program Files\dotnet\sdk\11.0.100-preview.1.26076.102\Microsoft.Common.CurrentVersion.targets(5094,5): warning MSB3026: Could not copy "C:\Scaffolding\artifacts\bin\Microsoft.DotNet.Scaffolding.CodeModification\Debug\net11.0\Microsoft.DotNet.Scaffolding.CodeModification.dll" to "C:\Scaffolding\artifacts\bin\dotnet-scaffold\Debug\net11.0\Microsoft.DotNet.Scaffolding.CodeModification.dll". Beginning retry 7 in 1000ms. The process cannot access the file 'C:\Scaffolding\artifacts\bin\dotnet-scaffold\Debug\net11.0\Microsoft.DotNet.Scaffolding.CodeModification.dll' because it is being used by another process. The file is locked by: ".NET Host (88448), .NET Host (66676), .NET Host (82140), dotnet-scaffold (82904), dotnet-scaffold (49964), dotnet-scaffold (38348), dotnet-scaffold (33444), dotnet-scaffold (20952), dotnet-scaffold (80780), dotnet-scaffold (32408), .NET Host (58960)" [C:\Scaffolding\src\dotnet-scaffolding\dotnet-scaffold\dotnet-scaffold.csproj::TargetFramework=net11.0]
C:\Program Files\dotnet\sdk\11.0.100-preview.1.26076.102\Microsoft.Common.CurrentVersion.targets(5094,5): warning MSB3026: Could not copy "C:\Scaffolding\artifacts\bin\Microsoft.DotNet.Scaffolding.CodeModification\Debug\net11.0\Microsoft.DotNet.Scaffolding.CodeModification.dll" to "C:\Scaffolding\artifacts\bin\dotnet-scaffold\Debug\net11.0\Microsoft.DotNet.Scaffolding.CodeModification.dll". Beginning retry 8 in 1000ms. The process cannot access the file 'C:\Scaffolding\artifacts\bin\dotnet-scaffold\Debug\net11.0\Microsoft.DotNet.Scaffolding.CodeModification.dll' because it is being used by another process. The file is locked by: "dotnet-scaffold (82904), dotnet-scaffold (49964), dotnet-scaffold (38348), dotnet-scaffold (33444), dotnet-scaffold (20952), dotnet-scaffold (80780), dotnet-scaffold (32408), .NET Host (58960), .NET Host (82760), .NET Host (44224), .NET Host (82140)" [C:\Scaffolding\src\dotnet-scaffolding\dotnet-scaffold\dotnet-scaffold.csproj::TargetFramework=net11.0]
C:\Program Files\dotnet\sdk\11.0.100-preview.1.26076.102\Microsoft.Common.CurrentVersion.targets(5094,5): warning MSB3026: Could not copy "C:\Scaffolding\artifacts\bin\Microsoft.DotNet.Scaffolding.CodeModification\Debug\net11.0\Microsoft.DotNet.Scaffolding.CodeModification.dll" to "C:\Scaffolding\artifacts\bin\dotnet-scaffold\Debug\net11.0\Microsoft.DotNet.Scaffolding.CodeModification.dll". Beginning retry 9 in 1000ms. The process cannot access the file 'C:\Scaffolding\artifacts\bin\dotnet-scaffold\Debug\net11.0\Microsoft.DotNet.Scaffolding.CodeModification.dll' because it is being used by another process. The file is locked by: "dotnet-scaffold (82904), dotnet-scaffold (49964), dotnet-scaffold (38348), dotnet-scaffold (33444), dotnet-scaffold (20952), dotnet-scaffold (80780), dotnet-scaffold (32408), .NET Host (10324), .NET Host (82140), .NET Host (66676), .NET Host (44224)" [C:\Scaffolding\src\dotnet-scaffolding\dotnet-scaffold\dotnet-scaffold.csproj::TargetFramework=net11.0]
C:\Program Files\dotnet\sdk\11.0.100-preview.1.26076.102\Microsoft.Common.CurrentVersion.targets(5094,5): warning MSB3026: Could not copy "C:\Scaffolding\artifacts\bin\Microsoft.DotNet.Scaffolding.CodeModification\Debug\net11.0\Microsoft.DotNet.Scaffolding.CodeModification.dll" to "C:\Scaffolding\artifacts\bin\dotnet-scaffold\Debug\net11.0\Microsoft.DotNet.Scaffolding.CodeModification.dll". Beginning retry 10 in 1000ms. The process cannot access the file 'C:\Scaffolding\artifacts\bin\dotnet-scaffold\Debug\net11.0\Microsoft.DotNet.Scaffolding.CodeModification.dll' because it is being used by another process. The file is locked by: ".NET Host (69756), .NET Host (66676), .NET Host (82760), dotnet-scaffold (82904), dotnet-scaffold (49964), dotnet-scaffold (38348), dotnet-scaffold (33444), dotnet-scaffold (20952), dotnet-scaffold (80780), dotnet-scaffold (32408)" [C:\Scaffolding\src\dotnet-scaffolding\dotnet-scaffold\dotnet-scaffold.csproj::TargetFramework=net11.0]
C:\Program Files\dotnet\sdk\11.0.100-preview.1.26076.102\Microsoft.Common.CurrentVersion.targets(5094,5): error MSB3027: Could not copy "C:\Scaffolding\artifacts\bin\Microsoft.DotNet.Scaffolding.CodeModification\Debug\net11.0\Microsoft.DotNet.Scaffolding.CodeModification.dll" to "C:\Scaffolding\artifacts\bin\dotnet-scaffold\Debug\net11.0\Microsoft.DotNet.Scaffolding.CodeModification.dll". Exceeded retry count of 10. Failed. The file is locked by: ".NET Host (88448), .NET Host (10324), dotnet-scaffold (82904), dotnet-scaffold (49964), dotnet-scaffold (38348), dotnet-scaffold (33444), dotnet-scaffold (20952), dotnet-scaffold (32408), .NET Host (69048)" [C:\Scaffolding\src\dotnet-scaffolding\dotnet-scaffold\dotnet-scaffold.csproj::TargetFramework=net11.0]
C:\Program Files\dotnet\sdk\11.0.100-preview.1.26076.102\Microsoft.Common.CurrentVersion.targets(5094,5): error MSB3021: Unable to copy file "C:\Scaffolding\artifacts\bin\Microsoft.DotNet.Scaffolding.CodeModification\Debug\net11.0\Microsoft.DotNet.Scaffolding.CodeModification.dll" to "C:\Scaffolding\artifacts\bin\dotnet-scaffold\Debug\net11.0\Microsoft.DotNet.Scaffolding.CodeModification.dll". The process cannot access the file 'C:\Scaffolding\artifacts\bin\dotnet-scaffold\Debug\net11.0\Microsoft.DotNet.Scaffolding.CodeModification.dll' because it is being used by another process. [C:\Scaffolding\src\dotnet-scaffolding\dotnet-scaffold\dotnet-scaffold.csproj::TargetFramework=net11.0]

Error: 
The build failed. Fix the build errors and run again.

  Stack Trace:
     at Microsoft.DotNet.Tools.Scaffold.Tests.AspNet.Integration.Identity.BlazorIdentityNet8IntegrationTests.Scaffold_BlazorIdentity_Net8_CliInvocation() in C:\Scaffolding\test\dotnet-scaffolding\dotnet-scaffold.Tests\AspNet\Integration\Identity\BlazorIdentityNet8IntegrationTests.cs:line 34
--- End of stack trace from previous location ---
  Passed Microsoft.DotNet.Tools.Scaffold.Tests.AspNet.Integration.Identity.BlazorIdentityNet8IntegrationTests.FilesFolder_HasFiles [4 ms]
  Passed Microsoft.DotNet.Tools.Scaffold.Tests.AspNet.Integration.Identity.BlazorIdentityNet8IntegrationTests.BlazorIdentityTemplates_HasPagesSubfolder [8 ms]
  Passed Microsoft.DotNet.Tools.Scaffold.Tests.AspNet.Integration.Identity.BlazorIdentityNet8IntegrationTests.BlazorIdentityTemplates_AllFilesAreTT [15 ms]
  Passed Microsoft.DotNet.Tools.Scaffold.Tests.AspNet.Integration.Identity.BlazorIdentityNet8IntegrationTests.FilesFolderExists [3 ms]
  Passed Microsoft.DotNet.Tools.Scaffold.Tests.AspNet.Integration.Identity.BlazorIdentityNet8IntegrationTests.BlazorIdentityTemplates_HasSharedSubfolder [4 ms]
  Passed Microsoft.DotNet.Tools.Scaffold.Tests.AspNet.Integration.Identity.BlazorIdentityNet8IntegrationTests.BlazorIdentityChangesConfig_IsNotEmpty [18 ms]
  Passed Microsoft.DotNet.Tools.Scaffold.Tests.AspNet.Integration.Identity.BlazorIdentityNet8IntegrationTests.GetAllFilesForTargetFramework_IsSuperset_OfT4Templates [24 ms]
  Passed Microsoft.DotNet.Tools.Scaffold.Tests.AspNet.Integration.RazorPageEmptyNet11IntegrationTests.ExecuteAsync_GeneratedPageFile_ContainsValidContent [1 s]
  Passed Microsoft.DotNet.Tools.Scaffold.Tests.AspNet.Integration.RazorPageEmptyNet11IntegrationTests.GetScaffoldSteps_ContainsDotnetNewScaffolderStep [2 ms]
  Passed Microsoft.DotNet.Tools.Scaffold.Tests.AspNet.Integration.MVC.ControllerNet10IntegrationTests.EmptyControllerScaffolderStep_CreatesControllersDirectory [1 s]
  Passed Microsoft.DotNet.Tools.Scaffold.Tests.AspNet.Integration.Blazor.RazorComponentNet8IntegrationTests.ExecuteAsync_DoesNotCreateViewsDirectory [1 s]
  Passed Microsoft.DotNet.Tools.Scaffold.Tests.AspNet.Integration.RazorPageEmptyNet11IntegrationTests.ExecuteAsync_GeneratedPageFile_HasCshtmlExtension [1 s]
  Passed Microsoft.DotNet.Tools.Scaffold.Tests.AspNet.Integration.RazorPageEmptyNet11IntegrationTests.ExecuteAsync_ReturnsFalse_WhenProjectPathIsEmpty [4 ms]
  Passed Microsoft.DotNet.Tools.Scaffold.Tests.AspNet.Integration.RazorPageEmptyNet11IntegrationTests.ExecuteAsync_TracksTelemetryEvent_OnValidFileNameFailure [2 ms]
  Passed Microsoft.DotNet.Tools.Scaffold.Tests.AspNet.Integration.RazorPageEmptyNet11IntegrationTests.ExecuteAsync_ReturnsFalse_WhenProjectPathDoesNotExist [3 ms]
  Passed Microsoft.DotNet.Tools.Scaffold.Tests.AspNet.Integration.RazorPageEmptyNet11IntegrationTests.ExecuteAsync_ReturnsFalse_WhenProjectPathIsNull [18 ms]
[xUnit.net 00:02:42.41]     Microsoft.DotNet.Tools.Scaffold.Tests.AspNet.Integr
ation.RazorViewEmptyNet9IntegrationTests.Scaffold_RazorViewEmpty_Net9_CliInvoca
tion [FAIL]
[xUnit.net 00:02:42.41]       CLI scaffold should succeed.
Output: C:\Program Files\dotnet\sdk\11.0.100-preview.1.26076.102\Microsoft.Common.CurrentVersion.targets(5094,5): warning MSB3026: Could not copy "C:\Scaffolding\artifacts\bin\Microsoft.DotNet.Scaffolding.CodeModification\Debug\net11.0\Microsoft.DotNet.Scaffolding.CodeModification.dll" to "C:\Scaffolding\artifacts\bin\dotnet-scaffold\Debug\net11.0\Microsoft.DotNet.Scaffolding.CodeModification.dll". Beginning retry 1 in 1000ms. The process cannot access the file 'C:\Scaffolding\artifacts\bin\dotnet-scaffold\Debug\net11.0\Microsoft.DotNet.Scaffolding.CodeModification.dll' because it is being used by another process. The file is locked by: "dotnet-scaffold (82904), dotnet-scaffold (49964), dotnet-scaffold (38348), dotnet-scaffold (33444), dotnet-scaffold (20952), dotnet-scaffold (80780), dotnet-scaffold (32408)" [C:\Scaffolding\src\dotnet-scaffolding\dotnet-scaffold\dotnet-scaffold.csproj::TargetFramework=net11.0]
[xUnit.net 00:02:42.41]       C:\Program Files\dotnet\sdk\11.0.100-preview.1.26076.102\Microsoft.Common.CurrentVersion.targets(5094,5): warning MSB3026: Could not copy "C:\Scaffolding\artifacts\bin\Microsoft.DotNet.Scaffolding.CodeModification\Debug\net11.0\Microsoft.DotNet.Scaffolding.CodeModification.dll" to "C:\Scaffolding\artifacts\bin\dotnet-scaffold\Debug\net11.0\Microsoft.DotNet.Scaffolding.CodeModification.dll". Beginning retry 2 in 1000ms. The process cannot access the file 'C:\Scaffolding\artifacts\bin\dotnet-scaffold\Debug\net11.0\Microsoft.DotNet.Scaffolding.CodeModification.dll' because it is being used by another process. The file is locked by: ".NET Host (69048), dotnet-scaffold (82904), dotnet-scaffold (49964), dotnet-scaffold (38348), dotnet-scaffold (33444), dotnet-scaffold (20952), dotnet-scaffold (80780), dotnet-scaffold (32408)" [C:\Scaffolding\src\dotnet-scaffolding\dotnet-scaffold\dotnet-scaffold.csproj::TargetFramework=net11.0]
[xUnit.net 00:02:42.41]       C:\Program Files\dotnet\sdk\11.0.100-preview.1.26076.102\Microsoft.Common.CurrentVersion.targets(5094,5): warning MSB3026: Could not copy "C:\Scaffolding\artifacts\bin\Microsoft.DotNet.Scaffolding.CodeModification\Debug\net11.0\Microsoft.DotNet.Scaffolding.CodeModification.dll" to "C:\Scaffolding\artifacts\bin\dotnet-scaffold\Debug\net11.0\Microsoft.DotNet.Scaffolding.CodeModification.dll". Beginning retry 3 in 1000ms. The process cannot access the file 'C:\Scaffolding\artifacts\bin\dotnet-scaffold\Debug\net11.0\Microsoft.DotNet.Scaffolding.CodeModification.dll' because it is being used by another process. The file is locked by: ".NET Host (58960), .NET Host (21204), .NET Host (66676), dotnet-scaffold (82904), dotnet-scaffold (49964), dotnet-scaffold (38348), dotnet-scaffold (33444), dotnet-scaffold (20952), dotnet-scaffold (80780), dotnet-scaffold (32408), .NET Host (69756)" [C:\Scaffolding\src\dotnet-scaffolding\dotnet-scaffold\dotnet-scaffold.csproj::TargetFramework=net11.0]
[xUnit.net 00:02:42.41]       C:\Program Files\dotnet\sdk\11.0.100-preview.1.26076.102\Microsoft.Common.CurrentVersion.targets(5094,5): warning MSB3026: Could not copy "C:\Scaffolding\artifacts\bin\Microsoft.DotNet.Scaffolding.CodeModification\Debug\net11.0\Microsoft.DotNet.Scaffolding.CodeModification.dll" to "C:\Scaffolding\artifacts\bin\dotnet-scaffold\Debug\net11.0\Microsoft.DotNet.Scaffolding.CodeModification.dll". Beginning retry 4 in 1000ms. The process cannot access the file 'C:\Scaffolding\artifacts\bin\dotnet-scaffold\Debug\net11.0\Microsoft.DotNet.Scaffolding.CodeModification.dll' because it is being used by another process. The file is locked by: ".NET Host (88448), .NET Host (66676), .NET Host (10324), dotnet-scaffold (82904), dotnet-scaffold (49964), dotnet-scaffold (38348), dotnet-scaffold (33444), dotnet-scaffold (20952), dotnet-scaffold (80780), dotnet-scaffold (32408), .NET Host (44224)" [C:\Scaffolding\src\dotnet-scaffolding\dotnet-scaffold\dotnet-scaffold.csproj::TargetFramework=net11.0]
[xUnit.net 00:02:42.41]       C:\Program Files\dotnet\sdk\11.0.100-preview.1.26076.102\Microsoft.Common.CurrentVersion.targets(5094,5): warning MSB3026: Could not copy "C:\Scaffolding\artifacts\bin\Microsoft.DotNet.Scaffolding.CodeModification\Debug\net11.0\Microsoft.DotNet.Scaffolding.CodeModification.dll" to "C:\Scaffolding\artifacts\bin\dotnet-scaffold\Debug\net11.0\Microsoft.DotNet.Scaffolding.CodeModification.dll". Beginning retry 5 in 1000ms. The process cannot access the file 'C:\Scaffolding\artifacts\bin\dotnet-scaffold\Debug\net11.0\Microsoft.DotNet.Scaffolding.CodeModification.dll' because it is being used by another process. The file is locked by: ".NET Host (88448), .NET Host (10324), dotnet-scaffold (82904), dotnet-scaffold (49964), dotnet-scaffold (38348), dotnet-scaffold (33444), dotnet-scaffold (20952), dotnet-scaffold (80780), dotnet-scaffold (32408), .NET Host (66676), .NET Host (26576)" [C:\Scaffolding\src\dotnet-scaffolding\dotnet-scaffold\dotnet-scaffold.csproj::TargetFramework=net11.0]
[xUnit.net 00:02:42.41]       C:\Program Files\dotnet\sdk\11.0.100-preview.1.26076.102\Microsoft.Common.CurrentVersion.targets(5094,5): warning MSB3026: Could not copy "C:\Scaffolding\artifacts\bin\Microsoft.DotNet.Scaffolding.CodeModification\Debug\net11.0\Microsoft.DotNet.Scaffolding.CodeModification.dll" to "C:\Scaffolding\artifacts\bin\dotnet-scaffold\Debug\net11.0\Microsoft.DotNet.Scaffolding.CodeModification.dll". Beginning retry 6 in 1000ms. The process cannot access the file 'C:\Scaffolding\artifacts\bin\dotnet-scaffold\Debug\net11.0\Microsoft.DotNet.Scaffolding.CodeModification.dll' because it is being used by another process. The file is locked by: ".NET Host (58960), .NET Host (69048), dotnet-scaffold (82904), dotnet-scaffold (49964), dotnet-scaffold (38348), dotnet-scaffold (33444), dotnet-scaffold (20952), dotnet-scaffold (80780), dotnet-scaffold (32408), .NET Host (69756), .NET Host (21204), .NET Host (66676)" [C:\Scaffolding\src\dotnet-scaffolding\dotnet-scaffold\dotnet-scaffold.csproj::TargetFramework=net11.0]
[xUnit.net 00:02:42.41]       C:\Program Files\dotnet\sdk\11.0.100-preview.1.26076.102\Microsoft.Common.CurrentVersion.targets(5094,5): warning MSB3026: Could not copy "C:\Scaffolding\artifacts\bin\Microsoft.DotNet.Scaffolding.CodeModification\Debug\net11.0\Microsoft.DotNet.Scaffolding.CodeModification.dll" to "C:\Scaffolding\artifacts\bin\dotnet-scaffold\Debug\net11.0\Microsoft.DotNet.Scaffolding.CodeModification.dll". Beginning retry 7 in 1000ms. The process cannot access the file 'C:\Scaffolding\artifacts\bin\dotnet-scaffold\Debug\net11.0\Microsoft.DotNet.Scaffolding.CodeModification.dll' because it is being used by another process. The file is locked by: ".NET Host (10324), .NET Host (82140), dotnet-scaffold (82904), dotnet-scaffold (49964), dotnet-scaffold (38348), dotnet-scaffold (33444), dotnet-scaffold (20952), dotnet-scaffold (80780), dotnet-scaffold (32408), .NET Host (69756), .NET Host (44224)" [C:\Scaffolding\src\dotnet-scaffolding\dotnet-scaffold\dotnet-scaffold.csproj::TargetFramework=net11.0]
[xUnit.net 00:02:42.41]       C:\Program Files\dotnet\sdk\11.0.100-preview.1.26076.102\Microsoft.Common.CurrentVersion.targets(5094,5): warning MSB3026: Could not copy "C:\Scaffolding\artifacts\bin\Microsoft.DotNet.Scaffolding.CodeModification\Debug\net11.0\Microsoft.DotNet.Scaffolding.CodeModification.dll" to "C:\Scaffolding\artifacts\bin\dotnet-scaffold\Debug\net11.0\Microsoft.DotNet.Scaffolding.CodeModification.dll". Beginning retry 8 in 1000ms. The process cannot access the file 'C:\Scaffolding\artifacts\bin\dotnet-scaffold\Debug\net11.0\Microsoft.DotNet.Scaffolding.CodeModification.dll' because it is being used by another process. The file is locked by: ".NET Host (88448), .NET Host (69756), dotnet-scaffold (82904), dotnet-scaffold (49964), dotnet-scaffold (38348), dotnet-scaffold (33444), dotnet-scaffold (20952), dotnet-scaffold (80780), dotnet-scaffold (32408)" [C:\Scaffolding\src\dotnet-scaffolding\dotnet-scaffold\dotnet-scaffold.csproj::TargetFramework=net11.0]
[xUnit.net 00:02:42.41]       C:\Program Files\dotnet\sdk\11.0.100-preview.1.26076.102\Microsoft.Common.CurrentVersion.targets(5094,5): warning MSB3026: Could not copy "C:\Scaffolding\artifacts\bin\Microsoft.DotNet.Scaffolding.CodeModification\Debug\net11.0\Microsoft.DotNet.Scaffolding.CodeModification.dll" to "C:\Scaffolding\artifacts\bin\dotnet-scaffold\Debug\net11.0\Microsoft.DotNet.Scaffolding.CodeModification.dll". Beginning retry 9 in 1000ms. The process cannot access the file 'C:\Scaffolding\artifacts\bin\dotnet-scaffold\Debug\net11.0\Microsoft.DotNet.Scaffolding.CodeModification.dll' because it is being used by another process. The file is locked by: ".NET Host (69048), dotnet-scaffold (82904), dotnet-scaffold (49964), dotnet-scaffold (38348), dotnet-scaffold (33444), dotnet-scaffold (20952), dotnet-scaffold (80780), dotnet-scaffold (32408), .NET Host (69756), .NET Host (66676), .NET Host (82140), .NET Host (26576)" [C:\Scaffolding\src\dotnet-scaffolding\dotnet-scaffold\dotnet-scaffold.csproj::TargetFramework=net11.0]
[xUnit.net 00:02:42.41]       C:\Program Files\dotnet\sdk\11.0.100-preview.1.26076.102\Microsoft.Common.CurrentVersion.targets(5094,5): warning MSB3026: Could not copy "C:\Scaffolding\artifacts\bin\Microsoft.DotNet.Scaffolding.CodeModification\Debug\net11.0\Microsoft.DotNet.Scaffolding.CodeModification.dll" to "C:\Scaffolding\artifacts\bin\dotnet-scaffold\Debug\net11.0\Microsoft.DotNet.Scaffolding.CodeModification.dll". Beginning retry 10 in 1000ms. The process cannot access the file 'C:\Scaffolding\artifacts\bin\dotnet-scaffold\Debug\net11.0\Microsoft.DotNet.Scaffolding.CodeModification.dll' because it is being used by another process. The file is locked by: ".NET Host (10324), dotnet-scaffold (82904), dotnet-scaffold (49964), dotnet-scaffold (38348), dotnet-scaffold (33444), dotnet-scaffold (20952), dotnet-scaffold (32408), .NET Host (69756), .NET Host (21204), .NET Host (44224), .NET Host (82140)" [C:\Scaffolding\src\dotnet-scaffolding\dotnet-scaffold\dotnet-scaffold.csproj::TargetFramework=net11.0]
[xUnit.net 00:02:42.41]       C:\Program Files\dotnet\sdk\11.0.100-preview.1.26076.102\Microsoft.Common.CurrentVersion.targets(5094,5): error MSB3027: Could not copy "C:\Scaffolding\artifacts\bin\Microsoft.DotNet.Scaffolding.CodeModification\Debug\net11.0\Microsoft.DotNet.Scaffolding.CodeModification.dll" to "C:\Scaffolding\artifacts\bin\dotnet-scaffold\Debug\net11.0\Microsoft.DotNet.Scaffolding.CodeModification.dll". Exceeded retry count of 10. Failed. The file is locked by: ".NET Host (66676), .NET Host (44224), dotnet-scaffold (82904), dotnet-scaffold (38348), dotnet-scaffold (33444), dotnet-scaffold (20952), dotnet-scaffold (32408)" [C:\Scaffolding\src\dotnet-scaffolding\dotnet-scaffold\dotnet-scaffold.csproj::TargetFramework=net11.0]
[xUnit.net 00:02:42.41]       C:\Program Files\dotnet\sdk\11.0.100-preview.1.26076.102\Microsoft.Common.CurrentVersion.targets(5094,5): error MSB3021: Unable to copy file "C:\Scaffolding\artifacts\bin\Microsoft.DotNet.Scaffolding.CodeModification\Debug\net11.0\Microsoft.DotNet.Scaffolding.CodeModification.dll" to "C:\Scaffolding\artifacts\bin\dotnet-scaffold\Debug\net11.0\Microsoft.DotNet.Scaffolding.CodeModification.dll". The process cannot access the file 'C:\Scaffolding\artifacts\bin\dotnet-scaffold\Debug\net11.0\Microsoft.DotNet.Scaffolding.CodeModification.dll' because it is being used by another process. [C:\Scaffolding\src\dotnet-scaffolding\dotnet-scaffold\dotnet-scaffold.csproj::TargetFramework=net11.0]
[xUnit.net 00:02:42.41]       
Error: 
[xUnit.net 00:02:42.41]       The build failed. Fix the build errors and run again.
[xUnit.net 00:02:42.41]       
[xUnit.net 00:02:42.41]       Stack Trace:
[xUnit.net 00:02:42.41]         C:\Scaffolding\test\dotnet-scaffolding\dotnet-scaffold.Tests\AspNet\Integration\MVC\RazorViewEmptyNet9IntegrationTests.cs(34,0): at Microsoft.DotNet.Tools.Scaffold.Tests.AspNet.Integration.RazorViewEmptyNet9IntegrationTests.Scaffold_RazorViewEmpty_Net9_CliInvocation()
[xUnit.net 00:02:42.41]         --- End of stack trace from previous location ---
[xUnit.net 00:02:42.47]     Microsoft.DotNet.Tools.Scaffold.Tests.AspNet.Integr
ation.API.ApiControllerNet9IntegrationTests.Scaffold_ApiControllerCrud_Net9_Cli
Invocation [FAIL]
[xUnit.net 00:02:42.47]       DbContext file 'Data/TestDbContext.cs' should be created.
[xUnit.net 00:02:42.47]       Stack Trace:
[xUnit.net 00:02:42.47]         C:\Scaffolding\test\dotnet-scaffolding\dotnet-scaffold.Tests\AspNet\Integration\API\ApiControllerNet9IntegrationTests.cs(43,0): at Microsoft.DotNet.Tools.Scaffold.Tests.AspNet.Integration.API.ApiControllerNet9IntegrationTests.Scaffold_ApiControllerCrud_Net9_CliInvocation()
[xUnit.net 00:02:42.47]         --- End of stack trace from previous location ---
  Failed Microsoft.DotNet.Tools.Scaffold.Tests.AspNet.Integration.RazorViewEmptyNet9IntegrationTests.Scaffold_RazorViewEmpty_Net9_CliInvocation [2 m 35 s]
  Error Message:
   CLI scaffold should succeed.
Output: C:\Program Files\dotnet\sdk\11.0.100-preview.1.26076.102\Microsoft.Common.CurrentVersion.targets(5094,5): warning MSB3026: Could not copy "C:\Scaffolding\artifacts\bin\Microsoft.DotNet.Scaffolding.CodeModification\Debug\net11.0\Microsoft.DotNet.Scaffolding.CodeModification.dll" to "C:\Scaffolding\artifacts\bin\dotnet-scaffold\Debug\net11.0\Microsoft.DotNet.Scaffolding.CodeModification.dll". Beginning retry 1 in 1000ms. The process cannot access the file 'C:\Scaffolding\artifacts\bin\dotnet-scaffold\Debug\net11.0\Microsoft.DotNet.Scaffolding.CodeModification.dll' because it is being used by another process. The file is locked by: "dotnet-scaffold (82904), dotnet-scaffold (49964), dotnet-scaffold (38348), dotnet-scaffold (33444), dotnet-scaffold (20952), dotnet-scaffold (80780), dotnet-scaffold (32408)" [C:\Scaffolding\src\dotnet-scaffolding\dotnet-scaffold\dotnet-scaffold.csproj::TargetFramework=net11.0]
C:\Program Files\dotnet\sdk\11.0.100-preview.1.26076.102\Microsoft.Common.CurrentVersion.targets(5094,5): warning MSB3026: Could not copy "C:\Scaffolding\artifacts\bin\Microsoft.DotNet.Scaffolding.CodeModification\Debug\net11.0\Microsoft.DotNet.Scaffolding.CodeModification.dll" to "C:\Scaffolding\artifacts\bin\dotnet-scaffold\Debug\net11.0\Microsoft.DotNet.Scaffolding.CodeModification.dll". Beginning retry 2 in 1000ms. The process cannot access the file 'C:\Scaffolding\artifacts\bin\dotnet-scaffold\Debug\net11.0\Microsoft.DotNet.Scaffolding.CodeModification.dll' because it is being used by another process. The file is locked by: ".NET Host (69048), dotnet-scaffold (82904), dotnet-scaffold (49964), dotnet-scaffold (38348), dotnet-scaffold (33444), dotnet-scaffold (20952), dotnet-scaffold (80780), dotnet-scaffold (32408)" [C:\Scaffolding\src\dotnet-scaffolding\dotnet-scaffold\dotnet-scaffold.csproj::TargetFramework=net11.0]
C:\Program Files\dotnet\sdk\11.0.100-preview.1.26076.102\Microsoft.Common.CurrentVersion.targets(5094,5): warning MSB3026: Could not copy "C:\Scaffolding\artifacts\bin\Microsoft.DotNet.Scaffolding.CodeModification\Debug\net11.0\Microsoft.DotNet.Scaffolding.CodeModification.dll" to "C:\Scaffolding\artifacts\bin\dotnet-scaffold\Debug\net11.0\Microsoft.DotNet.Scaffolding.CodeModification.dll". Beginning retry 3 in 1000ms. The process cannot access the file 'C:\Scaffolding\artifacts\bin\dotnet-scaffold\Debug\net11.0\Microsoft.DotNet.Scaffolding.CodeModification.dll' because it is being used by another process. The file is locked by: ".NET Host (58960), .NET Host (21204), .NET Host (66676), dotnet-scaffold (82904), dotnet-scaffold (49964), dotnet-scaffold (38348), dotnet-scaffold (33444), dotnet-scaffold (20952), dotnet-scaffold (80780), dotnet-scaffold (32408), .NET Host (69756)" [C:\Scaffolding\src\dotnet-scaffolding\dotnet-scaffold\dotnet-scaffold.csproj::TargetFramework=net11.0]
C:\Program Files\dotnet\sdk\11.0.100-preview.1.26076.102\Microsoft.Common.CurrentVersion.targets(5094,5): warning MSB3026: Could not copy "C:\Scaffolding\artifacts\bin\Microsoft.DotNet.Scaffolding.CodeModification\Debug\net11.0\Microsoft.DotNet.Scaffolding.CodeModification.dll" to "C:\Scaffolding\artifacts\bin\dotnet-scaffold\Debug\net11.0\Microsoft.DotNet.Scaffolding.CodeModification.dll". Beginning retry 4 in 1000ms. The process cannot access the file 'C:\Scaffolding\artifacts\bin\dotnet-scaffold\Debug\net11.0\Microsoft.DotNet.Scaffolding.CodeModification.dll' because it is being used by another process. The file is locked by: ".NET Host (88448), .NET Host (66676), .NET Host (10324), dotnet-scaffold (82904), dotnet-scaffold (49964), dotnet-scaffold (38348), dotnet-scaffold (33444), dotnet-scaffold (20952), dotnet-scaffold (80780), dotnet-scaffold (32408), .NET Host (44224)" [C:\Scaffolding\src\dotnet-scaffolding\dotnet-scaffold\dotnet-scaffold.csproj::TargetFramework=net11.0]
C:\Program Files\dotnet\sdk\11.0.100-preview.1.26076.102\Microsoft.Common.CurrentVersion.targets(5094,5): warning MSB3026: Could not copy "C:\Scaffolding\artifacts\bin\Microsoft.DotNet.Scaffolding.CodeModification\Debug\net11.0\Microsoft.DotNet.Scaffolding.CodeModification.dll" to "C:\Scaffolding\artifacts\bin\dotnet-scaffold\Debug\net11.0\Microsoft.DotNet.Scaffolding.CodeModification.dll". Beginning retry 5 in 1000ms. The process cannot access the file 'C:\Scaffolding\artifacts\bin\dotnet-scaffold\Debug\net11.0\Microsoft.DotNet.Scaffolding.CodeModification.dll' because it is being used by another process. The file is locked by: ".NET Host (88448), .NET Host (10324), dotnet-scaffold (82904), dotnet-scaffold (49964), dotnet-scaffold (38348), dotnet-scaffold (33444), dotnet-scaffold (20952), dotnet-scaffold (80780), dotnet-scaffold (32408), .NET Host (66676), .NET Host (26576)" [C:\Scaffolding\src\dotnet-scaffolding\dotnet-scaffold\dotnet-scaffold.csproj::TargetFramework=net11.0]
C:\Program Files\dotnet\sdk\11.0.100-preview.1.26076.102\Microsoft.Common.CurrentVersion.targets(5094,5): warning MSB3026: Could not copy "C:\Scaffolding\artifacts\bin\Microsoft.DotNet.Scaffolding.CodeModification\Debug\net11.0\Microsoft.DotNet.Scaffolding.CodeModification.dll" to "C:\Scaffolding\artifacts\bin\dotnet-scaffold\Debug\net11.0\Microsoft.DotNet.Scaffolding.CodeModification.dll". Beginning retry 6 in 1000ms. The process cannot access the file 'C:\Scaffolding\artifacts\bin\dotnet-scaffold\Debug\net11.0\Microsoft.DotNet.Scaffolding.CodeModification.dll' because it is being used by another process. The file is locked by: ".NET Host (58960), .NET Host (69048), dotnet-scaffold (82904), dotnet-scaffold (49964), dotnet-scaffold (38348), dotnet-scaffold (33444), dotnet-scaffold (20952), dotnet-scaffold (80780), dotnet-scaffold (32408), .NET Host (69756), .NET Host (21204), .NET Host (66676)" [C:\Scaffolding\src\dotnet-scaffolding\dotnet-scaffold\dotnet-scaffold.csproj::TargetFramework=net11.0]
C:\Program Files\dotnet\sdk\11.0.100-preview.1.26076.102\Microsoft.Common.CurrentVersion.targets(5094,5): warning MSB3026: Could not copy "C:\Scaffolding\artifacts\bin\Microsoft.DotNet.Scaffolding.CodeModification\Debug\net11.0\Microsoft.DotNet.Scaffolding.CodeModification.dll" to "C:\Scaffolding\artifacts\bin\dotnet-scaffold\Debug\net11.0\Microsoft.DotNet.Scaffolding.CodeModification.dll". Beginning retry 7 in 1000ms. The process cannot access the file 'C:\Scaffolding\artifacts\bin\dotnet-scaffold\Debug\net11.0\Microsoft.DotNet.Scaffolding.CodeModification.dll' because it is being used by another process. The file is locked by: ".NET Host (10324), .NET Host (82140), dotnet-scaffold (82904), dotnet-scaffold (49964), dotnet-scaffold (38348), dotnet-scaffold (33444), dotnet-scaffold (20952), dotnet-scaffold (80780), dotnet-scaffold (32408), .NET Host (69756), .NET Host (44224)" [C:\Scaffolding\src\dotnet-scaffolding\dotnet-scaffold\dotnet-scaffold.csproj::TargetFramework=net11.0]
C:\Program Files\dotnet\sdk\11.0.100-preview.1.26076.102\Microsoft.Common.CurrentVersion.targets(5094,5): warning MSB3026: Could not copy "C:\Scaffolding\artifacts\bin\Microsoft.DotNet.Scaffolding.CodeModification\Debug\net11.0\Microsoft.DotNet.Scaffolding.CodeModification.dll" to "C:\Scaffolding\artifacts\bin\dotnet-scaffold\Debug\net11.0\Microsoft.DotNet.Scaffolding.CodeModification.dll". Beginning retry 8 in 1000ms. The process cannot access the file 'C:\Scaffolding\artifacts\bin\dotnet-scaffold\Debug\net11.0\Microsoft.DotNet.Scaffolding.CodeModification.dll' because it is being used by another process. The file is locked by: ".NET Host (88448), .NET Host (69756), dotnet-scaffold (82904), dotnet-scaffold (49964), dotnet-scaffold (38348), dotnet-scaffold (33444), dotnet-scaffold (20952), dotnet-scaffold (80780), dotnet-scaffold (32408)" [C:\Scaffolding\src\dotnet-scaffolding\dotnet-scaffold\dotnet-scaffold.csproj::TargetFramework=net11.0]
C:\Program Files\dotnet\sdk\11.0.100-preview.1.26076.102\Microsoft.Common.CurrentVersion.targets(5094,5): warning MSB3026: Could not copy "C:\Scaffolding\artifacts\bin\Microsoft.DotNet.Scaffolding.CodeModification\Debug\net11.0\Microsoft.DotNet.Scaffolding.CodeModification.dll" to "C:\Scaffolding\artifacts\bin\dotnet-scaffold\Debug\net11.0\Microsoft.DotNet.Scaffolding.CodeModification.dll". Beginning retry 9 in 1000ms. The process cannot access the file 'C:\Scaffolding\artifacts\bin\dotnet-scaffold\Debug\net11.0\Microsoft.DotNet.Scaffolding.CodeModification.dll' because it is being used by another process. The file is locked by: ".NET Host (69048), dotnet-scaffold (82904), dotnet-scaffold (49964), dotnet-scaffold (38348), dotnet-scaffold (33444), dotnet-scaffold (20952), dotnet-scaffold (80780), dotnet-scaffold (32408), .NET Host (69756), .NET Host (66676), .NET Host (82140), .NET Host (26576)" [C:\Scaffolding\src\dotnet-scaffolding\dotnet-scaffold\dotnet-scaffold.csproj::TargetFramework=net11.0]
C:\Program Files\dotnet\sdk\11.0.100-preview.1.26076.102\Microsoft.Common.CurrentVersion.targets(5094,5): warning MSB3026: Could not copy "C:\Scaffolding\artifacts\bin\Microsoft.DotNet.Scaffolding.CodeModification\Debug\net11.0\Microsoft.DotNet.Scaffolding.CodeModification.dll" to "C:\Scaffolding\artifacts\bin\dotnet-scaffold\Debug\net11.0\Microsoft.DotNet.Scaffolding.CodeModification.dll". Beginning retry 10 in 1000ms. The process cannot access the file 'C:\Scaffolding\artifacts\bin\dotnet-scaffold\Debug\net11.0\Microsoft.DotNet.Scaffolding.CodeModification.dll' because it is being used by another process. The file is locked by: ".NET Host (10324), dotnet-scaffold (82904), dotnet-scaffold (49964), dotnet-scaffold (38348), dotnet-scaffold (33444), dotnet-scaffold (20952), dotnet-scaffold (32408), .NET Host (69756), .NET Host (21204), .NET Host (44224), .NET Host (82140)" [C:\Scaffolding\src\dotnet-scaffolding\dotnet-scaffold\dotnet-scaffold.csproj::TargetFramework=net11.0]
C:\Program Files\dotnet\sdk\11.0.100-preview.1.26076.102\Microsoft.Common.CurrentVersion.targets(5094,5): error MSB3027: Could not copy "C:\Scaffolding\artifacts\bin\Microsoft.DotNet.Scaffolding.CodeModification\Debug\net11.0\Microsoft.DotNet.Scaffolding.CodeModification.dll" to "C:\Scaffolding\artifacts\bin\dotnet-scaffold\Debug\net11.0\Microsoft.DotNet.Scaffolding.CodeModification.dll". Exceeded retry count of 10. Failed. The file is locked by: ".NET Host (66676), .NET Host (44224), dotnet-scaffold (82904), dotnet-scaffold (38348), dotnet-scaffold (33444), dotnet-scaffold (20952), dotnet-scaffold (32408)" [C:\Scaffolding\src\dotnet-scaffolding\dotnet-scaffold\dotnet-scaffold.csproj::TargetFramework=net11.0]
C:\Program Files\dotnet\sdk\11.0.100-preview.1.26076.102\Microsoft.Common.CurrentVersion.targets(5094,5): error MSB3021: Unable to copy file "C:\Scaffolding\artifacts\bin\Microsoft.DotNet.Scaffolding.CodeModification\Debug\net11.0\Microsoft.DotNet.Scaffolding.CodeModification.dll" to "C:\Scaffolding\artifacts\bin\dotnet-scaffold\Debug\net11.0\Microsoft.DotNet.Scaffolding.CodeModification.dll". The process cannot access the file 'C:\Scaffolding\artifacts\bin\dotnet-scaffold\Debug\net11.0\Microsoft.DotNet.Scaffolding.CodeModification.dll' because it is being used by another process. [C:\Scaffolding\src\dotnet-scaffolding\dotnet-scaffold\dotnet-scaffold.csproj::TargetFramework=net11.0]

Error: 
The build failed. Fix the build errors and run again.

  Stack Trace:
     at Microsoft.DotNet.Tools.Scaffold.Tests.AspNet.Integration.RazorViewEmptyNet9IntegrationTests.Scaffold_RazorViewEmpty_Net9_CliInvocation() in C:\Scaffolding\test\dotnet-scaffolding\dotnet-scaffold.Tests\AspNet\Integration\MVC\RazorViewEmptyNet9IntegrationTests.cs:line 34
--- End of stack trace from previous location ---
  Passed Microsoft.DotNet.Tools.Scaffold.Tests.AspNet.Integration.RazorViewEmptyNet9IntegrationTests.NamespaceName_DefaultsToNull [2 ms]
  Failed Microsoft.DotNet.Tools.Scaffold.Tests.AspNet.Integration.API.ApiControllerNet9IntegrationTests.Scaffold_ApiControllerCrud_Net9_CliInvocation [2 m 40 s]
  Error Message:
   DbContext file 'Data/TestDbContext.cs' should be created.
  Stack Trace:
     at Microsoft.DotNet.Tools.Scaffold.Tests.AspNet.Integration.API.ApiControllerNet9IntegrationTests.Scaffold_ApiControllerCrud_Net9_CliInvocation() in C:\Scaffolding\test\dotnet-scaffolding\dotnet-scaffold.Tests\AspNet\Integration\API\ApiControllerNet9IntegrationTests.cs:line 43
--- End of stack trace from previous location ---
  Passed Microsoft.DotNet.Tools.Scaffold.Tests.AspNet.Integration.API.ApiControllerNet9IntegrationTests.UseDatabaseMethods_HasAllFourProviders [9 ms]
  Passed Microsoft.DotNet.Tools.Scaffold.Tests.AspNet.Integration.API.ApiControllerNet9IntegrationTests.ValidateEfControllerStep_FailsWithEmptyDataContext [3 ms]
  Passed Microsoft.DotNet.Tools.Scaffold.Tests.AspNet.Integration.API.ApiControllerNet9IntegrationTests.ValidateEfControllerStep_FailsWithNonExistentProject [3 ms]
  Passed Microsoft.DotNet.Tools.Scaffold.Tests.AspNet.Integration.API.ApiControllerNet9IntegrationTests.ValidateEfControllerStep_TracksTelemetry_OnNullControllerNameFailure [3 ms]
  Passed Microsoft.DotNet.Tools.Scaffold.Tests.AspNet.Integration.API.ApiControllerNet9IntegrationTests.EfPackagesDict_ContainsAllFourProviders [2 ms]
  Passed Microsoft.DotNet.Tools.Scaffold.Tests.AspNet.Integration.Blazor.RazorComponentNet9IntegrationTests.ExecuteAsync_ReturnsFalse_WhenFileNameIsNull [4 ms]
  Passed Microsoft.DotNet.Tools.Scaffold.Tests.AspNet.Integration.Blazor.RazorComponentNet9IntegrationTests.ExecuteAsync_ReturnsFalse_WhenProjectPathDoesNotExist [3 ms]
  Passed Microsoft.DotNet.Tools.Scaffold.Tests.AspNet.Integration.MVC.ControllerNet10IntegrationTests.EmptyControllerScaffolderStep_WithActionsFalse_CreatesControllersDir [2 s]
[xUnit.net 00:02:42.87]     Microsoft.DotNet.Tools.Scaffold.Tests.AspNet.Integr
ation.MVC.CrudControllerNet9IntegrationTests.Scaffold_MvcControllerCrud_Net9_Cl
iInvocation [FAIL]
[xUnit.net 00:02:42.87]       CLI scaffold should succeed.
Output: C:\Program Files\dotnet\sdk\11.0.100-preview.1.26076.102\Microsoft.Common.CurrentVersion.targets(5094,5): warning MSB3026: Could not copy "C:\Scaffolding\artifacts\bin\Microsoft.DotNet.Scaffolding.CodeModification\Debug\net11.0\Microsoft.DotNet.Scaffolding.CodeModification.dll" to "C:\Scaffolding\artifacts\bin\dotnet-scaffold\Debug\net11.0\Microsoft.DotNet.Scaffolding.CodeModification.dll". Beginning retry 1 in 1000ms. The process cannot access the file 'C:\Scaffolding\artifacts\bin\dotnet-scaffold\Debug\net11.0\Microsoft.DotNet.Scaffolding.CodeModification.dll' because it is being used by another process. The file is locked by: "dotnet-scaffold (82904), dotnet-scaffold (49964), dotnet-scaffold (38348), dotnet-scaffold (33444), dotnet-scaffold (75916), dotnet-scaffold (20952), dotnet-scaffold (80780), dotnet-scaffold (32408)" [C:\Scaffolding\src\dotnet-scaffolding\dotnet-scaffold\dotnet-scaffold.csproj::TargetFramework=net11.0]
[xUnit.net 00:02:42.88]       C:\Program Files\dotnet\sdk\11.0.100-preview.1.26076.102\Microsoft.Common.CurrentVersion.targets(5094,5): warning MSB3026: Could not copy "C:\Scaffolding\artifacts\bin\Microsoft.DotNet.Scaffolding.CodeModification\Debug\net11.0\Microsoft.DotNet.Scaffolding.CodeModification.dll" to "C:\Scaffolding\artifacts\bin\dotnet-scaffold\Debug\net11.0\Microsoft.DotNet.Scaffolding.CodeModification.dll". Beginning retry 2 in 1000ms. The process cannot access the file 'C:\Scaffolding\artifacts\bin\dotnet-scaffold\Debug\net11.0\Microsoft.DotNet.Scaffolding.CodeModification.dll' because it is being used by another process. The file is locked by: "dotnet-scaffold (82904), dotnet-scaffold (49964), dotnet-scaffold (38348), dotnet-scaffold (33444), dotnet-scaffold (20952), dotnet-scaffold (80780), dotnet-scaffold (32408), .NET Host (58960), .NET Host (69756), .NET Host (69048), .NET Host (82760), .NET Host (26576), .NET Host (10324)" [C:\Scaffolding\src\dotnet-scaffolding\dotnet-scaffold\dotnet-scaffold.csproj::TargetFramework=net11.0]
[xUnit.net 00:02:42.88]       C:\Program Files\dotnet\sdk\11.0.100-preview.1.26076.102\Microsoft.Common.CurrentVersion.targets(5094,5): warning MSB3026: Could not copy "C:\Scaffolding\artifacts\bin\Microsoft.DotNet.Scaffolding.CodeModification\Debug\net11.0\Microsoft.DotNet.Scaffolding.CodeModification.dll" to "C:\Scaffolding\artifacts\bin\dotnet-scaffold\Debug\net11.0\Microsoft.DotNet.Scaffolding.CodeModification.dll". Beginning retry 3 in 1000ms. The process cannot access the file 'C:\Scaffolding\artifacts\bin\dotnet-scaffold\Debug\net11.0\Microsoft.DotNet.Scaffolding.CodeModification.dll' because it is being used by another process. The file is locked by: ".NET Host (66676), dotnet-scaffold (82904), dotnet-scaffold (49964), dotnet-scaffold (38348), dotnet-scaffold (33444), dotnet-scaffold (20952), dotnet-scaffold (80780), dotnet-scaffold (32408), .NET Host (58960), .NET Host (82760)" [C:\Scaffolding\src\dotnet-scaffolding\dotnet-scaffold\dotnet-scaffold.csproj::TargetFramework=net11.0]
[xUnit.net 00:02:42.88]       C:\Program Files\dotnet\sdk\11.0.100-preview.1.26076.102\Microsoft.Common.CurrentVersion.targets(5094,5): warning MSB3026: Could not copy "C:\Scaffolding\artifacts\bin\Microsoft.DotNet.Scaffolding.CodeModification\Debug\net11.0\Microsoft.DotNet.Scaffolding.CodeModification.dll" to "C:\Scaffolding\artifacts\bin\dotnet-scaffold\Debug\net11.0\Microsoft.DotNet.Scaffolding.CodeModification.dll". Beginning retry 4 in 1000ms. The process cannot access the file 'C:\Scaffolding\artifacts\bin\dotnet-scaffold\Debug\net11.0\Microsoft.DotNet.Scaffolding.CodeModification.dll' because it is being used by another process. The file is locked by: ".NET Host (82760), .NET Host (10324), dotnet-scaffold (82904), dotnet-scaffold (49964), dotnet-scaffold (38348), dotnet-scaffold (33444), dotnet-scaffold (20952), dotnet-scaffold (80780), dotnet-scaffold (32408), .NET Host (82140)" [C:\Scaffolding\src\dotnet-scaffolding\dotnet-scaffold\dotnet-scaffold.csproj::TargetFramework=net11.0]
[xUnit.net 00:02:42.88]       C:\Program Files\dotnet\sdk\11.0.100-preview.1.26076.102\Microsoft.Common.CurrentVersion.targets(5094,5): warning MSB3026: Could not copy "C:\Scaffolding\artifacts\bin\Microsoft.DotNet.Scaffolding.CodeModification\Debug\net11.0\Microsoft.DotNet.Scaffolding.CodeModification.dll" to "C:\Scaffolding\artifacts\bin\dotnet-scaffold\Debug\net11.0\Microsoft.DotNet.Scaffolding.CodeModification.dll". Beginning retry 5 in 1000ms. The process cannot access the file 'C:\Scaffolding\artifacts\bin\dotnet-scaffold\Debug\net11.0\Microsoft.DotNet.Scaffolding.CodeModification.dll' because it is being used by another process. The file is locked by: "dotnet-scaffold (82904), dotnet-scaffold (49964), dotnet-scaffold (38348), dotnet-scaffold (33444), dotnet-scaffold (20952), dotnet-scaffold (80780), dotnet-scaffold (32408), .NET Host (66676)" [C:\Scaffolding\src\dotnet-scaffolding\dotnet-scaffold\dotnet-scaffold.csproj::TargetFramework=net11.0]
[xUnit.net 00:02:42.88]       C:\Program Files\dotnet\sdk\11.0.100-preview.1.26076.102\Microsoft.Common.CurrentVersion.targets(5094,5): warning MSB3026: Could not copy "C:\Scaffolding\artifacts\bin\Microsoft.DotNet.Scaffolding.CodeModification\Debug\net11.0\Microsoft.DotNet.Scaffolding.CodeModification.dll" to "C:\Scaffolding\artifacts\bin\dotnet-scaffold\Debug\net11.0\Microsoft.DotNet.Scaffolding.CodeModification.dll". Beginning retry 6 in 1000ms. The process cannot access the file 'C:\Scaffolding\artifacts\bin\dotnet-scaffold\Debug\net11.0\Microsoft.DotNet.Scaffolding.CodeModification.dll' because it is being used by another process. The file is locked by: ".NET Host (69756), .NET Host (26576), dotnet-scaffold (82904), dotnet-scaffold (49964), dotnet-scaffold (38348), dotnet-scaffold (33444), dotnet-scaffold (20952), dotnet-scaffold (80780), dotnet-scaffold (32408)" [C:\Scaffolding\src\dotnet-scaffolding\dotnet-scaffold\dotnet-scaffold.csproj::TargetFramework=net11.0]
[xUnit.net 00:02:42.88]       C:\Program Files\dotnet\sdk\11.0.100-preview.1.26076.102\Microsoft.Common.CurrentVersion.targets(5094,5): warning MSB3026: Could not copy "C:\Scaffolding\artifacts\bin\Microsoft.DotNet.Scaffolding.CodeModification\Debug\net11.0\Microsoft.DotNet.Scaffolding.CodeModification.dll" to "C:\Scaffolding\artifacts\bin\dotnet-scaffold\Debug\net11.0\Microsoft.DotNet.Scaffolding.CodeModification.dll". Beginning retry 7 in 1000ms. The process cannot access the file 'C:\Scaffolding\artifacts\bin\dotnet-scaffold\Debug\net11.0\Microsoft.DotNet.Scaffolding.CodeModification.dll' because it is being used by another process. The file is locked by: ".NET Host (69756), dotnet-scaffold (82904), dotnet-scaffold (49964), dotnet-scaffold (38348), dotnet-scaffold (33444), dotnet-scaffold (20952), dotnet-scaffold (80780), dotnet-scaffold (32408), .NET Host (69048)" [C:\Scaffolding\src\dotnet-scaffolding\dotnet-scaffold\dotnet-scaffold.csproj::TargetFramework=net11.0]
[xUnit.net 00:02:42.88]       C:\Program Files\dotnet\sdk\11.0.100-preview.1.26076.102\Microsoft.Common.CurrentVersion.targets(5094,5): warning MSB3026: Could not copy "C:\Scaffolding\artifacts\bin\Microsoft.DotNet.Scaffolding.CodeModification\Debug\net11.0\Microsoft.DotNet.Scaffolding.CodeModification.dll" to "C:\Scaffolding\artifacts\bin\dotnet-scaffold\Debug\net11.0\Microsoft.DotNet.Scaffolding.CodeModification.dll". Beginning retry 8 in 1000ms. The process cannot access the file 'C:\Scaffolding\artifacts\bin\dotnet-scaffold\Debug\net11.0\Microsoft.DotNet.Scaffolding.CodeModification.dll' because it is being used by another process. The file is locked by: "dotnet-scaffold (82904), dotnet-scaffold (49964), dotnet-scaffold (38348), dotnet-scaffold (33444), dotnet-scaffold (20952), dotnet-scaffold (80780), dotnet-scaffold (32408), .NET Host (88448), .NET Host (69048)" [C:\Scaffolding\src\dotnet-scaffolding\dotnet-scaffold\dotnet-scaffold.csproj::TargetFramework=net11.0]
[xUnit.net 00:02:42.88]       C:\Program Files\dotnet\sdk\11.0.100-preview.1.26076.102\Microsoft.Common.CurrentVersion.targets(5094,5): warning MSB3026: Could not copy "C:\Scaffolding\artifacts\bin\Microsoft.DotNet.Scaffolding.CodeModification\Debug\net11.0\Microsoft.DotNet.Scaffolding.CodeModification.dll" to "C:\Scaffolding\artifacts\bin\dotnet-scaffold\Debug\net11.0\Microsoft.DotNet.Scaffolding.CodeModification.dll". Beginning retry 9 in 1000ms. The process cannot access the file 'C:\Scaffolding\artifacts\bin\dotnet-scaffold\Debug\net11.0\Microsoft.DotNet.Scaffolding.CodeModification.dll' because it is being used by another process. The file is locked by: ".NET Host (26576), dotnet-scaffold (82904), dotnet-scaffold (49964), dotnet-scaffold (38348), dotnet-scaffold (33444), dotnet-scaffold (20952), dotnet-scaffold (80780), dotnet-scaffold (32408)" [C:\Scaffolding\src\dotnet-scaffolding\dotnet-scaffold\dotnet-scaffold.csproj::TargetFramework=net11.0]
[xUnit.net 00:02:42.88]       C:\Program Files\dotnet\sdk\11.0.100-preview.1.26076.102\Microsoft.Common.CurrentVersion.targets(5094,5): warning MSB3026: Could not copy "C:\Scaffolding\artifacts\bin\Microsoft.DotNet.Scaffolding.CodeModification\Debug\net11.0\Microsoft.DotNet.Scaffolding.CodeModification.dll" to "C:\Scaffolding\artifacts\bin\dotnet-scaffold\Debug\net11.0\Microsoft.DotNet.Scaffolding.CodeModification.dll". Beginning retry 10 in 1000ms. The process cannot access the file 'C:\Scaffolding\artifacts\bin\dotnet-scaffold\Debug\net11.0\Microsoft.DotNet.Scaffolding.CodeModification.dll' because it is being used by another process. The file is locked by: "dotnet-scaffold (82904), dotnet-scaffold (49964), dotnet-scaffold (38348), dotnet-scaffold (33444), dotnet-scaffold (20952), dotnet-scaffold (80780), dotnet-scaffold (32408), .NET Host (69048), .NET Host (66676), .NET Host (82140), .NET Host (69756), .NET Host (10324), .NET Host (44224)" [C:\Scaffolding\src\dotnet-scaffolding\dotnet-scaffold\dotnet-scaffold.csproj::TargetFramework=net11.0]
[xUnit.net 00:02:42.88]       C:\Program Files\dotnet\sdk\11.0.100-preview.1.26076.102\Microsoft.Common.CurrentVersion.targets(5094,5): error MSB3027: Could not copy "C:\Scaffolding\artifacts\bin\Microsoft.DotNet.Scaffolding.CodeModification\Debug\net11.0\Microsoft.DotNet.Scaffolding.CodeModification.dll" to "C:\Scaffolding\artifacts\bin\dotnet-scaffold\Debug\net11.0\Microsoft.DotNet.Scaffolding.CodeModification.dll". Exceeded retry count of 10. Failed. The file is locked by: ".NET Host (82760), dotnet-scaffold (82904), dotnet-scaffold (38348), dotnet-scaffold (33444), dotnet-scaffold (20952), dotnet-scaffold (32408)" [C:\Scaffolding\src\dotnet-scaffolding\dotnet-scaffold\dotnet-scaffold.csproj::TargetFramework=net11.0]
[xUnit.net 00:02:42.88]       C:\Program Files\dotnet\sdk\11.0.100-preview.1.26076.102\Microsoft.Common.CurrentVersion.targets(5094,5): error MSB3021: Unable to copy file "C:\Scaffolding\artifacts\bin\Microsoft.DotNet.Scaffolding.CodeModification\Debug\net11.0\Microsoft.DotNet.Scaffolding.CodeModification.dll" to "C:\Scaffolding\artifacts\bin\dotnet-scaffold\Debug\net11.0\Microsoft.DotNet.Scaffolding.CodeModification.dll". The process cannot access the file 'C:\Scaffolding\artifacts\bin\dotnet-scaffold\Debug\net11.0\Microsoft.DotNet.Scaffolding.CodeModification.dll' because it is being used by another process. [C:\Scaffolding\src\dotnet-scaffolding\dotnet-scaffold\dotnet-scaffold.csproj::TargetFramework=net11.0]
[xUnit.net 00:02:42.88]       
Error: 
[xUnit.net 00:02:42.88]       The build failed. Fix the build errors and run again.
[xUnit.net 00:02:42.88]       
[xUnit.net 00:02:42.88]       Stack Trace:
[xUnit.net 00:02:42.88]         C:\Scaffolding\test\dotnet-scaffolding\dotnet-scaffold.Tests\AspNet\Integration\MVC\CrudControllerNet9IntegrationTests.cs(36,0): at Microsoft.DotNet.Tools.Scaffold.Tests.AspNet.Integration.MVC.CrudControllerNet9IntegrationTests.Scaffold_MvcControllerCrud_Net9_CliInvocation()
[xUnit.net 00:02:42.88]         --- End of stack trace from previous location ---
  Failed Microsoft.DotNet.Tools.Scaffold.Tests.AspNet.Integration.MVC.CrudControllerNet9IntegrationTests.Scaffold_MvcControllerCrud_Net9_CliInvocation [2 m 40 s]
  Error Message:
   CLI scaffold should succeed.
Output: C:\Program Files\dotnet\sdk\11.0.100-preview.1.26076.102\Microsoft.Common.CurrentVersion.targets(5094,5): warning MSB3026: Could not copy "C:\Scaffolding\artifacts\bin\Microsoft.DotNet.Scaffolding.CodeModification\Debug\net11.0\Microsoft.DotNet.Scaffolding.CodeModification.dll" to "C:\Scaffolding\artifacts\bin\dotnet-scaffold\Debug\net11.0\Microsoft.DotNet.Scaffolding.CodeModification.dll". Beginning retry 1 in 1000ms. The process cannot access the file 'C:\Scaffolding\artifacts\bin\dotnet-scaffold\Debug\net11.0\Microsoft.DotNet.Scaffolding.CodeModification.dll' because it is being used by another process. The file is locked by: "dotnet-scaffold (82904), dotnet-scaffold (49964), dotnet-scaffold (38348), dotnet-scaffold (33444), dotnet-scaffold (75916), dotnet-scaffold (20952), dotnet-scaffold (80780), dotnet-scaffold (32408)" [C:\Scaffolding\src\dotnet-scaffolding\dotnet-scaffold\dotnet-scaffold.csproj::TargetFramework=net11.0]
C:\Program Files\dotnet\sdk\11.0.100-preview.1.26076.102\Microsoft.Common.CurrentVersion.targets(5094,5): warning MSB3026: Could not copy "C:\Scaffolding\artifacts\bin\Microsoft.DotNet.Scaffolding.CodeModification\Debug\net11.0\Microsoft.DotNet.Scaffolding.CodeModification.dll" to "C:\Scaffolding\artifacts\bin\dotnet-scaffold\Debug\net11.0\Microsoft.DotNet.Scaffolding.CodeModification.dll". Beginning retry 2 in 1000ms. The process cannot access the file 'C:\Scaffolding\artifacts\bin\dotnet-scaffold\Debug\net11.0\Microsoft.DotNet.Scaffolding.CodeModification.dll' because it is being used by another process. The file is locked by: "dotnet-scaffold (82904), dotnet-scaffold (49964), dotnet-scaffold (38348), dotnet-scaffold (33444), dotnet-scaffold (20952), dotnet-scaffold (80780), dotnet-scaffold (32408), .NET Host (58960), .NET Host (69756), .NET Host (69048), .NET Host (82760), .NET Host (26576), .NET Host (10324)" [C:\Scaffolding\src\dotnet-scaffolding\dotnet-scaffold\dotnet-scaffold.csproj::TargetFramework=net11.0]
C:\Program Files\dotnet\sdk\11.0.100-preview.1.26076.102\Microsoft.Common.CurrentVersion.targets(5094,5): warning MSB3026: Could not copy "C:\Scaffolding\artifacts\bin\Microsoft.DotNet.Scaffolding.CodeModification\Debug\net11.0\Microsoft.DotNet.Scaffolding.CodeModification.dll" to "C:\Scaffolding\artifacts\bin\dotnet-scaffold\Debug\net11.0\Microsoft.DotNet.Scaffolding.CodeModification.dll". Beginning retry 3 in 1000ms. The process cannot access the file 'C:\Scaffolding\artifacts\bin\dotnet-scaffold\Debug\net11.0\Microsoft.DotNet.Scaffolding.CodeModification.dll' because it is being used by another process. The file is locked by: ".NET Host (66676), dotnet-scaffold (82904), dotnet-scaffold (49964), dotnet-scaffold (38348), dotnet-scaffold (33444), dotnet-scaffold (20952), dotnet-scaffold (80780), dotnet-scaffold (32408), .NET Host (58960), .NET Host (82760)" [C:\Scaffolding\src\dotnet-scaffolding\dotnet-scaffold\dotnet-scaffold.csproj::TargetFramework=net11.0]
C:\Program Files\dotnet\sdk\11.0.100-preview.1.26076.102\Microsoft.Common.CurrentVersion.targets(5094,5): warning MSB3026: Could not copy "C:\Scaffolding\artifacts\bin\Microsoft.DotNet.Scaffolding.CodeModification\Debug\net11.0\Microsoft.DotNet.Scaffolding.CodeModification.dll" to "C:\Scaffolding\artifacts\bin\dotnet-scaffold\Debug\net11.0\Microsoft.DotNet.Scaffolding.CodeModification.dll". Beginning retry 4 in 1000ms. The process cannot access the file 'C:\Scaffolding\artifacts\bin\dotnet-scaffold\Debug\net11.0\Microsoft.DotNet.Scaffolding.CodeModification.dll' because it is being used by another process. The file is locked by: ".NET Host (82760), .NET Host (10324), dotnet-scaffold (82904), dotnet-scaffold (49964), dotnet-scaffold (38348), dotnet-scaffold (33444), dotnet-scaffold (20952), dotnet-scaffold (80780), dotnet-scaffold (32408), .NET Host (82140)" [C:\Scaffolding\src\dotnet-scaffolding\dotnet-scaffold\dotnet-scaffold.csproj::TargetFramework=net11.0]
C:\Program Files\dotnet\sdk\11.0.100-preview.1.26076.102\Microsoft.Common.CurrentVersion.targets(5094,5): warning MSB3026: Could not copy "C:\Scaffolding\artifacts\bin\Microsoft.DotNet.Scaffolding.CodeModification\Debug\net11.0\Microsoft.DotNet.Scaffolding.CodeModification.dll" to "C:\Scaffolding\artifacts\bin\dotnet-scaffold\Debug\net11.0\Microsoft.DotNet.Scaffolding.CodeModification.dll". Beginning retry 5 in 1000ms. The process cannot access the file 'C:\Scaffolding\artifacts\bin\dotnet-scaffold\Debug\net11.0\Microsoft.DotNet.Scaffolding.CodeModification.dll' because it is being used by another process. The file is locked by: "dotnet-scaffold (82904), dotnet-scaffold (49964), dotnet-scaffold (38348), dotnet-scaffold (33444), dotnet-scaffold (20952), dotnet-scaffold (80780), dotnet-scaffold (32408), .NET Host (66676)" [C:\Scaffolding\src\dotnet-scaffolding\dotnet-scaffold\dotnet-scaffold.csproj::TargetFramework=net11.0]
C:\Program Files\dotnet\sdk\11.0.100-preview.1.26076.102\Microsoft.Common.CurrentVersion.targets(5094,5): warning MSB3026: Could not copy "C:\Scaffolding\artifacts\bin\Microsoft.DotNet.Scaffolding.CodeModification\Debug\net11.0\Microsoft.DotNet.Scaffolding.CodeModification.dll" to "C:\Scaffolding\artifacts\bin\dotnet-scaffold\Debug\net11.0\Microsoft.DotNet.Scaffolding.CodeModification.dll". Beginning retry 6 in 1000ms. The process cannot access the file 'C:\Scaffolding\artifacts\bin\dotnet-scaffold\Debug\net11.0\Microsoft.DotNet.Scaffolding.CodeModification.dll' because it is being used by another process. The file is locked by: ".NET Host (69756), .NET Host (26576), dotnet-scaffold (82904), dotnet-scaffold (49964), dotnet-scaffold (38348), dotnet-scaffold (33444), dotnet-scaffold (20952), dotnet-scaffold (80780), dotnet-scaffold (32408)" [C:\Scaffolding\src\dotnet-scaffolding\dotnet-scaffold\dotnet-scaffold.csproj::TargetFramework=net11.0]
C:\Program Files\dotnet\sdk\11.0.100-preview.1.26076.102\Microsoft.Common.CurrentVersion.targets(5094,5): warning MSB3026: Could not copy "C:\Scaffolding\artifacts\bin\Microsoft.DotNet.Scaffolding.CodeModification\Debug\net11.0\Microsoft.DotNet.Scaffolding.CodeModification.dll" to "C:\Scaffolding\artifacts\bin\dotnet-scaffold\Debug\net11.0\Microsoft.DotNet.Scaffolding.CodeModification.dll". Beginning retry 7 in 1000ms. The process cannot access the file 'C:\Scaffolding\artifacts\bin\dotnet-scaffold\Debug\net11.0\Microsoft.DotNet.Scaffolding.CodeModification.dll' because it is being used by another process. The file is locked by: ".NET Host (69756), dotnet-scaffold (82904), dotnet-scaffold (49964), dotnet-scaffold (38348), dotnet-scaffold (33444), dotnet-scaffold (20952), dotnet-scaffold (80780), dotnet-scaffold (32408), .NET Host (69048)" [C:\Scaffolding\src\dotnet-scaffolding\dotnet-scaffold\dotnet-scaffold.csproj::TargetFramework=net11.0]
C:\Program Files\dotnet\sdk\11.0.100-preview.1.26076.102\Microsoft.Common.CurrentVersion.targets(5094,5): warning MSB3026: Could not copy "C:\Scaffolding\artifacts\bin\Microsoft.DotNet.Scaffolding.CodeModification\Debug\net11.0\Microsoft.DotNet.Scaffolding.CodeModification.dll" to "C:\Scaffolding\artifacts\bin\dotnet-scaffold\Debug\net11.0\Microsoft.DotNet.Scaffolding.CodeModification.dll". Beginning retry 8 in 1000ms. The process cannot access the file 'C:\Scaffolding\artifacts\bin\dotnet-scaffold\Debug\net11.0\Microsoft.DotNet.Scaffolding.CodeModification.dll' because it is being used by another process. The file is locked by: "dotnet-scaffold (82904), dotnet-scaffold (49964), dotnet-scaffold (38348), dotnet-scaffold (33444), dotnet-scaffold (20952), dotnet-scaffold (80780), dotnet-scaffold (32408), .NET Host (88448), .NET Host (69048)" [C:\Scaffolding\src\dotnet-scaffolding\dotnet-scaffold\dotnet-scaffold.csproj::TargetFramework=net11.0]
C:\Program Files\dotnet\sdk\11.0.100-preview.1.26076.102\Microsoft.Common.CurrentVersion.targets(5094,5): warning MSB3026: Could not copy "C:\Scaffolding\artifacts\bin\Microsoft.DotNet.Scaffolding.CodeModification\Debug\net11.0\Microsoft.DotNet.Scaffolding.CodeModification.dll" to "C:\Scaffolding\artifacts\bin\dotnet-scaffold\Debug\net11.0\Microsoft.DotNet.Scaffolding.CodeModification.dll". Beginning retry 9 in 1000ms. The process cannot access the file 'C:\Scaffolding\artifacts\bin\dotnet-scaffold\Debug\net11.0\Microsoft.DotNet.Scaffolding.CodeModification.dll' because it is being used by another process. The file is locked by: ".NET Host (26576), dotnet-scaffold (82904), dotnet-scaffold (49964), dotnet-scaffold (38348), dotnet-scaffold (33444), dotnet-scaffold (20952), dotnet-scaffold (80780), dotnet-scaffold (32408)" [C:\Scaffolding\src\dotnet-scaffolding\dotnet-scaffold\dotnet-scaffold.csproj::TargetFramework=net11.0]
C:\Program Files\dotnet\sdk\11.0.100-preview.1.26076.102\Microsoft.Common.CurrentVersion.targets(5094,5): warning MSB3026: Could not copy "C:\Scaffolding\artifacts\bin\Microsoft.DotNet.Scaffolding.CodeModification\Debug\net11.0\Microsoft.DotNet.Scaffolding.CodeModification.dll" to "C:\Scaffolding\artifacts\bin\dotnet-scaffold\Debug\net11.0\Microsoft.DotNet.Scaffolding.CodeModification.dll". Beginning retry 10 in 1000ms. The process cannot access the file 'C:\Scaffolding\artifacts\bin\dotnet-scaffold\Debug\net11.0\Microsoft.DotNet.Scaffolding.CodeModification.dll' because it is being used by another process. The file is locked by: "dotnet-scaffold (82904), dotnet-scaffold (49964), dotnet-scaffold (38348), dotnet-scaffold (33444), dotnet-scaffold (20952), dotnet-scaffold (80780), dotnet-scaffold (32408), .NET Host (69048), .NET Host (66676), .NET Host (82140), .NET Host (69756), .NET Host (10324), .NET Host (44224)" [C:\Scaffolding\src\dotnet-scaffolding\dotnet-scaffold\dotnet-scaffold.csproj::TargetFramework=net11.0]
C:\Program Files\dotnet\sdk\11.0.100-preview.1.26076.102\Microsoft.Common.CurrentVersion.targets(5094,5): error MSB3027: Could not copy "C:\Scaffolding\artifacts\bin\Microsoft.DotNet.Scaffolding.CodeModification\Debug\net11.0\Microsoft.DotNet.Scaffolding.CodeModification.dll" to "C:\Scaffolding\artifacts\bin\dotnet-scaffold\Debug\net11.0\Microsoft.DotNet.Scaffolding.CodeModification.dll". Exceeded retry count of 10. Failed. The file is locked by: ".NET Host (82760), dotnet-scaffold (82904), dotnet-scaffold (38348), dotnet-scaffold (33444), dotnet-scaffold (20952), dotnet-scaffold (32408)" [C:\Scaffolding\src\dotnet-scaffolding\dotnet-scaffold\dotnet-scaffold.csproj::TargetFramework=net11.0]
C:\Program Files\dotnet\sdk\11.0.100-preview.1.26076.102\Microsoft.Common.CurrentVersion.targets(5094,5): error MSB3021: Unable to copy file "C:\Scaffolding\artifacts\bin\Microsoft.DotNet.Scaffolding.CodeModification\Debug\net11.0\Microsoft.DotNet.Scaffolding.CodeModification.dll" to "C:\Scaffolding\artifacts\bin\dotnet-scaffold\Debug\net11.0\Microsoft.DotNet.Scaffolding.CodeModification.dll". The process cannot access the file 'C:\Scaffolding\artifacts\bin\dotnet-scaffold\Debug\net11.0\Microsoft.DotNet.Scaffolding.CodeModification.dll' because it is being used by another process. [C:\Scaffolding\src\dotnet-scaffolding\dotnet-scaffold\dotnet-scaffold.csproj::TargetFramework=net11.0]

Error: 
The build failed. Fix the build errors and run again.

  Stack Trace:
     at Microsoft.DotNet.Tools.Scaffold.Tests.AspNet.Integration.MVC.CrudControllerNet9IntegrationTests.Scaffold_MvcControllerCrud_Net9_CliInvocation() in C:\Scaffolding\test\dotnet-scaffolding\dotnet-scaffold.Tests\AspNet\Integration\MVC\CrudControllerNet9IntegrationTests.cs:line 36
--- End of stack trace from previous location ---
  Passed Microsoft.DotNet.Tools.Scaffold.Tests.AspNet.Integration.MVC.CrudControllerNet9IntegrationTests.ValidateEfControllerStep_FailsWithNullControllerType [2 ms]
  Passed Microsoft.DotNet.Tools.Scaffold.Tests.AspNet.Integration.MVC.CrudControllerNet9IntegrationTests.ValidateEfControllerStep_TracksTelemetry_OnNullControllerNameFailure [2 ms]
  Passed Microsoft.DotNet.Tools.Scaffold.Tests.AspNet.Integration.RazorPageEmptyNet11IntegrationTests.ExecuteAsync_GeneratesCorrectFileName_WhenLowercaseInput [1 s]
  Passed Microsoft.DotNet.Tools.Scaffold.Tests.AspNet.Integration.RazorPageEmptyNet11IntegrationTests.FileName_DefaultsToNull [2 ms]
  Passed Microsoft.DotNet.Tools.Scaffold.Tests.AspNet.Integration.Identity.BlazorIdentityNet10IntegrationTests.FilesFolderExists [4 ms]
  Passed Microsoft.DotNet.Tools.Scaffold.Tests.AspNet.Integration.Identity.BlazorIdentityNet10IntegrationTests.Templates_HasExpectedScaffolderFolder(folderName: "Identity") [3 ms]
  Passed Microsoft.DotNet.Tools.Scaffold.Tests.AspNet.Integration.Identity.BlazorIdentityNet10IntegrationTests.Templates_HasExpectedScaffolderFolder(folderName: "BlazorCrud") [3 ms]
  Passed Microsoft.DotNet.Tools.Scaffold.Tests.AspNet.Integration.Identity.BlazorIdentityNet10IntegrationTests.Templates_HasExpectedScaffolderFolder(folderName: "MinimalApi") [3 ms]
  Passed Microsoft.DotNet.Tools.Scaffold.Tests.AspNet.Integration.Identity.BlazorIdentityNet10IntegrationTests.Templates_HasExpectedScaffolderFolder(folderName: "RazorPages") [3 ms]
  Passed Microsoft.DotNet.Tools.Scaffold.Tests.AspNet.Integration.Identity.BlazorIdentityNet10IntegrationTests.Templates_HasExpectedScaffolderFolder(folderName: "Files") [4 ms]
  Passed Microsoft.DotNet.Tools.Scaffold.Tests.AspNet.Integration.Identity.BlazorIdentityNet10IntegrationTests.Templates_HasExpectedScaffolderFolder(folderName: "CodeModificationConfigs") [3 ms]
  Passed Microsoft.DotNet.Tools.Scaffold.Tests.AspNet.Integration.Identity.BlazorIdentityNet10IntegrationTests.Templates_HasExpectedScaffolderFolder(folderName: "EfController") [3 ms]
  Passed Microsoft.DotNet.Tools.Scaffold.Tests.AspNet.Integration.Identity.BlazorIdentityNet10IntegrationTests.Templates_HasExpectedScaffolderFolder(folderName: "BlazorIdentity") [13 ms]
  Passed Microsoft.DotNet.Tools.Scaffold.Tests.AspNet.Integration.Identity.BlazorIdentityNet10IntegrationTests.Templates_HasExpectedScaffolderFolder(folderName: "Views") [3 ms]
  Passed Microsoft.DotNet.Tools.Scaffold.Tests.AspNet.Integration.Identity.BlazorIdentityNet10IntegrationTests.FilesFolder_HasFiles [3 ms]
  Passed Microsoft.DotNet.Tools.Scaffold.Tests.AspNet.Integration.Identity.BlazorIdentityNet10IntegrationTests.BlazorIdentityChangesConfig_ExistsForTargetFramework [3 ms]
[xUnit.net 00:02:43.93]     Microsoft.DotNet.Tools.Scaffold.Tests.AspNet.Integr
ation.MVC.RazorViewsNet8IntegrationTests.Scaffold_Views_Net8_CliInvocation 
[FAIL]
[xUnit.net 00:02:43.93]       CLI scaffold should succeed.
Output: C:\Program Files\dotnet\sdk\11.0.100-preview.1.26076.102\Microsoft.Common.CurrentVersion.targets(5094,5): warning MSB3026: Could not copy "C:\Scaffolding\artifacts\bin\Microsoft.DotNet.Scaffolding.CodeModification\Debug\net11.0\Microsoft.DotNet.Scaffolding.CodeModification.dll" to "C:\Scaffolding\artifacts\bin\dotnet-scaffold\Debug\net11.0\Microsoft.DotNet.Scaffolding.CodeModification.dll". Beginning retry 1 in 1000ms. The process cannot access the file 'C:\Scaffolding\artifacts\bin\dotnet-scaffold\Debug\net11.0\Microsoft.DotNet.Scaffolding.CodeModification.dll' because it is being used by another process. The file is locked by: ".NET Host (26576), dotnet-scaffold (82904), dotnet-scaffold (49964), dotnet-scaffold (38348), dotnet-scaffold (33444), dotnet-scaffold (75916), dotnet-scaffold (20952), dotnet-scaffold (80780), dotnet-scaffold (32408), .NET Host (58960)" [C:\Scaffolding\src\dotnet-scaffolding\dotnet-scaffold\dotnet-scaffold.csproj::TargetFramework=net11.0]
[xUnit.net 00:02:43.93]       C:\Program Files\dotnet\sdk\11.0.100-preview.1.26076.102\Microsoft.Common.CurrentVersion.targets(5094,5): warning MSB3026: Could not copy "C:\Scaffolding\artifacts\bin\Microsoft.DotNet.Scaffolding.CodeModification\Debug\net11.0\Microsoft.DotNet.Scaffolding.CodeModification.dll" to "C:\Scaffolding\artifacts\bin\dotnet-scaffold\Debug\net11.0\Microsoft.DotNet.Scaffolding.CodeModification.dll". Beginning retry 2 in 1000ms. The process cannot access the file 'C:\Scaffolding\artifacts\bin\dotnet-scaffold\Debug\net11.0\Microsoft.DotNet.Scaffolding.CodeModification.dll' because it is being used by another process. The file is locked by: ".NET Host (26576), dotnet-scaffold (82904), dotnet-scaffold (49964), dotnet-scaffold (38348), dotnet-scaffold (33444), dotnet-scaffold (20952), dotnet-scaffold (80780), dotnet-scaffold (32408), .NET Host (21204), .NET Host (69048), .NET Host (82760), .NET Host (58960), .NET Host (10324)" [C:\Scaffolding\src\dotnet-scaffolding\dotnet-scaffold\dotnet-scaffold.csproj::TargetFramework=net11.0]
[xUnit.net 00:02:43.93]       C:\Program Files\dotnet\sdk\11.0.100-preview.1.26076.102\Microsoft.Common.CurrentVersion.targets(5094,5): warning MSB3026: Could not copy "C:\Scaffolding\artifacts\bin\Microsoft.DotNet.Scaffolding.CodeModification\Debug\net11.0\Microsoft.DotNet.Scaffolding.CodeModification.dll" to "C:\Scaffolding\artifacts\bin\dotnet-scaffold\Debug\net11.0\Microsoft.DotNet.Scaffolding.CodeModification.dll". Beginning retry 3 in 1000ms. The process cannot access the file 'C:\Scaffolding\artifacts\bin\dotnet-scaffold\Debug\net11.0\Microsoft.DotNet.Scaffolding.CodeModification.dll' because it is being used by another process. The file is locked by: ".NET Host (69048), .NET Host (44224), .NET Host (82140), dotnet-scaffold (82904), dotnet-scaffold (49964), dotnet-scaffold (38348), dotnet-scaffold (33444), dotnet-scaffold (20952), dotnet-scaffold (80780), dotnet-scaffold (32408)" [C:\Scaffolding\src\dotnet-scaffolding\dotnet-scaffold\dotnet-scaffold.csproj::TargetFramework=net11.0]
[xUnit.net 00:02:43.93]       C:\Program Files\dotnet\sdk\11.0.100-preview.1.26076.102\Microsoft.Common.CurrentVersion.targets(5094,5): warning MSB3026: Could not copy "C:\Scaffolding\artifacts\bin\Microsoft.DotNet.Scaffolding.CodeModification\Debug\net11.0\Microsoft.DotNet.Scaffolding.CodeModification.dll" to "C:\Scaffolding\artifacts\bin\dotnet-scaffold\Debug\net11.0\Microsoft.DotNet.Scaffolding.CodeModification.dll". Beginning retry 4 in 1000ms. The process cannot access the file 'C:\Scaffolding\artifacts\bin\dotnet-scaffold\Debug\net11.0\Microsoft.DotNet.Scaffolding.CodeModification.dll' because it is being used by another process. The file is locked by: ".NET Host (58960), .NET Host (66676), dotnet-scaffold (82904), dotnet-scaffold (49964), dotnet-scaffold (38348), dotnet-scaffold (33444), dotnet-scaffold (20952), dotnet-scaffold (80780), dotnet-scaffold (32408), .NET Host (88448), .NET Host (82760), .NET Host (44224)" [C:\Scaffolding\src\dotnet-scaffolding\dotnet-scaffold\dotnet-scaffold.csproj::TargetFramework=net11.0]
[xUnit.net 00:02:43.93]       C:\Program Files\dotnet\sdk\11.0.100-preview.1.26076.102\Microsoft.Common.CurrentVersion.targets(5094,5): warning MSB3026: Could not copy "C:\Scaffolding\artifacts\bin\Microsoft.DotNet.Scaffolding.CodeModification\Debug\net11.0\Microsoft.DotNet.Scaffolding.CodeModification.dll" to "C:\Scaffolding\artifacts\bin\dotnet-scaffold\Debug\net11.0\Microsoft.DotNet.Scaffolding.CodeModification.dll". Beginning retry 5 in 1000ms. The process cannot access the file 'C:\Scaffolding\artifacts\bin\dotnet-scaffold\Debug\net11.0\Microsoft.DotNet.Scaffolding.CodeModification.dll' because it is being used by another process. The file is locked by: ".NET Host (21204), .NET Host (66676), dotnet-scaffold (82904), dotnet-scaffold (49964), dotnet-scaffold (38348), dotnet-scaffold (33444), dotnet-scaffold (20952), dotnet-scaffold (80780), dotnet-scaffold (32408)" [C:\Scaffolding\src\dotnet-scaffolding\dotnet-scaffold\dotnet-scaffold.csproj::TargetFramework=net11.0]
[xUnit.net 00:02:43.93]       C:\Program Files\dotnet\sdk\11.0.100-preview.1.26076.102\Microsoft.Common.CurrentVersion.targets(5094,5): warning MSB3026: Could not copy "C:\Scaffolding\artifacts\bin\Microsoft.DotNet.Scaffolding.CodeModification\Debug\net11.0\Microsoft.DotNet.Scaffolding.CodeModification.dll" to "C:\Scaffolding\artifacts\bin\dotnet-scaffold\Debug\net11.0\Microsoft.DotNet.Scaffolding.CodeModification.dll". Beginning retry 6 in 1000ms. The process cannot access the file 'C:\Scaffolding\artifacts\bin\dotnet-scaffold\Debug\net11.0\Microsoft.DotNet.Scaffolding.CodeModification.dll' because it is being used by another process. The file is locked by: ".NET Host (26576), dotnet-scaffold (82904), dotnet-scaffold (49964), dotnet-scaffold (38348), dotnet-scaffold (33444), dotnet-scaffold (20952), dotnet-scaffold (80780), dotnet-scaffold (32408)" [C:\Scaffolding\src\dotnet-scaffolding\dotnet-scaffold\dotnet-scaffold.csproj::TargetFramework=net11.0]
[xUnit.net 00:02:43.93]       C:\Program Files\dotnet\sdk\11.0.100-preview.1.26076.102\Microsoft.Common.CurrentVersion.targets(5094,5): warning MSB3026: Could not copy "C:\Scaffolding\artifacts\bin\Microsoft.DotNet.Scaffolding.CodeModification\Debug\net11.0\Microsoft.DotNet.Scaffolding.CodeModification.dll" to "C:\Scaffolding\artifacts\bin\dotnet-scaffold\Debug\net11.0\Microsoft.DotNet.Scaffolding.CodeModification.dll". Beginning retry 7 in 1000ms. The process cannot access the file 'C:\Scaffolding\artifacts\bin\dotnet-scaffold\Debug\net11.0\Microsoft.DotNet.Scaffolding.CodeModification.dll' because it is being used by another process. The file is locked by: ".NET Host (21204), dotnet-scaffold (82904), dotnet-scaffold (49964), dotnet-scaffold (38348), dotnet-scaffold (33444), dotnet-scaffold (20952), dotnet-scaffold (80780), dotnet-scaffold (32408), .NET Host (69048)" [C:\Scaffolding\src\dotnet-scaffolding\dotnet-scaffold\dotnet-scaffold.csproj::TargetFramework=net11.0]
[xUnit.net 00:02:43.93]       C:\Program Files\dotnet\sdk\11.0.100-preview.1.26076.102\Microsoft.Common.CurrentVersion.targets(5094,5): warning MSB3026: Could not copy "C:\Scaffolding\artifacts\bin\Microsoft.DotNet.Scaffolding.CodeModification\Debug\net11.0\Microsoft.DotNet.Scaffolding.CodeModification.dll" to "C:\Scaffolding\artifacts\bin\dotnet-scaffold\Debug\net11.0\Microsoft.DotNet.Scaffolding.CodeModification.dll". Beginning retry 8 in 1000ms. The process cannot access the file 'C:\Scaffolding\artifacts\bin\dotnet-scaffold\Debug\net11.0\Microsoft.DotNet.Scaffolding.CodeModification.dll' because it is being used by another process. The file is locked by: "dotnet-scaffold (82904), dotnet-scaffold (49964), dotnet-scaffold (38348), dotnet-scaffold (33444), dotnet-scaffold (20952), dotnet-scaffold (80780), dotnet-scaffold (32408), .NET Host (44224)" [C:\Scaffolding\src\dotnet-scaffolding\dotnet-scaffold\dotnet-scaffold.csproj::TargetFramework=net11.0]
[xUnit.net 00:02:43.93]       C:\Program Files\dotnet\sdk\11.0.100-preview.1.26076.102\Microsoft.Common.CurrentVersion.targets(5094,5): warning MSB3026: Could not copy "C:\Scaffolding\artifacts\bin\Microsoft.DotNet.Scaffolding.CodeModification\Debug\net11.0\Microsoft.DotNet.Scaffolding.CodeModification.dll" to "C:\Scaffolding\artifacts\bin\dotnet-scaffold\Debug\net11.0\Microsoft.DotNet.Scaffolding.CodeModification.dll". Beginning retry 9 in 1000ms. The process cannot access the file 'C:\Scaffolding\artifacts\bin\dotnet-scaffold\Debug\net11.0\Microsoft.DotNet.Scaffolding.CodeModification.dll' because it is being used by another process. The file is locked by: ".NET Host (58960), .NET Host (10324), dotnet-scaffold (82904), dotnet-scaffold (49964), dotnet-scaffold (38348), dotnet-scaffold (33444), dotnet-scaffold (20952), dotnet-scaffold (80780), dotnet-scaffold (32408)" [C:\Scaffolding\src\dotnet-scaffolding\dotnet-scaffold\dotnet-scaffold.csproj::TargetFramework=net11.0]
[xUnit.net 00:02:43.93]       C:\Program Files\dotnet\sdk\11.0.100-preview.1.26076.102\Microsoft.Common.CurrentVersion.targets(5094,5): warning MSB3026: Could not copy "C:\Scaffolding\artifacts\bin\Microsoft.DotNet.Scaffolding.CodeModification\Debug\net11.0\Microsoft.DotNet.Scaffolding.CodeModification.dll" to "C:\Scaffolding\artifacts\bin\dotnet-scaffold\Debug\net11.0\Microsoft.DotNet.Scaffolding.CodeModification.dll". Beginning retry 10 in 1000ms. The process cannot access the file 'C:\Scaffolding\artifacts\bin\dotnet-scaffold\Debug\net11.0\Microsoft.DotNet.Scaffolding.CodeModification.dll' because it is being used by another process. The file is locked by: ".NET Host (88448), .NET Host (44224), dotnet-scaffold (82904), dotnet-scaffold (49964), dotnet-scaffold (38348), dotnet-scaffold (33444), dotnet-scaffold (20952), dotnet-scaffold (80780), dotnet-scaffold (32408), .NET Host (66676), .NET Host (82760), .NET Host (82140), .NET Host (26576)" [C:\Scaffolding\src\dotnet-scaffolding\dotnet-scaffold\dotnet-scaffold.csproj::TargetFramework=net11.0]
[xUnit.net 00:02:43.93]       C:\Program Files\dotnet\sdk\11.0.100-preview.1.26076.102\Microsoft.Common.CurrentVersion.targets(5094,5): error MSB3027: Could not copy "C:\Scaffolding\artifacts\bin\Microsoft.DotNet.Scaffolding.CodeModification\Debug\net11.0\Microsoft.DotNet.Scaffolding.CodeModification.dll" to "C:\Scaffolding\artifacts\bin\dotnet-scaffold\Debug\net11.0\Microsoft.DotNet.Scaffolding.CodeModification.dll". Exceeded retry count of 10. Failed. The file is locked by: ".NET Host (26576), dotnet-scaffold (82904), dotnet-scaffold (49964), dotnet-scaffold (38348), dotnet-scaffold (33444), dotnet-scaffold (20952), dotnet-scaffold (32408), .NET Host (10324), .NET Host (44224), .NET Host (82140), .NET Host (88448), .NET Host (82760), .NET Host (58960), .NET Host (21204)" [C:\Scaffolding\src\dotnet-scaffolding\dotnet-scaffold\dotnet-scaffold.csproj::TargetFramework=net11.0]
[xUnit.net 00:02:43.93]       C:\Program Files\dotnet\sdk\11.0.100-preview.1.26076.102\Microsoft.Common.CurrentVersion.targets(5094,5): error MSB3021: Unable to copy file "C:\Scaffolding\artifacts\bin\Microsoft.DotNet.Scaffolding.CodeModification\Debug\net11.0\Microsoft.DotNet.Scaffolding.CodeModification.dll" to "C:\Scaffolding\artifacts\bin\dotnet-scaffold\Debug\net11.0\Microsoft.DotNet.Scaffolding.CodeModification.dll". The process cannot access the file 'C:\Scaffolding\artifacts\bin\dotnet-scaffold\Debug\net11.0\Microsoft.DotNet.Scaffolding.CodeModification.dll' because it is being used by another process. [C:\Scaffolding\src\dotnet-scaffolding\dotnet-scaffold\dotnet-scaffold.csproj::TargetFramework=net11.0]
[xUnit.net 00:02:43.93]       
Error: 
[xUnit.net 00:02:43.93]       The build failed. Fix the build errors and run again.
[xUnit.net 00:02:43.93]       
[xUnit.net 00:02:43.93]       Stack Trace:
[xUnit.net 00:02:43.93]         C:\Scaffolding\test\dotnet-scaffolding\dotnet-scaffold.Tests\AspNet\Integration\MVC\RazorViewsNet8IntegrationTests.cs(41,0): at Microsoft.DotNet.Tools.Scaffold.Tests.AspNet.Integration.MVC.RazorViewsNet8IntegrationTests.Scaffold_Views_Net8_CliInvocation()
[xUnit.net 00:02:43.93]         --- End of stack trace from previous location ---
  Passed Microsoft.DotNet.Tools.Scaffold.Tests.AspNet.Integration.Blazor.RazorComponentNet8IntegrationTests.ExecuteAsync_GeneratedFile_HasRazorExtension [3 s]
  Passed Microsoft.DotNet.Tools.Scaffold.Tests.AspNet.Integration.Identity.BlazorIdentityNet10IntegrationTests.BlazorIdentityChangesConfig_ReferencesProgramCs [5 ms]
  Failed Microsoft.DotNet.Tools.Scaffold.Tests.AspNet.Integration.MVC.RazorViewsNet8IntegrationTests.Scaffold_Views_Net8_CliInvocation [2 m 41 s]
  Error Message:
   CLI scaffold should succeed.
Output: C:\Program Files\dotnet\sdk\11.0.100-preview.1.26076.102\Microsoft.Common.CurrentVersion.targets(5094,5): warning MSB3026: Could not copy "C:\Scaffolding\artifacts\bin\Microsoft.DotNet.Scaffolding.CodeModification\Debug\net11.0\Microsoft.DotNet.Scaffolding.CodeModification.dll" to "C:\Scaffolding\artifacts\bin\dotnet-scaffold\Debug\net11.0\Microsoft.DotNet.Scaffolding.CodeModification.dll". Beginning retry 1 in 1000ms. The process cannot access the file 'C:\Scaffolding\artifacts\bin\dotnet-scaffold\Debug\net11.0\Microsoft.DotNet.Scaffolding.CodeModification.dll' because it is being used by another process. The file is locked by: ".NET Host (26576), dotnet-scaffold (82904), dotnet-scaffold (49964), dotnet-scaffold (38348), dotnet-scaffold (33444), dotnet-scaffold (75916), dotnet-scaffold (20952), dotnet-scaffold (80780), dotnet-scaffold (32408), .NET Host (58960)" [C:\Scaffolding\src\dotnet-scaffolding\dotnet-scaffold\dotnet-scaffold.csproj::TargetFramework=net11.0]
C:\Program Files\dotnet\sdk\11.0.100-preview.1.26076.102\Microsoft.Common.CurrentVersion.targets(5094,5): warning MSB3026: Could not copy "C:\Scaffolding\artifacts\bin\Microsoft.DotNet.Scaffolding.CodeModification\Debug\net11.0\Microsoft.DotNet.Scaffolding.CodeModification.dll" to "C:\Scaffolding\artifacts\bin\dotnet-scaffold\Debug\net11.0\Microsoft.DotNet.Scaffolding.CodeModification.dll". Beginning retry 2 in 1000ms. The process cannot access the file 'C:\Scaffolding\artifacts\bin\dotnet-scaffold\Debug\net11.0\Microsoft.DotNet.Scaffolding.CodeModification.dll' because it is being used by another process. The file is locked by: ".NET Host (26576), dotnet-scaffold (82904), dotnet-scaffold (49964), dotnet-scaffold (38348), dotnet-scaffold (33444), dotnet-scaffold (20952), dotnet-scaffold (80780), dotnet-scaffold (32408), .NET Host (21204), .NET Host (69048), .NET Host (82760), .NET Host (58960), .NET Host (10324)" [C:\Scaffolding\src\dotnet-scaffolding\dotnet-scaffold\dotnet-scaffold.csproj::TargetFramework=net11.0]
C:\Program Files\dotnet\sdk\11.0.100-preview.1.26076.102\Microsoft.Common.CurrentVersion.targets(5094,5): warning MSB3026: Could not copy "C:\Scaffolding\artifacts\bin\Microsoft.DotNet.Scaffolding.CodeModification\Debug\net11.0\Microsoft.DotNet.Scaffolding.CodeModification.dll" to "C:\Scaffolding\artifacts\bin\dotnet-scaffold\Debug\net11.0\Microsoft.DotNet.Scaffolding.CodeModification.dll". Beginning retry 3 in 1000ms. The process cannot access the file 'C:\Scaffolding\artifacts\bin\dotnet-scaffold\Debug\net11.0\Microsoft.DotNet.Scaffolding.CodeModification.dll' because it is being used by another process. The file is locked by: ".NET Host (69048), .NET Host (44224), .NET Host (82140), dotnet-scaffold (82904), dotnet-scaffold (49964), dotnet-scaffold (38348), dotnet-scaffold (33444), dotnet-scaffold (20952), dotnet-scaffold (80780), dotnet-scaffold (32408)" [C:\Scaffolding\src\dotnet-scaffolding\dotnet-scaffold\dotnet-scaffold.csproj::TargetFramework=net11.0]
C:\Program Files\dotnet\sdk\11.0.100-preview.1.26076.102\Microsoft.Common.CurrentVersion.targets(5094,5): warning MSB3026: Could not copy "C:\Scaffolding\artifacts\bin\Microsoft.DotNet.Scaffolding.CodeModification\Debug\net11.0\Microsoft.DotNet.Scaffolding.CodeModification.dll" to "C:\Scaffolding\artifacts\bin\dotnet-scaffold\Debug\net11.0\Microsoft.DotNet.Scaffolding.CodeModification.dll". Beginning retry 4 in 1000ms. The process cannot access the file 'C:\Scaffolding\artifacts\bin\dotnet-scaffold\Debug\net11.0\Microsoft.DotNet.Scaffolding.CodeModification.dll' because it is being used by another process. The file is locked by: ".NET Host (58960), .NET Host (66676), dotnet-scaffold (82904), dotnet-scaffold (49964), dotnet-scaffold (38348), dotnet-scaffold (33444), dotnet-scaffold (20952), dotnet-scaffold (80780), dotnet-scaffold (32408), .NET Host (88448), .NET Host (82760), .NET Host (44224)" [C:\Scaffolding\src\dotnet-scaffolding\dotnet-scaffold\dotnet-scaffold.csproj::TargetFramework=net11.0]
C:\Program Files\dotnet\sdk\11.0.100-preview.1.26076.102\Microsoft.Common.CurrentVersion.targets(5094,5): warning MSB3026: Could not copy "C:\Scaffolding\artifacts\bin\Microsoft.DotNet.Scaffolding.CodeModification\Debug\net11.0\Microsoft.DotNet.Scaffolding.CodeModification.dll" to "C:\Scaffolding\artifacts\bin\dotnet-scaffold\Debug\net11.0\Microsoft.DotNet.Scaffolding.CodeModification.dll". Beginning retry 5 in 1000ms. The process cannot access the file 'C:\Scaffolding\artifacts\bin\dotnet-scaffold\Debug\net11.0\Microsoft.DotNet.Scaffolding.CodeModification.dll' because it is being used by another process. The file is locked by: ".NET Host (21204), .NET Host (66676), dotnet-scaffold (82904), dotnet-scaffold (49964), dotnet-scaffold (38348), dotnet-scaffold (33444), dotnet-scaffold (20952), dotnet-scaffold (80780), dotnet-scaffold (32408)" [C:\Scaffolding\src\dotnet-scaffolding\dotnet-scaffold\dotnet-scaffold.csproj::TargetFramework=net11.0]
C:\Program Files\dotnet\sdk\11.0.100-preview.1.26076.102\Microsoft.Common.CurrentVersion.targets(5094,5): warning MSB3026: Could not copy "C:\Scaffolding\artifacts\bin\Microsoft.DotNet.Scaffolding.CodeModification\Debug\net11.0\Microsoft.DotNet.Scaffolding.CodeModification.dll" to "C:\Scaffolding\artifacts\bin\dotnet-scaffold\Debug\net11.0\Microsoft.DotNet.Scaffolding.CodeModification.dll". Beginning retry 6 in 1000ms. The process cannot access the file 'C:\Scaffolding\artifacts\bin\dotnet-scaffold\Debug\net11.0\Microsoft.DotNet.Scaffolding.CodeModification.dll' because it is being used by another process. The file is locked by: ".NET Host (26576), dotnet-scaffold (82904), dotnet-scaffold (49964), dotnet-scaffold (38348), dotnet-scaffold (33444), dotnet-scaffold (20952), dotnet-scaffold (80780), dotnet-scaffold (32408)" [C:\Scaffolding\src\dotnet-scaffolding\dotnet-scaffold\dotnet-scaffold.csproj::TargetFramework=net11.0]
C:\Program Files\dotnet\sdk\11.0.100-preview.1.26076.102\Microsoft.Common.CurrentVersion.targets(5094,5): warning MSB3026: Could not copy "C:\Scaffolding\artifacts\bin\Microsoft.DotNet.Scaffolding.CodeModification\Debug\net11.0\Microsoft.DotNet.Scaffolding.CodeModification.dll" to "C:\Scaffolding\artifacts\bin\dotnet-scaffold\Debug\net11.0\Microsoft.DotNet.Scaffolding.CodeModification.dll". Beginning retry 7 in 1000ms. The process cannot access the file 'C:\Scaffolding\artifacts\bin\dotnet-scaffold\Debug\net11.0\Microsoft.DotNet.Scaffolding.CodeModification.dll' because it is being used by another process. The file is locked by: ".NET Host (21204), dotnet-scaffold (82904), dotnet-scaffold (49964), dotnet-scaffold (38348), dotnet-scaffold (33444), dotnet-scaffold (20952), dotnet-scaffold (80780), dotnet-scaffold (32408), .NET Host (69048)" [C:\Scaffolding\src\dotnet-scaffolding\dotnet-scaffold\dotnet-scaffold.csproj::TargetFramework=net11.0]
C:\Program Files\dotnet\sdk\11.0.100-preview.1.26076.102\Microsoft.Common.CurrentVersion.targets(5094,5): warning MSB3026: Could not copy "C:\Scaffolding\artifacts\bin\Microsoft.DotNet.Scaffolding.CodeModification\Debug\net11.0\Microsoft.DotNet.Scaffolding.CodeModification.dll" to "C:\Scaffolding\artifacts\bin\dotnet-scaffold\Debug\net11.0\Microsoft.DotNet.Scaffolding.CodeModification.dll". Beginning retry 8 in 1000ms. The process cannot access the file 'C:\Scaffolding\artifacts\bin\dotnet-scaffold\Debug\net11.0\Microsoft.DotNet.Scaffolding.CodeModification.dll' because it is being used by another process. The file is locked by: "dotnet-scaffold (82904), dotnet-scaffold (49964), dotnet-scaffold (38348), dotnet-scaffold (33444), dotnet-scaffold (20952), dotnet-scaffold (80780), dotnet-scaffold (32408), .NET Host (44224)" [C:\Scaffolding\src\dotnet-scaffolding\dotnet-scaffold\dotnet-scaffold.csproj::TargetFramework=net11.0]
C:\Program Files\dotnet\sdk\11.0.100-preview.1.26076.102\Microsoft.Common.CurrentVersion.targets(5094,5): warning MSB3026: Could not copy "C:\Scaffolding\artifacts\bin\Microsoft.DotNet.Scaffolding.CodeModification\Debug\net11.0\Microsoft.DotNet.Scaffolding.CodeModification.dll" to "C:\Scaffolding\artifacts\bin\dotnet-scaffold\Debug\net11.0\Microsoft.DotNet.Scaffolding.CodeModification.dll". Beginning retry 9 in 1000ms. The process cannot access the file 'C:\Scaffolding\artifacts\bin\dotnet-scaffold\Debug\net11.0\Microsoft.DotNet.Scaffolding.CodeModification.dll' because it is being used by another process. The file is locked by: ".NET Host (58960), .NET Host (10324), dotnet-scaffold (82904), dotnet-scaffold (49964), dotnet-scaffold (38348), dotnet-scaffold (33444), dotnet-scaffold (20952), dotnet-scaffold (80780), dotnet-scaffold (32408)" [C:\Scaffolding\src\dotnet-scaffolding\dotnet-scaffold\dotnet-scaffold.csproj::TargetFramework=net11.0]
C:\Program Files\dotnet\sdk\11.0.100-preview.1.26076.102\Microsoft.Common.CurrentVersion.targets(5094,5): warning MSB3026: Could not copy "C:\Scaffolding\artifacts\bin\Microsoft.DotNet.Scaffolding.CodeModification\Debug\net11.0\Microsoft.DotNet.Scaffolding.CodeModification.dll" to "C:\Scaffolding\artifacts\bin\dotnet-scaffold\Debug\net11.0\Microsoft.DotNet.Scaffolding.CodeModification.dll". Beginning retry 10 in 1000ms. The process cannot access the file 'C:\Scaffolding\artifacts\bin\dotnet-scaffold\Debug\net11.0\Microsoft.DotNet.Scaffolding.CodeModification.dll' because it is being used by another process. The file is locked by: ".NET Host (88448), .NET Host (44224), dotnet-scaffold (82904), dotnet-scaffold (49964), dotnet-scaffold (38348), dotnet-scaffold (33444), dotnet-scaffold (20952), dotnet-scaffold (80780), dotnet-scaffold (32408), .NET Host (66676), .NET Host (82760), .NET Host (82140), .NET Host (26576)" [C:\Scaffolding\src\dotnet-scaffolding\dotnet-scaffold\dotnet-scaffold.csproj::TargetFramework=net11.0]
C:\Program Files\dotnet\sdk\11.0.100-preview.1.26076.102\Microsoft.Common.CurrentVersion.targets(5094,5): error MSB3027: Could not copy "C:\Scaffolding\artifacts\bin\Microsoft.DotNet.Scaffolding.CodeModification\Debug\net11.0\Microsoft.DotNet.Scaffolding.CodeModification.dll" to "C:\Scaffolding\artifacts\bin\dotnet-scaffold\Debug\net11.0\Microsoft.DotNet.Scaffolding.CodeModification.dll". Exceeded retry count of 10. Failed. The file is locked by: ".NET Host (26576), dotnet-scaffold (82904), dotnet-scaffold (49964), dotnet-scaffold (38348), dotnet-scaffold (33444), dotnet-scaffold (20952), dotnet-scaffold (32408), .NET Host (10324), .NET Host (44224), .NET Host (82140), .NET Host (88448), .NET Host (82760), .NET Host (58960), .NET Host (21204)" [C:\Scaffolding\src\dotnet-scaffolding\dotnet-scaffold\dotnet-scaffold.csproj::TargetFramework=net11.0]
C:\Program Files\dotnet\sdk\11.0.100-preview.1.26076.102\Microsoft.Common.CurrentVersion.targets(5094,5): error MSB3021: Unable to copy file "C:\Scaffolding\artifacts\bin\Microsoft.DotNet.Scaffolding.CodeModification\Debug\net11.0\Microsoft.DotNet.Scaffolding.CodeModification.dll" to "C:\Scaffolding\artifacts\bin\dotnet-scaffold\Debug\net11.0\Microsoft.DotNet.Scaffolding.CodeModification.dll". The process cannot access the file 'C:\Scaffolding\artifacts\bin\dotnet-scaffold\Debug\net11.0\Microsoft.DotNet.Scaffolding.CodeModification.dll' because it is being used by another process. [C:\Scaffolding\src\dotnet-scaffolding\dotnet-scaffold\dotnet-scaffold.csproj::TargetFramework=net11.0]

Error: 
The build failed. Fix the build errors and run again.

  Stack Trace:
     at Microsoft.DotNet.Tools.Scaffold.Tests.AspNet.Integration.MVC.RazorViewsNet8IntegrationTests.Scaffold_Views_Net8_CliInvocation() in C:\Scaffolding\test\dotnet-scaffolding\dotnet-scaffold.Tests\AspNet\Integration\MVC\RazorViewsNet8IntegrationTests.cs:line 41
--- End of stack trace from previous location ---
  Passed Microsoft.DotNet.Tools.Scaffold.Tests.AspNet.Integration.MVC.RazorViewsNet8IntegrationTests.ViewsExample2_NotEmpty [2 ms]
  Passed Microsoft.DotNet.Tools.Scaffold.Tests.AspNet.Integration.MVC.RazorViewsNet8IntegrationTests.ViewsTemplates_DoesNotHaveFlatT4Templates [2 ms]
  Passed Microsoft.DotNet.Tools.Scaffold.Tests.AspNet.Integration.MVC.RazorViewsNet8IntegrationTests.ValidateViewsStep_FailsWithEmptyModel [2 ms]
  Passed Microsoft.DotNet.Tools.Scaffold.Tests.AspNet.Integration.MVC.RazorViewsNet8IntegrationTests.ViewsExample1Description_NotEmpty [15 ms]
  Passed Microsoft.DotNet.Tools.Scaffold.Tests.AspNet.Integration.MVC.RazorViewsNet8IntegrationTests.ValidateViewsStep_FailsWithEmptyPage [3 ms]
  Passed Microsoft.DotNet.Tools.Scaffold.Tests.AspNet.Integration.MVC.RazorViewsNet8IntegrationTests.ViewHelper_IndexTemplate_IsNotEmpty [2 ms]
  Passed Microsoft.DotNet.Tools.Scaffold.Tests.AspNet.Integration.MVC.RazorViewsNet8IntegrationTests.ViewExtension_IsNotEmpty [2 ms]
  Passed Microsoft.DotNet.Tools.Scaffold.Tests.AspNet.Integration.MVC.RazorViewsNet8IntegrationTests.ValidateViewsStep_FailsWithInvalidModel(model: null) [4 ms]
  Passed Microsoft.DotNet.Tools.Scaffold.Tests.AspNet.Integration.MVC.RazorViewsNet8IntegrationTests.ValidateViewsStep_FailsWithInvalidModel(model: "") [2 ms]
  Passed Microsoft.DotNet.Tools.Scaffold.Tests.AspNet.Integration.RazorViewEmptyNet9IntegrationTests.ExecuteAsync_DoesNotCreateComponentsDirectory [1 s]
  Passed Microsoft.DotNet.Tools.Scaffold.Tests.AspNet.Integration.MVC.AreaNet10IntegrationTests.AreaScaffolderStep_CreatesExactly6Directories [8 ms]
  Passed Microsoft.DotNet.Tools.Scaffold.Tests.AspNet.Integration.MVC.AreaNet10IntegrationTests.AreaScaffolderStep_CreatesDataFolder [8 ms]
  Passed Microsoft.DotNet.Tools.Scaffold.Tests.AspNet.Integration.MVC.AreaNet10IntegrationTests.Templates_HasExpectedScaffolderFolder(folderName: "RazorPages") [6 ms]
  Passed Microsoft.DotNet.Tools.Scaffold.Tests.AspNet.Integration.MVC.AreaNet10IntegrationTests.Templates_HasExpectedScaffolderFolder(folderName: "CodeModificationConfigs") [2 ms]
  Passed Microsoft.DotNet.Tools.Scaffold.Tests.AspNet.Integration.MVC.AreaNet10IntegrationTests.Templates_HasExpectedScaffolderFolder(folderName: "Identity") [2 ms]
  Passed Microsoft.DotNet.Tools.Scaffold.Tests.AspNet.Integration.MVC.AreaNet10IntegrationTests.Templates_HasExpectedScaffolderFolder(folderName: "BlazorIdentity") [1 ms]
  Passed Microsoft.DotNet.Tools.Scaffold.Tests.AspNet.Integration.MVC.AreaNet10IntegrationTests.Templates_HasExpectedScaffolderFolder(folderName: "EfController") [1 ms]
  Passed Microsoft.DotNet.Tools.Scaffold.Tests.AspNet.Integration.MVC.AreaNet10IntegrationTests.Templates_HasExpectedScaffolderFolder(folderName: "MinimalApi") [2 ms]
  Passed Microsoft.DotNet.Tools.Scaffold.Tests.AspNet.Integration.MVC.AreaNet10IntegrationTests.Templates_HasExpectedScaffolderFolder(folderName: "BlazorCrud") [2 ms]
  Passed Microsoft.DotNet.Tools.Scaffold.Tests.AspNet.Integration.MVC.AreaNet10IntegrationTests.Templates_HasExpectedScaffolderFolder(folderName: "Files") [2 ms]
  Passed Microsoft.DotNet.Tools.Scaffold.Tests.AspNet.Integration.MVC.AreaNet10IntegrationTests.Templates_HasExpectedScaffolderFolder(folderName: "Views") [2 ms]
  Passed Microsoft.DotNet.Tools.Scaffold.Tests.AspNet.Integration.MVC.AreaNet10IntegrationTests.Templates_NoAreaFolderExists [2 ms]
  Passed Microsoft.DotNet.Tools.Scaffold.Tests.AspNet.Integration.MVC.AreaNet10IntegrationTests.AreaScaffolderStep_CreatesViewsFolder [8 ms]
  Passed Microsoft.DotNet.Tools.Scaffold.Tests.AspNet.Integration.Blazor.RazorComponentNet9IntegrationTests.ExecuteAsync_DoesNotCreateViewsDirectory [1 s]
  Passed Microsoft.DotNet.Tools.Scaffold.Tests.AspNet.Integration.MVC.AreaNet10IntegrationTests.AreaScaffolderStep_CreatesCorrectStructure_ForVariousNames(areaName: "Reporting") [9 ms]
  Passed Microsoft.DotNet.Tools.Scaffold.Tests.AspNet.Integration.Blazor.RazorComponentNet9IntegrationTests.ExecuteAsync_AcceptsCancellationToken [3 ms]
  Passed Microsoft.DotNet.Tools.Scaffold.Tests.AspNet.Integration.MVC.AreaNet10IntegrationTests.AreaScaffolderStep_CreatesCorrectStructure_ForVariousNames(areaName: "Admin") [9 ms]
  Passed Microsoft.DotNet.Tools.Scaffold.Tests.AspNet.Integration.MVC.AreaNet10IntegrationTests.AreaScaffolderStep_CreatesCorrectStructure_ForVariousNames(areaName: "Dashboard") [8 ms]
  Passed Microsoft.DotNet.Tools.Scaffold.Tests.AspNet.Integration.MVC.AreaNet10IntegrationTests.AreaScaffolderStep_CreatesCorrectStructure_ForVariousNames(areaName: "Api") [9 ms]
[xUnit.net 00:02:44.81]     Microsoft.DotNet.Tools.Scaffold.Tests.AspNet.Integr
ation.MVC.AreaNet9IntegrationTests.Scaffold_Area_Net9_CliInvocation [FAIL]
[xUnit.net 00:02:44.81]       CLI scaffold should succeed.
Output: C:\Program Files\dotnet\sdk\11.0.100-preview.1.26076.102\Microsoft.Common.CurrentVersion.targets(5094,5): warning MSB3026: Could not copy "C:\Scaffolding\artifacts\bin\Microsoft.DotNet.Scaffolding.CodeModification\Debug\net11.0\Microsoft.DotNet.Scaffolding.CodeModification.dll" to "C:\Scaffolding\artifacts\bin\dotnet-scaffold\Debug\net11.0\Microsoft.DotNet.Scaffolding.CodeModification.dll". Beginning retry 1 in 1000ms. The process cannot access the file 'C:\Scaffolding\artifacts\bin\dotnet-scaffold\Debug\net11.0\Microsoft.DotNet.Scaffolding.CodeModification.dll' because it is being used by another process. The file is locked by: "dotnet-scaffold (82904), dotnet-scaffold (49964), dotnet-scaffold (38348), dotnet-scaffold (33444), dotnet-scaffold (75916), dotnet-scaffold (20952), dotnet-scaffold (80780), dotnet-scaffold (32408), .NET Host (69756), .NET Host (26576), .NET Host (69048)" [C:\Scaffolding\src\dotnet-scaffolding\dotnet-scaffold\dotnet-scaffold.csproj::TargetFramework=net11.0]
[xUnit.net 00:02:44.81]       C:\Program Files\dotnet\sdk\11.0.100-preview.1.26076.102\Microsoft.Common.CurrentVersion.targets(5094,5): warning MSB3026: Could not copy "C:\Scaffolding\artifacts\bin\Microsoft.DotNet.Scaffolding.CodeModification\Debug\net11.0\Microsoft.DotNet.Scaffolding.CodeModification.dll" to "C:\Scaffolding\artifacts\bin\dotnet-scaffold\Debug\net11.0\Microsoft.DotNet.Scaffolding.CodeModification.dll". Beginning retry 2 in 1000ms. The process cannot access the file 'C:\Scaffolding\artifacts\bin\dotnet-scaffold\Debug\net11.0\Microsoft.DotNet.Scaffolding.CodeModification.dll' because it is being used by another process. The file is locked by: "dotnet-scaffold (82904), dotnet-scaffold (49964), dotnet-scaffold (38348), dotnet-scaffold (33444), dotnet-scaffold (20952), dotnet-scaffold (80780), dotnet-scaffold (32408), .NET Host (69756), .NET Host (26576), .NET Host (21204), .NET Host (69048), .NET Host (82760), .NET Host (10324)" [C:\Scaffolding\src\dotnet-scaffolding\dotnet-scaffold\dotnet-scaffold.csproj::TargetFramework=net11.0]
[xUnit.net 00:02:44.81]       C:\Program Files\dotnet\sdk\11.0.100-preview.1.26076.102\Microsoft.Common.CurrentVersion.targets(5094,5): warning MSB3026: Could not copy "C:\Scaffolding\artifacts\bin\Microsoft.DotNet.Scaffolding.CodeModification\Debug\net11.0\Microsoft.DotNet.Scaffolding.CodeModification.dll" to "C:\Scaffolding\artifacts\bin\dotnet-scaffold\Debug\net11.0\Microsoft.DotNet.Scaffolding.CodeModification.dll". Beginning retry 3 in 1000ms. The process cannot access the file 'C:\Scaffolding\artifacts\bin\dotnet-scaffold\Debug\net11.0\Microsoft.DotNet.Scaffolding.CodeModification.dll' because it is being used by another process. The file is locked by: ".NET Host (21204), .NET Host (66676), .NET Host (82760), dotnet-scaffold (82904), dotnet-scaffold (49964), dotnet-scaffold (38348), dotnet-scaffold (33444), dotnet-scaffold (20952), dotnet-scaffold (80780), dotnet-scaffold (32408), .NET Host (69756)" [C:\Scaffolding\src\dotnet-scaffolding\dotnet-scaffold\dotnet-scaffold.csproj::TargetFramework=net11.0]
[xUnit.net 00:02:44.81]       C:\Program Files\dotnet\sdk\11.0.100-preview.1.26076.102\Microsoft.Common.CurrentVersion.targets(5094,5): warning MSB3026: Could not copy "C:\Scaffolding\artifacts\bin\Microsoft.DotNet.Scaffolding.CodeModification\Debug\net11.0\Microsoft.DotNet.Scaffolding.CodeModification.dll" to "C:\Scaffolding\artifacts\bin\dotnet-scaffold\Debug\net11.0\Microsoft.DotNet.Scaffolding.CodeModification.dll". Beginning retry 4 in 1000ms. The process cannot access the file 'C:\Scaffolding\artifacts\bin\dotnet-scaffold\Debug\net11.0\Microsoft.DotNet.Scaffolding.CodeModification.dll' because it is being used by another process. The file is locked by: "dotnet-scaffold (82904), dotnet-scaffold (49964), dotnet-scaffold (38348), dotnet-scaffold (33444), dotnet-scaffold (20952), dotnet-scaffold (80780), dotnet-scaffold (32408), .NET Host (88448), .NET Host (69756), .NET Host (66676), .NET Host (82760), .NET Host (44224), .NET Host (10324)" [C:\Scaffolding\src\dotnet-scaffolding\dotnet-scaffold\dotnet-scaffold.csproj::TargetFramework=net11.0]
[xUnit.net 00:02:44.81]       C:\Program Files\dotnet\sdk\11.0.100-preview.1.26076.102\Microsoft.Common.CurrentVersion.targets(5094,5): warning MSB3026: Could not copy "C:\Scaffolding\artifacts\bin\Microsoft.DotNet.Scaffolding.CodeModification\Debug\net11.0\Microsoft.DotNet.Scaffolding.CodeModification.dll" to "C:\Scaffolding\artifacts\bin\dotnet-scaffold\Debug\net11.0\Microsoft.DotNet.Scaffolding.CodeModification.dll". Beginning retry 5 in 1000ms. The process cannot access the file 'C:\Scaffolding\artifacts\bin\dotnet-scaffold\Debug\net11.0\Microsoft.DotNet.Scaffolding.CodeModification.dll' because it is being used by another process. The file is locked by: "dotnet-scaffold (82904), dotnet-scaffold (49964), dotnet-scaffold (38348), dotnet-scaffold (33444), dotnet-scaffold (20952), dotnet-scaffold (80780), dotnet-scaffold (32408), .NET Host (69048)" [C:\Scaffolding\src\dotnet-scaffolding\dotnet-scaffold\dotnet-scaffold.csproj::TargetFramework=net11.0]
[xUnit.net 00:02:44.81]       C:\Program Files\dotnet\sdk\11.0.100-preview.1.26076.102\Microsoft.Common.CurrentVersion.targets(5094,5): warning MSB3026: Could not copy "C:\Scaffolding\artifacts\bin\Microsoft.DotNet.Scaffolding.CodeModification\Debug\net11.0\Microsoft.DotNet.Scaffolding.CodeModification.dll" to "C:\Scaffolding\artifacts\bin\dotnet-scaffold\Debug\net11.0\Microsoft.DotNet.Scaffolding.CodeModification.dll". Beginning retry 6 in 1000ms. The process cannot access the file 'C:\Scaffolding\artifacts\bin\dotnet-scaffold\Debug\net11.0\Microsoft.DotNet.Scaffolding.CodeModification.dll' because it is being used by another process. The file is locked by: ".NET Host (69048), dotnet-scaffold (82904), dotnet-scaffold (49964), dotnet-scaffold (38348), dotnet-scaffold (33444), dotnet-scaffold (20952), dotnet-scaffold (80780), dotnet-scaffold (32408), .NET Host (69756), .NET Host (21204), .NET Host (66676), .NET Host (82760), .NET Host (26576), .NET Host (88448)" [C:\Scaffolding\src\dotnet-scaffolding\dotnet-scaffold\dotnet-scaffold.csproj::TargetFramework=net11.0]
[xUnit.net 00:02:44.81]       C:\Program Files\dotnet\sdk\11.0.100-preview.1.26076.102\Microsoft.Common.CurrentVersion.targets(5094,5): warning MSB3026: Could not copy "C:\Scaffolding\artifacts\bin\Microsoft.DotNet.Scaffolding.CodeModification\Debug\net11.0\Microsoft.DotNet.Scaffolding.CodeModification.dll" to "C:\Scaffolding\artifacts\bin\dotnet-scaffold\Debug\net11.0\Microsoft.DotNet.Scaffolding.CodeModification.dll". Beginning retry 7 in 1000ms. The process cannot access the file 'C:\Scaffolding\artifacts\bin\dotnet-scaffold\Debug\net11.0\Microsoft.DotNet.Scaffolding.CodeModification.dll' because it is being used by another process. The file is locked by: ".NET Host (26576), .NET Host (10324), dotnet-scaffold (82904), dotnet-scaffold (49964), dotnet-scaffold (38348), dotnet-scaffold (33444), dotnet-scaffold (20952), dotnet-scaffold (80780), dotnet-scaffold (32408)" [C:\Scaffolding\src\dotnet-scaffolding\dotnet-scaffold\dotnet-scaffold.csproj::TargetFramework=net11.0]
[xUnit.net 00:02:44.81]       C:\Program Files\dotnet\sdk\11.0.100-preview.1.26076.102\Microsoft.Common.CurrentVersion.targets(5094,5): warning MSB3026: Could not copy "C:\Scaffolding\artifacts\bin\Microsoft.DotNet.Scaffolding.CodeModification\Debug\net11.0\Microsoft.DotNet.Scaffolding.CodeModification.dll" to "C:\Scaffolding\artifacts\bin\dotnet-scaffold\Debug\net11.0\Microsoft.DotNet.Scaffolding.CodeModification.dll". Beginning retry 8 in 1000ms. The process cannot access the file 'C:\Scaffolding\artifacts\bin\dotnet-scaffold\Debug\net11.0\Microsoft.DotNet.Scaffolding.CodeModification.dll' because it is being used by another process. The file is locked by: ".NET Host (69048), .NET Host (82140), dotnet-scaffold (82904), dotnet-scaffold (49964), dotnet-scaffold (38348), dotnet-scaffold (33444), dotnet-scaffold (20952), dotnet-scaffold (80780), dotnet-scaffold (32408), .NET Host (82760)" [C:\Scaffolding\src\dotnet-scaffolding\dotnet-scaffold\dotnet-scaffold.csproj::TargetFramework=net11.0]
[xUnit.net 00:02:44.81]       C:\Program Files\dotnet\sdk\11.0.100-preview.1.26076.102\Microsoft.Common.CurrentVersion.targets(5094,5): warning MSB3026: Could not copy "C:\Scaffolding\artifacts\bin\Microsoft.DotNet.Scaffolding.CodeModification\Debug\net11.0\Microsoft.DotNet.Scaffolding.CodeModification.dll" to "C:\Scaffolding\artifacts\bin\dotnet-scaffold\Debug\net11.0\Microsoft.DotNet.Scaffolding.CodeModification.dll". Beginning retry 9 in 1000ms. The process cannot access the file 'C:\Scaffolding\artifacts\bin\dotnet-scaffold\Debug\net11.0\Microsoft.DotNet.Scaffolding.CodeModification.dll' because it is being used by another process. The file is locked by: ".NET Host (21204), .NET Host (69048), dotnet-scaffold (82904), dotnet-scaffold (49964), dotnet-scaffold (38348), dotnet-scaffold (33444), dotnet-scaffold (20952), dotnet-scaffold (80780), dotnet-scaffold (32408), .NET Host (88448), .NET Host (66676), .NET Host (82140)" [C:\Scaffolding\src\dotnet-scaffolding\dotnet-scaffold\dotnet-scaffold.csproj::TargetFramework=net11.0]
[xUnit.net 00:02:44.81]       C:\Program Files\dotnet\sdk\11.0.100-preview.1.26076.102\Microsoft.Common.CurrentVersion.targets(5094,5): warning MSB3026: Could not copy "C:\Scaffolding\artifacts\bin\Microsoft.DotNet.Scaffolding.CodeModification\Debug\net11.0\Microsoft.DotNet.Scaffolding.CodeModification.dll" to "C:\Scaffolding\artifacts\bin\dotnet-scaffold\Debug\net11.0\Microsoft.DotNet.Scaffolding.CodeModification.dll". Beginning retry 10 in 1000ms. The process cannot access the file 'C:\Scaffolding\artifacts\bin\dotnet-scaffold\Debug\net11.0\Microsoft.DotNet.Scaffolding.CodeModification.dll' because it is being used by another process. The file is locked by: ".NET Host (21204), dotnet-scaffold (82904), dotnet-scaffold (38348), dotnet-scaffold (33444), dotnet-scaffold (20952), dotnet-scaffold (32408)" [C:\Scaffolding\src\dotnet-scaffolding\dotnet-scaffold\dotnet-scaffold.csproj::TargetFramework=net11.0]
[xUnit.net 00:02:44.81]       C:\Program Files\dotnet\sdk\11.0.100-preview.1.26076.102\Microsoft.Common.CurrentVersion.targets(5094,5): error MSB3027: Could not copy "C:\Scaffolding\artifacts\bin\Microsoft.DotNet.Scaffolding.CodeModification\Debug\net11.0\Microsoft.DotNet.Scaffolding.CodeModification.dll" to "C:\Scaffolding\artifacts\bin\dotnet-scaffold\Debug\net11.0\Microsoft.DotNet.Scaffolding.CodeModification.dll". Exceeded retry count of 10. Failed. The file is locked by: ".NET Host (66676), dotnet-scaffold (82904), dotnet-scaffold (38348), dotnet-scaffold (33444), dotnet-scaffold (20952), dotnet-scaffold (32408), .NET Host (69756), .NET Host (82140)" [C:\Scaffolding\src\dotnet-scaffolding\dotnet-scaffold\dotnet-scaffold.csproj::TargetFramework=net11.0]
[xUnit.net 00:02:44.81]       C:\Program Files\dotnet\sdk\11.0.100-preview.1.26076.102\Microsoft.Common.CurrentVersion.targets(5094,5): error MSB3021: Unable to copy file "C:\Scaffolding\artifacts\bin\Microsoft.DotNet.Scaffolding.CodeModification\Debug\net11.0\Microsoft.DotNet.Scaffolding.CodeModification.dll" to "C:\Scaffolding\artifacts\bin\dotnet-scaffold\Debug\net11.0\Microsoft.DotNet.Scaffolding.CodeModification.dll". The process cannot access the file 'C:\Scaffolding\artifacts\bin\dotnet-scaffold\Debug\net11.0\Microsoft.DotNet.Scaffolding.CodeModification.dll' because it is being used by another process. [C:\Scaffolding\src\dotnet-scaffolding\dotnet-scaffold\dotnet-scaffold.csproj::TargetFramework=net11.0]
[xUnit.net 00:02:44.81]       
Error: 
[xUnit.net 00:02:44.81]       The build failed. Fix the build errors and run again.
[xUnit.net 00:02:44.81]       
[xUnit.net 00:02:44.81]       Stack Trace:
[xUnit.net 00:02:44.81]         C:\Scaffolding\test\dotnet-scaffolding\dotnet-scaffold.Tests\AspNet\Integration\MVC\AreaNet9IntegrationTests.cs(30,0): at Microsoft.DotNet.Tools.Scaffold.Tests.AspNet.Integration.MVC.AreaNet9IntegrationTests.Scaffold_Area_Net9_CliInvocation()
[xUnit.net 00:02:44.81]         --- End of stack trace from previous location ---
  Passed Microsoft.DotNet.Tools.Scaffold.Tests.AspNet.Integration.MVC.AreaNet10IntegrationTests.AreaScaffolderStep_CreatesCorrectStructure_ForVariousNames(areaName: "Blog") [8 ms]
  Passed Microsoft.DotNet.Tools.Scaffold.Tests.AspNet.Integration.MVC.AreaNet10IntegrationTests.AreaScaffolderStep_CreatesControllersFolder [8 ms]
  Passed Microsoft.DotNet.Tools.Scaffold.Tests.AspNet.Integration.MVC.AreaNet10IntegrationTests.Templates_NoAreasFolderExists [2 ms]
  Passed Microsoft.DotNet.Tools.Scaffold.Tests.AspNet.Integration.MVC.AreaNet10IntegrationTests.AreaScaffolderStep_FallsBackToCurrentDirectory_WhenProjectDirMissing [5 ms]
  Passed Microsoft.DotNet.Tools.Scaffold.Tests.AspNet.Integration.MVC.AreaNet10IntegrationTests.AreaScaffolderStep_CreatesNamedAreaDirectory [7 ms]
  Passed Microsoft.DotNet.Tools.Scaffold.Tests.AspNet.Integration.MVC.AreaNet10IntegrationTests.AreaScaffolderStep_CreatesAreasDirectory [6 ms]
  Passed Microsoft.DotNet.Tools.Scaffold.Tests.AspNet.Integration.RazorPageEmptyNet11IntegrationTests.ExecuteAsync_CodeBehindContainsPageModel [1 s]
  Failed Microsoft.DotNet.Tools.Scaffold.Tests.AspNet.Integration.MVC.AreaNet9IntegrationTests.Scaffold_Area_Net9_CliInvocation [2 m 42 s]
  Error Message:
   CLI scaffold should succeed.
Output: C:\Program Files\dotnet\sdk\11.0.100-preview.1.26076.102\Microsoft.Common.CurrentVersion.targets(5094,5): warning MSB3026: Could not copy "C:\Scaffolding\artifacts\bin\Microsoft.DotNet.Scaffolding.CodeModification\Debug\net11.0\Microsoft.DotNet.Scaffolding.CodeModification.dll" to "C:\Scaffolding\artifacts\bin\dotnet-scaffold\Debug\net11.0\Microsoft.DotNet.Scaffolding.CodeModification.dll". Beginning retry 1 in 1000ms. The process cannot access the file 'C:\Scaffolding\artifacts\bin\dotnet-scaffold\Debug\net11.0\Microsoft.DotNet.Scaffolding.CodeModification.dll' because it is being used by another process. The file is locked by: "dotnet-scaffold (82904), dotnet-scaffold (49964), dotnet-scaffold (38348), dotnet-scaffold (33444), dotnet-scaffold (75916), dotnet-scaffold (20952), dotnet-scaffold (80780), dotnet-scaffold (32408), .NET Host (69756), .NET Host (26576), .NET Host (69048)" [C:\Scaffolding\src\dotnet-scaffolding\dotnet-scaffold\dotnet-scaffold.csproj::TargetFramework=net11.0]
C:\Program Files\dotnet\sdk\11.0.100-preview.1.26076.102\Microsoft.Common.CurrentVersion.targets(5094,5): warning MSB3026: Could not copy "C:\Scaffolding\artifacts\bin\Microsoft.DotNet.Scaffolding.CodeModification\Debug\net11.0\Microsoft.DotNet.Scaffolding.CodeModification.dll" to "C:\Scaffolding\artifacts\bin\dotnet-scaffold\Debug\net11.0\Microsoft.DotNet.Scaffolding.CodeModification.dll". Beginning retry 2 in 1000ms. The process cannot access the file 'C:\Scaffolding\artifacts\bin\dotnet-scaffold\Debug\net11.0\Microsoft.DotNet.Scaffolding.CodeModification.dll' because it is being used by another process. The file is locked by: "dotnet-scaffold (82904), dotnet-scaffold (49964), dotnet-scaffold (38348), dotnet-scaffold (33444), dotnet-scaffold (20952), dotnet-scaffold (80780), dotnet-scaffold (32408), .NET Host (69756), .NET Host (26576), .NET Host (21204), .NET Host (69048), .NET Host (82760), .NET Host (10324)" [C:\Scaffolding\src\dotnet-scaffolding\dotnet-scaffold\dotnet-scaffold.csproj::TargetFramework=net11.0]
C:\Program Files\dotnet\sdk\11.0.100-preview.1.26076.102\Microsoft.Common.CurrentVersion.targets(5094,5): warning MSB3026: Could not copy "C:\Scaffolding\artifacts\bin\Microsoft.DotNet.Scaffolding.CodeModification\Debug\net11.0\Microsoft.DotNet.Scaffolding.CodeModification.dll" to "C:\Scaffolding\artifacts\bin\dotnet-scaffold\Debug\net11.0\Microsoft.DotNet.Scaffolding.CodeModification.dll". Beginning retry 3 in 1000ms. The process cannot access the file 'C:\Scaffolding\artifacts\bin\dotnet-scaffold\Debug\net11.0\Microsoft.DotNet.Scaffolding.CodeModification.dll' because it is being used by another process. The file is locked by: ".NET Host (21204), .NET Host (66676), .NET Host (82760), dotnet-scaffold (82904), dotnet-scaffold (49964), dotnet-scaffold (38348), dotnet-scaffold (33444), dotnet-scaffold (20952), dotnet-scaffold (80780), dotnet-scaffold (32408), .NET Host (69756)" [C:\Scaffolding\src\dotnet-scaffolding\dotnet-scaffold\dotnet-scaffold.csproj::TargetFramework=net11.0]
C:\Program Files\dotnet\sdk\11.0.100-preview.1.26076.102\Microsoft.Common.CurrentVersion.targets(5094,5): warning MSB3026: Could not copy "C:\Scaffolding\artifacts\bin\Microsoft.DotNet.Scaffolding.CodeModification\Debug\net11.0\Microsoft.DotNet.Scaffolding.CodeModification.dll" to "C:\Scaffolding\artifacts\bin\dotnet-scaffold\Debug\net11.0\Microsoft.DotNet.Scaffolding.CodeModification.dll". Beginning retry 4 in 1000ms. The process cannot access the file 'C:\Scaffolding\artifacts\bin\dotnet-scaffold\Debug\net11.0\Microsoft.DotNet.Scaffolding.CodeModification.dll' because it is being used by another process. The file is locked by: "dotnet-scaffold (82904), dotnet-scaffold (49964), dotnet-scaffold (38348), dotnet-scaffold (33444), dotnet-scaffold (20952), dotnet-scaffold (80780), dotnet-scaffold (32408), .NET Host (88448), .NET Host (69756), .NET Host (66676), .NET Host (82760), .NET Host (44224), .NET Host (10324)" [C:\Scaffolding\src\dotnet-scaffolding\dotnet-scaffold\dotnet-scaffold.csproj::TargetFramework=net11.0]
C:\Program Files\dotnet\sdk\11.0.100-preview.1.26076.102\Microsoft.Common.CurrentVersion.targets(5094,5): warning MSB3026: Could not copy "C:\Scaffolding\artifacts\bin\Microsoft.DotNet.Scaffolding.CodeModification\Debug\net11.0\Microsoft.DotNet.Scaffolding.CodeModification.dll" to "C:\Scaffolding\artifacts\bin\dotnet-scaffold\Debug\net11.0\Microsoft.DotNet.Scaffolding.CodeModification.dll". Beginning retry 5 in 1000ms. The process cannot access the file 'C:\Scaffolding\artifacts\bin\dotnet-scaffold\Debug\net11.0\Microsoft.DotNet.Scaffolding.CodeModification.dll' because it is being used by another process. The file is locked by: "dotnet-scaffold (82904), dotnet-scaffold (49964), dotnet-scaffold (38348), dotnet-scaffold (33444), dotnet-scaffold (20952), dotnet-scaffold (80780), dotnet-scaffold (32408), .NET Host (69048)" [C:\Scaffolding\src\dotnet-scaffolding\dotnet-scaffold\dotnet-scaffold.csproj::TargetFramework=net11.0]
C:\Program Files\dotnet\sdk\11.0.100-preview.1.26076.102\Microsoft.Common.CurrentVersion.targets(5094,5): warning MSB3026: Could not copy "C:\Scaffolding\artifacts\bin\Microsoft.DotNet.Scaffolding.CodeModification\Debug\net11.0\Microsoft.DotNet.Scaffolding.CodeModification.dll" to "C:\Scaffolding\artifacts\bin\dotnet-scaffold\Debug\net11.0\Microsoft.DotNet.Scaffolding.CodeModification.dll". Beginning retry 6 in 1000ms. The process cannot access the file 'C:\Scaffolding\artifacts\bin\dotnet-scaffold\Debug\net11.0\Microsoft.DotNet.Scaffolding.CodeModification.dll' because it is being used by another process. The file is locked by: ".NET Host (69048), dotnet-scaffold (82904), dotnet-scaffold (49964), dotnet-scaffold (38348), dotnet-scaffold (33444), dotnet-scaffold (20952), dotnet-scaffold (80780), dotnet-scaffold (32408), .NET Host (69756), .NET Host (21204), .NET Host (66676), .NET Host (82760), .NET Host (26576), .NET Host (88448)" [C:\Scaffolding\src\dotnet-scaffolding\dotnet-scaffold\dotnet-scaffold.csproj::TargetFramework=net11.0]
C:\Program Files\dotnet\sdk\11.0.100-preview.1.26076.102\Microsoft.Common.CurrentVersion.targets(5094,5): warning MSB3026: Could not copy "C:\Scaffolding\artifacts\bin\Microsoft.DotNet.Scaffolding.CodeModification\Debug\net11.0\Microsoft.DotNet.Scaffolding.CodeModification.dll" to "C:\Scaffolding\artifacts\bin\dotnet-scaffold\Debug\net11.0\Microsoft.DotNet.Scaffolding.CodeModification.dll". Beginning retry 7 in 1000ms. The process cannot access the file 'C:\Scaffolding\artifacts\bin\dotnet-scaffold\Debug\net11.0\Microsoft.DotNet.Scaffolding.CodeModification.dll' because it is being used by another process. The file is locked by: ".NET Host (26576), .NET Host (10324), dotnet-scaffold (82904), dotnet-scaffold (49964), dotnet-scaffold (38348), dotnet-scaffold (33444), dotnet-scaffold (20952), dotnet-scaffold (80780), dotnet-scaffold (32408)" [C:\Scaffolding\src\dotnet-scaffolding\dotnet-scaffold\dotnet-scaffold.csproj::TargetFramework=net11.0]
C:\Program Files\dotnet\sdk\11.0.100-preview.1.26076.102\Microsoft.Common.CurrentVersion.targets(5094,5): warning MSB3026: Could not copy "C:\Scaffolding\artifacts\bin\Microsoft.DotNet.Scaffolding.CodeModification\Debug\net11.0\Microsoft.DotNet.Scaffolding.CodeModification.dll" to "C:\Scaffolding\artifacts\bin\dotnet-scaffold\Debug\net11.0\Microsoft.DotNet.Scaffolding.CodeModification.dll". Beginning retry 8 in 1000ms. The process cannot access the file 'C:\Scaffolding\artifacts\bin\dotnet-scaffold\Debug\net11.0\Microsoft.DotNet.Scaffolding.CodeModification.dll' because it is being used by another process. The file is locked by: ".NET Host (69048), .NET Host (82140), dotnet-scaffold (82904), dotnet-scaffold (49964), dotnet-scaffold (38348), dotnet-scaffold (33444), dotnet-scaffold (20952), dotnet-scaffold (80780), dotnet-scaffold (32408), .NET Host (82760)" [C:\Scaffolding\src\dotnet-scaffolding\dotnet-scaffold\dotnet-scaffold.csproj::TargetFramework=net11.0]
C:\Program Files\dotnet\sdk\11.0.100-preview.1.26076.102\Microsoft.Common.CurrentVersion.targets(5094,5): warning MSB3026: Could not copy "C:\Scaffolding\artifacts\bin\Microsoft.DotNet.Scaffolding.CodeModification\Debug\net11.0\Microsoft.DotNet.Scaffolding.CodeModification.dll" to "C:\Scaffolding\artifacts\bin\dotnet-scaffold\Debug\net11.0\Microsoft.DotNet.Scaffolding.CodeModification.dll". Beginning retry 9 in 1000ms. The process cannot access the file 'C:\Scaffolding\artifacts\bin\dotnet-scaffold\Debug\net11.0\Microsoft.DotNet.Scaffolding.CodeModification.dll' because it is being used by another process. The file is locked by: ".NET Host (21204), .NET Host (69048), dotnet-scaffold (82904), dotnet-scaffold (49964), dotnet-scaffold (38348), dotnet-scaffold (33444), dotnet-scaffold (20952), dotnet-scaffold (80780), dotnet-scaffold (32408), .NET Host (88448), .NET Host (66676), .NET Host (82140)" [C:\Scaffolding\src\dotnet-scaffolding\dotnet-scaffold\dotnet-scaffold.csproj::TargetFramework=net11.0]
C:\Program Files\dotnet\sdk\11.0.100-preview.1.26076.102\Microsoft.Common.CurrentVersion.targets(5094,5): warning MSB3026: Could not copy "C:\Scaffolding\artifacts\bin\Microsoft.DotNet.Scaffolding.CodeModification\Debug\net11.0\Microsoft.DotNet.Scaffolding.CodeModification.dll" to "C:\Scaffolding\artifacts\bin\dotnet-scaffold\Debug\net11.0\Microsoft.DotNet.Scaffolding.CodeModification.dll". Beginning retry 10 in 1000ms. The process cannot access the file 'C:\Scaffolding\artifacts\bin\dotnet-scaffold\Debug\net11.0\Microsoft.DotNet.Scaffolding.CodeModification.dll' because it is being used by another process. The file is locked by: ".NET Host (21204), dotnet-scaffold (82904), dotnet-scaffold (38348), dotnet-scaffold (33444), dotnet-scaffold (20952), dotnet-scaffold (32408)" [C:\Scaffolding\src\dotnet-scaffolding\dotnet-scaffold\dotnet-scaffold.csproj::TargetFramework=net11.0]
C:\Program Files\dotnet\sdk\11.0.100-preview.1.26076.102\Microsoft.Common.CurrentVersion.targets(5094,5): error MSB3027: Could not copy "C:\Scaffolding\artifacts\bin\Microsoft.DotNet.Scaffolding.CodeModification\Debug\net11.0\Microsoft.DotNet.Scaffolding.CodeModification.dll" to "C:\Scaffolding\artifacts\bin\dotnet-scaffold\Debug\net11.0\Microsoft.DotNet.Scaffolding.CodeModification.dll". Exceeded retry count of 10. Failed. The file is locked by: ".NET Host (66676), dotnet-scaffold (82904), dotnet-scaffold (38348), dotnet-scaffold (33444), dotnet-scaffold (20952), dotnet-scaffold (32408), .NET Host (69756), .NET Host (82140)" [C:\Scaffolding\src\dotnet-scaffolding\dotnet-scaffold\dotnet-scaffold.csproj::TargetFramework=net11.0]
C:\Program Files\dotnet\sdk\11.0.100-preview.1.26076.102\Microsoft.Common.CurrentVersion.targets(5094,5): error MSB3021: Unable to copy file "C:\Scaffolding\artifacts\bin\Microsoft.DotNet.Scaffolding.CodeModification\Debug\net11.0\Microsoft.DotNet.Scaffolding.CodeModification.dll" to "C:\Scaffolding\artifacts\bin\dotnet-scaffold\Debug\net11.0\Microsoft.DotNet.Scaffolding.CodeModification.dll". The process cannot access the file 'C:\Scaffolding\artifacts\bin\dotnet-scaffold\Debug\net11.0\Microsoft.DotNet.Scaffolding.CodeModification.dll' because it is being used by another process. [C:\Scaffolding\src\dotnet-scaffolding\dotnet-scaffold\dotnet-scaffold.csproj::TargetFramework=net11.0]

Error: 
The build failed. Fix the build errors and run again.

  Stack Trace:
     at Microsoft.DotNet.Tools.Scaffold.Tests.AspNet.Integration.MVC.AreaNet9IntegrationTests.Scaffold_Area_Net9_CliInvocation() in C:\Scaffolding\test\dotnet-scaffolding\dotnet-scaffold.Tests\AspNet\Integration\MVC\AreaNet9IntegrationTests.cs:line 30
--- End of stack trace from previous location ---
  Passed Microsoft.DotNet.Tools.Scaffold.Tests.AspNet.Integration.MVC.AreaNet9IntegrationTests.AreaScaffolderStep_CreatesNamedAreaDirectory [11 ms]
  Passed Microsoft.DotNet.Tools.Scaffold.Tests.AspNet.Integration.MVC.AreaNet9IntegrationTests.AreaScaffolderStep_CreatesViewsFolder [8 ms]
  Passed Microsoft.DotNet.Tools.Scaffold.Tests.AspNet.Integration.MVC.AreaNet9IntegrationTests.AreaScaffolderStep_SupportsCustomAreaName [21 ms]
  Passed Microsoft.DotNet.Tools.Scaffold.Tests.AspNet.Integration.MVC.AreaNet9IntegrationTests.AreaScaffolderStep_UsesProjectDirectory_WhenExists [11 ms]
  Passed Microsoft.DotNet.Tools.Scaffold.Tests.AspNet.Integration.MVC.AreaNet9IntegrationTests.AreaScaffolderStep_ReturnsTrue_OnSuccess [11 ms]
  Passed Microsoft.DotNet.Tools.Scaffold.Tests.AspNet.Integration.MVC.AreaNet9IntegrationTests.AreaScaffolderStep_FallsBackToCurrentDirectory_WhenProjectDirMissing [5 ms]
  Passed Microsoft.DotNet.Tools.Scaffold.Tests.AspNet.Integration.Blazor.RazorComponentNet8IntegrationTests.ExecuteAsync_GeneratesCorrectFileName_WhenLowercaseInput [1 s]
  Passed Microsoft.DotNet.Tools.Scaffold.Tests.AspNet.Integration.Blazor.RazorComponentNet8IntegrationTests.RegressionGuard_EmptyInputs_DoNotThrow [3 ms]
  Passed Microsoft.DotNet.Tools.Scaffold.Tests.AspNet.Integration.Blazor.RazorComponentNet8IntegrationTests.ExecuteAsync_ReturnsFalse_WhenFileNameIsNull [2 ms]
  Passed Microsoft.DotNet.Tools.Scaffold.Tests.AspNet.Integration.Blazor.RazorComponentNet8IntegrationTests.FileName_DefaultsToNull [2 ms]
  Passed Microsoft.DotNet.Tools.Scaffold.Tests.AspNet.Integration.Blazor.RazorComponentNet8IntegrationTests.Constructor_InitializesCorrectly [2 ms]
  Passed Microsoft.DotNet.Tools.Scaffold.Tests.AspNet.Integration.RazorViewEmptyNet9IntegrationTests.ExecuteAsync_TracksSuccessTelemetry_WhenGenerationSucceeds [1 s]
  Passed Microsoft.DotNet.Tools.Scaffold.Tests.AspNet.Integration.Identity.BlazorIdentityNet11IntegrationTests.BlazorIdentityChangesConfig_ReferencesProgramCs [134 ms]
  Passed Microsoft.DotNet.Tools.Scaffold.Tests.AspNet.Integration.Identity.BlazorIdentityNet11IntegrationTests.Templates_HasExpectedScaffolderFolder(folderName: "EfController") [4 ms]
  Passed Microsoft.DotNet.Tools.Scaffold.Tests.AspNet.Integration.Identity.BlazorIdentityNet11IntegrationTests.Templates_HasExpectedScaffolderFolder(folderName: "Views") [4 ms]
  Passed Microsoft.DotNet.Tools.Scaffold.Tests.AspNet.Integration.Identity.BlazorIdentityNet11IntegrationTests.Templates_HasExpectedScaffolderFolder(folderName: "BlazorIdentity") [3 ms]
[xUnit.net 00:02:46.41]     Microsoft.DotNet.Tools.Scaffold.Tests.AspNet.Integr
ation.MVC.RazorViewsNet11IntegrationTests.Scaffold_Views_Net11_CliInvocation 
[FAIL]
[xUnit.net 00:02:46.41]       CLI scaffold should succeed.
Output: C:\Program Files\dotnet\sdk\11.0.100-preview.1.26076.102\Microsoft.Common.CurrentVersion.targets(5094,5): warning MSB3026: Could not copy "C:\Scaffolding\artifacts\bin\Microsoft.DotNet.Scaffolding.CodeModification\Debug\net11.0\Microsoft.DotNet.Scaffolding.CodeModification.dll" to "C:\Scaffolding\artifacts\bin\dotnet-scaffold\Debug\net11.0\Microsoft.DotNet.Scaffolding.CodeModification.dll". Beginning retry 1 in 1000ms. The process cannot access the file 'C:\Scaffolding\artifacts\bin\dotnet-scaffold\Debug\net11.0\Microsoft.DotNet.Scaffolding.CodeModification.dll' because it is being used by another process. The file is locked by: ".NET Host (26576), dotnet-scaffold (82904), dotnet-scaffold (49964), dotnet-scaffold (38348), dotnet-scaffold (33444), dotnet-scaffold (20952), dotnet-scaffold (80780), dotnet-scaffold (32408), .NET Host (21204)" [C:\Scaffolding\src\dotnet-scaffolding\dotnet-scaffold\dotnet-scaffold.csproj::TargetFramework=net11.0]
[xUnit.net 00:02:46.42]       C:\Program Files\dotnet\sdk\11.0.100-preview.1.26076.102\Microsoft.Common.CurrentVersion.targets(5094,5): warning MSB3026: Could not copy "C:\Scaffolding\artifacts\bin\Microsoft.DotNet.Scaffolding.CodeModification\Debug\net11.0\Microsoft.DotNet.Scaffolding.CodeModification.dll" to "C:\Scaffolding\artifacts\bin\dotnet-scaffold\Debug\net11.0\Microsoft.DotNet.Scaffolding.CodeModification.dll". Beginning retry 2 in 1000ms. The process cannot access the file 'C:\Scaffolding\artifacts\bin\dotnet-scaffold\Debug\net11.0\Microsoft.DotNet.Scaffolding.CodeModification.dll' because it is being used by another process. The file is locked by: ".NET Host (44224), dotnet-scaffold (82904), dotnet-scaffold (49964), dotnet-scaffold (38348), dotnet-scaffold (33444), dotnet-scaffold (20952), dotnet-scaffold (80780), dotnet-scaffold (32408)" [C:\Scaffolding\src\dotnet-scaffolding\dotnet-scaffold\dotnet-scaffold.csproj::TargetFramework=net11.0]
[xUnit.net 00:02:46.42]       C:\Program Files\dotnet\sdk\11.0.100-preview.1.26076.102\Microsoft.Common.CurrentVersion.targets(5094,5): warning MSB3026: Could not copy "C:\Scaffolding\artifacts\bin\Microsoft.DotNet.Scaffolding.CodeModification\Debug\net11.0\Microsoft.DotNet.Scaffolding.CodeModification.dll" to "C:\Scaffolding\artifacts\bin\dotnet-scaffold\Debug\net11.0\Microsoft.DotNet.Scaffolding.CodeModification.dll". Beginning retry 3 in 1000ms. The process cannot access the file 'C:\Scaffolding\artifacts\bin\dotnet-scaffold\Debug\net11.0\Microsoft.DotNet.Scaffolding.CodeModification.dll' because it is being used by another process. The file is locked by: ".NET Host (26576), .NET Host (10324), .NET Host (44224), dotnet-scaffold (82904), dotnet-scaffold (49964), dotnet-scaffold (38348), dotnet-scaffold (33444), dotnet-scaffold (20952), dotnet-scaffold (80780), dotnet-scaffold (32408), .NET Host (82140)" [C:\Scaffolding\src\dotnet-scaffolding\dotnet-scaffold\dotnet-scaffold.csproj::TargetFramework=net11.0]
[xUnit.net 00:02:46.42]       C:\Program Files\dotnet\sdk\11.0.100-preview.1.26076.102\Microsoft.Common.CurrentVersion.targets(5094,5): warning MSB3026: Could not copy "C:\Scaffolding\artifacts\bin\Microsoft.DotNet.Scaffolding.CodeModification\Debug\net11.0\Microsoft.DotNet.Scaffolding.CodeModification.dll" to "C:\Scaffolding\artifacts\bin\dotnet-scaffold\Debug\net11.0\Microsoft.DotNet.Scaffolding.CodeModification.dll". Beginning retry 4 in 1000ms. The process cannot access the file 'C:\Scaffolding\artifacts\bin\dotnet-scaffold\Debug\net11.0\Microsoft.DotNet.Scaffolding.CodeModification.dll' because it is being used by another process. The file is locked by: "dotnet-scaffold (82904), dotnet-scaffold (49964), dotnet-scaffold (38348), dotnet-scaffold (33444), dotnet-scaffold (20952), dotnet-scaffold (80780), dotnet-scaffold (32408), .NET Host (69756), .NET Host (58960), .NET Host (66676), .NET Host (82760), .NET Host (44224)" [C:\Scaffolding\src\dotnet-scaffolding\dotnet-scaffold\dotnet-scaffold.csproj::TargetFramework=net11.0]
[xUnit.net 00:02:46.42]       C:\Program Files\dotnet\sdk\11.0.100-preview.1.26076.102\Microsoft.Common.CurrentVersion.targets(5094,5): warning MSB3026: Could not copy "C:\Scaffolding\artifacts\bin\Microsoft.DotNet.Scaffolding.CodeModification\Debug\net11.0\Microsoft.DotNet.Scaffolding.CodeModification.dll" to "C:\Scaffolding\artifacts\bin\dotnet-scaffold\Debug\net11.0\Microsoft.DotNet.Scaffolding.CodeModification.dll". Beginning retry 5 in 1000ms. The process cannot access the file 'C:\Scaffolding\artifacts\bin\dotnet-scaffold\Debug\net11.0\Microsoft.DotNet.Scaffolding.CodeModification.dll' because it is being used by another process. The file is locked by: ".NET Host (26576), .NET Host (10324), dotnet-scaffold (82904), dotnet-scaffold (49964), dotnet-scaffold (38348), dotnet-scaffold (33444), dotnet-scaffold (20952), dotnet-scaffold (80780), dotnet-scaffold (32408), .NET Host (82140), .NET Host (66676)" [C:\Scaffolding\src\dotnet-scaffolding\dotnet-scaffold\dotnet-scaffold.csproj::TargetFramework=net11.0]
[xUnit.net 00:02:46.42]       C:\Program Files\dotnet\sdk\11.0.100-preview.1.26076.102\Microsoft.Common.CurrentVersion.targets(5094,5): warning MSB3026: Could not copy "C:\Scaffolding\artifacts\bin\Microsoft.DotNet.Scaffolding.CodeModification\Debug\net11.0\Microsoft.DotNet.Scaffolding.CodeModification.dll" to "C:\Scaffolding\artifacts\bin\dotnet-scaffold\Debug\net11.0\Microsoft.DotNet.Scaffolding.CodeModification.dll". Beginning retry 6 in 1000ms. The process cannot access the file 'C:\Scaffolding\artifacts\bin\dotnet-scaffold\Debug\net11.0\Microsoft.DotNet.Scaffolding.CodeModification.dll' because it is being used by another process. The file is locked by: ".NET Host (44224), .NET Host (82140), dotnet-scaffold (82904), dotnet-scaffold (49964), dotnet-scaffold (38348), dotnet-scaffold (33444), dotnet-scaffold (20952), dotnet-scaffold (80780), dotnet-scaffold (32408), .NET Host (26576), .NET Host (69048)" [C:\Scaffolding\src\dotnet-scaffolding\dotnet-scaffold\dotnet-scaffold.csproj::TargetFramework=net11.0]
[xUnit.net 00:02:46.42]       C:\Program Files\dotnet\sdk\11.0.100-preview.1.26076.102\Microsoft.Common.CurrentVersion.targets(5094,5): warning MSB3026: Could not copy "C:\Scaffolding\artifacts\bin\Microsoft.DotNet.Scaffolding.CodeModification\Debug\net11.0\Microsoft.DotNet.Scaffolding.CodeModification.dll" to "C:\Scaffolding\artifacts\bin\dotnet-scaffold\Debug\net11.0\Microsoft.DotNet.Scaffolding.CodeModification.dll". Beginning retry 7 in 1000ms. The process cannot access the file 'C:\Scaffolding\artifacts\bin\dotnet-scaffold\Debug\net11.0\Microsoft.DotNet.Scaffolding.CodeModification.dll' because it is being used by another process. The file is locked by: ".NET Host (66676), dotnet-scaffold (82904), dotnet-scaffold (49964), dotnet-scaffold (38348), dotnet-scaffold (33444), dotnet-scaffold (20952), dotnet-scaffold (80780), dotnet-scaffold (32408)" [C:\Scaffolding\src\dotnet-scaffolding\dotnet-scaffold\dotnet-scaffold.csproj::TargetFramework=net11.0]
[xUnit.net 00:02:46.42]       C:\Program Files\dotnet\sdk\11.0.100-preview.1.26076.102\Microsoft.Common.CurrentVersion.targets(5094,5): warning MSB3026: Could not copy "C:\Scaffolding\artifacts\bin\Microsoft.DotNet.Scaffolding.CodeModification\Debug\net11.0\Microsoft.DotNet.Scaffolding.CodeModification.dll" to "C:\Scaffolding\artifacts\bin\dotnet-scaffold\Debug\net11.0\Microsoft.DotNet.Scaffolding.CodeModification.dll". Beginning retry 8 in 1000ms. The process cannot access the file 'C:\Scaffolding\artifacts\bin\dotnet-scaffold\Debug\net11.0\Microsoft.DotNet.Scaffolding.CodeModification.dll' because it is being used by another process. The file is locked by: ".NET Host (69756), dotnet-scaffold (82904), dotnet-scaffold (49964), dotnet-scaffold (38348), dotnet-scaffold (33444), dotnet-scaffold (20952), dotnet-scaffold (80780), dotnet-scaffold (32408), .NET Host (58960)" [C:\Scaffolding\src\dotnet-scaffolding\dotnet-scaffold\dotnet-scaffold.csproj::TargetFramework=net11.0]
[xUnit.net 00:02:46.42]       C:\Program Files\dotnet\sdk\11.0.100-preview.1.26076.102\Microsoft.Common.CurrentVersion.targets(5094,5): warning MSB3026: Could not copy "C:\Scaffolding\artifacts\bin\Microsoft.DotNet.Scaffolding.CodeModification\Debug\net11.0\Microsoft.DotNet.Scaffolding.CodeModification.dll" to "C:\Scaffolding\artifacts\bin\dotnet-scaffold\Debug\net11.0\Microsoft.DotNet.Scaffolding.CodeModification.dll". Beginning retry 9 in 1000ms. The process cannot access the file 'C:\Scaffolding\artifacts\bin\dotnet-scaffold\Debug\net11.0\Microsoft.DotNet.Scaffolding.CodeModification.dll' because it is being used by another process. The file is locked by: ".NET Host (21204), dotnet-scaffold (82904), dotnet-scaffold (49964), dotnet-scaffold (38348), dotnet-scaffold (33444), dotnet-scaffold (20952), dotnet-scaffold (80780), dotnet-scaffold (32408), .NET Host (58960), .NET Host (66676)" [C:\Scaffolding\src\dotnet-scaffolding\dotnet-scaffold\dotnet-scaffold.csproj::TargetFramework=net11.0]
[xUnit.net 00:02:46.42]       C:\Program Files\dotnet\sdk\11.0.100-preview.1.26076.102\Microsoft.Common.CurrentVersion.targets(5094,5): warning MSB3026: Could not copy "C:\Scaffolding\artifacts\bin\Microsoft.DotNet.Scaffolding.CodeModification\Debug\net11.0\Microsoft.DotNet.Scaffolding.CodeModification.dll" to "C:\Scaffolding\artifacts\bin\dotnet-scaffold\Debug\net11.0\Microsoft.DotNet.Scaffolding.CodeModification.dll". Beginning retry 10 in 1000ms. The process cannot access the file 'C:\Scaffolding\artifacts\bin\dotnet-scaffold\Debug\net11.0\Microsoft.DotNet.Scaffolding.CodeModification.dll' because it is being used by another process. The file is locked by: ".NET Host (66676), dotnet-scaffold (82904), dotnet-scaffold (38348), dotnet-scaffold (33444), dotnet-scaffold (20952), dotnet-scaffold (32408), .NET Host (82760), .NET Host (10324)" [C:\Scaffolding\src\dotnet-scaffolding\dotnet-scaffold\dotnet-scaffold.csproj::TargetFramework=net11.0]
[xUnit.net 00:02:46.42]       C:\Program Files\dotnet\sdk\11.0.100-preview.1.26076.102\Microsoft.Common.CurrentVersion.targets(5094,5): error MSB3027: Could not copy "C:\Scaffolding\artifacts\bin\Microsoft.DotNet.Scaffolding.CodeModification\Debug\net11.0\Microsoft.DotNet.Scaffolding.CodeModification.dll" to "C:\Scaffolding\artifacts\bin\dotnet-scaffold\Debug\net11.0\Microsoft.DotNet.Scaffolding.CodeModification.dll". Exceeded retry count of 10. Failed. The file is locked by: "dotnet-scaffold (82904), dotnet-scaffold (38348), dotnet-scaffold (33444), dotnet-scaffold (20952), dotnet-scaffold (32408), .NET Host (21204), .NET Host (10324), .NET Host (44224), .NET Host (82140), .NET Host (66676)" [C:\Scaffolding\src\dotnet-scaffolding\dotnet-scaffold\dotnet-scaffold.csproj::TargetFramework=net11.0]
[xUnit.net 00:02:46.42]       C:\Program Files\dotnet\sdk\11.0.100-preview.1.26076.102\Microsoft.Common.CurrentVersion.targets(5094,5): error MSB3021: Unable to copy file "C:\Scaffolding\artifacts\bin\Microsoft.DotNet.Scaffolding.CodeModification\Debug\net11.0\Microsoft.DotNet.Scaffolding.CodeModification.dll" to "C:\Scaffolding\artifacts\bin\dotnet-scaffold\Debug\net11.0\Microsoft.DotNet.Scaffolding.CodeModification.dll". The process cannot access the file 'C:\Scaffolding\artifacts\bin\dotnet-scaffold\Debug\net11.0\Microsoft.DotNet.Scaffolding.CodeModification.dll' because it is being used by another process. [C:\Scaffolding\src\dotnet-scaffolding\dotnet-scaffold\dotnet-scaffold.csproj::TargetFramework=net11.0]
[xUnit.net 00:02:46.42]       
Error: 
[xUnit.net 00:02:46.42]       The build failed. Fix the build errors and run again.
[xUnit.net 00:02:46.42]       
[xUnit.net 00:02:46.42]       Stack Trace:
[xUnit.net 00:02:46.42]         C:\Scaffolding\test\dotnet-scaffolding\dotnet-scaffold.Tests\AspNet\Integration\MVC\RazorViewsNet11IntegrationTests.cs(34,0): at Microsoft.DotNet.Tools.Scaffold.Tests.AspNet.Integration.MVC.RazorViewsNet11IntegrationTests.Scaffold_Views_Net11_CliInvocation()
[xUnit.net 00:02:46.42]         --- End of stack trace from previous location ---
  Passed Microsoft.DotNet.Tools.Scaffold.Tests.AspNet.Integration.Identity.BlazorIdentityNet11IntegrationTests.Templates_HasExpectedScaffolderFolder(folderName: "Identity") [7 ms]
  Passed Microsoft.DotNet.Tools.Scaffold.Tests.AspNet.Integration.Identity.BlazorIdentityNet11IntegrationTests.Templates_HasExpectedScaffolderFolder(folderName: "CodeModificationConfigs") [3 ms]
  Passed Microsoft.DotNet.Tools.Scaffold.Tests.AspNet.Integration.Identity.BlazorIdentityNet11IntegrationTests.Templates_HasExpectedScaffolderFolder(folderName: "BlazorCrud") [4 ms]
  Passed Microsoft.DotNet.Tools.Scaffold.Tests.AspNet.Integration.Identity.BlazorIdentityNet11IntegrationTests.Templates_HasExpectedScaffolderFolder(folderName: "Files") [4 ms]
  Passed Microsoft.DotNet.Tools.Scaffold.Tests.AspNet.Integration.Identity.BlazorIdentityNet11IntegrationTests.Templates_HasExpectedScaffolderFolder(folderName: "RazorPages") [4 ms]
  Passed Microsoft.DotNet.Tools.Scaffold.Tests.AspNet.Integration.Identity.BlazorIdentityNet11IntegrationTests.Templates_HasExpectedScaffolderFolder(folderName: "MinimalApi") [7 ms]
  Passed Microsoft.DotNet.Tools.Scaffold.Tests.AspNet.Integration.Identity.BlazorIdentityNet11IntegrationTests.BlazorIdentityChangesConfig_IsNotEmpty [5 ms]
  Passed Microsoft.DotNet.Tools.Scaffold.Tests.AspNet.Integration.Identity.BlazorIdentityNet11IntegrationTests.GetAllFilesForTargetFramework_IsSuperset_OfT4Templates [3 ms]
  Failed Microsoft.DotNet.Tools.Scaffold.Tests.AspNet.Integration.MVC.RazorViewsNet11IntegrationTests.Scaffold_Views_Net11_CliInvocation [2 m 44 s]
  Error Message:
   CLI scaffold should succeed.
Output: C:\Program Files\dotnet\sdk\11.0.100-preview.1.26076.102\Microsoft.Common.CurrentVersion.targets(5094,5): warning MSB3026: Could not copy "C:\Scaffolding\artifacts\bin\Microsoft.DotNet.Scaffolding.CodeModification\Debug\net11.0\Microsoft.DotNet.Scaffolding.CodeModification.dll" to "C:\Scaffolding\artifacts\bin\dotnet-scaffold\Debug\net11.0\Microsoft.DotNet.Scaffolding.CodeModification.dll". Beginning retry 1 in 1000ms. The process cannot access the file 'C:\Scaffolding\artifacts\bin\dotnet-scaffold\Debug\net11.0\Microsoft.DotNet.Scaffolding.CodeModification.dll' because it is being used by another process. The file is locked by: ".NET Host (26576), dotnet-scaffold (82904), dotnet-scaffold (49964), dotnet-scaffold (38348), dotnet-scaffold (33444), dotnet-scaffold (20952), dotnet-scaffold (80780), dotnet-scaffold (32408), .NET Host (21204)" [C:\Scaffolding\src\dotnet-scaffolding\dotnet-scaffold\dotnet-scaffold.csproj::TargetFramework=net11.0]
C:\Program Files\dotnet\sdk\11.0.100-preview.1.26076.102\Microsoft.Common.CurrentVersion.targets(5094,5): warning MSB3026: Could not copy "C:\Scaffolding\artifacts\bin\Microsoft.DotNet.Scaffolding.CodeModification\Debug\net11.0\Microsoft.DotNet.Scaffolding.CodeModification.dll" to "C:\Scaffolding\artifacts\bin\dotnet-scaffold\Debug\net11.0\Microsoft.DotNet.Scaffolding.CodeModification.dll". Beginning retry 2 in 1000ms. The process cannot access the file 'C:\Scaffolding\artifacts\bin\dotnet-scaffold\Debug\net11.0\Microsoft.DotNet.Scaffolding.CodeModification.dll' because it is being used by another process. The file is locked by: ".NET Host (44224), dotnet-scaffold (82904), dotnet-scaffold (49964), dotnet-scaffold (38348), dotnet-scaffold (33444), dotnet-scaffold (20952), dotnet-scaffold (80780), dotnet-scaffold (32408)" [C:\Scaffolding\src\dotnet-scaffolding\dotnet-scaffold\dotnet-scaffold.csproj::TargetFramework=net11.0]
C:\Program Files\dotnet\sdk\11.0.100-preview.1.26076.102\Microsoft.Common.CurrentVersion.targets(5094,5): warning MSB3026: Could not copy "C:\Scaffolding\artifacts\bin\Microsoft.DotNet.Scaffolding.CodeModification\Debug\net11.0\Microsoft.DotNet.Scaffolding.CodeModification.dll" to "C:\Scaffolding\artifacts\bin\dotnet-scaffold\Debug\net11.0\Microsoft.DotNet.Scaffolding.CodeModification.dll". Beginning retry 3 in 1000ms. The process cannot access the file 'C:\Scaffolding\artifacts\bin\dotnet-scaffold\Debug\net11.0\Microsoft.DotNet.Scaffolding.CodeModification.dll' because it is being used by another process. The file is locked by: ".NET Host (26576), .NET Host (10324), .NET Host (44224), dotnet-scaffold (82904), dotnet-scaffold (49964), dotnet-scaffold (38348), dotnet-scaffold (33444), dotnet-scaffold (20952), dotnet-scaffold (80780), dotnet-scaffold (32408), .NET Host (82140)" [C:\Scaffolding\src\dotnet-scaffolding\dotnet-scaffold\dotnet-scaffold.csproj::TargetFramework=net11.0]
C:\Program Files\dotnet\sdk\11.0.100-preview.1.26076.102\Microsoft.Common.CurrentVersion.targets(5094,5): warning MSB3026: Could not copy "C:\Scaffolding\artifacts\bin\Microsoft.DotNet.Scaffolding.CodeModification\Debug\net11.0\Microsoft.DotNet.Scaffolding.CodeModification.dll" to "C:\Scaffolding\artifacts\bin\dotnet-scaffold\Debug\net11.0\Microsoft.DotNet.Scaffolding.CodeModification.dll". Beginning retry 4 in 1000ms. The process cannot access the file 'C:\Scaffolding\artifacts\bin\dotnet-scaffold\Debug\net11.0\Microsoft.DotNet.Scaffolding.CodeModification.dll' because it is being used by another process. The file is locked by: "dotnet-scaffold (82904), dotnet-scaffold (49964), dotnet-scaffold (38348), dotnet-scaffold (33444), dotnet-scaffold (20952), dotnet-scaffold (80780), dotnet-scaffold (32408), .NET Host (69756), .NET Host (58960), .NET Host (66676), .NET Host (82760), .NET Host (44224)" [C:\Scaffolding\src\dotnet-scaffolding\dotnet-scaffold\dotnet-scaffold.csproj::TargetFramework=net11.0]
C:\Program Files\dotnet\sdk\11.0.100-preview.1.26076.102\Microsoft.Common.CurrentVersion.targets(5094,5): warning MSB3026: Could not copy "C:\Scaffolding\artifacts\bin\Microsoft.DotNet.Scaffolding.CodeModification\Debug\net11.0\Microsoft.DotNet.Scaffolding.CodeModification.dll" to "C:\Scaffolding\artifacts\bin\dotnet-scaffold\Debug\net11.0\Microsoft.DotNet.Scaffolding.CodeModification.dll". Beginning retry 5 in 1000ms. The process cannot access the file 'C:\Scaffolding\artifacts\bin\dotnet-scaffold\Debug\net11.0\Microsoft.DotNet.Scaffolding.CodeModification.dll' because it is being used by another process. The file is locked by: ".NET Host (26576), .NET Host (10324), dotnet-scaffold (82904), dotnet-scaffold (49964), dotnet-scaffold (38348), dotnet-scaffold (33444), dotnet-scaffold (20952), dotnet-scaffold (80780), dotnet-scaffold (32408), .NET Host (82140), .NET Host (66676)" [C:\Scaffolding\src\dotnet-scaffolding\dotnet-scaffold\dotnet-scaffold.csproj::TargetFramework=net11.0]
C:\Program Files\dotnet\sdk\11.0.100-preview.1.26076.102\Microsoft.Common.CurrentVersion.targets(5094,5): warning MSB3026: Could not copy "C:\Scaffolding\artifacts\bin\Microsoft.DotNet.Scaffolding.CodeModification\Debug\net11.0\Microsoft.DotNet.Scaffolding.CodeModification.dll" to "C:\Scaffolding\artifacts\bin\dotnet-scaffold\Debug\net11.0\Microsoft.DotNet.Scaffolding.CodeModification.dll". Beginning retry 6 in 1000ms. The process cannot access the file 'C:\Scaffolding\artifacts\bin\dotnet-scaffold\Debug\net11.0\Microsoft.DotNet.Scaffolding.CodeModification.dll' because it is being used by another process. The file is locked by: ".NET Host (44224), .NET Host (82140), dotnet-scaffold (82904), dotnet-scaffold (49964), dotnet-scaffold (38348), dotnet-scaffold (33444), dotnet-scaffold (20952), dotnet-scaffold (80780), dotnet-scaffold (32408), .NET Host (26576), .NET Host (69048)" [C:\Scaffolding\src\dotnet-scaffolding\dotnet-scaffold\dotnet-scaffold.csproj::TargetFramework=net11.0]
C:\Program Files\dotnet\sdk\11.0.100-preview.1.26076.102\Microsoft.Common.CurrentVersion.targets(5094,5): warning MSB3026: Could not copy "C:\Scaffolding\artifacts\bin\Microsoft.DotNet.Scaffolding.CodeModification\Debug\net11.0\Microsoft.DotNet.Scaffolding.CodeModification.dll" to "C:\Scaffolding\artifacts\bin\dotnet-scaffold\Debug\net11.0\Microsoft.DotNet.Scaffolding.CodeModification.dll". Beginning retry 7 in 1000ms. The process cannot access the file 'C:\Scaffolding\artifacts\bin\dotnet-scaffold\Debug\net11.0\Microsoft.DotNet.Scaffolding.CodeModification.dll' because it is being used by another process. The file is locked by: ".NET Host (66676), dotnet-scaffold (82904), dotnet-scaffold (49964), dotnet-scaffold (38348), dotnet-scaffold (33444), dotnet-scaffold (20952), dotnet-scaffold (80780), dotnet-scaffold (32408)" [C:\Scaffolding\src\dotnet-scaffolding\dotnet-scaffold\dotnet-scaffold.csproj::TargetFramework=net11.0]
C:\Program Files\dotnet\sdk\11.0.100-preview.1.26076.102\Microsoft.Common.CurrentVersion.targets(5094,5): warning MSB3026: Could not copy "C:\Scaffolding\artifacts\bin\Microsoft.DotNet.Scaffolding.CodeModification\Debug\net11.0\Microsoft.DotNet.Scaffolding.CodeModification.dll" to "C:\Scaffolding\artifacts\bin\dotnet-scaffold\Debug\net11.0\Microsoft.DotNet.Scaffolding.CodeModification.dll". Beginning retry 8 in 1000ms. The process cannot access the file 'C:\Scaffolding\artifacts\bin\dotnet-scaffold\Debug\net11.0\Microsoft.DotNet.Scaffolding.CodeModification.dll' because it is being used by another process. The file is locked by: ".NET Host (69756), dotnet-scaffold (82904), dotnet-scaffold (49964), dotnet-scaffold (38348), dotnet-scaffold (33444), dotnet-scaffold (20952), dotnet-scaffold (80780), dotnet-scaffold (32408), .NET Host (58960)" [C:\Scaffolding\src\dotnet-scaffolding\dotnet-scaffold\dotnet-scaffold.csproj::TargetFramework=net11.0]
C:\Program Files\dotnet\sdk\11.0.100-preview.1.26076.102\Microsoft.Common.CurrentVersion.targets(5094,5): warning MSB3026: Could not copy "C:\Scaffolding\artifacts\bin\Microsoft.DotNet.Scaffolding.CodeModification\Debug\net11.0\Microsoft.DotNet.Scaffolding.CodeModification.dll" to "C:\Scaffolding\artifacts\bin\dotnet-scaffold\Debug\net11.0\Microsoft.DotNet.Scaffolding.CodeModification.dll". Beginning retry 9 in 1000ms. The process cannot access the file 'C:\Scaffolding\artifacts\bin\dotnet-scaffold\Debug\net11.0\Microsoft.DotNet.Scaffolding.CodeModification.dll' because it is being used by another process. The file is locked by: ".NET Host (21204), dotnet-scaffold (82904), dotnet-scaffold (49964), dotnet-scaffold (38348), dotnet-scaffold (33444), dotnet-scaffold (20952), dotnet-scaffold (80780), dotnet-scaffold (32408), .NET Host (58960), .NET Host (66676)" [C:\Scaffolding\src\dotnet-scaffolding\dotnet-scaffold\dotnet-scaffold.csproj::TargetFramework=net11.0]
C:\Program Files\dotnet\sdk\11.0.100-preview.1.26076.102\Microsoft.Common.CurrentVersion.targets(5094,5): warning MSB3026: Could not copy "C:\Scaffolding\artifacts\bin\Microsoft.DotNet.Scaffolding.CodeModification\Debug\net11.0\Microsoft.DotNet.Scaffolding.CodeModification.dll" to "C:\Scaffolding\artifacts\bin\dotnet-scaffold\Debug\net11.0\Microsoft.DotNet.Scaffolding.CodeModification.dll". Beginning retry 10 in 1000ms. The process cannot access the file 'C:\Scaffolding\artifacts\bin\dotnet-scaffold\Debug\net11.0\Microsoft.DotNet.Scaffolding.CodeModification.dll' because it is being used by another process. The file is locked by: ".NET Host (66676), dotnet-scaffold (82904), dotnet-scaffold (38348), dotnet-scaffold (33444), dotnet-scaffold (20952), dotnet-scaffold (32408), .NET Host (82760), .NET Host (10324)" [C:\Scaffolding\src\dotnet-scaffolding\dotnet-scaffold\dotnet-scaffold.csproj::TargetFramework=net11.0]
C:\Program Files\dotnet\sdk\11.0.100-preview.1.26076.102\Microsoft.Common.CurrentVersion.targets(5094,5): error MSB3027: Could not copy "C:\Scaffolding\artifacts\bin\Microsoft.DotNet.Scaffolding.CodeModification\Debug\net11.0\Microsoft.DotNet.Scaffolding.CodeModification.dll" to "C:\Scaffolding\artifacts\bin\dotnet-scaffold\Debug\net11.0\Microsoft.DotNet.Scaffolding.CodeModification.dll". Exceeded retry count of 10. Failed. The file is locked by: "dotnet-scaffold (82904), dotnet-scaffold (38348), dotnet-scaffold (33444), dotnet-scaffold (20952), dotnet-scaffold (32408), .NET Host (21204), .NET Host (10324), .NET Host (44224), .NET Host (82140), .NET Host (66676)" [C:\Scaffolding\src\dotnet-scaffolding\dotnet-scaffold\dotnet-scaffold.csproj::TargetFramework=net11.0]
C:\Program Files\dotnet\sdk\11.0.100-preview.1.26076.102\Microsoft.Common.CurrentVersion.targets(5094,5): error MSB3021: Unable to copy file "C:\Scaffolding\artifacts\bin\Microsoft.DotNet.Scaffolding.CodeModification\Debug\net11.0\Microsoft.DotNet.Scaffolding.CodeModification.dll" to "C:\Scaffolding\artifacts\bin\dotnet-scaffold\Debug\net11.0\Microsoft.DotNet.Scaffolding.CodeModification.dll". The process cannot access the file 'C:\Scaffolding\artifacts\bin\dotnet-scaffold\Debug\net11.0\Microsoft.DotNet.Scaffolding.CodeModification.dll' because it is being used by another process. [C:\Scaffolding\src\dotnet-scaffolding\dotnet-scaffold\dotnet-scaffold.csproj::TargetFramework=net11.0]

Error: 
The build failed. Fix the build errors and run again.

  Stack Trace:
     at Microsoft.DotNet.Tools.Scaffold.Tests.AspNet.Integration.MVC.RazorViewsNet11IntegrationTests.Scaffold_Views_Net11_CliInvocation() in C:\Scaffolding\test\dotnet-scaffolding\dotnet-scaffold.Tests\AspNet\Integration\MVC\RazorViewsNet11IntegrationTests.cs:line 34
--- End of stack trace from previous location ---
[xUnit.net 00:02:46.42]     Microsoft.DotNet.Tools.Scaffold.Tests.AspNet.Integr
ation.MVC.RazorViewsNet11IntegrationTests.ViewsTemplates_HasBootstrap5Subfolder
 [FAIL]
[xUnit.net 00:02:46.42]       Bootstrap5 subfolder should exist for net11.0 Views templates
[xUnit.net 00:02:46.42]       Stack Trace:
[xUnit.net 00:02:46.42]         C:\Scaffolding\test\dotnet-scaffolding\dotnet-scaffold.Tests\AspNet\Integration\MVC\RazorViewsIntegrationTestsBase.cs(351,0): at Microsoft.DotNet.Tools.Scaffold.Tests.AspNet.Integration.RazorViewsIntegrationTestsBase.ViewsTemplates_HasBootstrap5Subfolder()
[xUnit.net 00:02:46.42]            at System.RuntimeMethodHandle.InvokeMethod(ObjectHandleOnStack target, Void** arguments, ObjectHandleOnStack sig, BOOL isConstructor, ObjectHandleOnStack result)
[xUnit.net 00:02:46.42]            at System.Reflection.MethodBaseInvoker.InterpretedInvoke_Method(Object obj, IntPtr* args)
[xUnit.net 00:02:46.42]            at System.Reflection.RuntimeMethodInfo.Invoke(Object obj, BindingFlags invokeAttr, Binder binder, Object[] parameters, CultureInfo culture)
[xUnit.net 00:02:46.43]     Microsoft.DotNet.Tools.Scaffold.Tests.AspNet.Integr
ation.MVC.RazorViewsNet11IntegrationTests.ViewsTemplates_AllFilesAreCshtml 
[FAIL]
[xUnit.net 00:02:46.43]       Assert.All() Failure: 15 out of 15 items in the collection did not pass.
[xUnit.net 00:02:46.43]       [0]:  Item:  "C:\\Scaffolding\\src\\dotnet-scaffolding\\dotnet-s"┬╖┬╖┬╖
[xUnit.net 00:02:46.43]             Error: Assert.EndsWith() Failure: String end does not match
[xUnit.net 00:02:46.43]                    String:       ┬╖┬╖┬╖"\\AspNet\\Templates\\net11.0\\Views\\Create.cs"
[xUnit.net 00:02:46.43]                    Expected end: ".cshtml"
[xUnit.net 00:02:46.43]       [1]:  Item:  "C:\\Scaffolding\\src\\dotnet-scaffolding\\dotnet-s"┬╖┬╖┬╖
[xUnit.net 00:02:46.43]             Error: Assert.EndsWith() Failure: String end does not match
[xUnit.net 00:02:46.43]                    String:       ┬╖┬╖┬╖"plates\\net11.0\\Views\\Create.Interfaces.cs"
[xUnit.net 00:02:46.43]                    Expected end: ".cshtml"
[xUnit.net 00:02:46.43]       [2]:  Item:  "C:\\Scaffolding\\src\\dotnet-scaffolding\\dotnet-s"┬╖┬╖┬╖
[xUnit.net 00:02:46.43]             Error: Assert.EndsWith() Failure: String end does not match
[xUnit.net 00:02:46.43]                    String:       ┬╖┬╖┬╖"\\AspNet\\Templates\\net11.0\\Views\\Create.tt"
[xUnit.net 00:02:46.43]                    Expected end: ".cshtml"
[xUnit.net 00:02:46.43]       [3]:  Item:  "C:\\Scaffolding\\src\\dotnet-scaffolding\\dotnet-s"┬╖┬╖┬╖
[xUnit.net 00:02:46.43]             Error: Assert.EndsWith() Failure: String end does not match
[xUnit.net 00:02:46.43]                    String:       ┬╖┬╖┬╖"\\AspNet\\Templates\\net11.0\\Views\\Delete.cs"
[xUnit.net 00:02:46.43]                    Expected end: ".cshtml"
[xUnit.net 00:02:46.43]       [4]:  Item:  "C:\\Scaffolding\\src\\dotnet-scaffolding\\dotnet-s"┬╖┬╖┬╖
[xUnit.net 00:02:46.43]             Error: Assert.EndsWith() Failure: String end does not match
[xUnit.net 00:02:46.43]                    String:       ┬╖┬╖┬╖"plates\\net11.0\\Views\\Delete.Interfaces.cs"
[xUnit.net 00:02:46.43]                    Expected end: ".cshtml"
[xUnit.net 00:02:46.43]       [5]:  Item:  "C:\\Scaffolding\\src\\dotnet-scaffolding\\dotnet-s"┬╖┬╖┬╖
[xUnit.net 00:02:46.43]             Error: Assert.EndsWith() Failure: String end does not match
[xUnit.net 00:02:46.43]                    String:       ┬╖┬╖┬╖"\\AspNet\\Templates\\net11.0\\Views\\Delete.tt"
[xUnit.net 00:02:46.43]                    Expected end: ".cshtml"
[xUnit.net 00:02:46.43]       [6]:  Item:  "C:\\Scaffolding\\src\\dotnet-scaffolding\\dotnet-s"┬╖┬╖┬╖
[xUnit.net 00:02:46.43]             Error: Assert.EndsWith() Failure: String end does not match
[xUnit.net 00:02:46.43]                    String:       ┬╖┬╖┬╖"AspNet\\Templates\\net11.0\\Views\\Details.cs"
[xUnit.net 00:02:46.43]                    Expected end: ".cshtml"
[xUnit.net 00:02:46.43]       [7]:  Item:  "C:\\Scaffolding\\src\\dotnet-scaffolding\\dotnet-s"┬╖┬╖┬╖
[xUnit.net 00:02:46.43]             Error: Assert.EndsWith() Failure: String end does not match
[xUnit.net 00:02:46.43]                    String:       ┬╖┬╖┬╖"lates\\net11.0\\Views\\Details.Interfaces.cs"
[xUnit.net 00:02:46.43]                    Expected end: ".cshtml"
[xUnit.net 00:02:46.43]       [8]:  Item:  "C:\\Scaffolding\\src\\dotnet-scaffolding\\dotnet-s"┬╖┬╖┬╖
[xUnit.net 00:02:46.43]             Error: Assert.EndsWith() Failure: String end does not match
[xUnit.net 00:02:46.43]                    String:       ┬╖┬╖┬╖"AspNet\\Templates\\net11.0\\Views\\Details.tt"
[xUnit.net 00:02:46.43]                    Expected end: ".cshtml"
[xUnit.net 00:02:46.43]       [9]:  Item:  "C:\\Scaffolding\\src\\dotnet-scaffolding\\dotnet-s"┬╖┬╖┬╖
[xUnit.net 00:02:46.43]             Error: Assert.EndsWith() Failure: String end does not match
[xUnit.net 00:02:46.43]                    String:       ┬╖┬╖┬╖"ld\\AspNet\\Templates\\net11.0\\Views\\Edit.cs"
[xUnit.net 00:02:46.43]                    Expected end: ".cshtml"
[xUnit.net 00:02:46.43]       [10]: Item:  "C:\\Scaffolding\\src\\dotnet-scaffolding\\dotnet-s"┬╖┬╖┬╖
[xUnit.net 00:02:46.43]             Error: Assert.EndsWith() Failure: String end does not match
[xUnit.net 00:02:46.43]                    String:       ┬╖┬╖┬╖"emplates\\net11.0\\Views\\Edit.Interfaces.cs"
[xUnit.net 00:02:46.43]                    Expected end: ".cshtml"
[xUnit.net 00:02:46.43]       [11]: Item:  "C:\\Scaffolding\\src\\dotnet-scaffolding\\dotnet-s"┬╖┬╖┬╖
[xUnit.net 00:02:46.43]             Error: Assert.EndsWith() Failure: String end does not match
[xUnit.net 00:02:46.43]                    String:       ┬╖┬╖┬╖"ld\\AspNet\\Templates\\net11.0\\Views\\Edit.tt"
[xUnit.net 00:02:46.43]                    Expected end: ".cshtml"
[xUnit.net 00:02:46.43]       [12]: Item:  "C:\\Scaffolding\\src\\dotnet-scaffolding\\dotnet-s"┬╖┬╖┬╖
[xUnit.net 00:02:46.43]             Error: Assert.EndsWith() Failure: String end does not match
[xUnit.net 00:02:46.43]                    String:       ┬╖┬╖┬╖"d\\AspNet\\Templates\\net11.0\\Views\\Index.cs"
[xUnit.net 00:02:46.43]                    Expected end: ".cshtml"
[xUnit.net 00:02:46.43]       [13]: Item:  "C:\\Scaffolding\\src\\dotnet-scaffolding\\dotnet-s"┬╖┬╖┬╖
[xUnit.net 00:02:46.43]             Error: Assert.EndsWith() Failure: String end does not match
[xUnit.net 00:02:46.43]                    String:       ┬╖┬╖┬╖"mplates\\net11.0\\Views\\Index.Interfaces.cs"
[xUnit.net 00:02:46.43]                    Expected end: ".cshtml"
[xUnit.net 00:02:46.43]       [14]: Item:  "C:\\Scaffolding\\src\\dotnet-scaffolding\\dotnet-s"┬╖┬╖┬╖
[xUnit.net 00:02:46.43]             Error: Assert.EndsWith() Failure: String end does not match
[xUnit.net 00:02:46.43]                    String:       ┬╖┬╖┬╖"d\\AspNet\\Templates\\net11.0\\Views\\Index.tt"
[xUnit.net 00:02:46.43]                    Expected end: ".cshtml"
[xUnit.net 00:02:46.43]       Stack Trace:
[xUnit.net 00:02:46.43]         C:\Scaffolding\test\dotnet-scaffolding\dotnet-scaffold.Tests\AspNet\Integration\MVC\RazorViewsIntegrationTestsBase.cs(361,0): at Microsoft.DotNet.Tools.Scaffold.Tests.AspNet.Integration.RazorViewsIntegrationTestsBase.ViewsTemplates_AllFilesAreCshtml()
[xUnit.net 00:02:46.43]            at System.RuntimeMethodHandle.InvokeMethod(ObjectHandleOnStack target, Void** arguments, ObjectHandleOnStack sig, BOOL isConstructor, ObjectHandleOnStack result)
[xUnit.net 00:02:46.43]            at System.Reflection.MethodBaseInvoker.InterpretedInvoke_Method(Object obj, IntPtr* args)
[xUnit.net 00:02:46.43]            at System.Reflection.RuntimeMethodInfo.Invoke(Object obj, BindingFlags invokeAttr, Binder binder, Object[] parameters, CultureInfo culture)
  Passed Microsoft.DotNet.Tools.Scaffold.Tests.AspNet.Integration.MVC.RazorViewsNet11IntegrationTests.ViewsScaffolderDisplayName_NotEmpty [3 ms]
  Failed Microsoft.DotNet.Tools.Scaffold.Tests.AspNet.Integration.MVC.RazorViewsNet11IntegrationTests.ViewsTemplates_HasBootstrap5Subfolder [3 ms]
  Error Message:
   Bootstrap5 subfolder should exist for net11.0 Views templates
  Stack Trace:
     at Microsoft.DotNet.Tools.Scaffold.Tests.AspNet.Integration.RazorViewsIntegrationTestsBase.ViewsTemplates_HasBootstrap5Subfolder() in C:\Scaffolding\test\dotnet-scaffolding\dotnet-scaffold.Tests\AspNet\Integration\MVC\RazorViewsIntegrationTestsBase.cs:line 351
   at System.RuntimeMethodHandle.InvokeMethod(ObjectHandleOnStack target, Void** arguments, ObjectHandleOnStack sig, BOOL isConstructor, ObjectHandleOnStack result)
   at System.Reflection.MethodBaseInvoker.InterpretedInvoke_Method(Object obj, IntPtr* args)
   at System.Reflection.RuntimeMethodInfo.Invoke(Object obj, BindingFlags invokeAttr, Binder binder, Object[] parameters, CultureInfo culture)
  Failed Microsoft.DotNet.Tools.Scaffold.Tests.AspNet.Integration.MVC.RazorViewsNet11IntegrationTests.ViewsTemplates_AllFilesAreCshtml [2 ms]
  Error Message:
   Assert.All() Failure: 15 out of 15 items in the collection did not pass.
[0]:  Item:  "C:\\Scaffolding\\src\\dotnet-scaffolding\\dotnet-s"┬╖┬╖┬╖
      Error: Assert.EndsWith() Failure: String end does not match
             String:       ┬╖┬╖┬╖"\\AspNet\\Templates\\net11.0\\Views\\Create.cs"
             Expected end: ".cshtml"
[1]:  Item:  "C:\\Scaffolding\\src\\dotnet-scaffolding\\dotnet-s"┬╖┬╖┬╖
      Error: Assert.EndsWith() Failure: String end does not match
             String:       ┬╖┬╖┬╖"plates\\net11.0\\Views\\Create.Interfaces.cs"
             Expected end: ".cshtml"
[2]:  Item:  "C:\\Scaffolding\\src\\dotnet-scaffolding\\dotnet-s"┬╖┬╖┬╖
      Error: Assert.EndsWith() Failure: String end does not match
             String:       ┬╖┬╖┬╖"\\AspNet\\Templates\\net11.0\\Views\\Create.tt"
             Expected end: ".cshtml"
[3]:  Item:  "C:\\Scaffolding\\src\\dotnet-scaffolding\\dotnet-s"┬╖┬╖┬╖
      Error: Assert.EndsWith() Failure: String end does not match
             String:       ┬╖┬╖┬╖"\\AspNet\\Templates\\net11.0\\Views\\Delete.cs"
             Expected end: ".cshtml"
[4]:  Item:  "C:\\Scaffolding\\src\\dotnet-scaffolding\\dotnet-s"┬╖┬╖┬╖
      Error: Assert.EndsWith() Failure: String end does not match
             String:       ┬╖┬╖┬╖"plates\\net11.0\\Views\\Delete.Interfaces.cs"
             Expected end: ".cshtml"
[5]:  Item:  "C:\\Scaffolding\\src\\dotnet-scaffolding\\dotnet-s"┬╖┬╖┬╖
      Error: Assert.EndsWith() Failure: String end does not match
             String:       ┬╖┬╖┬╖"\\AspNet\\Templates\\net11.0\\Views\\Delete.tt"
             Expected end: ".cshtml"
[6]:  Item:  "C:\\Scaffolding\\src\\dotnet-scaffolding\\dotnet-s"┬╖┬╖┬╖
      Error: Assert.EndsWith() Failure: String end does not match
             String:       ┬╖┬╖┬╖"AspNet\\Templates\\net11.0\\Views\\Details.cs"
             Expected end: ".cshtml"
[7]:  Item:  "C:\\Scaffolding\\src\\dotnet-scaffolding\\dotnet-s"┬╖┬╖┬╖
      Error: Assert.EndsWith() Failure: String end does not match
             String:       ┬╖┬╖┬╖"lates\\net11.0\\Views\\Details.Interfaces.cs"
             Expected end: ".cshtml"
[8]:  Item:  "C:\\Scaffolding\\src\\dotnet-scaffolding\\dotnet-s"┬╖┬╖┬╖
      Error: Assert.EndsWith() Failure: String end does not match
             String:       ┬╖┬╖┬╖"AspNet\\Templates\\net11.0\\Views\\Details.tt"
             Expected end: ".cshtml"
[9]:  Item:  "C:\\Scaffolding\\src\\dotnet-scaffolding\\dotnet-s"┬╖┬╖┬╖
      Error: Assert.EndsWith() Failure: String end does not match
             String:       ┬╖┬╖┬╖"ld\\AspNet\\Templates\\net11.0\\Views\\Edit.cs"
             Expected end: ".cshtml"
[10]: Item:  "C:\\Scaffolding\\src\\dotnet-scaffolding\\dotnet-s"┬╖┬╖┬╖
      Error: Assert.EndsWith() Failure: String end does not match
             String:       ┬╖┬╖┬╖"emplates\\net11.0\\Views\\Edit.Interfaces.cs"
             Expected end: ".cshtml"
[11]: Item:  "C:\\Scaffolding\\src\\dotnet-scaffolding\\dotnet-s"┬╖┬╖┬╖
      Error: Assert.EndsWith() Failure: String end does not match
             String:       ┬╖┬╖┬╖"ld\\AspNet\\Templates\\net11.0\\Views\\Edit.tt"
             Expected end: ".cshtml"
[12]: Item:  "C:\\Scaffolding\\src\\dotnet-scaffolding\\dotnet-s"┬╖┬╖┬╖
      Error: Assert.EndsWith() Failure: String end does not match
             String:       ┬╖┬╖┬╖"d\\AspNet\\Templates\\net11.0\\Views\\Index.cs"
             Expected end: ".cshtml"
[13]: Item:  "C:\\Scaffolding\\src\\dotnet-scaffolding\\dotnet-s"┬╖┬╖┬╖
      Error: Assert.EndsWith() Failure: String end does not match
             String:       ┬╖┬╖┬╖"mplates\\net11.0\\Views\\Index.Interfaces.cs"
             Expected end: ".cshtml"
[14]: Item:  "C:\\Scaffolding\\src\\dotnet-scaffolding\\dotnet-s"┬╖┬╖┬╖
      Error: Assert.EndsWith() Failure: String end does not match
             String:       ┬╖┬╖┬╖"d\\AspNet\\Templates\\net11.0\\Views\\Index.tt"
             Expected end: ".cshtml"
  Stack Trace:
     at Microsoft.DotNet.Tools.Scaffold.Tests.AspNet.Integration.RazorViewsIntegrationTestsBase.ViewsTemplates_AllFilesAreCshtml() in C:\Scaffolding\test\dotnet-scaffolding\dotnet-scaffold.Tests\AspNet\Integration\MVC\RazorViewsIntegrationTestsBase.cs:line 361
   at System.RuntimeMethodHandle.InvokeMethod(ObjectHandleOnStack target, Void** arguments, ObjectHandleOnStack sig, BOOL isConstructor, ObjectHandleOnStack result)
   at System.Reflection.MethodBaseInvoker.InterpretedInvoke_Method(Object obj, IntPtr* args)
   at System.Reflection.RuntimeMethodInfo.Invoke(Object obj, BindingFlags invokeAttr, Binder binder, Object[] parameters, CultureInfo culture)
  Passed Microsoft.DotNet.Tools.Scaffold.Tests.AspNet.Integration.MVC.RazorViewsNet11IntegrationTests.ValidateViewsStep_FailsWithEmptyProject [2 ms]
  Passed Microsoft.DotNet.Tools.Scaffold.Tests.AspNet.Integration.MVC.RazorViewsNet11IntegrationTests.ValidateViewsStep_FailsWithNullPage [2 ms]
  Passed Microsoft.DotNet.Tools.Scaffold.Tests.AspNet.Integration.MVC.RazorViewsNet11IntegrationTests.ValidateViewsStep_FailsWithInvalidPage(page: "") [2 ms]
  Passed Microsoft.DotNet.Tools.Scaffold.Tests.AspNet.Integration.Blazor.RazorComponentNet9IntegrationTests.ExecuteAsync_GeneratedFile_HasRazorExtension [1 s]
  Passed Microsoft.DotNet.Tools.Scaffold.Tests.AspNet.Integration.MVC.RazorViewsNet11IntegrationTests.ValidateViewsStep_FailsWithInvalidPage(page: null) [2 ms]
  Passed Microsoft.DotNet.Tools.Scaffold.Tests.AspNet.Integration.Blazor.RazorComponentNet9IntegrationTests.RegressionGuard_ValidationFailure_DoesNotThrow [2 ms]
  Passed Microsoft.DotNet.Tools.Scaffold.Tests.AspNet.Integration.MVC.RazorViewsNet11IntegrationTests.ValidateViewsStep_FailsWithNonExistentProject [2 ms]
  Passed Microsoft.DotNet.Tools.Scaffold.Tests.AspNet.Integration.MVC.RazorViewsNet11IntegrationTests.ViewsExample2Description_NotEmpty [1 ms]
  Passed Microsoft.DotNet.Tools.Scaffold.Tests.AspNet.Integration.MVC.RazorViewsNet11IntegrationTests.ViewHelper_DeleteTemplate_IsNotEmpty [2 ms]
  Passed Microsoft.DotNet.Tools.Scaffold.Tests.AspNet.Integration.MVC.RazorViewsNet11IntegrationTests.ViewsScaffolderDescription_NotEmpty [2 ms]
  Passed Microsoft.DotNet.Tools.Scaffold.Tests.AspNet.Integration.MVC.RazorViewsNet11IntegrationTests.ViewHelper_EditTemplate_IsNotEmpty [2 ms]
  Passed Microsoft.DotNet.Tools.Scaffold.Tests.AspNet.Integration.MVC.RazorViewsNet11IntegrationTests.ValidateViewsStep_FailsWithInvalidModel(model: "") [2 ms]
  Passed Microsoft.DotNet.Tools.Scaffold.Tests.AspNet.Integration.MVC.RazorViewsNet11IntegrationTests.ValidateViewsStep_FailsWithInvalidModel(model: null) [2 ms]
[xUnit.net 00:02:46.45]     Microsoft.DotNet.Tools.Scaffold.Tests.AspNet.Integr
ation.MVC.RazorViewsNet11IntegrationTests.ViewsTemplates_HasBootstrap4Subfolder
 [FAIL]
[xUnit.net 00:02:46.45]       Bootstrap4 subfolder should exist for net11.0 Views templates
[xUnit.net 00:02:46.45]       Stack Trace:
[xUnit.net 00:02:46.45]         C:\Scaffolding\test\dotnet-scaffolding\dotnet-scaffold.Tests\AspNet\Integration\MVC\RazorViewsIntegrationTestsBase.cs(342,0): at Microsoft.DotNet.Tools.Scaffold.Tests.AspNet.Integration.RazorViewsIntegrationTestsBase.ViewsTemplates_HasBootstrap4Subfolder()
[xUnit.net 00:02:46.45]            at System.RuntimeMethodHandle.InvokeMethod(ObjectHandleOnStack target, Void** arguments, ObjectHandleOnStack sig, BOOL isConstructor, ObjectHandleOnStack result)
[xUnit.net 00:02:46.45]            at System.Reflection.MethodBaseInvoker.InterpretedInvoke_Method(Object obj, IntPtr* args)
[xUnit.net 00:02:46.46]            at System.Reflection.RuntimeMethodInfo.Invoke(Object obj, BindingFlags invokeAttr, Binder binder, Object[] parameters, CultureInfo culture)
  Failed Microsoft.DotNet.Tools.Scaffold.Tests.AspNet.Integration.MVC.RazorViewsNet11IntegrationTests.ViewsTemplates_HasBootstrap4Subfolder [2 ms]
  Error Message:
   Bootstrap4 subfolder should exist for net11.0 Views templates
  Stack Trace:
     at Microsoft.DotNet.Tools.Scaffold.Tests.AspNet.Integration.RazorViewsIntegrationTestsBase.ViewsTemplates_HasBootstrap4Subfolder() in C:\Scaffolding\test\dotnet-scaffolding\dotnet-scaffold.Tests\AspNet\Integration\MVC\RazorViewsIntegrationTestsBase.cs:line 342
   at System.RuntimeMethodHandle.InvokeMethod(ObjectHandleOnStack target, Void** arguments, ObjectHandleOnStack sig, BOOL isConstructor, ObjectHandleOnStack result)
   at System.Reflection.MethodBaseInvoker.InterpretedInvoke_Method(Object obj, IntPtr* args)
   at System.Reflection.RuntimeMethodInfo.Invoke(Object obj, BindingFlags invokeAttr, Binder binder, Object[] parameters, CultureInfo culture)
  Passed Microsoft.DotNet.Tools.Scaffold.Tests.AspNet.Integration.MVC.RazorViewsNet11IntegrationTests.ViewHelper_IndexTemplate_IsNotEmpty [2 ms]
  Passed Microsoft.DotNet.Tools.Scaffold.Tests.AspNet.Integration.MVC.RazorViewsNet11IntegrationTests.ViewHelper_CreateTemplate_IsNotEmpty [2 ms]
  Passed Microsoft.DotNet.Tools.Scaffold.Tests.AspNet.Integration.MVC.RazorViewsNet11IntegrationTests.ValidateViewsStep_TracksTelemetry_OnNullModelFailure [2 ms]
  Passed Microsoft.DotNet.Tools.Scaffold.Tests.AspNet.Integration.MVC.RazorViewsNet11IntegrationTests.ValidateViewsStep_FailsWithNullProject [2 ms]
  Passed Microsoft.DotNet.Tools.Scaffold.Tests.AspNet.Integration.MVC.RazorViewsNet11IntegrationTests.ViewsExample1Description_NotEmpty [2 ms]
  Passed Microsoft.DotNet.Tools.Scaffold.Tests.AspNet.Integration.MVC.RazorViewsNet11IntegrationTests.ValidateViewsStep_FailsWithEmptyPage [2 ms]
  Passed Microsoft.DotNet.Tools.Scaffold.Tests.AspNet.Integration.MVC.RazorViewsNet11IntegrationTests.ViewHelper_DetailsTemplate_IsNotEmpty [2 ms]
  Passed Microsoft.DotNet.Tools.Scaffold.Tests.AspNet.Integration.API.MinimalApiNet10IntegrationTests.ValidateMinimalApiStep_TracksTelemetry_OnNullModelFailure [3 ms]
  Passed Microsoft.DotNet.Tools.Scaffold.Tests.AspNet.Integration.API.MinimalApiNet10IntegrationTests.Templates_HasExpectedScaffolderFolder(folderName: "BlazorIdentity") [2 ms]
  Passed Microsoft.DotNet.Tools.Scaffold.Tests.AspNet.Integration.API.MinimalApiNet10IntegrationTests.Templates_HasExpectedScaffolderFolder(folderName: "CodeModificationConfigs") [2 ms]
  Passed Microsoft.DotNet.Tools.Scaffold.Tests.AspNet.Integration.API.MinimalApiNet10IntegrationTests.Templates_HasExpectedScaffolderFolder(folderName: "Views") [2 ms]
  Passed Microsoft.DotNet.Tools.Scaffold.Tests.AspNet.Integration.API.MinimalApiNet10IntegrationTests.Templates_HasExpectedScaffolderFolder(folderName: "EfController") [2 ms]
  Passed Microsoft.DotNet.Tools.Scaffold.Tests.AspNet.Integration.API.MinimalApiNet10IntegrationTests.Templates_HasExpectedScaffolderFolder(folderName: "MinimalApi") [2 ms]
  Passed Microsoft.DotNet.Tools.Scaffold.Tests.AspNet.Integration.API.MinimalApiNet10IntegrationTests.Templates_HasExpectedScaffolderFolder(folderName: "Files") [2 ms]
  Passed Microsoft.DotNet.Tools.Scaffold.Tests.AspNet.Integration.API.MinimalApiNet10IntegrationTests.Templates_HasExpectedScaffolderFolder(folderName: "BlazorCrud") [2 ms]
  Passed Microsoft.DotNet.Tools.Scaffold.Tests.AspNet.Integration.API.MinimalApiNet10IntegrationTests.Templates_HasExpectedScaffolderFolder(folderName: "RazorPages") [2 ms]
  Passed Microsoft.DotNet.Tools.Scaffold.Tests.AspNet.Integration.RazorPageEmptyNet11IntegrationTests.ExecuteAsync_OutputFolder_IsPages_ForPage [1 s]
  Passed Microsoft.DotNet.Tools.Scaffold.Tests.AspNet.Integration.API.MinimalApiNet10IntegrationTests.Templates_HasExpectedScaffolderFolder(folderName: "Identity") [2 ms]
  Passed Microsoft.DotNet.Tools.Scaffold.Tests.AspNet.Integration.API.MinimalApiNet10IntegrationTests.ValidateMinimalApiStep_FailsWithEmptyProject [2 ms]
  Passed Microsoft.DotNet.Tools.Scaffold.Tests.AspNet.Integration.API.MinimalApiNet10IntegrationTests.ValidateMinimalApiStep_FailsWithEmptyModel [2 ms]
  Passed Microsoft.DotNet.Tools.Scaffold.Tests.AspNet.Integration.API.MinimalApiNet10IntegrationTests.ValidateMinimalApiStep_AllFieldsEmpty_FailsValidation [2 ms]
  Passed Microsoft.DotNet.Tools.Scaffold.Tests.AspNet.Integration.API.MinimalApiNet10IntegrationTests.UseDatabaseMethods_HasAllFourProviders [2 ms]
  Passed Microsoft.DotNet.Tools.Scaffold.Tests.AspNet.Integration.API.MinimalApiNet10IntegrationTests.ValidateMinimalApiStep_FailsWithNullProject [2 ms]
  Passed Microsoft.DotNet.Tools.Scaffold.Tests.AspNet.Integration.API.MinimalApiNet10IntegrationTests.ValidateMinimalApiStep_TracksTelemetry_OnNullProjectFailure [2 ms]
  Passed Microsoft.DotNet.Tools.Scaffold.Tests.AspNet.Integration.API.MinimalApiNet10IntegrationTests.ValidateMinimalApiStep_FailsWithInvalidModel(model: null) [2 ms]
[xUnit.net 00:02:46.55]     Microsoft.DotNet.Tools.Scaffold.Tests.AspNet.Integr
ation.API.MinimalApiNet10IntegrationTests.MinimalApiTemplates_AllFilesAreCshtml
 [FAIL]
[xUnit.net 00:02:46.55]       Assert.All() Failure: 6 out of 6 items in the collection did not pass.
[xUnit.net 00:02:46.55]       [0]: Item:  "C:\\Scaffolding\\src\\dotnet-scaffolding\\dotnet-s"┬╖┬╖┬╖
[xUnit.net 00:02:46.55]            Error: Assert.EndsWith() Failure: String end does not match
[xUnit.net 00:02:46.55]                   String:       ┬╖┬╖┬╖"emplates\\net10.0\\MinimalApi\\MinimalApi.cs"
[xUnit.net 00:02:46.55]                   Expected end: ".cshtml"
[xUnit.net 00:02:46.55]       [1]: Item:  "C:\\Scaffolding\\src\\dotnet-scaffolding\\dotnet-s"┬╖┬╖┬╖
[xUnit.net 00:02:46.55]            Error: Assert.EndsWith() Failure: String end does not match
[xUnit.net 00:02:46.55]                   String:       ┬╖┬╖┬╖"t10.0\\MinimalApi\\MinimalApi.Interfaces.cs"
[xUnit.net 00:02:46.55]                   Expected end: ".cshtml"
[xUnit.net 00:02:46.55]       [2]: Item:  "C:\\Scaffolding\\src\\dotnet-scaffolding\\dotnet-s"┬╖┬╖┬╖
[xUnit.net 00:02:46.55]            Error: Assert.EndsWith() Failure: String end does not match
[xUnit.net 00:02:46.55]                   String:       ┬╖┬╖┬╖"emplates\\net10.0\\MinimalApi\\MinimalApi.tt"
[xUnit.net 00:02:46.55]                   Expected end: ".cshtml"
[xUnit.net 00:02:46.55]       [3]: Item:  "C:\\Scaffolding\\src\\dotnet-scaffolding\\dotnet-s"┬╖┬╖┬╖
[xUnit.net 00:02:46.55]            Error: Assert.EndsWith() Failure: String end does not match
[xUnit.net 00:02:46.55]                   String:       ┬╖┬╖┬╖"plates\\net10.0\\MinimalApi\\MinimalApiEf.cs"
[xUnit.net 00:02:46.55]                   Expected end: ".cshtml"
[xUnit.net 00:02:46.55]       [4]: Item:  "C:\\Scaffolding\\src\\dotnet-scaffolding\\dotnet-s"┬╖┬╖┬╖
[xUnit.net 00:02:46.55]            Error: Assert.EndsWith() Failure: String end does not match
[xUnit.net 00:02:46.55]                   String:       ┬╖┬╖┬╖"0.0\\MinimalApi\\MinimalApiEf.Interfaces.cs"
[xUnit.net 00:02:46.55]                   Expected end: ".cshtml"
[xUnit.net 00:02:46.55]       [5]: Item:  "C:\\Scaffolding\\src\\dotnet-scaffolding\\dotnet-s"┬╖┬╖┬╖
[xUnit.net 00:02:46.55]            Error: Assert.EndsWith() Failure: String end does not match
[xUnit.net 00:02:46.55]                   String:       ┬╖┬╖┬╖"plates\\net10.0\\MinimalApi\\MinimalApiEf.tt"
[xUnit.net 00:02:46.55]                   Expected end: ".cshtml"
[xUnit.net 00:02:46.55]       Stack Trace:
[xUnit.net 00:02:46.55]         C:\Scaffolding\test\dotnet-scaffolding\dotnet-scaffold.Tests\AspNet\Integration\API\MinimalApiIntegrationTestsBase.cs(266,0): at Microsoft.DotNet.Tools.Scaffold.Tests.AspNet.Integration.MinimalApiIntegrationTestsBase.MinimalApiTemplates_AllFilesAreCshtml()
[xUnit.net 00:02:46.55]            at System.RuntimeMethodHandle.InvokeMethod(ObjectHandleOnStack target, Void** arguments, ObjectHandleOnStack sig, BOOL isConstructor, ObjectHandleOnStack result)
[xUnit.net 00:02:46.55]            at System.Reflection.MethodBaseInvoker.InterpretedInvoke_Method(Object obj, IntPtr* args)
[xUnit.net 00:02:46.55]            at System.Reflection.RuntimeMethodInfo.Invoke(Object obj, BindingFlags invokeAttr, Binder binder, Object[] parameters, CultureInfo culture)
[xUnit.net 00:02:46.67]     Microsoft.DotNet.Tools.Scaffold.Tests.AspNet.Integr
ation.MVC.CrudControllerNet8IntegrationTests.Scaffold_MvcControllerCrud_Net8_Cl
iInvocation [FAIL]
[xUnit.net 00:02:46.67]       CLI scaffold should succeed.
Output: C:\Program Files\dotnet\sdk\11.0.100-preview.1.26076.102\Microsoft.Common.CurrentVersion.targets(5094,5): warning MSB3026: Could not copy "C:\Scaffolding\artifacts\bin\Microsoft.DotNet.Scaffolding.CodeModification\Debug\net11.0\Microsoft.DotNet.Scaffolding.CodeModification.dll" to "C:\Scaffolding\artifacts\bin\dotnet-scaffold\Debug\net11.0\Microsoft.DotNet.Scaffolding.CodeModification.dll". Beginning retry 1 in 1000ms. The process cannot access the file 'C:\Scaffolding\artifacts\bin\dotnet-scaffold\Debug\net11.0\Microsoft.DotNet.Scaffolding.CodeModification.dll' because it is being used by another process. The file is locked by: ".NET Host (88448), .NET Host (69048), .NET Host (10324), dotnet-scaffold (82904), dotnet-scaffold (49964), dotnet-scaffold (38348), dotnet-scaffold (33444), dotnet-scaffold (20952), dotnet-scaffold (80780), dotnet-scaffold (32408), .NET Host (26576), .NET Host (44224)" [C:\Scaffolding\src\dotnet-scaffolding\dotnet-scaffold\dotnet-scaffold.csproj::TargetFramework=net11.0]
[xUnit.net 00:02:46.67]       C:\Program Files\dotnet\sdk\11.0.100-preview.1.26076.102\Microsoft.Common.CurrentVersion.targets(5094,5): warning MSB3026: Could not copy "C:\Scaffolding\artifacts\bin\Microsoft.DotNet.Scaffolding.CodeModification\Debug\net11.0\Microsoft.DotNet.Scaffolding.CodeModification.dll" to "C:\Scaffolding\artifacts\bin\dotnet-scaffold\Debug\net11.0\Microsoft.DotNet.Scaffolding.CodeModification.dll". Beginning retry 2 in 1000ms. The process cannot access the file 'C:\Scaffolding\artifacts\bin\dotnet-scaffold\Debug\net11.0\Microsoft.DotNet.Scaffolding.CodeModification.dll' because it is being used by another process. The file is locked by: ".NET Host (88448), dotnet-scaffold (82904), dotnet-scaffold (49964), dotnet-scaffold (38348), dotnet-scaffold (33444), dotnet-scaffold (20952), dotnet-scaffold (80780), dotnet-scaffold (32408), .NET Host (69756), .NET Host (58960), .NET Host (82760), .NET Host (44224)" [C:\Scaffolding\src\dotnet-scaffolding\dotnet-scaffold\dotnet-scaffold.csproj::TargetFramework=net11.0]
[xUnit.net 00:02:46.67]       C:\Program Files\dotnet\sdk\11.0.100-preview.1.26076.102\Microsoft.Common.CurrentVersion.targets(5094,5): warning MSB3026: Could not copy "C:\Scaffolding\artifacts\bin\Microsoft.DotNet.Scaffolding.CodeModification\Debug\net11.0\Microsoft.DotNet.Scaffolding.CodeModification.dll" to "C:\Scaffolding\artifacts\bin\dotnet-scaffold\Debug\net11.0\Microsoft.DotNet.Scaffolding.CodeModification.dll". Beginning retry 3 in 1000ms. The process cannot access the file 'C:\Scaffolding\artifacts\bin\dotnet-scaffold\Debug\net11.0\Microsoft.DotNet.Scaffolding.CodeModification.dll' because it is being used by another process. The file is locked by: ".NET Host (21204), dotnet-scaffold (82904), dotnet-scaffold (49964), dotnet-scaffold (38348), dotnet-scaffold (33444), dotnet-scaffold (20952), dotnet-scaffold (80780), dotnet-scaffold (32408), .NET Host (88448), .NET Host (82140)" [C:\Scaffolding\src\dotnet-scaffolding\dotnet-scaffold\dotnet-scaffold.csproj::TargetFramework=net11.0]
[xUnit.net 00:02:46.67]       C:\Program Files\dotnet\sdk\11.0.100-preview.1.26076.102\Microsoft.Common.CurrentVersion.targets(5094,5): warning MSB3026: Could not copy "C:\Scaffolding\artifacts\bin\Microsoft.DotNet.Scaffolding.CodeModification\Debug\net11.0\Microsoft.DotNet.Scaffolding.CodeModification.dll" to "C:\Scaffolding\artifacts\bin\dotnet-scaffold\Debug\net11.0\Microsoft.DotNet.Scaffolding.CodeModification.dll". Beginning retry 4 in 1000ms. The process cannot access the file 'C:\Scaffolding\artifacts\bin\dotnet-scaffold\Debug\net11.0\Microsoft.DotNet.Scaffolding.CodeModification.dll' because it is being used by another process. The file is locked by: ".NET Host (69756), .NET Host (21204), dotnet-scaffold (82904), dotnet-scaffold (49964), dotnet-scaffold (38348), dotnet-scaffold (33444), dotnet-scaffold (20952), dotnet-scaffold (80780), dotnet-scaffold (32408), .NET Host (58960), .NET Host (82760)" [C:\Scaffolding\src\dotnet-scaffolding\dotnet-scaffold\dotnet-scaffold.csproj::TargetFramework=net11.0]
[xUnit.net 00:02:46.67]       C:\Program Files\dotnet\sdk\11.0.100-preview.1.26076.102\Microsoft.Common.CurrentVersion.targets(5094,5): warning MSB3026: Could not copy "C:\Scaffolding\artifacts\bin\Microsoft.DotNet.Scaffolding.CodeModification\Debug\net11.0\Microsoft.DotNet.Scaffolding.CodeModification.dll" to "C:\Scaffolding\artifacts\bin\dotnet-scaffold\Debug\net11.0\Microsoft.DotNet.Scaffolding.CodeModification.dll". Beginning retry 5 in 1000ms. The process cannot access the file 'C:\Scaffolding\artifacts\bin\dotnet-scaffold\Debug\net11.0\Microsoft.DotNet.Scaffolding.CodeModification.dll' because it is being used by another process. The file is locked by: ".NET Host (26576), .NET Host (82140), dotnet-scaffold (82904), dotnet-scaffold (49964), dotnet-scaffold (38348), dotnet-scaffold (33444), dotnet-scaffold (20952), dotnet-scaffold (80780), dotnet-scaffold (32408)" [C:\Scaffolding\src\dotnet-scaffolding\dotnet-scaffold\dotnet-scaffold.csproj::TargetFramework=net11.0]
[xUnit.net 00:02:46.67]       C:\Program Files\dotnet\sdk\11.0.100-preview.1.26076.102\Microsoft.Common.CurrentVersion.targets(5094,5): warning MSB3026: Could not copy "C:\Scaffolding\artifacts\bin\Microsoft.DotNet.Scaffolding.CodeModification\Debug\net11.0\Microsoft.DotNet.Scaffolding.CodeModification.dll" to "C:\Scaffolding\artifacts\bin\dotnet-scaffold\Debug\net11.0\Microsoft.DotNet.Scaffolding.CodeModification.dll". Beginning retry 6 in 1000ms. The process cannot access the file 'C:\Scaffolding\artifacts\bin\dotnet-scaffold\Debug\net11.0\Microsoft.DotNet.Scaffolding.CodeModification.dll' because it is being used by another process.  [C:\Scaffolding\src\dotnet-scaffolding\dotnet-scaffold\dotnet-scaffold.csproj::TargetFramework=net11.0]
[xUnit.net 00:02:46.67]       C:\Program Files\dotnet\sdk\11.0.100-preview.1.26076.102\Microsoft.Common.CurrentVersion.targets(5094,5): warning MSB3026: Could not copy "C:\Scaffolding\artifacts\bin\Microsoft.DotNet.Scaffolding.CodeModification\Debug\net11.0\Microsoft.DotNet.Scaffolding.CodeModification.dll" to "C:\Scaffolding\artifacts\bin\dotnet-scaffold\Debug\net11.0\Microsoft.DotNet.Scaffolding.CodeModification.dll". Beginning retry 7 in 1000ms. The process cannot access the file 'C:\Scaffolding\artifacts\bin\dotnet-scaffold\Debug\net11.0\Microsoft.DotNet.Scaffolding.CodeModification.dll' because it is being used by another process. The file is locked by: ".NET Host (69048), dotnet-scaffold (82904), dotnet-scaffold (49964), dotnet-scaffold (38348), dotnet-scaffold (33444), dotnet-scaffold (20952), dotnet-scaffold (80780), dotnet-scaffold (32408)" [C:\Scaffolding\src\dotnet-scaffolding\dotnet-scaffold\dotnet-scaffold.csproj::TargetFramework=net11.0]
[xUnit.net 00:02:46.67]       C:\Program Files\dotnet\sdk\11.0.100-preview.1.26076.102\Microsoft.Common.CurrentVersion.targets(5094,5): warning MSB3026: Could not copy "C:\Scaffolding\artifacts\bin\Microsoft.DotNet.Scaffolding.CodeModification\Debug\net11.0\Microsoft.DotNet.Scaffolding.CodeModification.dll" to "C:\Scaffolding\artifacts\bin\dotnet-scaffold\Debug\net11.0\Microsoft.DotNet.Scaffolding.CodeModification.dll". Beginning retry 8 in 1000ms. The process cannot access the file 'C:\Scaffolding\artifacts\bin\dotnet-scaffold\Debug\net11.0\Microsoft.DotNet.Scaffolding.CodeModification.dll' because it is being used by another process. The file is locked by: ".NET Host (69756), .NET Host (26576), dotnet-scaffold (82904), dotnet-scaffold (49964), dotnet-scaffold (38348), dotnet-scaffold (33444), dotnet-scaffold (20952), dotnet-scaffold (32408)" [C:\Scaffolding\src\dotnet-scaffolding\dotnet-scaffold\dotnet-scaffold.csproj::TargetFramework=net11.0]
[xUnit.net 00:02:46.67]       C:\Program Files\dotnet\sdk\11.0.100-preview.1.26076.102\Microsoft.Common.CurrentVersion.targets(5094,5): warning MSB3026: Could not copy "C:\Scaffolding\artifacts\bin\Microsoft.DotNet.Scaffolding.CodeModification\Debug\net11.0\Microsoft.DotNet.Scaffolding.CodeModification.dll" to "C:\Scaffolding\artifacts\bin\dotnet-scaffold\Debug\net11.0\Microsoft.DotNet.Scaffolding.CodeModification.dll". Beginning retry 9 in 1000ms. The process cannot access the file 'C:\Scaffolding\artifacts\bin\dotnet-scaffold\Debug\net11.0\Microsoft.DotNet.Scaffolding.CodeModification.dll' because it is being used by another process. The file is locked by: ".NET Host (69756), .NET Host (58960), .NET Host (10324), .NET Host (82140), dotnet-scaffold (82904), dotnet-scaffold (38348), dotnet-scaffold (33444), dotnet-scaffold (20952), dotnet-scaffold (32408), .NET Host (44224)" [C:\Scaffolding\src\dotnet-scaffolding\dotnet-scaffold\dotnet-scaffold.csproj::TargetFramework=net11.0]
[xUnit.net 00:02:46.67]       C:\Program Files\dotnet\sdk\11.0.100-preview.1.26076.102\Microsoft.Common.CurrentVersion.targets(5094,5): warning MSB3026: Could not copy "C:\Scaffolding\artifacts\bin\Microsoft.DotNet.Scaffolding.CodeModification\Debug\net11.0\Microsoft.DotNet.Scaffolding.CodeModification.dll" to "C:\Scaffolding\artifacts\bin\dotnet-scaffold\Debug\net11.0\Microsoft.DotNet.Scaffolding.CodeModification.dll". Beginning retry 10 in 1000ms. The process cannot access the file 'C:\Scaffolding\artifacts\bin\dotnet-scaffold\Debug\net11.0\Microsoft.DotNet.Scaffolding.CodeModification.dll' because it is being used by another process. The file is locked by: "dotnet-scaffold (82904), dotnet-scaffold (38348), dotnet-scaffold (33444), dotnet-scaffold (32408)" [C:\Scaffolding\src\dotnet-scaffolding\dotnet-scaffold\dotnet-scaffold.csproj::TargetFramework=net11.0]
[xUnit.net 00:02:46.67]       C:\Program Files\dotnet\sdk\11.0.100-preview.1.26076.102\Microsoft.Common.CurrentVersion.targets(5094,5): error MSB3027: Could not copy "C:\Scaffolding\artifacts\bin\Microsoft.DotNet.Scaffolding.CodeModification\Debug\net11.0\Microsoft.DotNet.Scaffolding.CodeModification.dll" to "C:\Scaffolding\artifacts\bin\dotnet-scaffold\Debug\net11.0\Microsoft.DotNet.Scaffolding.CodeModification.dll". Exceeded retry count of 10. Failed. The file is locked by: "dotnet-scaffold (82904), dotnet-scaffold (38348), dotnet-scaffold (33444), dotnet-scaffold (32408)" [C:\Scaffolding\src\dotnet-scaffolding\dotnet-scaffold\dotnet-scaffold.csproj::TargetFramework=net11.0]
[xUnit.net 00:02:46.67]       C:\Program Files\dotnet\sdk\11.0.100-preview.1.26076.102\Microsoft.Common.CurrentVersion.targets(5094,5): error MSB3021: Unable to copy file "C:\Scaffolding\artifacts\bin\Microsoft.DotNet.Scaffolding.CodeModification\Debug\net11.0\Microsoft.DotNet.Scaffolding.CodeModification.dll" to "C:\Scaffolding\artifacts\bin\dotnet-scaffold\Debug\net11.0\Microsoft.DotNet.Scaffolding.CodeModification.dll". The process cannot access the file 'C:\Scaffolding\artifacts\bin\dotnet-scaffold\Debug\net11.0\Microsoft.DotNet.Scaffolding.CodeModification.dll' because it is being used by another process. [C:\Scaffolding\src\dotnet-scaffolding\dotnet-scaffold\dotnet-scaffold.csproj::TargetFramework=net11.0]
[xUnit.net 00:02:46.67]       
Error: 
[xUnit.net 00:02:46.67]       The build failed. Fix the build errors and run again.
[xUnit.net 00:02:46.68]       
[xUnit.net 00:02:46.68]       Stack Trace:
[xUnit.net 00:02:46.68]         C:\Scaffolding\test\dotnet-scaffolding\dotnet-scaffold.Tests\AspNet\Integration\MVC\CrudControllerNet8IntegrationTests.cs(39,0): at Microsoft.DotNet.Tools.Scaffold.Tests.AspNet.Integration.MVC.CrudControllerNet8IntegrationTests.Scaffold_MvcControllerCrud_Net8_CliInvocation()
[xUnit.net 00:02:46.68]         --- End of stack trace from previous location ---
  Passed Microsoft.DotNet.Tools.Scaffold.Tests.AspNet.Integration.API.MinimalApiNet10IntegrationTests.ValidateMinimalApiStep_FailsWithInvalidModel(model: "") [2 ms]
  Failed Microsoft.DotNet.Tools.Scaffold.Tests.AspNet.Integration.API.MinimalApiNet10IntegrationTests.MinimalApiTemplates_AllFilesAreCshtml [2 ms]
  Error Message:
   Assert.All() Failure: 6 out of 6 items in the collection did not pass.
[0]: Item:  "C:\\Scaffolding\\src\\dotnet-scaffolding\\dotnet-s"┬╖┬╖┬╖
     Error: Assert.EndsWith() Failure: String end does not match
            String:       ┬╖┬╖┬╖"emplates\\net10.0\\MinimalApi\\MinimalApi.cs"
            Expected end: ".cshtml"
[1]: Item:  "C:\\Scaffolding\\src\\dotnet-scaffolding\\dotnet-s"┬╖┬╖┬╖
     Error: Assert.EndsWith() Failure: String end does not match
            String:       ┬╖┬╖┬╖"t10.0\\MinimalApi\\MinimalApi.Interfaces.cs"
            Expected end: ".cshtml"
[2]: Item:  "C:\\Scaffolding\\src\\dotnet-scaffolding\\dotnet-s"┬╖┬╖┬╖
     Error: Assert.EndsWith() Failure: String end does not match
            String:       ┬╖┬╖┬╖"emplates\\net10.0\\MinimalApi\\MinimalApi.tt"
            Expected end: ".cshtml"
[3]: Item:  "C:\\Scaffolding\\src\\dotnet-scaffolding\\dotnet-s"┬╖┬╖┬╖
     Error: Assert.EndsWith() Failure: String end does not match
            String:       ┬╖┬╖┬╖"plates\\net10.0\\MinimalApi\\MinimalApiEf.cs"
            Expected end: ".cshtml"
[4]: Item:  "C:\\Scaffolding\\src\\dotnet-scaffolding\\dotnet-s"┬╖┬╖┬╖
     Error: Assert.EndsWith() Failure: String end does not match
            String:       ┬╖┬╖┬╖"0.0\\MinimalApi\\MinimalApiEf.Interfaces.cs"
            Expected end: ".cshtml"
[5]: Item:  "C:\\Scaffolding\\src\\dotnet-scaffolding\\dotnet-s"┬╖┬╖┬╖
     Error: Assert.EndsWith() Failure: String end does not match
            String:       ┬╖┬╖┬╖"plates\\net10.0\\MinimalApi\\MinimalApiEf.tt"
            Expected end: ".cshtml"
  Stack Trace:
     at Microsoft.DotNet.Tools.Scaffold.Tests.AspNet.Integration.MinimalApiIntegrationTestsBase.MinimalApiTemplates_AllFilesAreCshtml() in C:\Scaffolding\test\dotnet-scaffolding\dotnet-scaffold.Tests\AspNet\Integration\API\MinimalApiIntegrationTestsBase.cs:line 266
   at System.RuntimeMethodHandle.InvokeMethod(ObjectHandleOnStack target, Void** arguments, ObjectHandleOnStack sig, BOOL isConstructor, ObjectHandleOnStack result)
   at System.Reflection.MethodBaseInvoker.InterpretedInvoke_Method(Object obj, IntPtr* args)
   at System.Reflection.RuntimeMethodInfo.Invoke(Object obj, BindingFlags invokeAttr, Binder binder, Object[] parameters, CultureInfo culture)
  Passed Microsoft.DotNet.Tools.Scaffold.Tests.AspNet.Integration.API.MinimalApiNet10IntegrationTests.ValidateMinimalApiStep_FailsWithNonExistentProject [2 ms]
  Failed Microsoft.DotNet.Tools.Scaffold.Tests.AspNet.Integration.MVC.CrudControllerNet8IntegrationTests.Scaffold_MvcControllerCrud_Net8_CliInvocation [2 m 44 s]
  Error Message:
   CLI scaffold should succeed.
Output: C:\Program Files\dotnet\sdk\11.0.100-preview.1.26076.102\Microsoft.Common.CurrentVersion.targets(5094,5): warning MSB3026: Could not copy "C:\Scaffolding\artifacts\bin\Microsoft.DotNet.Scaffolding.CodeModification\Debug\net11.0\Microsoft.DotNet.Scaffolding.CodeModification.dll" to "C:\Scaffolding\artifacts\bin\dotnet-scaffold\Debug\net11.0\Microsoft.DotNet.Scaffolding.CodeModification.dll". Beginning retry 1 in 1000ms. The process cannot access the file 'C:\Scaffolding\artifacts\bin\dotnet-scaffold\Debug\net11.0\Microsoft.DotNet.Scaffolding.CodeModification.dll' because it is being used by another process. The file is locked by: ".NET Host (88448), .NET Host (69048), .NET Host (10324), dotnet-scaffold (82904), dotnet-scaffold (49964), dotnet-scaffold (38348), dotnet-scaffold (33444), dotnet-scaffold (20952), dotnet-scaffold (80780), dotnet-scaffold (32408), .NET Host (26576), .NET Host (44224)" [C:\Scaffolding\src\dotnet-scaffolding\dotnet-scaffold\dotnet-scaffold.csproj::TargetFramework=net11.0]
C:\Program Files\dotnet\sdk\11.0.100-preview.1.26076.102\Microsoft.Common.CurrentVersion.targets(5094,5): warning MSB3026: Could not copy "C:\Scaffolding\artifacts\bin\Microsoft.DotNet.Scaffolding.CodeModification\Debug\net11.0\Microsoft.DotNet.Scaffolding.CodeModification.dll" to "C:\Scaffolding\artifacts\bin\dotnet-scaffold\Debug\net11.0\Microsoft.DotNet.Scaffolding.CodeModification.dll". Beginning retry 2 in 1000ms. The process cannot access the file 'C:\Scaffolding\artifacts\bin\dotnet-scaffold\Debug\net11.0\Microsoft.DotNet.Scaffolding.CodeModification.dll' because it is being used by another process. The file is locked by: ".NET Host (88448), dotnet-scaffold (82904), dotnet-scaffold (49964), dotnet-scaffold (38348), dotnet-scaffold (33444), dotnet-scaffold (20952), dotnet-scaffold (80780), dotnet-scaffold (32408), .NET Host (69756), .NET Host (58960), .NET Host (82760), .NET Host (44224)" [C:\Scaffolding\src\dotnet-scaffolding\dotnet-scaffold\dotnet-scaffold.csproj::TargetFramework=net11.0]
C:\Program Files\dotnet\sdk\11.0.100-preview.1.26076.102\Microsoft.Common.CurrentVersion.targets(5094,5): warning MSB3026: Could not copy "C:\Scaffolding\artifacts\bin\Microsoft.DotNet.Scaffolding.CodeModification\Debug\net11.0\Microsoft.DotNet.Scaffolding.CodeModification.dll" to "C:\Scaffolding\artifacts\bin\dotnet-scaffold\Debug\net11.0\Microsoft.DotNet.Scaffolding.CodeModification.dll". Beginning retry 3 in 1000ms. The process cannot access the file 'C:\Scaffolding\artifacts\bin\dotnet-scaffold\Debug\net11.0\Microsoft.DotNet.Scaffolding.CodeModification.dll' because it is being used by another process. The file is locked by: ".NET Host (21204), dotnet-scaffold (82904), dotnet-scaffold (49964), dotnet-scaffold (38348), dotnet-scaffold (33444), dotnet-scaffold (20952), dotnet-scaffold (80780), dotnet-scaffold (32408), .NET Host (88448), .NET Host (82140)" [C:\Scaffolding\src\dotnet-scaffolding\dotnet-scaffold\dotnet-scaffold.csproj::TargetFramework=net11.0]
C:\Program Files\dotnet\sdk\11.0.100-preview.1.26076.102\Microsoft.Common.CurrentVersion.targets(5094,5): warning MSB3026: Could not copy "C:\Scaffolding\artifacts\bin\Microsoft.DotNet.Scaffolding.CodeModification\Debug\net11.0\Microsoft.DotNet.Scaffolding.CodeModification.dll" to "C:\Scaffolding\artifacts\bin\dotnet-scaffold\Debug\net11.0\Microsoft.DotNet.Scaffolding.CodeModification.dll". Beginning retry 4 in 1000ms. The process cannot access the file 'C:\Scaffolding\artifacts\bin\dotnet-scaffold\Debug\net11.0\Microsoft.DotNet.Scaffolding.CodeModification.dll' because it is being used by another process. The file is locked by: ".NET Host (69756), .NET Host (21204), dotnet-scaffold (82904), dotnet-scaffold (49964), dotnet-scaffold (38348), dotnet-scaffold (33444), dotnet-scaffold (20952), dotnet-scaffold (80780), dotnet-scaffold (32408), .NET Host (58960), .NET Host (82760)" [C:\Scaffolding\src\dotnet-scaffolding\dotnet-scaffold\dotnet-scaffold.csproj::TargetFramework=net11.0]
C:\Program Files\dotnet\sdk\11.0.100-preview.1.26076.102\Microsoft.Common.CurrentVersion.targets(5094,5): warning MSB3026: Could not copy "C:\Scaffolding\artifacts\bin\Microsoft.DotNet.Scaffolding.CodeModification\Debug\net11.0\Microsoft.DotNet.Scaffolding.CodeModification.dll" to "C:\Scaffolding\artifacts\bin\dotnet-scaffold\Debug\net11.0\Microsoft.DotNet.Scaffolding.CodeModification.dll". Beginning retry 5 in 1000ms. The process cannot access the file 'C:\Scaffolding\artifacts\bin\dotnet-scaffold\Debug\net11.0\Microsoft.DotNet.Scaffolding.CodeModification.dll' because it is being used by another process. The file is locked by: ".NET Host (26576), .NET Host (82140), dotnet-scaffold (82904), dotnet-scaffold (49964), dotnet-scaffold (38348), dotnet-scaffold (33444), dotnet-scaffold (20952), dotnet-scaffold (80780), dotnet-scaffold (32408)" [C:\Scaffolding\src\dotnet-scaffolding\dotnet-scaffold\dotnet-scaffold.csproj::TargetFramework=net11.0]
C:\Program Files\dotnet\sdk\11.0.100-preview.1.26076.102\Microsoft.Common.CurrentVersion.targets(5094,5): warning MSB3026: Could not copy "C:\Scaffolding\artifacts\bin\Microsoft.DotNet.Scaffolding.CodeModification\Debug\net11.0\Microsoft.DotNet.Scaffolding.CodeModification.dll" to "C:\Scaffolding\artifacts\bin\dotnet-scaffold\Debug\net11.0\Microsoft.DotNet.Scaffolding.CodeModification.dll". Beginning retry 6 in 1000ms. The process cannot access the file 'C:\Scaffolding\artifacts\bin\dotnet-scaffold\Debug\net11.0\Microsoft.DotNet.Scaffolding.CodeModification.dll' because it is being used by another process.  [C:\Scaffolding\src\dotnet-scaffolding\dotnet-scaffold\dotnet-scaffold.csproj::TargetFramework=net11.0]
C:\Program Files\dotnet\sdk\11.0.100-preview.1.26076.102\Microsoft.Common.CurrentVersion.targets(5094,5): warning MSB3026: Could not copy "C:\Scaffolding\artifacts\bin\Microsoft.DotNet.Scaffolding.CodeModification\Debug\net11.0\Microsoft.DotNet.Scaffolding.CodeModification.dll" to "C:\Scaffolding\artifacts\bin\dotnet-scaffold\Debug\net11.0\Microsoft.DotNet.Scaffolding.CodeModification.dll". Beginning retry 7 in 1000ms. The process cannot access the file 'C:\Scaffolding\artifacts\bin\dotnet-scaffold\Debug\net11.0\Microsoft.DotNet.Scaffolding.CodeModification.dll' because it is being used by another process. The file is locked by: ".NET Host (69048), dotnet-scaffold (82904), dotnet-scaffold (49964), dotnet-scaffold (38348), dotnet-scaffold (33444), dotnet-scaffold (20952), dotnet-scaffold (80780), dotnet-scaffold (32408)" [C:\Scaffolding\src\dotnet-scaffolding\dotnet-scaffold\dotnet-scaffold.csproj::TargetFramework=net11.0]
C:\Program Files\dotnet\sdk\11.0.100-preview.1.26076.102\Microsoft.Common.CurrentVersion.targets(5094,5): warning MSB3026: Could not copy "C:\Scaffolding\artifacts\bin\Microsoft.DotNet.Scaffolding.CodeModification\Debug\net11.0\Microsoft.DotNet.Scaffolding.CodeModification.dll" to "C:\Scaffolding\artifacts\bin\dotnet-scaffold\Debug\net11.0\Microsoft.DotNet.Scaffolding.CodeModification.dll". Beginning retry 8 in 1000ms. The process cannot access the file 'C:\Scaffolding\artifacts\bin\dotnet-scaffold\Debug\net11.0\Microsoft.DotNet.Scaffolding.CodeModification.dll' because it is being used by another process. The file is locked by: ".NET Host (69756), .NET Host (26576), dotnet-scaffold (82904), dotnet-scaffold (49964), dotnet-scaffold (38348), dotnet-scaffold (33444), dotnet-scaffold (20952), dotnet-scaffold (32408)" [C:\Scaffolding\src\dotnet-scaffolding\dotnet-scaffold\dotnet-scaffold.csproj::TargetFramework=net11.0]
C:\Program Files\dotnet\sdk\11.0.100-preview.1.26076.102\Microsoft.Common.CurrentVersion.targets(5094,5): warning MSB3026: Could not copy "C:\Scaffolding\artifacts\bin\Microsoft.DotNet.Scaffolding.CodeModification\Debug\net11.0\Microsoft.DotNet.Scaffolding.CodeModification.dll" to "C:\Scaffolding\artifacts\bin\dotnet-scaffold\Debug\net11.0\Microsoft.DotNet.Scaffolding.CodeModification.dll". Beginning retry 9 in 1000ms. The process cannot access the file 'C:\Scaffolding\artifacts\bin\dotnet-scaffold\Debug\net11.0\Microsoft.DotNet.Scaffolding.CodeModification.dll' because it is being used by another process. The file is locked by: ".NET Host (69756), .NET Host (58960), .NET Host (10324), .NET Host (82140), dotnet-scaffold (82904), dotnet-scaffold (38348), dotnet-scaffold (33444), dotnet-scaffold (20952), dotnet-scaffold (32408), .NET Host (44224)" [C:\Scaffolding\src\dotnet-scaffolding\dotnet-scaffold\dotnet-scaffold.csproj::TargetFramework=net11.0]
C:\Program Files\dotnet\sdk\11.0.100-preview.1.26076.102\Microsoft.Common.CurrentVersion.targets(5094,5): warning MSB3026: Could not copy "C:\Scaffolding\artifacts\bin\Microsoft.DotNet.Scaffolding.CodeModification\Debug\net11.0\Microsoft.DotNet.Scaffolding.CodeModification.dll" to "C:\Scaffolding\artifacts\bin\dotnet-scaffold\Debug\net11.0\Microsoft.DotNet.Scaffolding.CodeModification.dll". Beginning retry 10 in 1000ms. The process cannot access the file 'C:\Scaffolding\artifacts\bin\dotnet-scaffold\Debug\net11.0\Microsoft.DotNet.Scaffolding.CodeModification.dll' because it is being used by another process. The file is locked by: "dotnet-scaffold (82904), dotnet-scaffold (38348), dotnet-scaffold (33444), dotnet-scaffold (32408)" [C:\Scaffolding\src\dotnet-scaffolding\dotnet-scaffold\dotnet-scaffold.csproj::TargetFramework=net11.0]
C:\Program Files\dotnet\sdk\11.0.100-preview.1.26076.102\Microsoft.Common.CurrentVersion.targets(5094,5): error MSB3027: Could not copy "C:\Scaffolding\artifacts\bin\Microsoft.DotNet.Scaffolding.CodeModification\Debug\net11.0\Microsoft.DotNet.Scaffolding.CodeModification.dll" to "C:\Scaffolding\artifacts\bin\dotnet-scaffold\Debug\net11.0\Microsoft.DotNet.Scaffolding.CodeModification.dll". Exceeded retry count of 10. Failed. The file is locked by: "dotnet-scaffold (82904), dotnet-scaffold (38348), dotnet-scaffold (33444), dotnet-scaffold (32408)" [C:\Scaffolding\src\dotnet-scaffolding\dotnet-scaffold\dotnet-scaffold.csproj::TargetFramework=net11.0]
C:\Program Files\dotnet\sdk\11.0.100-preview.1.26076.102\Microsoft.Common.CurrentVersion.targets(5094,5): error MSB3021: Unable to copy file "C:\Scaffolding\artifacts\bin\Microsoft.DotNet.Scaffolding.CodeModification\Debug\net11.0\Microsoft.DotNet.Scaffolding.CodeModification.dll" to "C:\Scaffolding\artifacts\bin\dotnet-scaffold\Debug\net11.0\Microsoft.DotNet.Scaffolding.CodeModification.dll". The process cannot access the file 'C:\Scaffolding\artifacts\bin\dotnet-scaffold\Debug\net11.0\Microsoft.DotNet.Scaffolding.CodeModification.dll' because it is being used by another process. [C:\Scaffolding\src\dotnet-scaffolding\dotnet-scaffold\dotnet-scaffold.csproj::TargetFramework=net11.0]

Error: 
The build failed. Fix the build errors and run again.

  Stack Trace:
     at Microsoft.DotNet.Tools.Scaffold.Tests.AspNet.Integration.MVC.CrudControllerNet8IntegrationTests.Scaffold_MvcControllerCrud_Net8_CliInvocation() in C:\Scaffolding\test\dotnet-scaffolding\dotnet-scaffold.Tests\AspNet\Integration\MVC\CrudControllerNet8IntegrationTests.cs:line 39
--- End of stack trace from previous location ---
  Passed Microsoft.DotNet.Tools.Scaffold.Tests.AspNet.Integration.MVC.CrudControllerNet8IntegrationTests.EfControllerTemplates_UsesCshtmlFormat [9 ms]
  Passed Microsoft.DotNet.Tools.Scaffold.Tests.AspNet.Integration.MVC.CrudControllerNet8IntegrationTests.EfControllerTemplates_FolderExists [12 ms]
  Passed Microsoft.DotNet.Tools.Scaffold.Tests.AspNet.Integration.MVC.CrudControllerNet8IntegrationTests.ValidateEfControllerStep_TracksTelemetry_OnNullProjectFailure [2 ms]
  Passed Microsoft.DotNet.Tools.Scaffold.Tests.AspNet.Integration.MVC.CrudControllerNet8IntegrationTests.ValidateEfControllerStep_FailsWithNullProject [2 ms]
  Passed Microsoft.DotNet.Tools.Scaffold.Tests.AspNet.Integration.MVC.CrudControllerNet8IntegrationTests.ValidateEfControllerStep_FailsWithInvalidModel(model: "") [3 ms]
  Passed Microsoft.DotNet.Tools.Scaffold.Tests.AspNet.Integration.MVC.CrudControllerNet8IntegrationTests.ValidateEfControllerStep_FailsWithInvalidModel(model: null) [2 ms]
  Passed Microsoft.DotNet.Tools.Scaffold.Tests.AspNet.Integration.MVC.CrudControllerNet8IntegrationTests.ValidateEfControllerStep_TracksTelemetry_OnNullControllerNameFailure [2 ms]
  Passed Microsoft.DotNet.Tools.Scaffold.Tests.AspNet.Integration.MVC.CrudControllerNet8IntegrationTests.EfPackagesDict_ContainsAllFourProviders [8 ms]
  Passed Microsoft.DotNet.Tools.Scaffold.Tests.AspNet.Integration.MVC.CrudControllerNet8IntegrationTests.ViewsTemplates_FolderExists [2 ms]
  Passed Microsoft.DotNet.Tools.Scaffold.Tests.AspNet.Integration.MVC.CrudControllerNet8IntegrationTests.ValidateEfControllerStep_FailsWithNullControllerName [2 ms]
  Passed Microsoft.DotNet.Tools.Scaffold.Tests.AspNet.Integration.MVC.CrudControllerNet8IntegrationTests.ValidateEfControllerStep_FailsWithEmptyProject [2 ms]
  Passed Microsoft.DotNet.Tools.Scaffold.Tests.AspNet.Integration.MVC.CrudControllerNet8IntegrationTests.ValidateEfControllerStep_FailsWithNullModel [2 ms]
  Passed Microsoft.DotNet.Tools.Scaffold.Tests.AspNet.Integration.MVC.CrudControllerNet8IntegrationTests.UseDatabaseMethods_HasAllFourProviders [2 ms]
  Passed Microsoft.DotNet.Tools.Scaffold.Tests.AspNet.Integration.MVC.CrudControllerNet8IntegrationTests.ValidateEfControllerStep_FailsWithEmptyModel [2 ms]
  Passed Microsoft.DotNet.Tools.Scaffold.Tests.AspNet.Integration.MVC.CrudControllerNet8IntegrationTests.EfControllerTemplates_HasExactly2Files [16 ms]
  Passed Microsoft.DotNet.Tools.Scaffold.Tests.AspNet.Integration.MVC.CrudControllerNet8IntegrationTests.ValidateEfControllerStep_FailsWithNullDataContext [2 ms]
  Passed Microsoft.DotNet.Tools.Scaffold.Tests.AspNet.Integration.RazorPages.RazorPagesCrudNet11IntegrationTests.RazorPagesTemplates_HasExpectedT4File(fileName: "Create.tt") [2 ms]
  Passed Microsoft.DotNet.Tools.Scaffold.Tests.AspNet.Integration.RazorPages.RazorPagesCrudNet11IntegrationTests.RazorPagesTemplates_HasExpectedT4File(fileName: "Delete.tt") [2 ms]
  Passed Microsoft.DotNet.Tools.Scaffold.Tests.AspNet.Integration.RazorPages.RazorPagesCrudNet11IntegrationTests.RazorPagesTemplates_HasExpectedT4File(fileName: "Details.tt") [1 ms]
  Passed Microsoft.DotNet.Tools.Scaffold.Tests.AspNet.Integration.RazorPages.RazorPagesCrudNet11IntegrationTests.RazorPagesTemplates_HasExpectedT4File(fileName: "Edit.cs") [2 ms]
  Passed Microsoft.DotNet.Tools.Scaffold.Tests.AspNet.Integration.RazorPages.RazorPagesCrudNet11IntegrationTests.RazorPagesTemplates_HasExpectedT4File(fileName: "Delete.cs") [2 ms]
  Passed Microsoft.DotNet.Tools.Scaffold.Tests.AspNet.Integration.RazorPages.RazorPagesCrudNet11IntegrationTests.RazorPagesTemplates_HasExpectedT4File(fileName: "DeleteModel.tt") [2 ms]
  Passed Microsoft.DotNet.Tools.Scaffold.Tests.AspNet.Integration.RazorPages.RazorPagesCrudNet11IntegrationTests.RazorPagesTemplates_HasExpectedT4File(fileName: "Index.cs") [2 ms]
  Passed Microsoft.DotNet.Tools.Scaffold.Tests.AspNet.Integration.RazorPages.RazorPagesCrudNet11IntegrationTests.RazorPagesTemplates_HasExpectedT4File(fileName: "CreateModel.tt") [2 ms]
  Passed Microsoft.DotNet.Tools.Scaffold.Tests.AspNet.Integration.RazorPages.RazorPagesCrudNet11IntegrationTests.RazorPagesTemplates_HasExpectedT4File(fileName: "DetailsModel.tt") [2 ms]
  Passed Microsoft.DotNet.Tools.Scaffold.Tests.AspNet.Integration.RazorPages.RazorPagesCrudNet11IntegrationTests.RazorPagesTemplates_HasExpectedT4File(fileName: "CreateModel.cs") [2 ms]
  Passed Microsoft.DotNet.Tools.Scaffold.Tests.AspNet.Integration.RazorPages.RazorPagesCrudNet11IntegrationTests.RazorPagesTemplates_HasExpectedT4File(fileName: "DeleteModel.cs") [2 ms]
  Passed Microsoft.DotNet.Tools.Scaffold.Tests.AspNet.Integration.RazorPages.RazorPagesCrudNet11IntegrationTests.RazorPagesTemplates_HasExpectedT4File(fileName: "Details.cs") [2 ms]
  Passed Microsoft.DotNet.Tools.Scaffold.Tests.AspNet.Integration.RazorPages.RazorPagesCrudNet11IntegrationTests.RazorPagesTemplates_HasExpectedT4File(fileName: "Edit.tt") [2 ms]
  Passed Microsoft.DotNet.Tools.Scaffold.Tests.AspNet.Integration.RazorPages.RazorPagesCrudNet11IntegrationTests.RazorPagesTemplates_HasExpectedT4File(fileName: "IndexModel.cs") [2 ms]
  Passed Microsoft.DotNet.Tools.Scaffold.Tests.AspNet.Integration.RazorViewEmptyNet9IntegrationTests.ExecuteAsync_GeneratesViewFile_WhenProjectIsValid [2 s]
[xUnit.net 00:02:48.02]     Microsoft.DotNet.Tools.Scaffold.Tests.AspNet.Integr
ation.API.MinimalApiNet9IntegrationTests.Scaffold_MinimalApi_Net9_CliInvocation
 [FAIL]
[xUnit.net 00:02:48.02]       CLI scaffold should succeed.
Output: C:\Program Files\dotnet\sdk\11.0.100-preview.1.26076.102\Microsoft.Common.CurrentVersion.targets(5094,5): warning MSB3026: Could not copy "C:\Scaffolding\artifacts\bin\Microsoft.DotNet.Scaffolding.CodeModification\Debug\net11.0\Microsoft.DotNet.Scaffolding.CodeModification.dll" to "C:\Scaffolding\artifacts\bin\dotnet-scaffold\Debug\net11.0\Microsoft.DotNet.Scaffolding.CodeModification.dll". Beginning retry 1 in 1000ms. The process cannot access the file 'C:\Scaffolding\artifacts\bin\dotnet-scaffold\Debug\net11.0\Microsoft.DotNet.Scaffolding.CodeModification.dll' because it is being used by another process. The file is locked by: "dotnet-scaffold (82904), dotnet-scaffold (49964), dotnet-scaffold (38348), dotnet-scaffold (33444), dotnet-scaffold (20952), dotnet-scaffold (80780), dotnet-scaffold (32408)" [C:\Scaffolding\src\dotnet-scaffolding\dotnet-scaffold\dotnet-scaffold.csproj::TargetFramework=net11.0]
[xUnit.net 00:02:48.02]       C:\Program Files\dotnet\sdk\11.0.100-preview.1.26076.102\Microsoft.Common.CurrentVersion.targets(5094,5): warning MSB3026: Could not copy "C:\Scaffolding\artifacts\bin\Microsoft.DotNet.Scaffolding.CodeModification\Debug\net11.0\Microsoft.DotNet.Scaffolding.CodeModification.dll" to "C:\Scaffolding\artifacts\bin\dotnet-scaffold\Debug\net11.0\Microsoft.DotNet.Scaffolding.CodeModification.dll". Beginning retry 2 in 1000ms. The process cannot access the file 'C:\Scaffolding\artifacts\bin\dotnet-scaffold\Debug\net11.0\Microsoft.DotNet.Scaffolding.CodeModification.dll' because it is being used by another process. The file is locked by: "dotnet-scaffold (82904), dotnet-scaffold (49964), dotnet-scaffold (38348), dotnet-scaffold (33444), dotnet-scaffold (20952), dotnet-scaffold (80780), dotnet-scaffold (32408), .NET Host (26576), .NET Host (88448), .NET Host (69048), .NET Host (10324), .NET Host (82140), .NET Host (66676)" [C:\Scaffolding\src\dotnet-scaffolding\dotnet-scaffold\dotnet-scaffold.csproj::TargetFramework=net11.0]
[xUnit.net 00:02:48.02]       C:\Program Files\dotnet\sdk\11.0.100-preview.1.26076.102\Microsoft.Common.CurrentVersion.targets(5094,5): warning MSB3026: Could not copy "C:\Scaffolding\artifacts\bin\Microsoft.DotNet.Scaffolding.CodeModification\Debug\net11.0\Microsoft.DotNet.Scaffolding.CodeModification.dll" to "C:\Scaffolding\artifacts\bin\dotnet-scaffold\Debug\net11.0\Microsoft.DotNet.Scaffolding.CodeModification.dll". Beginning retry 3 in 1000ms. The process cannot access the file 'C:\Scaffolding\artifacts\bin\dotnet-scaffold\Debug\net11.0\Microsoft.DotNet.Scaffolding.CodeModification.dll' because it is being used by another process. The file is locked by: "dotnet-scaffold (82904), dotnet-scaffold (49964), dotnet-scaffold (38348), dotnet-scaffold (33444), dotnet-scaffold (20952), dotnet-scaffold (80780), dotnet-scaffold (32408), .NET Host (66676), .NET Host (82760), .NET Host (88448), .NET Host (69756), .NET Host (58960), .NET Host (10324), .NET Host (26576)" [C:\Scaffolding\src\dotnet-scaffolding\dotnet-scaffold\dotnet-scaffold.csproj::TargetFramework=net11.0]
[xUnit.net 00:02:48.02]       C:\Program Files\dotnet\sdk\11.0.100-preview.1.26076.102\Microsoft.Common.CurrentVersion.targets(5094,5): warning MSB3026: Could not copy "C:\Scaffolding\artifacts\bin\Microsoft.DotNet.Scaffolding.CodeModification\Debug\net11.0\Microsoft.DotNet.Scaffolding.CodeModification.dll" to "C:\Scaffolding\artifacts\bin\dotnet-scaffold\Debug\net11.0\Microsoft.DotNet.Scaffolding.CodeModification.dll". Beginning retry 4 in 1000ms. The process cannot access the file 'C:\Scaffolding\artifacts\bin\dotnet-scaffold\Debug\net11.0\Microsoft.DotNet.Scaffolding.CodeModification.dll' because it is being used by another process. The file is locked by: ".NET Host (82760), dotnet-scaffold (82904), dotnet-scaffold (49964), dotnet-scaffold (38348), dotnet-scaffold (33444), dotnet-scaffold (20952), dotnet-scaffold (80780), dotnet-scaffold (32408), .NET Host (66676), .NET Host (10324)" [C:\Scaffolding\src\dotnet-scaffolding\dotnet-scaffold\dotnet-scaffold.csproj::TargetFramework=net11.0]
[xUnit.net 00:02:48.02]       C:\Program Files\dotnet\sdk\11.0.100-preview.1.26076.102\Microsoft.Common.CurrentVersion.targets(5094,5): warning MSB3026: Could not copy "C:\Scaffolding\artifacts\bin\Microsoft.DotNet.Scaffolding.CodeModification\Debug\net11.0\Microsoft.DotNet.Scaffolding.CodeModification.dll" to "C:\Scaffolding\artifacts\bin\dotnet-scaffold\Debug\net11.0\Microsoft.DotNet.Scaffolding.CodeModification.dll". Beginning retry 5 in 1000ms. The process cannot access the file 'C:\Scaffolding\artifacts\bin\dotnet-scaffold\Debug\net11.0\Microsoft.DotNet.Scaffolding.CodeModification.dll' because it is being used by another process. The file is locked by: ".NET Host (10324), dotnet-scaffold (82904), dotnet-scaffold (49964), dotnet-scaffold (38348), dotnet-scaffold (33444), dotnet-scaffold (20952), dotnet-scaffold (80780), dotnet-scaffold (32408), .NET Host (58960), .NET Host (82140), .NET Host (26576), .NET Host (82760)" [C:\Scaffolding\src\dotnet-scaffolding\dotnet-scaffold\dotnet-scaffold.csproj::TargetFramework=net11.0]
[xUnit.net 00:02:48.02]       C:\Program Files\dotnet\sdk\11.0.100-preview.1.26076.102\Microsoft.Common.CurrentVersion.targets(5094,5): warning MSB3026: Could not copy "C:\Scaffolding\artifacts\bin\Microsoft.DotNet.Scaffolding.CodeModification\Debug\net11.0\Microsoft.DotNet.Scaffolding.CodeModification.dll" to "C:\Scaffolding\artifacts\bin\dotnet-scaffold\Debug\net11.0\Microsoft.DotNet.Scaffolding.CodeModification.dll". Beginning retry 6 in 1000ms. The process cannot access the file 'C:\Scaffolding\artifacts\bin\dotnet-scaffold\Debug\net11.0\Microsoft.DotNet.Scaffolding.CodeModification.dll' because it is being used by another process. The file is locked by: ".NET Host (21204), .NET Host (66676), dotnet-scaffold (82904), dotnet-scaffold (49964), dotnet-scaffold (38348), dotnet-scaffold (33444), dotnet-scaffold (20952), dotnet-scaffold (80780), dotnet-scaffold (32408), .NET Host (82140), .NET Host (26576), .NET Host (88448), .NET Host (69756), .NET Host (82760)" [C:\Scaffolding\src\dotnet-scaffolding\dotnet-scaffold\dotnet-scaffold.csproj::TargetFramework=net11.0]
[xUnit.net 00:02:48.02]       C:\Program Files\dotnet\sdk\11.0.100-preview.1.26076.102\Microsoft.Common.CurrentVersion.targets(5094,5): warning MSB3026: Could not copy "C:\Scaffolding\artifacts\bin\Microsoft.DotNet.Scaffolding.CodeModification\Debug\net11.0\Microsoft.DotNet.Scaffolding.CodeModification.dll" to "C:\Scaffolding\artifacts\bin\dotnet-scaffold\Debug\net11.0\Microsoft.DotNet.Scaffolding.CodeModification.dll". Beginning retry 7 in 1000ms. The process cannot access the file 'C:\Scaffolding\artifacts\bin\dotnet-scaffold\Debug\net11.0\Microsoft.DotNet.Scaffolding.CodeModification.dll' because it is being used by another process. The file is locked by: ".NET Host (69048), .NET Host (10324), dotnet-scaffold (82904), dotnet-scaffold (49964), dotnet-scaffold (38348), dotnet-scaffold (33444), dotnet-scaffold (20952), dotnet-scaffold.exe (80780), dotnet-scaffold (32408), .NET Host (58960), .NET Host (21204), .NET Host (82140)" [C:\Scaffolding\src\dotnet-scaffolding\dotnet-scaffold\dotnet-scaffold.csproj::TargetFramework=net11.0]
[xUnit.net 00:02:48.02]       C:\Program Files\dotnet\sdk\11.0.100-preview.1.26076.102\Microsoft.Common.CurrentVersion.targets(5094,5): warning MSB3026: Could not copy "C:\Scaffolding\artifacts\bin\Microsoft.DotNet.Scaffolding.CodeModification\Debug\net11.0\Microsoft.DotNet.Scaffolding.CodeModification.dll" to "C:\Scaffolding\artifacts\bin\dotnet-scaffold\Debug\net11.0\Microsoft.DotNet.Scaffolding.CodeModification.dll". Beginning retry 8 in 1000ms. The process cannot access the file 'C:\Scaffolding\artifacts\bin\dotnet-scaffold\Debug\net11.0\Microsoft.DotNet.Scaffolding.CodeModification.dll' because it is being used by another process. The file is locked by: ".NET Host (69756), .NET Host (58960), .NET Host (66676), .NET Host (10324), .NET Host (82140), dotnet-scaffold (82904), dotnet-scaffold (38348), dotnet-scaffold (33444), dotnet-scaffold (20952), dotnet-scaffold (32408)" [C:\Scaffolding\src\dotnet-scaffolding\dotnet-scaffold\dotnet-scaffold.csproj::TargetFramework=net11.0]
[xUnit.net 00:02:48.02]       C:\Program Files\dotnet\sdk\11.0.100-preview.1.26076.102\Microsoft.Common.CurrentVersion.targets(5094,5): warning MSB3026: Could not copy "C:\Scaffolding\artifacts\bin\Microsoft.DotNet.Scaffolding.CodeModification\Debug\net11.0\Microsoft.DotNet.Scaffolding.CodeModification.dll" to "C:\Scaffolding\artifacts\bin\dotnet-scaffold\Debug\net11.0\Microsoft.DotNet.Scaffolding.CodeModification.dll". Beginning retry 9 in 1000ms. The process cannot access the file 'C:\Scaffolding\artifacts\bin\dotnet-scaffold\Debug\net11.0\Microsoft.DotNet.Scaffolding.CodeModification.dll' because it is being used by another process. The file is locked by: ".NET Host (82140), dotnet-scaffold (82904), dotnet-scaffold (38348), dotnet-scaffold (33444), dotnet-scaffold (32408)" [C:\Scaffolding\src\dotnet-scaffolding\dotnet-scaffold\dotnet-scaffold.csproj::TargetFramework=net11.0]
[xUnit.net 00:02:48.02]       C:\Program Files\dotnet\sdk\11.0.100-preview.1.26076.102\Microsoft.Common.CurrentVersion.targets(5094,5): warning MSB3026: Could not copy "C:\Scaffolding\artifacts\bin\Microsoft.DotNet.Scaffolding.CodeModification\Debug\net11.0\Microsoft.DotNet.Scaffolding.CodeModification.dll" to "C:\Scaffolding\artifacts\bin\dotnet-scaffold\Debug\net11.0\Microsoft.DotNet.Scaffolding.CodeModification.dll". Beginning retry 10 in 1000ms. The process cannot access the file 'C:\Scaffolding\artifacts\bin\dotnet-scaffold\Debug\net11.0\Microsoft.DotNet.Scaffolding.CodeModification.dll' because it is being used by another process. The file is locked by: "dotnet-scaffold (82904), dotnet-scaffold (38348), dotnet-scaffold (33444), dotnet-scaffold (32408)" [C:\Scaffolding\src\dotnet-scaffolding\dotnet-scaffold\dotnet-scaffold.csproj::TargetFramework=net11.0]
[xUnit.net 00:02:48.02]       C:\Program Files\dotnet\sdk\11.0.100-preview.1.26076.102\Microsoft.Common.CurrentVersion.targets(5094,5): error MSB3027: Could not copy "C:\Scaffolding\artifacts\bin\Microsoft.DotNet.Scaffolding.CodeModification\Debug\net11.0\Microsoft.DotNet.Scaffolding.CodeModification.dll" to "C:\Scaffolding\artifacts\bin\dotnet-scaffold\Debug\net11.0\Microsoft.DotNet.Scaffolding.CodeModification.dll". Exceeded retry count of 10. Failed. The file is locked by: "dotnet-scaffold (82904), dotnet-scaffold (38348), dotnet-scaffold (33444), dotnet-scaffold (32408)" [C:\Scaffolding\src\dotnet-scaffolding\dotnet-scaffold\dotnet-scaffold.csproj::TargetFramework=net11.0]
[xUnit.net 00:02:48.02]       C:\Program Files\dotnet\sdk\11.0.100-preview.1.26076.102\Microsoft.Common.CurrentVersion.targets(5094,5): error MSB3021: Unable to copy file "C:\Scaffolding\artifacts\bin\Microsoft.DotNet.Scaffolding.CodeModification\Debug\net11.0\Microsoft.DotNet.Scaffolding.CodeModification.dll" to "C:\Scaffolding\artifacts\bin\dotnet-scaffold\Debug\net11.0\Microsoft.DotNet.Scaffolding.CodeModification.dll". The process cannot access the file 'C:\Scaffolding\artifacts\bin\dotnet-scaffold\Debug\net11.0\Microsoft.DotNet.Scaffolding.CodeModification.dll' because it is being used by another process. [C:\Scaffolding\src\dotnet-scaffolding\dotnet-scaffold\dotnet-scaffold.csproj::TargetFramework=net11.0]
[xUnit.net 00:02:48.02]       
Error: 
[xUnit.net 00:02:48.02]       The build failed. Fix the build errors and run again.
[xUnit.net 00:02:48.02]       
[xUnit.net 00:02:48.02]       Stack Trace:
[xUnit.net 00:02:48.02]         C:\Scaffolding\test\dotnet-scaffolding\dotnet-scaffold.Tests\AspNet\Integration\API\MinimalApiNet9IntegrationTests.cs(38,0): at Microsoft.DotNet.Tools.Scaffold.Tests.AspNet.Integration.API.MinimalApiNet9IntegrationTests.Scaffold_MinimalApi_Net9_CliInvocation()
[xUnit.net 00:02:48.02]         --- End of stack trace from previous location ---
  Passed Microsoft.DotNet.Tools.Scaffold.Tests.AspNet.Integration.RazorViewEmptyNet9IntegrationTests.Constructor_InitializesCorrectly [2 ms]
  Passed Microsoft.DotNet.Tools.Scaffold.Tests.AspNet.Integration.RazorPages.RazorPagesCrudNet11IntegrationTests.RazorPagesTemplates_HasExpectedT4File(fileName: "EditModel.tt") [16 ms]
  Passed Microsoft.DotNet.Tools.Scaffold.Tests.AspNet.Integration.RazorPages.RazorPagesCrudNet11IntegrationTests.RazorPagesTemplates_HasExpectedT4File(fileName: "IndexModel.tt") [5 ms]
  Passed Microsoft.DotNet.Tools.Scaffold.Tests.AspNet.Integration.RazorPages.RazorPagesCrudNet11IntegrationTests.RazorPagesTemplates_HasExpectedT4File(fileName: "DetailsModel.cs") [2 ms]
  Passed Microsoft.DotNet.Tools.Scaffold.Tests.AspNet.Integration.RazorPages.RazorPagesCrudNet11IntegrationTests.RazorPagesTemplates_HasExpectedT4File(fileName: "Index.tt") [2 ms]
  Passed Microsoft.DotNet.Tools.Scaffold.Tests.AspNet.Integration.RazorPages.RazorPagesCrudNet11IntegrationTests.RazorPagesTemplates_HasExpectedT4File(fileName: "EditModel.cs") [2 ms]
  Passed Microsoft.DotNet.Tools.Scaffold.Tests.AspNet.Integration.RazorPages.RazorPagesCrudNet11IntegrationTests.RazorPagesTemplates_HasExpectedT4File(fileName: "Create.cs") [1 ms]
  Failed Microsoft.DotNet.Tools.Scaffold.Tests.AspNet.Integration.API.MinimalApiNet9IntegrationTests.Scaffold_MinimalApi_Net9_CliInvocation [2 m 43 s]
  Error Message:
   CLI scaffold should succeed.
Output: C:\Program Files\dotnet\sdk\11.0.100-preview.1.26076.102\Microsoft.Common.CurrentVersion.targets(5094,5): warning MSB3026: Could not copy "C:\Scaffolding\artifacts\bin\Microsoft.DotNet.Scaffolding.CodeModification\Debug\net11.0\Microsoft.DotNet.Scaffolding.CodeModification.dll" to "C:\Scaffolding\artifacts\bin\dotnet-scaffold\Debug\net11.0\Microsoft.DotNet.Scaffolding.CodeModification.dll". Beginning retry 1 in 1000ms. The process cannot access the file 'C:\Scaffolding\artifacts\bin\dotnet-scaffold\Debug\net11.0\Microsoft.DotNet.Scaffolding.CodeModification.dll' because it is being used by another process. The file is locked by: "dotnet-scaffold (82904), dotnet-scaffold (49964), dotnet-scaffold (38348), dotnet-scaffold (33444), dotnet-scaffold (20952), dotnet-scaffold (80780), dotnet-scaffold (32408)" [C:\Scaffolding\src\dotnet-scaffolding\dotnet-scaffold\dotnet-scaffold.csproj::TargetFramework=net11.0]
C:\Program Files\dotnet\sdk\11.0.100-preview.1.26076.102\Microsoft.Common.CurrentVersion.targets(5094,5): warning MSB3026: Could not copy "C:\Scaffolding\artifacts\bin\Microsoft.DotNet.Scaffolding.CodeModification\Debug\net11.0\Microsoft.DotNet.Scaffolding.CodeModification.dll" to "C:\Scaffolding\artifacts\bin\dotnet-scaffold\Debug\net11.0\Microsoft.DotNet.Scaffolding.CodeModification.dll". Beginning retry 2 in 1000ms. The process cannot access the file 'C:\Scaffolding\artifacts\bin\dotnet-scaffold\Debug\net11.0\Microsoft.DotNet.Scaffolding.CodeModification.dll' because it is being used by another process. The file is locked by: "dotnet-scaffold (82904), dotnet-scaffold (49964), dotnet-scaffold (38348), dotnet-scaffold (33444), dotnet-scaffold (20952), dotnet-scaffold (80780), dotnet-scaffold (32408), .NET Host (26576), .NET Host (88448), .NET Host (69048), .NET Host (10324), .NET Host (82140), .NET Host (66676)" [C:\Scaffolding\src\dotnet-scaffolding\dotnet-scaffold\dotnet-scaffold.csproj::TargetFramework=net11.0]
C:\Program Files\dotnet\sdk\11.0.100-preview.1.26076.102\Microsoft.Common.CurrentVersion.targets(5094,5): warning MSB3026: Could not copy "C:\Scaffolding\artifacts\bin\Microsoft.DotNet.Scaffolding.CodeModification\Debug\net11.0\Microsoft.DotNet.Scaffolding.CodeModification.dll" to "C:\Scaffolding\artifacts\bin\dotnet-scaffold\Debug\net11.0\Microsoft.DotNet.Scaffolding.CodeModification.dll". Beginning retry 3 in 1000ms. The process cannot access the file 'C:\Scaffolding\artifacts\bin\dotnet-scaffold\Debug\net11.0\Microsoft.DotNet.Scaffolding.CodeModification.dll' because it is being used by another process. The file is locked by: "dotnet-scaffold (82904), dotnet-scaffold (49964), dotnet-scaffold (38348), dotnet-scaffold (33444), dotnet-scaffold (20952), dotnet-scaffold (80780), dotnet-scaffold (32408), .NET Host (66676), .NET Host (82760), .NET Host (88448), .NET Host (69756), .NET Host (58960), .NET Host (10324), .NET Host (26576)" [C:\Scaffolding\src\dotnet-scaffolding\dotnet-scaffold\dotnet-scaffold.csproj::TargetFramework=net11.0]
C:\Program Files\dotnet\sdk\11.0.100-preview.1.26076.102\Microsoft.Common.CurrentVersion.targets(5094,5): warning MSB3026: Could not copy "C:\Scaffolding\artifacts\bin\Microsoft.DotNet.Scaffolding.CodeModification\Debug\net11.0\Microsoft.DotNet.Scaffolding.CodeModification.dll" to "C:\Scaffolding\artifacts\bin\dotnet-scaffold\Debug\net11.0\Microsoft.DotNet.Scaffolding.CodeModification.dll". Beginning retry 4 in 1000ms. The process cannot access the file 'C:\Scaffolding\artifacts\bin\dotnet-scaffold\Debug\net11.0\Microsoft.DotNet.Scaffolding.CodeModification.dll' because it is being used by another process. The file is locked by: ".NET Host (82760), dotnet-scaffold (82904), dotnet-scaffold (49964), dotnet-scaffold (38348), dotnet-scaffold (33444), dotnet-scaffold (20952), dotnet-scaffold (80780), dotnet-scaffold (32408), .NET Host (66676), .NET Host (10324)" [C:\Scaffolding\src\dotnet-scaffolding\dotnet-scaffold\dotnet-scaffold.csproj::TargetFramework=net11.0]
C:\Program Files\dotnet\sdk\11.0.100-preview.1.26076.102\Microsoft.Common.CurrentVersion.targets(5094,5): warning MSB3026: Could not copy "C:\Scaffolding\artifacts\bin\Microsoft.DotNet.Scaffolding.CodeModification\Debug\net11.0\Microsoft.DotNet.Scaffolding.CodeModification.dll" to "C:\Scaffolding\artifacts\bin\dotnet-scaffold\Debug\net11.0\Microsoft.DotNet.Scaffolding.CodeModification.dll". Beginning retry 5 in 1000ms. The process cannot access the file 'C:\Scaffolding\artifacts\bin\dotnet-scaffold\Debug\net11.0\Microsoft.DotNet.Scaffolding.CodeModification.dll' because it is being used by another process. The file is locked by: ".NET Host (10324), dotnet-scaffold (82904), dotnet-scaffold (49964), dotnet-scaffold (38348), dotnet-scaffold (33444), dotnet-scaffold (20952), dotnet-scaffold (80780), dotnet-scaffold (32408), .NET Host (58960), .NET Host (82140), .NET Host (26576), .NET Host (82760)" [C:\Scaffolding\src\dotnet-scaffolding\dotnet-scaffold\dotnet-scaffold.csproj::TargetFramework=net11.0]
C:\Program Files\dotnet\sdk\11.0.100-preview.1.26076.102\Microsoft.Common.CurrentVersion.targets(5094,5): warning MSB3026: Could not copy "C:\Scaffolding\artifacts\bin\Microsoft.DotNet.Scaffolding.CodeModification\Debug\net11.0\Microsoft.DotNet.Scaffolding.CodeModification.dll" to "C:\Scaffolding\artifacts\bin\dotnet-scaffold\Debug\net11.0\Microsoft.DotNet.Scaffolding.CodeModification.dll". Beginning retry 6 in 1000ms. The process cannot access the file 'C:\Scaffolding\artifacts\bin\dotnet-scaffold\Debug\net11.0\Microsoft.DotNet.Scaffolding.CodeModification.dll' because it is being used by another process. The file is locked by: ".NET Host (21204), .NET Host (66676), dotnet-scaffold (82904), dotnet-scaffold (49964), dotnet-scaffold (38348), dotnet-scaffold (33444), dotnet-scaffold (20952), dotnet-scaffold (80780), dotnet-scaffold (32408), .NET Host (82140), .NET Host (26576), .NET Host (88448), .NET Host (69756), .NET Host (82760)" [C:\Scaffolding\src\dotnet-scaffolding\dotnet-scaffold\dotnet-scaffold.csproj::TargetFramework=net11.0]
C:\Program Files\dotnet\sdk\11.0.100-preview.1.26076.102\Microsoft.Common.CurrentVersion.targets(5094,5): warning MSB3026: Could not copy "C:\Scaffolding\artifacts\bin\Microsoft.DotNet.Scaffolding.CodeModification\Debug\net11.0\Microsoft.DotNet.Scaffolding.CodeModification.dll" to "C:\Scaffolding\artifacts\bin\dotnet-scaffold\Debug\net11.0\Microsoft.DotNet.Scaffolding.CodeModification.dll". Beginning retry 7 in 1000ms. The process cannot access the file 'C:\Scaffolding\artifacts\bin\dotnet-scaffold\Debug\net11.0\Microsoft.DotNet.Scaffolding.CodeModification.dll' because it is being used by another process. The file is locked by: ".NET Host (69048), .NET Host (10324), dotnet-scaffold (82904), dotnet-scaffold (49964), dotnet-scaffold (38348), dotnet-scaffold (33444), dotnet-scaffold (20952), dotnet-scaffold.exe (80780), dotnet-scaffold (32408), .NET Host (58960), .NET Host (21204), .NET Host (82140)" [C:\Scaffolding\src\dotnet-scaffolding\dotnet-scaffold\dotnet-scaffold.csproj::TargetFramework=net11.0]
C:\Program Files\dotnet\sdk\11.0.100-preview.1.26076.102\Microsoft.Common.CurrentVersion.targets(5094,5): warning MSB3026: Could not copy "C:\Scaffolding\artifacts\bin\Microsoft.DotNet.Scaffolding.CodeModification\Debug\net11.0\Microsoft.DotNet.Scaffolding.CodeModification.dll" to "C:\Scaffolding\artifacts\bin\dotnet-scaffold\Debug\net11.0\Microsoft.DotNet.Scaffolding.CodeModification.dll". Beginning retry 8 in 1000ms. The process cannot access the file 'C:\Scaffolding\artifacts\bin\dotnet-scaffold\Debug\net11.0\Microsoft.DotNet.Scaffolding.CodeModification.dll' because it is being used by another process. The file is locked by: ".NET Host (69756), .NET Host (58960), .NET Host (66676), .NET Host (10324), .NET Host (82140), dotnet-scaffold (82904), dotnet-scaffold (38348), dotnet-scaffold (33444), dotnet-scaffold (20952), dotnet-scaffold (32408)" [C:\Scaffolding\src\dotnet-scaffolding\dotnet-scaffold\dotnet-scaffold.csproj::TargetFramework=net11.0]
C:\Program Files\dotnet\sdk\11.0.100-preview.1.26076.102\Microsoft.Common.CurrentVersion.targets(5094,5): warning MSB3026: Could not copy "C:\Scaffolding\artifacts\bin\Microsoft.DotNet.Scaffolding.CodeModification\Debug\net11.0\Microsoft.DotNet.Scaffolding.CodeModification.dll" to "C:\Scaffolding\artifacts\bin\dotnet-scaffold\Debug\net11.0\Microsoft.DotNet.Scaffolding.CodeModification.dll". Beginning retry 9 in 1000ms. The process cannot access the file 'C:\Scaffolding\artifacts\bin\dotnet-scaffold\Debug\net11.0\Microsoft.DotNet.Scaffolding.CodeModification.dll' because it is being used by another process. The file is locked by: ".NET Host (82140), dotnet-scaffold (82904), dotnet-scaffold (38348), dotnet-scaffold (33444), dotnet-scaffold (32408)" [C:\Scaffolding\src\dotnet-scaffolding\dotnet-scaffold\dotnet-scaffold.csproj::TargetFramework=net11.0]
C:\Program Files\dotnet\sdk\11.0.100-preview.1.26076.102\Microsoft.Common.CurrentVersion.targets(5094,5): warning MSB3026: Could not copy "C:\Scaffolding\artifacts\bin\Microsoft.DotNet.Scaffolding.CodeModification\Debug\net11.0\Microsoft.DotNet.Scaffolding.CodeModification.dll" to "C:\Scaffolding\artifacts\bin\dotnet-scaffold\Debug\net11.0\Microsoft.DotNet.Scaffolding.CodeModification.dll". Beginning retry 10 in 1000ms. The process cannot access the file 'C:\Scaffolding\artifacts\bin\dotnet-scaffold\Debug\net11.0\Microsoft.DotNet.Scaffolding.CodeModification.dll' because it is being used by another process. The file is locked by: "dotnet-scaffold (82904), dotnet-scaffold (38348), dotnet-scaffold (33444), dotnet-scaffold (32408)" [C:\Scaffolding\src\dotnet-scaffolding\dotnet-scaffold\dotnet-scaffold.csproj::TargetFramework=net11.0]
C:\Program Files\dotnet\sdk\11.0.100-preview.1.26076.102\Microsoft.Common.CurrentVersion.targets(5094,5): error MSB3027: Could not copy "C:\Scaffolding\artifacts\bin\Microsoft.DotNet.Scaffolding.CodeModification\Debug\net11.0\Microsoft.DotNet.Scaffolding.CodeModification.dll" to "C:\Scaffolding\artifacts\bin\dotnet-scaffold\Debug\net11.0\Microsoft.DotNet.Scaffolding.CodeModification.dll". Exceeded retry count of 10. Failed. The file is locked by: "dotnet-scaffold (82904), dotnet-scaffold (38348), dotnet-scaffold (33444), dotnet-scaffold (32408)" [C:\Scaffolding\src\dotnet-scaffolding\dotnet-scaffold\dotnet-scaffold.csproj::TargetFramework=net11.0]
C:\Program Files\dotnet\sdk\11.0.100-preview.1.26076.102\Microsoft.Common.CurrentVersion.targets(5094,5): error MSB3021: Unable to copy file "C:\Scaffolding\artifacts\bin\Microsoft.DotNet.Scaffolding.CodeModification\Debug\net11.0\Microsoft.DotNet.Scaffolding.CodeModification.dll" to "C:\Scaffolding\artifacts\bin\dotnet-scaffold\Debug\net11.0\Microsoft.DotNet.Scaffolding.CodeModification.dll". The process cannot access the file 'C:\Scaffolding\artifacts\bin\dotnet-scaffold\Debug\net11.0\Microsoft.DotNet.Scaffolding.CodeModification.dll' because it is being used by another process. [C:\Scaffolding\src\dotnet-scaffolding\dotnet-scaffold\dotnet-scaffold.csproj::TargetFramework=net11.0]

Error: 
The build failed. Fix the build errors and run again.

  Stack Trace:
     at Microsoft.DotNet.Tools.Scaffold.Tests.AspNet.Integration.API.MinimalApiNet9IntegrationTests.Scaffold_MinimalApi_Net9_CliInvocation() in C:\Scaffolding\test\dotnet-scaffolding\dotnet-scaffold.Tests\AspNet\Integration\API\MinimalApiNet9IntegrationTests.cs:line 38
--- End of stack trace from previous location ---
[xUnit.net 00:02:48.02]     Microsoft.DotNet.Tools.Scaffold.Tests.AspNet.Integr
ation.API.MinimalApiNet9IntegrationTests.MinimalApiTemplates_AllFilesAreCshtml 
[FAIL]
[xUnit.net 00:02:48.02]       Assert.All() Failure: 6 out of 6 items in the collection did not pass.
[xUnit.net 00:02:48.02]       [0]: Item:  "C:\\Scaffolding\\src\\dotnet-scaffolding\\dotnet-s"┬╖┬╖┬╖
[xUnit.net 00:02:48.02]            Error: Assert.EndsWith() Failure: String end does not match
[xUnit.net 00:02:48.02]                   String:       ┬╖┬╖┬╖"Templates\\net9.0\\MinimalApi\\MinimalApi.cs"
[xUnit.net 00:02:48.02]                   Expected end: ".cshtml"
[xUnit.net 00:02:48.02]       [1]: Item:  "C:\\Scaffolding\\src\\dotnet-scaffolding\\dotnet-s"┬╖┬╖┬╖
[xUnit.net 00:02:48.02]            Error: Assert.EndsWith() Failure: String end does not match
[xUnit.net 00:02:48.02]                   String:       ┬╖┬╖┬╖"et9.0\\MinimalApi\\MinimalApi.Interfaces.cs"
[xUnit.net 00:02:48.02]                   Expected end: ".cshtml"
[xUnit.net 00:02:48.02]       [2]: Item:  "C:\\Scaffolding\\src\\dotnet-scaffolding\\dotnet-s"┬╖┬╖┬╖
[xUnit.net 00:02:48.02]            Error: Assert.EndsWith() Failure: String end does not match
[xUnit.net 00:02:48.02]                   String:       ┬╖┬╖┬╖"Templates\\net9.0\\MinimalApi\\MinimalApi.tt"
[xUnit.net 00:02:48.02]                   Expected end: ".cshtml"
[xUnit.net 00:02:48.02]       [3]: Item:  "C:\\Scaffolding\\src\\dotnet-scaffolding\\dotnet-s"┬╖┬╖┬╖
[xUnit.net 00:02:48.02]            Error: Assert.EndsWith() Failure: String end does not match
[xUnit.net 00:02:48.02]                   String:       ┬╖┬╖┬╖"mplates\\net9.0\\MinimalApi\\MinimalApiEf.cs"
[xUnit.net 00:02:48.02]                   Expected end: ".cshtml"
[xUnit.net 00:02:48.02]       [4]: Item:  "C:\\Scaffolding\\src\\dotnet-scaffolding\\dotnet-s"┬╖┬╖┬╖
[xUnit.net 00:02:48.02]            Error: Assert.EndsWith() Failure: String end does not match
[xUnit.net 00:02:48.02]                   String:       ┬╖┬╖┬╖"9.0\\MinimalApi\\MinimalApiEf.Interfaces.cs"
[xUnit.net 00:02:48.02]                   Expected end: ".cshtml"
[xUnit.net 00:02:48.02]       [5]: Item:  "C:\\Scaffolding\\src\\dotnet-scaffolding\\dotnet-s"┬╖┬╖┬╖
[xUnit.net 00:02:48.02]            Error: Assert.EndsWith() Failure: String end does not match
[xUnit.net 00:02:48.02]                   String:       ┬╖┬╖┬╖"mplates\\net9.0\\MinimalApi\\MinimalApiEf.tt"
[xUnit.net 00:02:48.02]                   Expected end: ".cshtml"
[xUnit.net 00:02:48.02]       Stack Trace:
[xUnit.net 00:02:48.02]         C:\Scaffolding\test\dotnet-scaffolding\dotnet-scaffold.Tests\AspNet\Integration\API\MinimalApiIntegrationTestsBase.cs(266,0): at Microsoft.DotNet.Tools.Scaffold.Tests.AspNet.Integration.MinimalApiIntegrationTestsBase.MinimalApiTemplates_AllFilesAreCshtml()
[xUnit.net 00:02:48.02]            at System.RuntimeMethodHandle.InvokeMethod(ObjectHandleOnStack target, Void** arguments, ObjectHandleOnStack sig, BOOL isConstructor, ObjectHandleOnStack result)
[xUnit.net 00:02:48.02]            at System.Reflection.MethodBaseInvoker.InterpretedInvoke_Method(Object obj, IntPtr* args)
[xUnit.net 00:02:48.03]            at System.Reflection.RuntimeMethodInfo.Invoke(Object obj, BindingFlags invokeAttr, Binder binder, Object[] parameters, CultureInfo culture)
  Failed Microsoft.DotNet.Tools.Scaffold.Tests.AspNet.Integration.API.MinimalApiNet9IntegrationTests.MinimalApiTemplates_AllFilesAreCshtml [2 ms]
  Error Message:
   Assert.All() Failure: 6 out of 6 items in the collection did not pass.
[0]: Item:  "C:\\Scaffolding\\src\\dotnet-scaffolding\\dotnet-s"┬╖┬╖┬╖
     Error: Assert.EndsWith() Failure: String end does not match
            String:       ┬╖┬╖┬╖"Templates\\net9.0\\MinimalApi\\MinimalApi.cs"
            Expected end: ".cshtml"
[1]: Item:  "C:\\Scaffolding\\src\\dotnet-scaffolding\\dotnet-s"┬╖┬╖┬╖
     Error: Assert.EndsWith() Failure: String end does not match
            String:       ┬╖┬╖┬╖"et9.0\\MinimalApi\\MinimalApi.Interfaces.cs"
            Expected end: ".cshtml"
[2]: Item:  "C:\\Scaffolding\\src\\dotnet-scaffolding\\dotnet-s"┬╖┬╖┬╖
     Error: Assert.EndsWith() Failure: String end does not match
            String:       ┬╖┬╖┬╖"Templates\\net9.0\\MinimalApi\\MinimalApi.tt"
            Expected end: ".cshtml"
[3]: Item:  "C:\\Scaffolding\\src\\dotnet-scaffolding\\dotnet-s"┬╖┬╖┬╖
     Error: Assert.EndsWith() Failure: String end does not match
            String:       ┬╖┬╖┬╖"mplates\\net9.0\\MinimalApi\\MinimalApiEf.cs"
            Expected end: ".cshtml"
[4]: Item:  "C:\\Scaffolding\\src\\dotnet-scaffolding\\dotnet-s"┬╖┬╖┬╖
     Error: Assert.EndsWith() Failure: String end does not match
            String:       ┬╖┬╖┬╖"9.0\\MinimalApi\\MinimalApiEf.Interfaces.cs"
            Expected end: ".cshtml"
[5]: Item:  "C:\\Scaffolding\\src\\dotnet-scaffolding\\dotnet-s"┬╖┬╖┬╖
     Error: Assert.EndsWith() Failure: String end does not match
            String:       ┬╖┬╖┬╖"mplates\\net9.0\\MinimalApi\\MinimalApiEf.tt"
            Expected end: ".cshtml"
  Stack Trace:
     at Microsoft.DotNet.Tools.Scaffold.Tests.AspNet.Integration.MinimalApiIntegrationTestsBase.MinimalApiTemplates_AllFilesAreCshtml() in C:\Scaffolding\test\dotnet-scaffolding\dotnet-scaffold.Tests\AspNet\Integration\API\MinimalApiIntegrationTestsBase.cs:line 266
   at System.RuntimeMethodHandle.InvokeMethod(ObjectHandleOnStack target, Void** arguments, ObjectHandleOnStack sig, BOOL isConstructor, ObjectHandleOnStack result)
   at System.Reflection.MethodBaseInvoker.InterpretedInvoke_Method(Object obj, IntPtr* args)
   at System.Reflection.RuntimeMethodInfo.Invoke(Object obj, BindingFlags invokeAttr, Binder binder, Object[] parameters, CultureInfo culture)
  Passed Microsoft.DotNet.Tools.Scaffold.Tests.AspNet.Integration.API.MinimalApiNet9IntegrationTests.ValidateMinimalApiStep_FailsWithNullProject [2 ms]
  Passed Microsoft.DotNet.Tools.Scaffold.Tests.AspNet.Integration.API.MinimalApiNet9IntegrationTests.ValidateMinimalApiStep_FailsWithEmptyProject [2 ms]
  Passed Microsoft.DotNet.Tools.Scaffold.Tests.AspNet.Integration.API.MinimalApiNet9IntegrationTests.MinimalApiTemplates_FolderExists [83 ms]
  Passed Microsoft.DotNet.Tools.Scaffold.Tests.AspNet.Integration.RazorPages.RazorPagesCrudNet8IntegrationTests.ValidateRazorPagesStep_FailsWithInvalidModel(model: null) [2 ms]
  Passed Microsoft.DotNet.Tools.Scaffold.Tests.AspNet.Integration.RazorPages.RazorPagesCrudNet8IntegrationTests.ValidateRazorPagesStep_FailsWithInvalidModel(model: "") [2 ms]
  Passed Microsoft.DotNet.Tools.Scaffold.Tests.AspNet.Integration.RazorPages.RazorPagesCrudNet8IntegrationTests.Templates_HasExpectedScaffolderFolder(folderName: "EfController") [2 ms]
  Passed Microsoft.DotNet.Tools.Scaffold.Tests.AspNet.Integration.RazorPages.RazorPagesCrudNet8IntegrationTests.Templates_HasExpectedScaffolderFolder(folderName: "RazorPages") [2 ms]
  Passed Microsoft.DotNet.Tools.Scaffold.Tests.AspNet.Integration.RazorPages.RazorPagesCrudNet8IntegrationTests.Templates_HasExpectedScaffolderFolder(folderName: "Files") [2 ms]
  Passed Microsoft.DotNet.Tools.Scaffold.Tests.AspNet.Integration.RazorPages.RazorPagesCrudNet8IntegrationTests.Templates_HasExpectedScaffolderFolder(folderName: "BlazorCrud") [2 ms]
  Passed Microsoft.DotNet.Tools.Scaffold.Tests.AspNet.Integration.RazorPages.RazorPagesCrudNet8IntegrationTests.Templates_HasExpectedScaffolderFolder(folderName: "Views") [1 ms]
  Passed Microsoft.DotNet.Tools.Scaffold.Tests.AspNet.Integration.RazorPages.RazorPagesCrudNet8IntegrationTests.Templates_HasExpectedScaffolderFolder(folderName: "CodeModificationConfigs") [1 ms]
  Passed Microsoft.DotNet.Tools.Scaffold.Tests.AspNet.Integration.RazorPages.RazorPagesCrudNet8IntegrationTests.Templates_HasExpectedScaffolderFolder(folderName: "BlazorIdentity") [1 ms]
  Passed Microsoft.DotNet.Tools.Scaffold.Tests.AspNet.Integration.RazorPages.RazorPagesCrudNet8IntegrationTests.Templates_HasExpectedScaffolderFolder(folderName: "MinimalApi") [2 ms]
  Passed Microsoft.DotNet.Tools.Scaffold.Tests.AspNet.Integration.RazorPages.RazorPagesCrudNet8IntegrationTests.Templates_HasExpectedScaffolderFolder(folderName: "Identity") [2 ms]
  Passed Microsoft.DotNet.Tools.Scaffold.Tests.AspNet.Integration.RazorPages.RazorPagesCrudNet8IntegrationTests.RazorPagesCrud_Category_DiffersFromMvcCategory [1 ms]
  Passed Microsoft.DotNet.Tools.Scaffold.Tests.AspNet.Integration.RazorPages.RazorPagesCrudNet8IntegrationTests.RazorPagesTemplates_HasExpectedFile(subfolder: "Bootstrap4", fileName: "ListPageModel.cshtml") [2 ms]
  Passed Microsoft.DotNet.Tools.Scaffold.Tests.AspNet.Integration.RazorPages.RazorPagesCrudNet8IntegrationTests.RazorPagesTemplates_HasExpectedFile(subfolder: "Bootstrap4", fileName: "Delete.cshtml") [2 ms]
  Passed Microsoft.DotNet.Tools.Scaffold.Tests.AspNet.Integration.RazorPages.RazorPagesCrudNet8IntegrationTests.RazorPagesTemplates_HasExpectedFile(subfolder: "Bootstrap4", fileName: "CreatePageModel.cshtml") [8 ms]
  Passed Microsoft.DotNet.Tools.Scaffold.Tests.AspNet.Integration.RazorPages.RazorPagesCrudNet8IntegrationTests.RazorPagesTemplates_HasExpectedFile(subfolder: "Bootstrap5", fileName: "Delete.cshtml") [2 ms]
  Passed Microsoft.DotNet.Tools.Scaffold.Tests.AspNet.Integration.RazorPages.RazorPagesCrudNet8IntegrationTests.RazorPagesTemplates_HasExpectedFile(subfolder: "Bootstrap5", fileName: "CreatePageModel.cshtml") [2 ms]
  Passed Microsoft.DotNet.Tools.Scaffold.Tests.AspNet.Integration.Blazor.RazorComponentNet9IntegrationTests.ExecuteAsync_GeneratedRazorFile_ContainsH3Heading [1 s]
  Passed Microsoft.DotNet.Tools.Scaffold.Tests.AspNet.Integration.RazorPages.RazorPagesCrudNet8IntegrationTests.RazorPagesTemplates_HasExpectedFile(subfolder: "Bootstrap5", fileName: "List.cshtml") [2 ms]
  Passed Microsoft.DotNet.Tools.Scaffold.Tests.AspNet.Integration.Blazor.RazorComponentNet9IntegrationTests.ExecuteAsync_ReturnsFalse_WhenFileNameIsEmpty [3 ms]
  Passed Microsoft.DotNet.Tools.Scaffold.Tests.AspNet.Integration.RazorPages.RazorPagesCrudNet8IntegrationTests.RazorPagesTemplates_HasExpectedFile(subfolder: "Bootstrap4", fileName: "Create.cshtml") [2 ms]
  Passed Microsoft.DotNet.Tools.Scaffold.Tests.AspNet.Integration.RazorPages.RazorPagesCrudNet8IntegrationTests.RazorPagesTemplates_HasExpectedFile(subfolder: "Bootstrap5", fileName: "Edit.cshtml") [1 ms]
  Passed Microsoft.DotNet.Tools.Scaffold.Tests.AspNet.Integration.RazorPages.RazorPagesCrudNet8IntegrationTests.RazorPagesTemplates_HasExpectedFile(subfolder: "Bootstrap4", fileName: "Edit.cshtml") [4 ms]
  Passed Microsoft.DotNet.Tools.Scaffold.Tests.AspNet.Integration.RazorPages.RazorPagesCrudNet8IntegrationTests.RazorPagesTemplates_HasExpectedFile(subfolder: "Bootstrap4", fileName: "EditPageModel.cshtml") [5 ms]
  Passed Microsoft.DotNet.Tools.Scaffold.Tests.AspNet.Integration.RazorPages.RazorPagesCrudNet8IntegrationTests.RazorPagesTemplates_HasExpectedFile(subfolder: "Bootstrap5", fileName: "ListPageModel.cshtml") [2 ms]
  Passed Microsoft.DotNet.Tools.Scaffold.Tests.AspNet.Integration.RazorPages.RazorPagesCrudNet8IntegrationTests.RazorPagesTemplates_HasExpectedFile(subfolder: "Bootstrap5", fileName: "DetailsPageModel.cshtml") [2 ms]
  Passed Microsoft.DotNet.Tools.Scaffold.Tests.AspNet.Integration.RazorPages.RazorPagesCrudNet8IntegrationTests.RazorPagesTemplates_HasExpectedFile(subfolder: "Bootstrap4", fileName: "DeletePageModel.cshtml") [2 ms]
  Passed Microsoft.DotNet.Tools.Scaffold.Tests.AspNet.Integration.RazorPages.RazorPagesCrudNet8IntegrationTests.RazorPagesTemplates_HasExpectedFile(subfolder: "Bootstrap5", fileName: "_ValidationScriptsPartial.cshtml") [2 ms]
  Passed Microsoft.DotNet.Tools.Scaffold.Tests.AspNet.Integration.RazorPages.RazorPagesCrudNet8IntegrationTests.RazorPagesTemplates_HasExpectedFile(subfolder: "Bootstrap5", fileName: "Create.cshtml") [3 ms]
  Passed Microsoft.DotNet.Tools.Scaffold.Tests.AspNet.Integration.RazorPages.RazorPagesCrudNet8IntegrationTests.RazorPagesTemplates_HasExpectedFile(subfolder: "Bootstrap5", fileName: "EditPageModel.cshtml") [2 ms]
  Passed Microsoft.DotNet.Tools.Scaffold.Tests.AspNet.Integration.RazorPages.RazorPagesCrudNet8IntegrationTests.RazorPagesTemplates_HasExpectedFile(subfolder: "Bootstrap4", fileName: "Details.cshtml") [2 ms]
  Passed Microsoft.DotNet.Tools.Scaffold.Tests.AspNet.Integration.RazorPages.RazorPagesCrudNet8IntegrationTests.RazorPagesTemplates_HasExpectedFile(subfolder: "Bootstrap5", fileName: "DeletePageModel.cshtml") [2 ms]
  Passed Microsoft.DotNet.Tools.Scaffold.Tests.AspNet.Integration.RazorPages.RazorPagesCrudNet8IntegrationTests.RazorPagesTemplates_HasExpectedFile(subfolder: "Bootstrap4", fileName: "List.cshtml") [2 ms]
  Passed Microsoft.DotNet.Tools.Scaffold.Tests.AspNet.Integration.RazorPages.RazorPagesCrudNet8IntegrationTests.RazorPagesTemplates_HasExpectedFile(subfolder: "Bootstrap4", fileName: "DetailsPageModel.cshtml") [2 ms]
  Passed Microsoft.DotNet.Tools.Scaffold.Tests.AspNet.Integration.RazorPages.RazorPagesCrudNet8IntegrationTests.RazorPagesTemplates_HasExpectedFile(subfolder: "Bootstrap5", fileName: "Details.cshtml") [2 ms]
  Passed Microsoft.DotNet.Tools.Scaffold.Tests.AspNet.Integration.RazorPages.RazorPagesCrudNet8IntegrationTests.RazorPagesTemplates_HasExpectedFile(subfolder: "Bootstrap4", fileName: "_ValidationScriptsPartial.cshtml") [2 ms]
  Passed Microsoft.DotNet.Tools.Scaffold.Tests.AspNet.Integration.RazorPages.RazorPagesCrudNet8IntegrationTests.RazorPagesCrud_IsDifferentFromBlazorCrud [2 ms]
  Passed Microsoft.DotNet.Tools.Scaffold.Tests.AspNet.Integration.RazorPages.RazorPagesCrudNet8IntegrationTests.ValidateRazorPagesStep_FailsWithEmptyModel [3 ms]
  Passed Microsoft.DotNet.Tools.Scaffold.Tests.AspNet.Integration.RazorPages.RazorPagesCrudNet8IntegrationTests.EfPackagesDict_ContainsAllFourProviders [1 ms]
  Passed Microsoft.DotNet.Tools.Scaffold.Tests.AspNet.Integration.RazorPages.RazorPagesCrudNet8IntegrationTests.ValidateRazorPagesStep_FailsWithNullPage [2 ms]
  Passed Microsoft.DotNet.Tools.Scaffold.Tests.AspNet.Integration.RazorPages.RazorPagesCrudNet8IntegrationTests.CrudPages_ContainsNotFound [1 ms]
  Passed Microsoft.DotNet.Tools.Scaffold.Tests.AspNet.Integration.RazorPages.RazorPagesCrudNet8IntegrationTests.ValidateRazorPagesStep_FailsWithEmptyProject [2 ms]
  Passed Microsoft.DotNet.Tools.Scaffold.Tests.AspNet.Integration.RazorPages.RazorPagesCrudNet8IntegrationTests.ValidateRazorPagesStep_TracksTelemetry_OnNullPageFailure [2 ms]
  Passed Microsoft.DotNet.Tools.Scaffold.Tests.AspNet.Integration.RazorPages.RazorPagesCrudNet8IntegrationTests.ValidateRazorPagesStep_FailsWithInvalidDataContext(dataContext: "") [29 ms]
  Passed Microsoft.DotNet.Tools.Scaffold.Tests.AspNet.Integration.RazorPages.RazorPagesCrudNet8IntegrationTests.ValidateRazorPagesStep_FailsWithInvalidDataContext(dataContext: null) [6 ms]
  Passed Microsoft.DotNet.Tools.Scaffold.Tests.AspNet.Integration.RazorPages.RazorPagesCrudNet8IntegrationTests.ValidateRazorPagesStep_FailsWithEmptyPage [2 ms]
  Passed Microsoft.DotNet.Tools.Scaffold.Tests.AspNet.Integration.RazorPages.RazorPagesCrudNet8IntegrationTests.RazorPagesCrud_IsDifferentFromMvcControllerCrud [2 ms]
  Passed Microsoft.DotNet.Tools.Scaffold.Tests.AspNet.Integration.RazorPages.RazorPagesCrudNet8IntegrationTests.ValidateRazorPagesStep_TracksTelemetry_OnNullDataContextFailure [2 ms]
  Passed Microsoft.DotNet.Tools.Scaffold.Tests.AspNet.Integration.RazorPages.RazorPagesCrudNet8IntegrationTests.ValidateRazorPagesStep_TracksTelemetry_OnNullProjectFailure [2 ms]
[xUnit.net 00:02:49.04]     Microsoft.DotNet.Tools.Scaffold.Tests.AspNet.Integr
ation.MVC.ControllerNet8IntegrationTests.Scaffold_MvcController_Net8_CliInvocat
ion [FAIL]
[xUnit.net 00:02:49.04]       CLI scaffold should succeed.
Output: C:\Program Files\dotnet\sdk\11.0.100-preview.1.26076.102\Microsoft.Common.CurrentVersion.targets(5094,5): warning MSB3026: Could not copy "C:\Scaffolding\artifacts\bin\Microsoft.DotNet.Scaffolding.CodeModification\Debug\net11.0\Microsoft.DotNet.Scaffolding.CodeModification.dll" to "C:\Scaffolding\artifacts\bin\dotnet-scaffold\Debug\net11.0\Microsoft.DotNet.Scaffolding.CodeModification.dll". Beginning retry 1 in 1000ms. The process cannot access the file 'C:\Scaffolding\artifacts\bin\dotnet-scaffold\Debug\net11.0\Microsoft.DotNet.Scaffolding.CodeModification.dll' because it is being used by another process. The file is locked by: "dotnet-scaffold (82904), dotnet-scaffold (49964), dotnet-scaffold (38348), dotnet-scaffold (33444), dotnet-scaffold (20952), dotnet-scaffold (80780), dotnet-scaffold (32408), .NET Host (69048), .NET Host (44224), .NET Host (21204), .NET Host (82760)" [C:\Scaffolding\src\dotnet-scaffolding\dotnet-scaffold\dotnet-scaffold.csproj::TargetFramework=net11.0]
[xUnit.net 00:02:49.04]       C:\Program Files\dotnet\sdk\11.0.100-preview.1.26076.102\Microsoft.Common.CurrentVersion.targets(5094,5): warning MSB3026: Could not copy "C:\Scaffolding\artifacts\bin\Microsoft.DotNet.Scaffolding.CodeModification\Debug\net11.0\Microsoft.DotNet.Scaffolding.CodeModification.dll" to "C:\Scaffolding\artifacts\bin\dotnet-scaffold\Debug\net11.0\Microsoft.DotNet.Scaffolding.CodeModification.dll". Beginning retry 2 in 1000ms. The process cannot access the file 'C:\Scaffolding\artifacts\bin\dotnet-scaffold\Debug\net11.0\Microsoft.DotNet.Scaffolding.CodeModification.dll' because it is being used by another process. The file is locked by: ".NET Host (88448), .NET Host (58960), .NET Host (82760), .NET Host (10324), dotnet-scaffold (82904), dotnet-scaffold (49964), dotnet-scaffold (38348), dotnet-scaffold (33444), dotnet-scaffold (20952), dotnet-scaffold (80780), dotnet-scaffold (32408), .NET Host (44224)" [C:\Scaffolding\src\dotnet-scaffolding\dotnet-scaffold\dotnet-scaffold.csproj::TargetFramework=net11.0]
[xUnit.net 00:02:49.04]       C:\Program Files\dotnet\sdk\11.0.100-preview.1.26076.102\Microsoft.Common.CurrentVersion.targets(5094,5): warning MSB3026: Could not copy "C:\Scaffolding\artifacts\bin\Microsoft.DotNet.Scaffolding.CodeModification\Debug\net11.0\Microsoft.DotNet.Scaffolding.CodeModification.dll" to "C:\Scaffolding\artifacts\bin\dotnet-scaffold\Debug\net11.0\Microsoft.DotNet.Scaffolding.CodeModification.dll". Beginning retry 3 in 1000ms. The process cannot access the file 'C:\Scaffolding\artifacts\bin\dotnet-scaffold\Debug\net11.0\Microsoft.DotNet.Scaffolding.CodeModification.dll' because it is being used by another process. The file is locked by: ".NET Host (69756), .NET Host (21204), dotnet-scaffold (82904), dotnet-scaffold (49964), dotnet-scaffold (38348), dotnet-scaffold (33444), dotnet-scaffold (20952), dotnet-scaffold (80780), dotnet-scaffold (32408)" [C:\Scaffolding\src\dotnet-scaffolding\dotnet-scaffold\dotnet-scaffold.csproj::TargetFramework=net11.0]
[xUnit.net 00:02:49.04]       C:\Program Files\dotnet\sdk\11.0.100-preview.1.26076.102\Microsoft.Common.CurrentVersion.targets(5094,5): warning MSB3026: Could not copy "C:\Scaffolding\artifacts\bin\Microsoft.DotNet.Scaffolding.CodeModification\Debug\net11.0\Microsoft.DotNet.Scaffolding.CodeModification.dll" to "C:\Scaffolding\artifacts\bin\dotnet-scaffold\Debug\net11.0\Microsoft.DotNet.Scaffolding.CodeModification.dll". Beginning retry 4 in 1000ms. The process cannot access the file 'C:\Scaffolding\artifacts\bin\dotnet-scaffold\Debug\net11.0\Microsoft.DotNet.Scaffolding.CodeModification.dll' because it is being used by another process. The file is locked by: ".NET Host (44224), dotnet-scaffold (82904), dotnet-scaffold (49964), dotnet-scaffold (38348), dotnet-scaffold (33444), dotnet-scaffold (20952), dotnet-scaffold (80780), dotnet-scaffold (32408), .NET Host (10324)" [C:\Scaffolding\src\dotnet-scaffolding\dotnet-scaffold\dotnet-scaffold.csproj::TargetFramework=net11.0]
[xUnit.net 00:02:49.04]       C:\Program Files\dotnet\sdk\11.0.100-preview.1.26076.102\Microsoft.Common.CurrentVersion.targets(5094,5): warning MSB3026: Could not copy "C:\Scaffolding\artifacts\bin\Microsoft.DotNet.Scaffolding.CodeModification\Debug\net11.0\Microsoft.DotNet.Scaffolding.CodeModification.dll" to "C:\Scaffolding\artifacts\bin\dotnet-scaffold\Debug\net11.0\Microsoft.DotNet.Scaffolding.CodeModification.dll". Beginning retry 5 in 1000ms. The process cannot access the file 'C:\Scaffolding\artifacts\bin\dotnet-scaffold\Debug\net11.0\Microsoft.DotNet.Scaffolding.CodeModification.dll' because it is being used by another process. The file is locked by: ".NET Host (26576), .NET Host (58960), .NET Host (82760), dotnet-scaffold (82904), dotnet-scaffold (49964), dotnet-scaffold (38348), dotnet-scaffold (33444), dotnet-scaffold (20952), dotnet-scaffold (80780), dotnet-scaffold (32408), .NET Host (10324), .NET Host (44224)" [C:\Scaffolding\src\dotnet-scaffolding\dotnet-scaffold\dotnet-scaffold.csproj::TargetFramework=net11.0]
[xUnit.net 00:02:49.04]       C:\Program Files\dotnet\sdk\11.0.100-preview.1.26076.102\Microsoft.Common.CurrentVersion.targets(5094,5): warning MSB3026: Could not copy "C:\Scaffolding\artifacts\bin\Microsoft.DotNet.Scaffolding.CodeModification\Debug\net11.0\Microsoft.DotNet.Scaffolding.CodeModification.dll" to "C:\Scaffolding\artifacts\bin\dotnet-scaffold\Debug\net11.0\Microsoft.DotNet.Scaffolding.CodeModification.dll". Beginning retry 6 in 1000ms. The process cannot access the file 'C:\Scaffolding\artifacts\bin\dotnet-scaffold\Debug\net11.0\Microsoft.DotNet.Scaffolding.CodeModification.dll' because it is being used by another process. The file is locked by: ".NET Host (21204), dotnet-scaffold (82904), dotnet-scaffold (49964), dotnet-scaffold (38348), dotnet-scaffold (33444), dotnet-scaffold (20952), dotnet-scaffold (80780), dotnet-scaffold (32408), .NET Host (66676), .NET Host (44224), .NET Host (69048), .NET Host (82760), .NET Host (10324)" [C:\Scaffolding\src\dotnet-scaffolding\dotnet-scaffold\dotnet-scaffold.csproj::TargetFramework=net11.0]
[xUnit.net 00:02:49.04]       C:\Program Files\dotnet\sdk\11.0.100-preview.1.26076.102\Microsoft.Common.CurrentVersion.targets(5094,5): warning MSB3026: Could not copy "C:\Scaffolding\artifacts\bin\Microsoft.DotNet.Scaffolding.CodeModification\Debug\net11.0\Microsoft.DotNet.Scaffolding.CodeModification.dll" to "C:\Scaffolding\artifacts\bin\dotnet-scaffold\Debug\net11.0\Microsoft.DotNet.Scaffolding.CodeModification.dll". Beginning retry 7 in 1000ms. The process cannot access the file 'C:\Scaffolding\artifacts\bin\dotnet-scaffold\Debug\net11.0\Microsoft.DotNet.Scaffolding.CodeModification.dll' because it is being used by another process. The file is locked by: ".NET Host (88448), .NET Host (58960), .NET Host (66676), dotnet-scaffold (82904), dotnet-scaffold (49964), dotnet-scaffold (38348), dotnet-scaffold (33444), dotnet-scaffold (20952), dotnet-scaffold (80780), dotnet-scaffold (32408), .NET Host (21204)" [C:\Scaffolding\src\dotnet-scaffolding\dotnet-scaffold\dotnet-scaffold.csproj::TargetFramework=net11.0]
[xUnit.net 00:02:49.04]       C:\Program Files\dotnet\sdk\11.0.100-preview.1.26076.102\Microsoft.Common.CurrentVersion.targets(5094,5): warning MSB3026: Could not copy "C:\Scaffolding\artifacts\bin\Microsoft.DotNet.Scaffolding.CodeModification\Debug\net11.0\Microsoft.DotNet.Scaffolding.CodeModification.dll" to "C:\Scaffolding\artifacts\bin\dotnet-scaffold\Debug\net11.0\Microsoft.DotNet.Scaffolding.CodeModification.dll". Beginning retry 8 in 1000ms. The process cannot access the file 'C:\Scaffolding\artifacts\bin\dotnet-scaffold\Debug\net11.0\Microsoft.DotNet.Scaffolding.CodeModification.dll' because it is being used by another process. The file is locked by: ".NET Host (69756), .NET Host (58960), .NET Host (10324), dotnet-scaffold (82904), dotnet-scaffold (38348), dotnet-scaffold (33444), dotnet-scaffold (20952), dotnet-scaffold (32408)" [C:\Scaffolding\src\dotnet-scaffolding\dotnet-scaffold\dotnet-scaffold.csproj::TargetFramework=net11.0]
[xUnit.net 00:02:49.04]       C:\Program Files\dotnet\sdk\11.0.100-preview.1.26076.102\Microsoft.Common.CurrentVersion.targets(5094,5): warning MSB3026: Could not copy "C:\Scaffolding\artifacts\bin\Microsoft.DotNet.Scaffolding.CodeModification\Debug\net11.0\Microsoft.DotNet.Scaffolding.CodeModification.dll" to "C:\Scaffolding\artifacts\bin\dotnet-scaffold\Debug\net11.0\Microsoft.DotNet.Scaffolding.CodeModification.dll". Beginning retry 9 in 1000ms. The process cannot access the file 'C:\Scaffolding\artifacts\bin\dotnet-scaffold\Debug\net11.0\Microsoft.DotNet.Scaffolding.CodeModification.dll' because it is being used by another process. The file is locked by: "dotnet-scaffold (82904), dotnet-scaffold (38348), dotnet-scaffold (33444), dotnet-scaffold (32408)" [C:\Scaffolding\src\dotnet-scaffolding\dotnet-scaffold\dotnet-scaffold.csproj::TargetFramework=net11.0]
[xUnit.net 00:02:49.04]       C:\Program Files\dotnet\sdk\11.0.100-preview.1.26076.102\Microsoft.Common.CurrentVersion.targets(5094,5): warning MSB3026: Could not copy "C:\Scaffolding\artifacts\bin\Microsoft.DotNet.Scaffolding.CodeModification\Debug\net11.0\Microsoft.DotNet.Scaffolding.CodeModification.dll" to "C:\Scaffolding\artifacts\bin\dotnet-scaffold\Debug\net11.0\Microsoft.DotNet.Scaffolding.CodeModification.dll". Beginning retry 10 in 1000ms. The process cannot access the file 'C:\Scaffolding\artifacts\bin\dotnet-scaffold\Debug\net11.0\Microsoft.DotNet.Scaffolding.CodeModification.dll' because it is being used by another process. The file is locked by: "dotnet-scaffold (82904), dotnet-scaffold (38348), dotnet-scaffold (33444), dotnet-scaffold (32408)" [C:\Scaffolding\src\dotnet-scaffolding\dotnet-scaffold\dotnet-scaffold.csproj::TargetFramework=net11.0]
[xUnit.net 00:02:49.04]       C:\Program Files\dotnet\sdk\11.0.100-preview.1.26076.102\Microsoft.Common.CurrentVersion.targets(5094,5): error MSB3027: Could not copy "C:\Scaffolding\artifacts\bin\Microsoft.DotNet.Scaffolding.CodeModification\Debug\net11.0\Microsoft.DotNet.Scaffolding.CodeModification.dll" to "C:\Scaffolding\artifacts\bin\dotnet-scaffold\Debug\net11.0\Microsoft.DotNet.Scaffolding.CodeModification.dll". Exceeded retry count of 10. Failed. The file is locked by: ".NET Host (10324), dotnet-scaffold (82904), dotnet-scaffold (38348), dotnet-scaffold (33444), dotnet-scaffold (32408)" [C:\Scaffolding\src\dotnet-scaffolding\dotnet-scaffold\dotnet-scaffold.csproj::TargetFramework=net11.0]
[xUnit.net 00:02:49.04]       C:\Program Files\dotnet\sdk\11.0.100-preview.1.26076.102\Microsoft.Common.CurrentVersion.targets(5094,5): error MSB3021: Unable to copy file "C:\Scaffolding\artifacts\bin\Microsoft.DotNet.Scaffolding.CodeModification\Debug\net11.0\Microsoft.DotNet.Scaffolding.CodeModification.dll" to "C:\Scaffolding\artifacts\bin\dotnet-scaffold\Debug\net11.0\Microsoft.DotNet.Scaffolding.CodeModification.dll". The process cannot access the file 'C:\Scaffolding\artifacts\bin\dotnet-scaffold\Debug\net11.0\Microsoft.DotNet.Scaffolding.CodeModification.dll' because it is being used by another process. [C:\Scaffolding\src\dotnet-scaffolding\dotnet-scaffold\dotnet-scaffold.csproj::TargetFramework=net11.0]
[xUnit.net 00:02:49.04]       
Error: 
[xUnit.net 00:02:49.04]       The build failed. Fix the build errors and run again.
[xUnit.net 00:02:49.04]       
[xUnit.net 00:02:49.04]       Stack Trace:
[xUnit.net 00:02:49.04]         C:\Scaffolding\test\dotnet-scaffolding\dotnet-scaffold.Tests\AspNet\Integration\MVC\ControllerNet8IntegrationTests.cs(37,0): at Microsoft.DotNet.Tools.Scaffold.Tests.AspNet.Integration.MVC.ControllerNet8IntegrationTests.Scaffold_MvcController_Net8_CliInvocation()
[xUnit.net 00:02:49.04]         --- End of stack trace from previous location ---
  Passed Microsoft.DotNet.Tools.Scaffold.Tests.AspNet.Integration.RazorPages.RazorPagesCrudNet8IntegrationTests.CrudPages_ContainsExpectedPageTypes [2 ms]
  Passed Microsoft.DotNet.Tools.Scaffold.Tests.AspNet.Integration.RazorPages.RazorPagesCrudNet8IntegrationTests.ValidateRazorPagesStep_FailsWithInvalidPage(page: null) [8 ms]
  Passed Microsoft.DotNet.Tools.Scaffold.Tests.AspNet.Integration.RazorPages.RazorPagesCrudNet8IntegrationTests.ValidateRazorPagesStep_FailsWithInvalidPage(page: "") [2 ms]
  Passed Microsoft.DotNet.Tools.Scaffold.Tests.AspNet.Integration.RazorPages.RazorPagesCrudNet8IntegrationTests.ValidateRazorPagesStep_FailsWithNullProject [2 ms]
  Passed Microsoft.DotNet.Tools.Scaffold.Tests.AspNet.Integration.RazorPageEmptyNet11IntegrationTests.ExecuteAsync_TracksTelemetryEvent_WhenSettingsAreValid [2 s]
  Passed Microsoft.DotNet.Tools.Scaffold.Tests.AspNet.Integration.RazorPageEmptyNet11IntegrationTests.ExecuteAsync_ReturnsFalse_WhenFileNameIsNull [2 ms]
  Passed Microsoft.DotNet.Tools.Scaffold.Tests.AspNet.Integration.RazorPageEmptyNet11IntegrationTests.Constructor_InitializesCorrectly [2 ms]
  Failed Microsoft.DotNet.Tools.Scaffold.Tests.AspNet.Integration.MVC.ControllerNet8IntegrationTests.Scaffold_MvcController_Net8_CliInvocation [2 m 35 s]
  Error Message:
   CLI scaffold should succeed.
Output: C:\Program Files\dotnet\sdk\11.0.100-preview.1.26076.102\Microsoft.Common.CurrentVersion.targets(5094,5): warning MSB3026: Could not copy "C:\Scaffolding\artifacts\bin\Microsoft.DotNet.Scaffolding.CodeModification\Debug\net11.0\Microsoft.DotNet.Scaffolding.CodeModification.dll" to "C:\Scaffolding\artifacts\bin\dotnet-scaffold\Debug\net11.0\Microsoft.DotNet.Scaffolding.CodeModification.dll". Beginning retry 1 in 1000ms. The process cannot access the file 'C:\Scaffolding\artifacts\bin\dotnet-scaffold\Debug\net11.0\Microsoft.DotNet.Scaffolding.CodeModification.dll' because it is being used by another process. The file is locked by: "dotnet-scaffold (82904), dotnet-scaffold (49964), dotnet-scaffold (38348), dotnet-scaffold (33444), dotnet-scaffold (20952), dotnet-scaffold (80780), dotnet-scaffold (32408), .NET Host (69048), .NET Host (44224), .NET Host (21204), .NET Host (82760)" [C:\Scaffolding\src\dotnet-scaffolding\dotnet-scaffold\dotnet-scaffold.csproj::TargetFramework=net11.0]
C:\Program Files\dotnet\sdk\11.0.100-preview.1.26076.102\Microsoft.Common.CurrentVersion.targets(5094,5): warning MSB3026: Could not copy "C:\Scaffolding\artifacts\bin\Microsoft.DotNet.Scaffolding.CodeModification\Debug\net11.0\Microsoft.DotNet.Scaffolding.CodeModification.dll" to "C:\Scaffolding\artifacts\bin\dotnet-scaffold\Debug\net11.0\Microsoft.DotNet.Scaffolding.CodeModification.dll". Beginning retry 2 in 1000ms. The process cannot access the file 'C:\Scaffolding\artifacts\bin\dotnet-scaffold\Debug\net11.0\Microsoft.DotNet.Scaffolding.CodeModification.dll' because it is being used by another process. The file is locked by: ".NET Host (88448), .NET Host (58960), .NET Host (82760), .NET Host (10324), dotnet-scaffold (82904), dotnet-scaffold (49964), dotnet-scaffold (38348), dotnet-scaffold (33444), dotnet-scaffold (20952), dotnet-scaffold (80780), dotnet-scaffold (32408), .NET Host (44224)" [C:\Scaffolding\src\dotnet-scaffolding\dotnet-scaffold\dotnet-scaffold.csproj::TargetFramework=net11.0]
C:\Program Files\dotnet\sdk\11.0.100-preview.1.26076.102\Microsoft.Common.CurrentVersion.targets(5094,5): warning MSB3026: Could not copy "C:\Scaffolding\artifacts\bin\Microsoft.DotNet.Scaffolding.CodeModification\Debug\net11.0\Microsoft.DotNet.Scaffolding.CodeModification.dll" to "C:\Scaffolding\artifacts\bin\dotnet-scaffold\Debug\net11.0\Microsoft.DotNet.Scaffolding.CodeModification.dll". Beginning retry 3 in 1000ms. The process cannot access the file 'C:\Scaffolding\artifacts\bin\dotnet-scaffold\Debug\net11.0\Microsoft.DotNet.Scaffolding.CodeModification.dll' because it is being used by another process. The file is locked by: ".NET Host (69756), .NET Host (21204), dotnet-scaffold (82904), dotnet-scaffold (49964), dotnet-scaffold (38348), dotnet-scaffold (33444), dotnet-scaffold (20952), dotnet-scaffold (80780), dotnet-scaffold (32408)" [C:\Scaffolding\src\dotnet-scaffolding\dotnet-scaffold\dotnet-scaffold.csproj::TargetFramework=net11.0]
C:\Program Files\dotnet\sdk\11.0.100-preview.1.26076.102\Microsoft.Common.CurrentVersion.targets(5094,5): warning MSB3026: Could not copy "C:\Scaffolding\artifacts\bin\Microsoft.DotNet.Scaffolding.CodeModification\Debug\net11.0\Microsoft.DotNet.Scaffolding.CodeModification.dll" to "C:\Scaffolding\artifacts\bin\dotnet-scaffold\Debug\net11.0\Microsoft.DotNet.Scaffolding.CodeModification.dll". Beginning retry 4 in 1000ms. The process cannot access the file 'C:\Scaffolding\artifacts\bin\dotnet-scaffold\Debug\net11.0\Microsoft.DotNet.Scaffolding.CodeModification.dll' because it is being used by another process. The file is locked by: ".NET Host (44224), dotnet-scaffold (82904), dotnet-scaffold (49964), dotnet-scaffold (38348), dotnet-scaffold (33444), dotnet-scaffold (20952), dotnet-scaffold (80780), dotnet-scaffold (32408), .NET Host (10324)" [C:\Scaffolding\src\dotnet-scaffolding\dotnet-scaffold\dotnet-scaffold.csproj::TargetFramework=net11.0]
C:\Program Files\dotnet\sdk\11.0.100-preview.1.26076.102\Microsoft.Common.CurrentVersion.targets(5094,5): warning MSB3026: Could not copy "C:\Scaffolding\artifacts\bin\Microsoft.DotNet.Scaffolding.CodeModification\Debug\net11.0\Microsoft.DotNet.Scaffolding.CodeModification.dll" to "C:\Scaffolding\artifacts\bin\dotnet-scaffold\Debug\net11.0\Microsoft.DotNet.Scaffolding.CodeModification.dll". Beginning retry 5 in 1000ms. The process cannot access the file 'C:\Scaffolding\artifacts\bin\dotnet-scaffold\Debug\net11.0\Microsoft.DotNet.Scaffolding.CodeModification.dll' because it is being used by another process. The file is locked by: ".NET Host (26576), .NET Host (58960), .NET Host (82760), dotnet-scaffold (82904), dotnet-scaffold (49964), dotnet-scaffold (38348), dotnet-scaffold (33444), dotnet-scaffold (20952), dotnet-scaffold (80780), dotnet-scaffold (32408), .NET Host (10324), .NET Host (44224)" [C:\Scaffolding\src\dotnet-scaffolding\dotnet-scaffold\dotnet-scaffold.csproj::TargetFramework=net11.0]
C:\Program Files\dotnet\sdk\11.0.100-preview.1.26076.102\Microsoft.Common.CurrentVersion.targets(5094,5): warning MSB3026: Could not copy "C:\Scaffolding\artifacts\bin\Microsoft.DotNet.Scaffolding.CodeModification\Debug\net11.0\Microsoft.DotNet.Scaffolding.CodeModification.dll" to "C:\Scaffolding\artifacts\bin\dotnet-scaffold\Debug\net11.0\Microsoft.DotNet.Scaffolding.CodeModification.dll". Beginning retry 6 in 1000ms. The process cannot access the file 'C:\Scaffolding\artifacts\bin\dotnet-scaffold\Debug\net11.0\Microsoft.DotNet.Scaffolding.CodeModification.dll' because it is being used by another process. The file is locked by: ".NET Host (21204), dotnet-scaffold (82904), dotnet-scaffold (49964), dotnet-scaffold (38348), dotnet-scaffold (33444), dotnet-scaffold (20952), dotnet-scaffold (80780), dotnet-scaffold (32408), .NET Host (66676), .NET Host (44224), .NET Host (69048), .NET Host (82760), .NET Host (10324)" [C:\Scaffolding\src\dotnet-scaffolding\dotnet-scaffold\dotnet-scaffold.csproj::TargetFramework=net11.0]
C:\Program Files\dotnet\sdk\11.0.100-preview.1.26076.102\Microsoft.Common.CurrentVersion.targets(5094,5): warning MSB3026: Could not copy "C:\Scaffolding\artifacts\bin\Microsoft.DotNet.Scaffolding.CodeModification\Debug\net11.0\Microsoft.DotNet.Scaffolding.CodeModification.dll" to "C:\Scaffolding\artifacts\bin\dotnet-scaffold\Debug\net11.0\Microsoft.DotNet.Scaffolding.CodeModification.dll". Beginning retry 7 in 1000ms. The process cannot access the file 'C:\Scaffolding\artifacts\bin\dotnet-scaffold\Debug\net11.0\Microsoft.DotNet.Scaffolding.CodeModification.dll' because it is being used by another process. The file is locked by: ".NET Host (88448), .NET Host (58960), .NET Host (66676), dotnet-scaffold (82904), dotnet-scaffold (49964), dotnet-scaffold (38348), dotnet-scaffold (33444), dotnet-scaffold (20952), dotnet-scaffold (80780), dotnet-scaffold (32408), .NET Host (21204)" [C:\Scaffolding\src\dotnet-scaffolding\dotnet-scaffold\dotnet-scaffold.csproj::TargetFramework=net11.0]
C:\Program Files\dotnet\sdk\11.0.100-preview.1.26076.102\Microsoft.Common.CurrentVersion.targets(5094,5): warning MSB3026: Could not copy "C:\Scaffolding\artifacts\bin\Microsoft.DotNet.Scaffolding.CodeModification\Debug\net11.0\Microsoft.DotNet.Scaffolding.CodeModification.dll" to "C:\Scaffolding\artifacts\bin\dotnet-scaffold\Debug\net11.0\Microsoft.DotNet.Scaffolding.CodeModification.dll". Beginning retry 8 in 1000ms. The process cannot access the file 'C:\Scaffolding\artifacts\bin\dotnet-scaffold\Debug\net11.0\Microsoft.DotNet.Scaffolding.CodeModification.dll' because it is being used by another process. The file is locked by: ".NET Host (69756), .NET Host (58960), .NET Host (10324), dotnet-scaffold (82904), dotnet-scaffold (38348), dotnet-scaffold (33444), dotnet-scaffold (20952), dotnet-scaffold (32408)" [C:\Scaffolding\src\dotnet-scaffolding\dotnet-scaffold\dotnet-scaffold.csproj::TargetFramework=net11.0]
C:\Program Files\dotnet\sdk\11.0.100-preview.1.26076.102\Microsoft.Common.CurrentVersion.targets(5094,5): warning MSB3026: Could not copy "C:\Scaffolding\artifacts\bin\Microsoft.DotNet.Scaffolding.CodeModification\Debug\net11.0\Microsoft.DotNet.Scaffolding.CodeModification.dll" to "C:\Scaffolding\artifacts\bin\dotnet-scaffold\Debug\net11.0\Microsoft.DotNet.Scaffolding.CodeModification.dll". Beginning retry 9 in 1000ms. The process cannot access the file 'C:\Scaffolding\artifacts\bin\dotnet-scaffold\Debug\net11.0\Microsoft.DotNet.Scaffolding.CodeModification.dll' because it is being used by another process. The file is locked by: "dotnet-scaffold (82904), dotnet-scaffold (38348), dotnet-scaffold (33444), dotnet-scaffold (32408)" [C:\Scaffolding\src\dotnet-scaffolding\dotnet-scaffold\dotnet-scaffold.csproj::TargetFramework=net11.0]
C:\Program Files\dotnet\sdk\11.0.100-preview.1.26076.102\Microsoft.Common.CurrentVersion.targets(5094,5): warning MSB3026: Could not copy "C:\Scaffolding\artifacts\bin\Microsoft.DotNet.Scaffolding.CodeModification\Debug\net11.0\Microsoft.DotNet.Scaffolding.CodeModification.dll" to "C:\Scaffolding\artifacts\bin\dotnet-scaffold\Debug\net11.0\Microsoft.DotNet.Scaffolding.CodeModification.dll". Beginning retry 10 in 1000ms. The process cannot access the file 'C:\Scaffolding\artifacts\bin\dotnet-scaffold\Debug\net11.0\Microsoft.DotNet.Scaffolding.CodeModification.dll' because it is being used by another process. The file is locked by: "dotnet-scaffold (82904), dotnet-scaffold (38348), dotnet-scaffold (33444), dotnet-scaffold (32408)" [C:\Scaffolding\src\dotnet-scaffolding\dotnet-scaffold\dotnet-scaffold.csproj::TargetFramework=net11.0]
C:\Program Files\dotnet\sdk\11.0.100-preview.1.26076.102\Microsoft.Common.CurrentVersion.targets(5094,5): error MSB3027: Could not copy "C:\Scaffolding\artifacts\bin\Microsoft.DotNet.Scaffolding.CodeModification\Debug\net11.0\Microsoft.DotNet.Scaffolding.CodeModification.dll" to "C:\Scaffolding\artifacts\bin\dotnet-scaffold\Debug\net11.0\Microsoft.DotNet.Scaffolding.CodeModification.dll". Exceeded retry count of 10. Failed. The file is locked by: ".NET Host (10324), dotnet-scaffold (82904), dotnet-scaffold (38348), dotnet-scaffold (33444), dotnet-scaffold (32408)" [C:\Scaffolding\src\dotnet-scaffolding\dotnet-scaffold\dotnet-scaffold.csproj::TargetFramework=net11.0]
C:\Program Files\dotnet\sdk\11.0.100-preview.1.26076.102\Microsoft.Common.CurrentVersion.targets(5094,5): error MSB3021: Unable to copy file "C:\Scaffolding\artifacts\bin\Microsoft.DotNet.Scaffolding.CodeModification\Debug\net11.0\Microsoft.DotNet.Scaffolding.CodeModification.dll" to "C:\Scaffolding\artifacts\bin\dotnet-scaffold\Debug\net11.0\Microsoft.DotNet.Scaffolding.CodeModification.dll". The process cannot access the file 'C:\Scaffolding\artifacts\bin\dotnet-scaffold\Debug\net11.0\Microsoft.DotNet.Scaffolding.CodeModification.dll' because it is being used by another process. [C:\Scaffolding\src\dotnet-scaffolding\dotnet-scaffold\dotnet-scaffold.csproj::TargetFramework=net11.0]

Error: 
The build failed. Fix the build errors and run again.

  Stack Trace:
     at Microsoft.DotNet.Tools.Scaffold.Tests.AspNet.Integration.MVC.ControllerNet8IntegrationTests.Scaffold_MvcController_Net8_CliInvocation() in C:\Scaffolding\test\dotnet-scaffolding\dotnet-scaffold.Tests\AspNet\Integration\MVC\ControllerNet8IntegrationTests.cs:line 37
--- End of stack trace from previous location ---
[xUnit.net 00:02:49.16]     Microsoft.DotNet.Tools.Scaffold.Tests.AspNet.Integr
ation.RazorViewEmptyNet10IntegrationTests.Scaffold_RazorViewEmpty_Net10_CliInvo
cation [FAIL]
[xUnit.net 00:02:49.16]       CLI scaffold should succeed.
Output: C:\Program Files\dotnet\sdk\11.0.100-preview.1.26076.102\Microsoft.Common.CurrentVersion.targets(5094,5): warning MSB3026: Could not copy "C:\Scaffolding\artifacts\bin\Microsoft.DotNet.Scaffolding.CodeModification\Debug\net11.0\Microsoft.DotNet.Scaffolding.CodeModification.dll" to "C:\Scaffolding\artifacts\bin\dotnet-scaffold\Debug\net11.0\Microsoft.DotNet.Scaffolding.CodeModification.dll". Beginning retry 1 in 1000ms. The process cannot access the file 'C:\Scaffolding\artifacts\bin\dotnet-scaffold\Debug\net11.0\Microsoft.DotNet.Scaffolding.CodeModification.dll' because it is being used by another process. The file is locked by: "dotnet-scaffold (82904), dotnet-scaffold (49964), dotnet-scaffold (38348), dotnet-scaffold (33444), dotnet-scaffold (20952), dotnet-scaffold (80780), dotnet-scaffold (32408), .NET Host (88448), .NET Host (26576)" [C:\Scaffolding\src\dotnet-scaffolding\dotnet-scaffold\dotnet-scaffold.csproj::TargetFramework=net11.0]
[xUnit.net 00:02:49.16]       C:\Program Files\dotnet\sdk\11.0.100-preview.1.26076.102\Microsoft.Common.CurrentVersion.targets(5094,5): warning MSB3026: Could not copy "C:\Scaffolding\artifacts\bin\Microsoft.DotNet.Scaffolding.CodeModification\Debug\net11.0\Microsoft.DotNet.Scaffolding.CodeModification.dll" to "C:\Scaffolding\artifacts\bin\dotnet-scaffold\Debug\net11.0\Microsoft.DotNet.Scaffolding.CodeModification.dll". Beginning retry 2 in 1000ms. The process cannot access the file 'C:\Scaffolding\artifacts\bin\dotnet-scaffold\Debug\net11.0\Microsoft.DotNet.Scaffolding.CodeModification.dll' because it is being used by another process. The file is locked by: ".NET Host (26576), .NET Host (44224), dotnet-scaffold (82904), dotnet-scaffold (49964), dotnet-scaffold (38348), dotnet-scaffold (33444), dotnet-scaffold (20952), dotnet-scaffold (80780), dotnet-scaffold (32408), .NET Host (88448), .NET Host (69048), .NET Host (82140)" [C:\Scaffolding\src\dotnet-scaffolding\dotnet-scaffold\dotnet-scaffold.csproj::TargetFramework=net11.0]
[xUnit.net 00:02:49.16]       C:\Program Files\dotnet\sdk\11.0.100-preview.1.26076.102\Microsoft.Common.CurrentVersion.targets(5094,5): warning MSB3026: Could not copy "C:\Scaffolding\artifacts\bin\Microsoft.DotNet.Scaffolding.CodeModification\Debug\net11.0\Microsoft.DotNet.Scaffolding.CodeModification.dll" to "C:\Scaffolding\artifacts\bin\dotnet-scaffold\Debug\net11.0\Microsoft.DotNet.Scaffolding.CodeModification.dll". Beginning retry 3 in 1000ms. The process cannot access the file 'C:\Scaffolding\artifacts\bin\dotnet-scaffold\Debug\net11.0\Microsoft.DotNet.Scaffolding.CodeModification.dll' because it is being used by another process. The file is locked by: ".NET Host (66676), dotnet-scaffold (82904), dotnet-scaffold (49964), dotnet-scaffold (38348), dotnet-scaffold (33444), dotnet-scaffold (20952), dotnet-scaffold (80780), dotnet-scaffold (32408), .NET Host (88448), .NET Host (69756), .NET Host (58960), .NET Host (82760)" [C:\Scaffolding\src\dotnet-scaffolding\dotnet-scaffold\dotnet-scaffold.csproj::TargetFramework=net11.0]
[xUnit.net 00:02:49.16]       C:\Program Files\dotnet\sdk\11.0.100-preview.1.26076.102\Microsoft.Common.CurrentVersion.targets(5094,5): warning MSB3026: Could not copy "C:\Scaffolding\artifacts\bin\Microsoft.DotNet.Scaffolding.CodeModification\Debug\net11.0\Microsoft.DotNet.Scaffolding.CodeModification.dll" to "C:\Scaffolding\artifacts\bin\dotnet-scaffold\Debug\net11.0\Microsoft.DotNet.Scaffolding.CodeModification.dll". Beginning retry 4 in 1000ms. The process cannot access the file 'C:\Scaffolding\artifacts\bin\dotnet-scaffold\Debug\net11.0\Microsoft.DotNet.Scaffolding.CodeModification.dll' because it is being used by another process. The file is locked by: ".NET Host (26576), dotnet-scaffold (82904), dotnet-scaffold (49964), dotnet-scaffold (38348), dotnet-scaffold (33444), dotnet-scaffold (20952), dotnet-scaffold (80780), dotnet-scaffold (32408), .NET Host (88448), .NET Host (66676)" [C:\Scaffolding\src\dotnet-scaffolding\dotnet-scaffold\dotnet-scaffold.csproj::TargetFramework=net11.0]
[xUnit.net 00:02:49.16]       C:\Program Files\dotnet\sdk\11.0.100-preview.1.26076.102\Microsoft.Common.CurrentVersion.targets(5094,5): warning MSB3026: Could not copy "C:\Scaffolding\artifacts\bin\Microsoft.DotNet.Scaffolding.CodeModification\Debug\net11.0\Microsoft.DotNet.Scaffolding.CodeModification.dll" to "C:\Scaffolding\artifacts\bin\dotnet-scaffold\Debug\net11.0\Microsoft.DotNet.Scaffolding.CodeModification.dll". Beginning retry 5 in 1000ms. The process cannot access the file 'C:\Scaffolding\artifacts\bin\dotnet-scaffold\Debug\net11.0\Microsoft.DotNet.Scaffolding.CodeModification.dll' because it is being used by another process. The file is locked by: ".NET Host (44224), .NET Host (82140), dotnet-scaffold (82904), dotnet-scaffold (49964), dotnet-scaffold (38348), dotnet-scaffold (33444), dotnet-scaffold (20952), dotnet-scaffold (80780), dotnet-scaffold (32408)" [C:\Scaffolding\src\dotnet-scaffolding\dotnet-scaffold\dotnet-scaffold.csproj::TargetFramework=net11.0]
[xUnit.net 00:02:49.16]       C:\Program Files\dotnet\sdk\11.0.100-preview.1.26076.102\Microsoft.Common.CurrentVersion.targets(5094,5): warning MSB3026: Could not copy "C:\Scaffolding\artifacts\bin\Microsoft.DotNet.Scaffolding.CodeModification\Debug\net11.0\Microsoft.DotNet.Scaffolding.CodeModification.dll" to "C:\Scaffolding\artifacts\bin\dotnet-scaffold\Debug\net11.0\Microsoft.DotNet.Scaffolding.CodeModification.dll". Beginning retry 6 in 1000ms. The process cannot access the file 'C:\Scaffolding\artifacts\bin\dotnet-scaffold\Debug\net11.0\Microsoft.DotNet.Scaffolding.CodeModification.dll' because it is being used by another process. The file is locked by: "dotnet-scaffold (82904), dotnet-scaffold (49964), dotnet-scaffold (38348), dotnet-scaffold (33444), dotnet-scaffold (20952), dotnet-scaffold (80780), dotnet-scaffold (32408), .NET Host (88448), .NET Host (69048), .NET Host (58960)" [C:\Scaffolding\src\dotnet-scaffolding\dotnet-scaffold\dotnet-scaffold.csproj::TargetFramework=net11.0]
[xUnit.net 00:02:49.16]       C:\Program Files\dotnet\sdk\11.0.100-preview.1.26076.102\Microsoft.Common.CurrentVersion.targets(5094,5): warning MSB3026: Could not copy "C:\Scaffolding\artifacts\bin\Microsoft.DotNet.Scaffolding.CodeModification\Debug\net11.0\Microsoft.DotNet.Scaffolding.CodeModification.dll" to "C:\Scaffolding\artifacts\bin\dotnet-scaffold\Debug\net11.0\Microsoft.DotNet.Scaffolding.CodeModification.dll". Beginning retry 7 in 1000ms. The process cannot access the file 'C:\Scaffolding\artifacts\bin\dotnet-scaffold\Debug\net11.0\Microsoft.DotNet.Scaffolding.CodeModification.dll' because it is being used by another process. The file is locked by: ".NET Host (26576), dotnet-scaffold (82904), dotnet-scaffold (49964), dotnet-scaffold (38348), dotnet-scaffold (33444), dotnet-scaffold (20952), dotnet-scaffold (80780), dotnet-scaffold (32408), .NET Host (82140), .NET Host (58960), .NET Host (21204)" [C:\Scaffolding\src\dotnet-scaffolding\dotnet-scaffold\dotnet-scaffold.csproj::TargetFramework=net11.0]
[xUnit.net 00:02:49.16]       C:\Program Files\dotnet\sdk\11.0.100-preview.1.26076.102\Microsoft.Common.CurrentVersion.targets(5094,5): warning MSB3026: Could not copy "C:\Scaffolding\artifacts\bin\Microsoft.DotNet.Scaffolding.CodeModification\Debug\net11.0\Microsoft.DotNet.Scaffolding.CodeModification.dll" to "C:\Scaffolding\artifacts\bin\dotnet-scaffold\Debug\net11.0\Microsoft.DotNet.Scaffolding.CodeModification.dll". Beginning retry 8 in 1000ms. The process cannot access the file 'C:\Scaffolding\artifacts\bin\dotnet-scaffold\Debug\net11.0\Microsoft.DotNet.Scaffolding.CodeModification.dll' because it is being used by another process. The file is locked by: ".NET Host (21204), .NET Host (69048), dotnet-scaffold (82904), dotnet-scaffold (49964), dotnet-scaffold (38348), dotnet-scaffold (33444), dotnet-scaffold (20952), dotnet-scaffold (80780), dotnet-scaffold (32408)" [C:\Scaffolding\src\dotnet-scaffolding\dotnet-scaffold\dotnet-scaffold.csproj::TargetFramework=net11.0]
[xUnit.net 00:02:49.16]       C:\Program Files\dotnet\sdk\11.0.100-preview.1.26076.102\Microsoft.Common.CurrentVersion.targets(5094,5): warning MSB3026: Could not copy "C:\Scaffolding\artifacts\bin\Microsoft.DotNet.Scaffolding.CodeModification\Debug\net11.0\Microsoft.DotNet.Scaffolding.CodeModification.dll" to "C:\Scaffolding\artifacts\bin\dotnet-scaffold\Debug\net11.0\Microsoft.DotNet.Scaffolding.CodeModification.dll". Beginning retry 9 in 1000ms. The process cannot access the file 'C:\Scaffolding\artifacts\bin\dotnet-scaffold\Debug\net11.0\Microsoft.DotNet.Scaffolding.CodeModification.dll' because it is being used by another process.  [C:\Scaffolding\src\dotnet-scaffolding\dotnet-scaffold\dotnet-scaffold.csproj::TargetFramework=net11.0]
[xUnit.net 00:02:49.16]       C:\Program Files\dotnet\sdk\11.0.100-preview.1.26076.102\Microsoft.Common.CurrentVersion.targets(5094,5): warning MSB3026: Could not copy "C:\Scaffolding\artifacts\bin\Microsoft.DotNet.Scaffolding.CodeModification\Debug\net11.0\Microsoft.DotNet.Scaffolding.CodeModification.dll" to "C:\Scaffolding\artifacts\bin\dotnet-scaffold\Debug\net11.0\Microsoft.DotNet.Scaffolding.CodeModification.dll". Beginning retry 10 in 1000ms. The process cannot access the file 'C:\Scaffolding\artifacts\bin\dotnet-scaffold\Debug\net11.0\Microsoft.DotNet.Scaffolding.CodeModification.dll' because it is being used by another process. The file is locked by: ".NET Host (82140), dotnet-scaffold (82904), dotnet-scaffold (38348), dotnet-scaffold (33444), dotnet-scaffold (32408)" [C:\Scaffolding\src\dotnet-scaffolding\dotnet-scaffold\dotnet-scaffold.csproj::TargetFramework=net11.0]
[xUnit.net 00:02:49.16]       C:\Program Files\dotnet\sdk\11.0.100-preview.1.26076.102\Microsoft.Common.CurrentVersion.targets(5094,5): error MSB3027: Could not copy "C:\Scaffolding\artifacts\bin\Microsoft.DotNet.Scaffolding.CodeModification\Debug\net11.0\Microsoft.DotNet.Scaffolding.CodeModification.dll" to "C:\Scaffolding\artifacts\bin\dotnet-scaffold\Debug\net11.0\Microsoft.DotNet.Scaffolding.CodeModification.dll". Exceeded retry count of 10. Failed. The file is locked by: "dotnet-scaffold (82904), dotnet-scaffold (38348), dotnet-scaffold (33444), dotnet-scaffold (32408)" [C:\Scaffolding\src\dotnet-scaffolding\dotnet-scaffold\dotnet-scaffold.csproj::TargetFramework=net11.0]
[xUnit.net 00:02:49.16]       C:\Program Files\dotnet\sdk\11.0.100-preview.1.26076.102\Microsoft.Common.CurrentVersion.targets(5094,5): error MSB3021: Unable to copy file "C:\Scaffolding\artifacts\bin\Microsoft.DotNet.Scaffolding.CodeModification\Debug\net11.0\Microsoft.DotNet.Scaffolding.CodeModification.dll" to "C:\Scaffolding\artifacts\bin\dotnet-scaffold\Debug\net11.0\Microsoft.DotNet.Scaffolding.CodeModification.dll". The process cannot access the file 'C:\Scaffolding\artifacts\bin\dotnet-scaffold\Debug\net11.0\Microsoft.DotNet.Scaffolding.CodeModification.dll' because it is being used by another process. [C:\Scaffolding\src\dotnet-scaffolding\dotnet-scaffold\dotnet-scaffold.csproj::TargetFramework=net11.0]
[xUnit.net 00:02:49.16]       
Error: 
[xUnit.net 00:02:49.16]       The build failed. Fix the build errors and run again.
[xUnit.net 00:02:49.16]       
[xUnit.net 00:02:49.16]       Stack Trace:
[xUnit.net 00:02:49.16]         C:\Scaffolding\test\dotnet-scaffolding\dotnet-scaffold.Tests\AspNet\Integration\MVC\RazorViewEmptyNet10IntegrationTests.cs(34,0): at Microsoft.DotNet.Tools.Scaffold.Tests.AspNet.Integration.RazorViewEmptyNet10IntegrationTests.Scaffold_RazorViewEmpty_Net10_CliInvocation()
[xUnit.net 00:02:49.16]         --- End of stack trace from previous location ---
  Passed Microsoft.DotNet.Tools.Scaffold.Tests.AspNet.Integration.MVC.ControllerNet8IntegrationTests.EfControllerTemplates_HasExactly2Files [2 ms]
  Passed Microsoft.DotNet.Tools.Scaffold.Tests.AspNet.Integration.MVC.ControllerNet8IntegrationTests.EfControllerTemplates_FolderExists [2 ms]
  Passed Microsoft.DotNet.Tools.Scaffold.Tests.AspNet.Integration.RazorViewEmptyNet9IntegrationTests.ExecuteAsync_DoesNotCreatePagesDirectory [1 s]
  Passed Microsoft.DotNet.Tools.Scaffold.Tests.AspNet.Integration.RazorViewEmptyNet9IntegrationTests.RegressionGuard_ValidationFailure_DoesNotThrow [2 ms]
  Passed Microsoft.DotNet.Tools.Scaffold.Tests.AspNet.Integration.RazorViewEmptyNet9IntegrationTests.GetScaffoldSteps_ContainsDotnetNewScaffolderStep [2 ms]
  Failed Microsoft.DotNet.Tools.Scaffold.Tests.AspNet.Integration.RazorViewEmptyNet10IntegrationTests.Scaffold_RazorViewEmpty_Net10_CliInvocation [2 m 42 s]
  Error Message:
   CLI scaffold should succeed.
Output: C:\Program Files\dotnet\sdk\11.0.100-preview.1.26076.102\Microsoft.Common.CurrentVersion.targets(5094,5): warning MSB3026: Could not copy "C:\Scaffolding\artifacts\bin\Microsoft.DotNet.Scaffolding.CodeModification\Debug\net11.0\Microsoft.DotNet.Scaffolding.CodeModification.dll" to "C:\Scaffolding\artifacts\bin\dotnet-scaffold\Debug\net11.0\Microsoft.DotNet.Scaffolding.CodeModification.dll". Beginning retry 1 in 1000ms. The process cannot access the file 'C:\Scaffolding\artifacts\bin\dotnet-scaffold\Debug\net11.0\Microsoft.DotNet.Scaffolding.CodeModification.dll' because it is being used by another process. The file is locked by: "dotnet-scaffold (82904), dotnet-scaffold (49964), dotnet-scaffold (38348), dotnet-scaffold (33444), dotnet-scaffold (20952), dotnet-scaffold (80780), dotnet-scaffold (32408), .NET Host (88448), .NET Host (26576)" [C:\Scaffolding\src\dotnet-scaffolding\dotnet-scaffold\dotnet-scaffold.csproj::TargetFramework=net11.0]
C:\Program Files\dotnet\sdk\11.0.100-preview.1.26076.102\Microsoft.Common.CurrentVersion.targets(5094,5): warning MSB3026: Could not copy "C:\Scaffolding\artifacts\bin\Microsoft.DotNet.Scaffolding.CodeModification\Debug\net11.0\Microsoft.DotNet.Scaffolding.CodeModification.dll" to "C:\Scaffolding\artifacts\bin\dotnet-scaffold\Debug\net11.0\Microsoft.DotNet.Scaffolding.CodeModification.dll". Beginning retry 2 in 1000ms. The process cannot access the file 'C:\Scaffolding\artifacts\bin\dotnet-scaffold\Debug\net11.0\Microsoft.DotNet.Scaffolding.CodeModification.dll' because it is being used by another process. The file is locked by: ".NET Host (26576), .NET Host (44224), dotnet-scaffold (82904), dotnet-scaffold (49964), dotnet-scaffold (38348), dotnet-scaffold (33444), dotnet-scaffold (20952), dotnet-scaffold (80780), dotnet-scaffold (32408), .NET Host (88448), .NET Host (69048), .NET Host (82140)" [C:\Scaffolding\src\dotnet-scaffolding\dotnet-scaffold\dotnet-scaffold.csproj::TargetFramework=net11.0]
C:\Program Files\dotnet\sdk\11.0.100-preview.1.26076.102\Microsoft.Common.CurrentVersion.targets(5094,5): warning MSB3026: Could not copy "C:\Scaffolding\artifacts\bin\Microsoft.DotNet.Scaffolding.CodeModification\Debug\net11.0\Microsoft.DotNet.Scaffolding.CodeModification.dll" to "C:\Scaffolding\artifacts\bin\dotnet-scaffold\Debug\net11.0\Microsoft.DotNet.Scaffolding.CodeModification.dll". Beginning retry 3 in 1000ms. The process cannot access the file 'C:\Scaffolding\artifacts\bin\dotnet-scaffold\Debug\net11.0\Microsoft.DotNet.Scaffolding.CodeModification.dll' because it is being used by another process. The file is locked by: ".NET Host (66676), dotnet-scaffold (82904), dotnet-scaffold (49964), dotnet-scaffold (38348), dotnet-scaffold (33444), dotnet-scaffold (20952), dotnet-scaffold (80780), dotnet-scaffold (32408), .NET Host (88448), .NET Host (69756), .NET Host (58960), .NET Host (82760)" [C:\Scaffolding\src\dotnet-scaffolding\dotnet-scaffold\dotnet-scaffold.csproj::TargetFramework=net11.0]
C:\Program Files\dotnet\sdk\11.0.100-preview.1.26076.102\Microsoft.Common.CurrentVersion.targets(5094,5): warning MSB3026: Could not copy "C:\Scaffolding\artifacts\bin\Microsoft.DotNet.Scaffolding.CodeModification\Debug\net11.0\Microsoft.DotNet.Scaffolding.CodeModification.dll" to "C:\Scaffolding\artifacts\bin\dotnet-scaffold\Debug\net11.0\Microsoft.DotNet.Scaffolding.CodeModification.dll". Beginning retry 4 in 1000ms. The process cannot access the file 'C:\Scaffolding\artifacts\bin\dotnet-scaffold\Debug\net11.0\Microsoft.DotNet.Scaffolding.CodeModification.dll' because it is being used by another process. The file is locked by: ".NET Host (26576), dotnet-scaffold (82904), dotnet-scaffold (49964), dotnet-scaffold (38348), dotnet-scaffold (33444), dotnet-scaffold (20952), dotnet-scaffold (80780), dotnet-scaffold (32408), .NET Host (88448), .NET Host (66676)" [C:\Scaffolding\src\dotnet-scaffolding\dotnet-scaffold\dotnet-scaffold.csproj::TargetFramework=net11.0]
C:\Program Files\dotnet\sdk\11.0.100-preview.1.26076.102\Microsoft.Common.CurrentVersion.targets(5094,5): warning MSB3026: Could not copy "C:\Scaffolding\artifacts\bin\Microsoft.DotNet.Scaffolding.CodeModification\Debug\net11.0\Microsoft.DotNet.Scaffolding.CodeModification.dll" to "C:\Scaffolding\artifacts\bin\dotnet-scaffold\Debug\net11.0\Microsoft.DotNet.Scaffolding.CodeModification.dll". Beginning retry 5 in 1000ms. The process cannot access the file 'C:\Scaffolding\artifacts\bin\dotnet-scaffold\Debug\net11.0\Microsoft.DotNet.Scaffolding.CodeModification.dll' because it is being used by another process. The file is locked by: ".NET Host (44224), .NET Host (82140), dotnet-scaffold (82904), dotnet-scaffold (49964), dotnet-scaffold (38348), dotnet-scaffold (33444), dotnet-scaffold (20952), dotnet-scaffold (80780), dotnet-scaffold (32408)" [C:\Scaffolding\src\dotnet-scaffolding\dotnet-scaffold\dotnet-scaffold.csproj::TargetFramework=net11.0]
C:\Program Files\dotnet\sdk\11.0.100-preview.1.26076.102\Microsoft.Common.CurrentVersion.targets(5094,5): warning MSB3026: Could not copy "C:\Scaffolding\artifacts\bin\Microsoft.DotNet.Scaffolding.CodeModification\Debug\net11.0\Microsoft.DotNet.Scaffolding.CodeModification.dll" to "C:\Scaffolding\artifacts\bin\dotnet-scaffold\Debug\net11.0\Microsoft.DotNet.Scaffolding.CodeModification.dll". Beginning retry 6 in 1000ms. The process cannot access the file 'C:\Scaffolding\artifacts\bin\dotnet-scaffold\Debug\net11.0\Microsoft.DotNet.Scaffolding.CodeModification.dll' because it is being used by another process. The file is locked by: "dotnet-scaffold (82904), dotnet-scaffold (49964), dotnet-scaffold (38348), dotnet-scaffold (33444), dotnet-scaffold (20952), dotnet-scaffold (80780), dotnet-scaffold (32408), .NET Host (88448), .NET Host (69048), .NET Host (58960)" [C:\Scaffolding\src\dotnet-scaffolding\dotnet-scaffold\dotnet-scaffold.csproj::TargetFramework=net11.0]
C:\Program Files\dotnet\sdk\11.0.100-preview.1.26076.102\Microsoft.Common.CurrentVersion.targets(5094,5): warning MSB3026: Could not copy "C:\Scaffolding\artifacts\bin\Microsoft.DotNet.Scaffolding.CodeModification\Debug\net11.0\Microsoft.DotNet.Scaffolding.CodeModification.dll" to "C:\Scaffolding\artifacts\bin\dotnet-scaffold\Debug\net11.0\Microsoft.DotNet.Scaffolding.CodeModification.dll". Beginning retry 7 in 1000ms. The process cannot access the file 'C:\Scaffolding\artifacts\bin\dotnet-scaffold\Debug\net11.0\Microsoft.DotNet.Scaffolding.CodeModification.dll' because it is being used by another process. The file is locked by: ".NET Host (26576), dotnet-scaffold (82904), dotnet-scaffold (49964), dotnet-scaffold (38348), dotnet-scaffold (33444), dotnet-scaffold (20952), dotnet-scaffold (80780), dotnet-scaffold (32408), .NET Host (82140), .NET Host (58960), .NET Host (21204)" [C:\Scaffolding\src\dotnet-scaffolding\dotnet-scaffold\dotnet-scaffold.csproj::TargetFramework=net11.0]
C:\Program Files\dotnet\sdk\11.0.100-preview.1.26076.102\Microsoft.Common.CurrentVersion.targets(5094,5): warning MSB3026: Could not copy "C:\Scaffolding\artifacts\bin\Microsoft.DotNet.Scaffolding.CodeModification\Debug\net11.0\Microsoft.DotNet.Scaffolding.CodeModification.dll" to "C:\Scaffolding\artifacts\bin\dotnet-scaffold\Debug\net11.0\Microsoft.DotNet.Scaffolding.CodeModification.dll". Beginning retry 8 in 1000ms. The process cannot access the file 'C:\Scaffolding\artifacts\bin\dotnet-scaffold\Debug\net11.0\Microsoft.DotNet.Scaffolding.CodeModification.dll' because it is being used by another process. The file is locked by: ".NET Host (21204), .NET Host (69048), dotnet-scaffold (82904), dotnet-scaffold (49964), dotnet-scaffold (38348), dotnet-scaffold (33444), dotnet-scaffold (20952), dotnet-scaffold (80780), dotnet-scaffold (32408)" [C:\Scaffolding\src\dotnet-scaffolding\dotnet-scaffold\dotnet-scaffold.csproj::TargetFramework=net11.0]
C:\Program Files\dotnet\sdk\11.0.100-preview.1.26076.102\Microsoft.Common.CurrentVersion.targets(5094,5): warning MSB3026: Could not copy "C:\Scaffolding\artifacts\bin\Microsoft.DotNet.Scaffolding.CodeModification\Debug\net11.0\Microsoft.DotNet.Scaffolding.CodeModification.dll" to "C:\Scaffolding\artifacts\bin\dotnet-scaffold\Debug\net11.0\Microsoft.DotNet.Scaffolding.CodeModification.dll". Beginning retry 9 in 1000ms. The process cannot access the file 'C:\Scaffolding\artifacts\bin\dotnet-scaffold\Debug\net11.0\Microsoft.DotNet.Scaffolding.CodeModification.dll' because it is being used by another process.  [C:\Scaffolding\src\dotnet-scaffolding\dotnet-scaffold\dotnet-scaffold.csproj::TargetFramework=net11.0]
C:\Program Files\dotnet\sdk\11.0.100-preview.1.26076.102\Microsoft.Common.CurrentVersion.targets(5094,5): warning MSB3026: Could not copy "C:\Scaffolding\artifacts\bin\Microsoft.DotNet.Scaffolding.CodeModification\Debug\net11.0\Microsoft.DotNet.Scaffolding.CodeModification.dll" to "C:\Scaffolding\artifacts\bin\dotnet-scaffold\Debug\net11.0\Microsoft.DotNet.Scaffolding.CodeModification.dll". Beginning retry 10 in 1000ms. The process cannot access the file 'C:\Scaffolding\artifacts\bin\dotnet-scaffold\Debug\net11.0\Microsoft.DotNet.Scaffolding.CodeModification.dll' because it is being used by another process. The file is locked by: ".NET Host (82140), dotnet-scaffold (82904), dotnet-scaffold (38348), dotnet-scaffold (33444), dotnet-scaffold (32408)" [C:\Scaffolding\src\dotnet-scaffolding\dotnet-scaffold\dotnet-scaffold.csproj::TargetFramework=net11.0]
C:\Program Files\dotnet\sdk\11.0.100-preview.1.26076.102\Microsoft.Common.CurrentVersion.targets(5094,5): error MSB3027: Could not copy "C:\Scaffolding\artifacts\bin\Microsoft.DotNet.Scaffolding.CodeModification\Debug\net11.0\Microsoft.DotNet.Scaffolding.CodeModification.dll" to "C:\Scaffolding\artifacts\bin\dotnet-scaffold\Debug\net11.0\Microsoft.DotNet.Scaffolding.CodeModification.dll". Exceeded retry count of 10. Failed. The file is locked by: "dotnet-scaffold (82904), dotnet-scaffold (38348), dotnet-scaffold (33444), dotnet-scaffold (32408)" [C:\Scaffolding\src\dotnet-scaffolding\dotnet-scaffold\dotnet-scaffold.csproj::TargetFramework=net11.0]
C:\Program Files\dotnet\sdk\11.0.100-preview.1.26076.102\Microsoft.Common.CurrentVersion.targets(5094,5): error MSB3021: Unable to copy file "C:\Scaffolding\artifacts\bin\Microsoft.DotNet.Scaffolding.CodeModification\Debug\net11.0\Microsoft.DotNet.Scaffolding.CodeModification.dll" to "C:\Scaffolding\artifacts\bin\dotnet-scaffold\Debug\net11.0\Microsoft.DotNet.Scaffolding.CodeModification.dll". The process cannot access the file 'C:\Scaffolding\artifacts\bin\dotnet-scaffold\Debug\net11.0\Microsoft.DotNet.Scaffolding.CodeModification.dll' because it is being used by another process. [C:\Scaffolding\src\dotnet-scaffolding\dotnet-scaffold\dotnet-scaffold.csproj::TargetFramework=net11.0]

Error: 
The build failed. Fix the build errors and run again.

  Stack Trace:
     at Microsoft.DotNet.Tools.Scaffold.Tests.AspNet.Integration.RazorViewEmptyNet10IntegrationTests.Scaffold_RazorViewEmpty_Net10_CliInvocation() in C:\Scaffolding\test\dotnet-scaffolding\dotnet-scaffold.Tests\AspNet\Integration\MVC\RazorViewEmptyNet10IntegrationTests.cs:line 34
--- End of stack trace from previous location ---
  Passed Microsoft.DotNet.Tools.Scaffold.Tests.AspNet.Integration.Blazor.RazorComponentNet9IntegrationTests.ExecuteAsync_TracksTelemetryEvent_WhenSettingsAreValid [2 s]
  Passed Microsoft.DotNet.Tools.Scaffold.Tests.AspNet.Integration.Blazor.RazorComponentNet9IntegrationTests.ExecuteAsync_ReturnsFalse_WhenProjectPathIsNull [3 ms]
  Passed Microsoft.DotNet.Tools.Scaffold.Tests.AspNet.Integration.MVC.CrudControllerNet11IntegrationTests.Scaffold_MvcControllerCrud_Net11_CliInvocation [2 m 48 s]
  Passed Microsoft.DotNet.Tools.Scaffold.Tests.AspNet.Integration.Blazor.BlazorCrudNet10IntegrationTests.GetTemplateType_WithNull_ReturnsNull [2 ms]
  Passed Microsoft.DotNet.Tools.Scaffold.Tests.AspNet.Integration.Blazor.BlazorCrudNet10IntegrationTests.Templates_HasExpectedScaffolderFolder(folderName: "MinimalApi") [2 ms]
  Passed Microsoft.DotNet.Tools.Scaffold.Tests.AspNet.Integration.Blazor.BlazorCrudNet10IntegrationTests.Templates_HasExpectedScaffolderFolder(folderName: "Views") [2 ms]
  Passed Microsoft.DotNet.Tools.Scaffold.Tests.AspNet.Integration.MVC.ControllerNet8IntegrationTests.EmptyControllerScaffolderStep_WithActionsTrue_CreatesControllersDir [1 s]
  Passed Microsoft.DotNet.Tools.Scaffold.Tests.AspNet.Integration.Blazor.BlazorCrudNet10IntegrationTests.Templates_HasExpectedScaffolderFolder(folderName: "RazorPages") [2 ms]
  Passed Microsoft.DotNet.Tools.Scaffold.Tests.AspNet.Integration.Blazor.BlazorCrudNet10IntegrationTests.Templates_HasExpectedScaffolderFolder(folderName: "BlazorIdentity") [2 ms]
  Passed Microsoft.DotNet.Tools.Scaffold.Tests.AspNet.Integration.Blazor.BlazorCrudNet10IntegrationTests.Templates_HasExpectedScaffolderFolder(folderName: "BlazorCrud") [2 ms]
  Passed Microsoft.DotNet.Tools.Scaffold.Tests.AspNet.Integration.Blazor.BlazorCrudNet10IntegrationTests.Templates_HasExpectedScaffolderFolder(folderName: "Identity") [2 ms]
  Passed Microsoft.DotNet.Tools.Scaffold.Tests.AspNet.Integration.Blazor.BlazorCrudNet10IntegrationTests.Templates_HasExpectedScaffolderFolder(folderName: "EfController") [2 ms]
  Passed Microsoft.DotNet.Tools.Scaffold.Tests.AspNet.Integration.RazorViewEmptyNet10IntegrationTests.ExecuteAsync_TracksTelemetryEvent_WhenSettingsAreValid [1 s]
  Passed Microsoft.DotNet.Tools.Scaffold.Tests.AspNet.Integration.RazorPageEmptyNet11IntegrationTests.ExecuteAsync_GeneratesPageAndCodeBehind [2 s]
[xUnit.net 00:02:50.82]     Microsoft.DotNet.Tools.Scaffold.Tests.AspNet.Integr
ation.Blazor.BlazorCrudNet10IntegrationTests.BlazorCrudTemplates_AllFilesAreTT 
[FAIL]
[xUnit.net 00:02:50.82]       Assert.All() Failure: 12 out of 18 items in the collection did not pass.
[xUnit.net 00:02:50.82]       [0]:  Item:  "C:\\Scaffolding\\src\\dotnet-scaffolding\\dotnet-s"┬╖┬╖┬╖
[xUnit.net 00:02:50.82]             Error: Assert.EndsWith() Failure: String end does not match
[xUnit.net 00:02:50.82]                    String:       ┬╖┬╖┬╖"et\\Templates\\net10.0\\BlazorCrud\\Create.cs"
[xUnit.net 00:02:50.82]                    Expected end: ".tt"
[xUnit.net 00:02:50.82]       [1]:  Item:  "C:\\Scaffolding\\src\\dotnet-scaffolding\\dotnet-s"┬╖┬╖┬╖
[xUnit.net 00:02:50.82]             Error: Assert.EndsWith() Failure: String end does not match
[xUnit.net 00:02:50.82]                    String:       ┬╖┬╖┬╖"s\\net10.0\\BlazorCrud\\Create.Interfaces.cs"
[xUnit.net 00:02:50.82]                    Expected end: ".tt"
[xUnit.net 00:02:50.82]       [3]:  Item:  "C:\\Scaffolding\\src\\dotnet-scaffolding\\dotnet-s"┬╖┬╖┬╖
[xUnit.net 00:02:50.82]             Error: Assert.EndsWith() Failure: String end does not match
[xUnit.net 00:02:50.82]                    String:       ┬╖┬╖┬╖"et\\Templates\\net10.0\\BlazorCrud\\Delete.cs"
[xUnit.net 00:02:50.82]                    Expected end: ".tt"
[xUnit.net 00:02:50.82]       [4]:  Item:  "C:\\Scaffolding\\src\\dotnet-scaffolding\\dotnet-s"┬╖┬╖┬╖
[xUnit.net 00:02:50.82]             Error: Assert.EndsWith() Failure: String end does not match
[xUnit.net 00:02:50.82]                    String:       ┬╖┬╖┬╖"s\\net10.0\\BlazorCrud\\Delete.Interfaces.cs"
[xUnit.net 00:02:50.82]                    Expected end: ".tt"
[xUnit.net 00:02:50.82]       [6]:  Item:  "C:\\Scaffolding\\src\\dotnet-scaffolding\\dotnet-s"┬╖┬╖┬╖
[xUnit.net 00:02:50.82]             Error: Assert.EndsWith() Failure: String end does not match
[xUnit.net 00:02:50.82]                    String:       ┬╖┬╖┬╖"t\\Templates\\net10.0\\BlazorCrud\\Details.cs"
[xUnit.net 00:02:50.82]                    Expected end: ".tt"
[xUnit.net 00:02:50.82]       [7]:  Item:  "C:\\Scaffolding\\src\\dotnet-scaffolding\\dotnet-s"┬╖┬╖┬╖
[xUnit.net 00:02:50.82]             Error: Assert.EndsWith() Failure: String end does not match
[xUnit.net 00:02:50.82]                    String:       ┬╖┬╖┬╖"\\net10.0\\BlazorCrud\\Details.Interfaces.cs"
[xUnit.net 00:02:50.82]                    Expected end: ".tt"
[xUnit.net 00:02:50.82]       [9]:  Item:  "C:\\Scaffolding\\src\\dotnet-scaffolding\\dotnet-s"┬╖┬╖┬╖
[xUnit.net 00:02:50.82]             Error: Assert.EndsWith() Failure: String end does not match
[xUnit.net 00:02:50.82]                    String:       ┬╖┬╖┬╖"pNet\\Templates\\net10.0\\BlazorCrud\\Edit.cs"
[xUnit.net 00:02:50.82]                    Expected end: ".tt"
[xUnit.net 00:02:50.82]       [10]: Item:  "C:\\Scaffolding\\src\\dotnet-scaffolding\\dotnet-s"┬╖┬╖┬╖
[xUnit.net 00:02:50.82]             Error: Assert.EndsWith() Failure: String end does not match
[xUnit.net 00:02:50.82]                    String:       ┬╖┬╖┬╖"tes\\net10.0\\BlazorCrud\\Edit.Interfaces.cs"
[xUnit.net 00:02:50.82]                    Expected end: ".tt"
[xUnit.net 00:02:50.82]       [12]: Item:  "C:\\Scaffolding\\src\\dotnet-scaffolding\\dotnet-s"┬╖┬╖┬╖
[xUnit.net 00:02:50.82]             Error: Assert.EndsWith() Failure: String end does not match
[xUnit.net 00:02:50.82]                    String:       ┬╖┬╖┬╖"Net\\Templates\\net10.0\\BlazorCrud\\Index.cs"
[xUnit.net 00:02:50.82]                    Expected end: ".tt"
[xUnit.net 00:02:50.82]       [13]: Item:  "C:\\Scaffolding\\src\\dotnet-scaffolding\\dotnet-s"┬╖┬╖┬╖
[xUnit.net 00:02:50.82]             Error: Assert.EndsWith() Failure: String end does not match
[xUnit.net 00:02:50.82]                    String:       ┬╖┬╖┬╖"es\\net10.0\\BlazorCrud\\Index.Interfaces.cs"
[xUnit.net 00:02:50.82]                    Expected end: ".tt"
[xUnit.net 00:02:50.82]       [15]: Item:  "C:\\Scaffolding\\src\\dotnet-scaffolding\\dotnet-s"┬╖┬╖┬╖
[xUnit.net 00:02:50.82]             Error: Assert.EndsWith() Failure: String end does not match
[xUnit.net 00:02:50.82]                    String:       ┬╖┬╖┬╖"\\Templates\\net10.0\\BlazorCrud\\NotFound.cs"
[xUnit.net 00:02:50.82]                    Expected end: ".tt"
[xUnit.net 00:02:50.82]       [16]: Item:  "C:\\Scaffolding\\src\\dotnet-scaffolding\\dotnet-s"┬╖┬╖┬╖
[xUnit.net 00:02:50.82]             Error: Assert.EndsWith() Failure: String end does not match
[xUnit.net 00:02:50.82]                    String:       ┬╖┬╖┬╖"net10.0\\BlazorCrud\\NotFound.Interfaces.cs"
[xUnit.net 00:02:50.82]                    Expected end: ".tt"
[xUnit.net 00:02:50.82]       Stack Trace:
[xUnit.net 00:02:50.82]         C:\Scaffolding\test\dotnet-scaffolding\dotnet-scaffold.Tests\AspNet\Integration\Blazor\BlazorCrudIntegrationTestsBase.cs(376,0): at Microsoft.DotNet.Tools.Scaffold.Tests.AspNet.Integration.BlazorCrudIntegrationTestsBase.BlazorCrudTemplates_AllFilesAreTT()
[xUnit.net 00:02:50.82]            at System.RuntimeMethodHandle.InvokeMethod(ObjectHandleOnStack target, Void** arguments, ObjectHandleOnStack sig, BOOL isConstructor, ObjectHandleOnStack result)
[xUnit.net 00:02:50.82]            at System.Reflection.MethodBaseInvoker.InterpretedInvoke_Method(Object obj, IntPtr* args)
[xUnit.net 00:02:50.82]            at System.Reflection.RuntimeMethodInfo.Invoke(Object obj, BindingFlags invokeAttr, Binder binder, Object[] parameters, CultureInfo culture)
  Passed Microsoft.DotNet.Tools.Scaffold.Tests.AspNet.Integration.Blazor.BlazorCrudNet10IntegrationTests.Templates_HasExpectedScaffolderFolder(folderName: "Files") [2 ms]
  Passed Microsoft.DotNet.Tools.Scaffold.Tests.AspNet.Integration.Blazor.BlazorCrudNet10IntegrationTests.Templates_HasExpectedScaffolderFolder(folderName: "CodeModificationConfigs") [2 ms]
  Passed Microsoft.DotNet.Tools.Scaffold.Tests.AspNet.Integration.RazorPageEmptyNet11IntegrationTests.ExecuteAsync_AcceptsCancellationToken [3 ms]
  Passed Microsoft.DotNet.Tools.Scaffold.Tests.AspNet.Integration.Blazor.BlazorCrudNet10IntegrationTests.BlazorCrudTemplates_FolderExists [2 ms]
  Passed Microsoft.DotNet.Tools.Scaffold.Tests.AspNet.Integration.RazorPageEmptyNet11IntegrationTests.RegressionGuard_ValidationFailure_DoesNotThrow [2 ms]
  Passed Microsoft.DotNet.Tools.Scaffold.Tests.AspNet.Integration.Blazor.BlazorCrudNet10IntegrationTests.GetTemplateType_WithDeleteTemplate_ReturnsNonNull [2 ms]
  Failed Microsoft.DotNet.Tools.Scaffold.Tests.AspNet.Integration.Blazor.BlazorCrudNet10IntegrationTests.BlazorCrudTemplates_AllFilesAreTT [3 ms]
  Error Message:
   Assert.All() Failure: 12 out of 18 items in the collection did not pass.
[0]:  Item:  "C:\\Scaffolding\\src\\dotnet-scaffolding\\dotnet-s"┬╖┬╖┬╖
      Error: Assert.EndsWith() Failure: String end does not match
             String:       ┬╖┬╖┬╖"et\\Templates\\net10.0\\BlazorCrud\\Create.cs"
             Expected end: ".tt"
[1]:  Item:  "C:\\Scaffolding\\src\\dotnet-scaffolding\\dotnet-s"┬╖┬╖┬╖
      Error: Assert.EndsWith() Failure: String end does not match
             String:       ┬╖┬╖┬╖"s\\net10.0\\BlazorCrud\\Create.Interfaces.cs"
             Expected end: ".tt"
[3]:  Item:  "C:\\Scaffolding\\src\\dotnet-scaffolding\\dotnet-s"┬╖┬╖┬╖
      Error: Assert.EndsWith() Failure: String end does not match
             String:       ┬╖┬╖┬╖"et\\Templates\\net10.0\\BlazorCrud\\Delete.cs"
             Expected end: ".tt"
[4]:  Item:  "C:\\Scaffolding\\src\\dotnet-scaffolding\\dotnet-s"┬╖┬╖┬╖
      Error: Assert.EndsWith() Failure: String end does not match
             String:       ┬╖┬╖┬╖"s\\net10.0\\BlazorCrud\\Delete.Interfaces.cs"
             Expected end: ".tt"
[6]:  Item:  "C:\\Scaffolding\\src\\dotnet-scaffolding\\dotnet-s"┬╖┬╖┬╖
      Error: Assert.EndsWith() Failure: String end does not match
             String:       ┬╖┬╖┬╖"t\\Templates\\net10.0\\BlazorCrud\\Details.cs"
             Expected end: ".tt"
[7]:  Item:  "C:\\Scaffolding\\src\\dotnet-scaffolding\\dotnet-s"┬╖┬╖┬╖
      Error: Assert.EndsWith() Failure: String end does not match
             String:       ┬╖┬╖┬╖"\\net10.0\\BlazorCrud\\Details.Interfaces.cs"
             Expected end: ".tt"
[9]:  Item:  "C:\\Scaffolding\\src\\dotnet-scaffolding\\dotnet-s"┬╖┬╖┬╖
      Error: Assert.EndsWith() Failure: String end does not match
             String:       ┬╖┬╖┬╖"pNet\\Templates\\net10.0\\BlazorCrud\\Edit.cs"
             Expected end: ".tt"
[10]: Item:  "C:\\Scaffolding\\src\\dotnet-scaffolding\\dotnet-s"┬╖┬╖┬╖
      Error: Assert.EndsWith() Failure: String end does not match
             String:       ┬╖┬╖┬╖"tes\\net10.0\\BlazorCrud\\Edit.Interfaces.cs"
             Expected end: ".tt"
[12]: Item:  "C:\\Scaffolding\\src\\dotnet-scaffolding\\dotnet-s"┬╖┬╖┬╖
      Error: Assert.EndsWith() Failure: String end does not match
             String:       ┬╖┬╖┬╖"Net\\Templates\\net10.0\\BlazorCrud\\Index.cs"
             Expected end: ".tt"
[13]: Item:  "C:\\Scaffolding\\src\\dotnet-scaffolding\\dotnet-s"┬╖┬╖┬╖
      Error: Assert.EndsWith() Failure: String end does not match
             String:       ┬╖┬╖┬╖"es\\net10.0\\BlazorCrud\\Index.Interfaces.cs"
             Expected end: ".tt"
[15]: Item:  "C:\\Scaffolding\\src\\dotnet-scaffolding\\dotnet-s"┬╖┬╖┬╖
      Error: Assert.EndsWith() Failure: String end does not match
             String:       ┬╖┬╖┬╖"\\Templates\\net10.0\\BlazorCrud\\NotFound.cs"
             Expected end: ".tt"
[16]: Item:  "C:\\Scaffolding\\src\\dotnet-scaffolding\\dotnet-s"┬╖┬╖┬╖
      Error: Assert.EndsWith() Failure: String end does not match
             String:       ┬╖┬╖┬╖"net10.0\\BlazorCrud\\NotFound.Interfaces.cs"
             Expected end: ".tt"
  Stack Trace:
     at Microsoft.DotNet.Tools.Scaffold.Tests.AspNet.Integration.BlazorCrudIntegrationTestsBase.BlazorCrudTemplates_AllFilesAreTT() in C:\Scaffolding\test\dotnet-scaffolding\dotnet-scaffold.Tests\AspNet\Integration\Blazor\BlazorCrudIntegrationTestsBase.cs:line 376
   at System.RuntimeMethodHandle.InvokeMethod(ObjectHandleOnStack target, Void** arguments, ObjectHandleOnStack sig, BOOL isConstructor, ObjectHandleOnStack result)
   at System.Reflection.MethodBaseInvoker.InterpretedInvoke_Method(Object obj, IntPtr* args)
   at System.Reflection.RuntimeMethodInfo.Invoke(Object obj, BindingFlags invokeAttr, Binder binder, Object[] parameters, CultureInfo culture)
  Passed Microsoft.DotNet.Tools.Scaffold.Tests.AspNet.Integration.Blazor.BlazorCrudNet10IntegrationTests.IsValidTemplate_ReturnsExpectedResult(template: "", expected: False) [15 ms]
  Passed Microsoft.DotNet.Tools.Scaffold.Tests.AspNet.Integration.Blazor.BlazorCrudNet10IntegrationTests.IsValidTemplate_ReturnsExpectedResult(template: null, expected: False) [4 ms]
  Passed Microsoft.DotNet.Tools.Scaffold.Tests.AspNet.Integration.Blazor.BlazorCrudNet10IntegrationTests.IsValidTemplate_ReturnsExpectedResult(template: "CRUD", expected: True) [2 ms]
  Passed Microsoft.DotNet.Tools.Scaffold.Tests.AspNet.Integration.Blazor.BlazorCrudNet10IntegrationTests.IsValidTemplate_ReturnsExpectedResult(template: "Unknown", expected: False) [2 ms]
  Passed Microsoft.DotNet.Tools.Scaffold.Tests.AspNet.Integration.Blazor.BlazorCrudNet10IntegrationTests.IsValidTemplate_ReturnsExpectedResult(template: "Create", expected: True) [2 ms]
  Passed Microsoft.DotNet.Tools.Scaffold.Tests.AspNet.Integration.Blazor.BlazorCrudNet10IntegrationTests.IsValidTemplate_ReturnsExpectedResult(template: "Edit", expected: True) [2 ms]
  Passed Microsoft.DotNet.Tools.Scaffold.Tests.AspNet.Integration.Blazor.BlazorCrudNet10IntegrationTests.IsValidTemplate_ReturnsExpectedResult(template: "Delete", expected: True) [2 ms]
  Passed Microsoft.DotNet.Tools.Scaffold.Tests.AspNet.Integration.Blazor.BlazorCrudNet10IntegrationTests.IsValidTemplate_ReturnsExpectedResult(template: "NotFound", expected: True) [2 ms]
  Passed Microsoft.DotNet.Tools.Scaffold.Tests.AspNet.Integration.Blazor.BlazorCrudNet10IntegrationTests.IsValidTemplate_ReturnsExpectedResult(template: "Details", expected: True) [4 ms]
  Passed Microsoft.DotNet.Tools.Scaffold.Tests.AspNet.Integration.Blazor.BlazorCrudNet10IntegrationTests.IsValidTemplate_ReturnsExpectedResult(template: "Index", expected: True) [3 ms]
[xUnit.net 00:02:50.87]       Assert.NotEqual() Failure: Strings are equal
[xUnit.net 00:02:50.87]     Microsoft.DotNet.Tools.Scaffold.Tests.AspNet.Integr
ation.Blazor.BlazorCrudNet10IntegrationTests.GetBaseOutputPath_DifferentModels_
ProduceDifferentPaths [FAIL]
[xUnit.net 00:02:50.87]       Expected: Not "C:\\Users\\hmckelvie\\AppData\\Local\\Temp\\Blazor"┬╖┬╖┬╖
[xUnit.net 00:02:50.87]       Actual:       "C:\\Users\\hmckelvie\\AppData\\Local\\Temp\\Blazor"┬╖┬╖┬╖
[xUnit.net 00:02:50.87]       Stack Trace:
[xUnit.net 00:02:50.87]         C:\Scaffolding\test\dotnet-scaffolding\dotnet-scaffold.Tests\AspNet\Integration\Blazor\BlazorCrudIntegrationTestsBase.cs(354,0): at Microsoft.DotNet.Tools.Scaffold.Tests.AspNet.Integration.BlazorCrudIntegrationTestsBase.GetBaseOutputPath_DifferentModels_ProduceDifferentPaths()
[xUnit.net 00:02:50.87]            at System.RuntimeMethodHandle.InvokeMethod(ObjectHandleOnStack target, Void** arguments, ObjectHandleOnStack sig, BOOL isConstructor, ObjectHandleOnStack result)
[xUnit.net 00:02:50.87]            at System.Reflection.MethodBaseInvoker.InterpretedInvoke_Method(Object obj, IntPtr* args)
[xUnit.net 00:02:50.87]            at System.Reflection.RuntimeMethodInfo.Invoke(Object obj, BindingFlags invokeAttr, Binder binder, Object[] parameters, CultureInfo culture)
[xUnit.net 00:02:50.89]     Microsoft.DotNet.Tools.Scaffold.Tests.AspNet.Integr
ation.Blazor.BlazorCrudNet10IntegrationTests.GetBaseOutputPath_WithValidInputs_
ContainsComponentsPagesModelPages [FAIL]
[xUnit.net 00:02:50.89]       Assert.Contains() Failure: Sub-string not found
[xUnit.net 00:02:50.89]       String:    "C:\\Users\\hmckelvie\\AppData\\Local\\Temp\\Bla"┬╖┬╖┬╖
[xUnit.net 00:02:50.89]       Not found: "Components"
[xUnit.net 00:02:50.89]       Stack Trace:
[xUnit.net 00:02:50.89]         C:\Scaffolding\test\dotnet-scaffolding\dotnet-scaffold.Tests\AspNet\Integration\Blazor\BlazorCrudIntegrationTestsBase.cs(346,0): at Microsoft.DotNet.Tools.Scaffold.Tests.AspNet.Integration.BlazorCrudIntegrationTestsBase.GetBaseOutputPath_WithValidInputs_ContainsComponentsPagesModelPages()
[xUnit.net 00:02:50.89]            at System.RuntimeMethodHandle.InvokeMethod(ObjectHandleOnStack target, Void** arguments, ObjectHandleOnStack sig, BOOL isConstructor, ObjectHandleOnStack result)
[xUnit.net 00:02:50.89]            at System.Reflection.MethodBaseInvoker.InterpretedInvoke_Method(Object obj, IntPtr* args)
[xUnit.net 00:02:50.89]            at System.Reflection.RuntimeMethodInfo.Invoke(Object obj, BindingFlags invokeAttr, Binder binder, Object[] parameters, CultureInfo culture)
  Passed Microsoft.DotNet.Tools.Scaffold.Tests.AspNet.Integration.Blazor.BlazorCrudNet10IntegrationTests.GetTemplateType_WithCreateTemplate_ReturnsNonNull [2 ms]
  Passed Microsoft.DotNet.Tools.Scaffold.Tests.AspNet.Integration.Blazor.BlazorCrudNet10IntegrationTests.GetTemplateType_WithEditTemplate_ReturnsNonNull [2 ms]
  Failed Microsoft.DotNet.Tools.Scaffold.Tests.AspNet.Integration.Blazor.BlazorCrudNet10IntegrationTests.GetBaseOutputPath_DifferentModels_ProduceDifferentPaths [4 ms]
  Error Message:
   Assert.NotEqual() Failure: Strings are equal
Expected: Not "C:\\Users\\hmckelvie\\AppData\\Local\\Temp\\Blazor"┬╖┬╖┬╖
Actual:       "C:\\Users\\hmckelvie\\AppData\\Local\\Temp\\Blazor"┬╖┬╖┬╖
  Stack Trace:
     at Microsoft.DotNet.Tools.Scaffold.Tests.AspNet.Integration.BlazorCrudIntegrationTestsBase.GetBaseOutputPath_DifferentModels_ProduceDifferentPaths() in C:\Scaffolding\test\dotnet-scaffolding\dotnet-scaffold.Tests\AspNet\Integration\Blazor\BlazorCrudIntegrationTestsBase.cs:line 354
   at System.RuntimeMethodHandle.InvokeMethod(ObjectHandleOnStack target, Void** arguments, ObjectHandleOnStack sig, BOOL isConstructor, ObjectHandleOnStack result)
   at System.Reflection.MethodBaseInvoker.InterpretedInvoke_Method(Object obj, IntPtr* args)
   at System.Reflection.RuntimeMethodInfo.Invoke(Object obj, BindingFlags invokeAttr, Binder binder, Object[] parameters, CultureInfo culture)
  Passed Microsoft.DotNet.Tools.Scaffold.Tests.AspNet.Integration.Blazor.BlazorCrudNet10IntegrationTests.RegressionGuard_CRUDPages_ListHasNoDuplicates [2 ms]
  Passed Microsoft.DotNet.Tools.Scaffold.Tests.AspNet.Integration.Blazor.BlazorCrudNet10IntegrationTests.ExecuteAsync_ReturnsFalse_WhenDataContextIsNull [13 ms]
  Failed Microsoft.DotNet.Tools.Scaffold.Tests.AspNet.Integration.Blazor.BlazorCrudNet10IntegrationTests.GetBaseOutputPath_WithValidInputs_ContainsComponentsPagesModelPages [2 ms]
  Error Message:
   Assert.Contains() Failure: Sub-string not found
String:    "C:\\Users\\hmckelvie\\AppData\\Local\\Temp\\Bla"┬╖┬╖┬╖
Not found: "Components"
  Stack Trace:
     at Microsoft.DotNet.Tools.Scaffold.Tests.AspNet.Integration.BlazorCrudIntegrationTestsBase.GetBaseOutputPath_WithValidInputs_ContainsComponentsPagesModelPages() in C:\Scaffolding\test\dotnet-scaffolding\dotnet-scaffold.Tests\AspNet\Integration\Blazor\BlazorCrudIntegrationTestsBase.cs:line 346
   at System.RuntimeMethodHandle.InvokeMethod(ObjectHandleOnStack target, Void** arguments, ObjectHandleOnStack sig, BOOL isConstructor, ObjectHandleOnStack result)
   at System.Reflection.MethodBaseInvoker.InterpretedInvoke_Method(Object obj, IntPtr* args)
   at System.Reflection.RuntimeMethodInfo.Invoke(Object obj, BindingFlags invokeAttr, Binder binder, Object[] parameters, CultureInfo culture)
  Passed Microsoft.DotNet.Tools.Scaffold.Tests.AspNet.Integration.Blazor.BlazorCrudNet10IntegrationTests.ExecuteAsync_ReturnsFalse_WhenProjectIsEmpty [2 ms]
  Passed Microsoft.DotNet.Tools.Scaffold.Tests.AspNet.Integration.Blazor.BlazorCrudNet10IntegrationTests.GetTemplateType_WithUnknownTemplate_ReturnsNull [2 ms]
  Passed Microsoft.DotNet.Tools.Scaffold.Tests.AspNet.Integration.Blazor.BlazorCrudNet10IntegrationTests.ExecuteAsync_ReturnsFalse_WhenModelIsEmpty [3 ms]
  Passed Microsoft.DotNet.Tools.Scaffold.Tests.AspNet.Integration.Blazor.BlazorCrudNet10IntegrationTests.ExecuteAsync_ReturnsFalse_WhenPageIsNull [2 ms]
  Passed Microsoft.DotNet.Tools.Scaffold.Tests.AspNet.Integration.Blazor.BlazorCrudNet10IntegrationTests.ExecuteAsync_TracksTelemetryEvent_WithScaffolderDisplayName [17 ms]
  Passed Microsoft.DotNet.Tools.Scaffold.Tests.AspNet.Integration.Blazor.BlazorCrudNet10IntegrationTests.ExecuteAsync_ReturnsFalse_WhenProjectIsNull [15 ms]
  Passed Microsoft.DotNet.Tools.Scaffold.Tests.AspNet.Integration.Blazor.BlazorCrudNet10IntegrationTests.ExecuteAsync_ReturnsFalse_WhenProjectDoesNotExist [2 ms]
  Passed Microsoft.DotNet.Tools.Scaffold.Tests.AspNet.Integration.Blazor.BlazorCrudNet10IntegrationTests.ExecuteAsync_ReturnsFalse_WhenPageIsEmpty [2 ms]
  Passed Microsoft.DotNet.Tools.Scaffold.Tests.AspNet.Integration.Blazor.BlazorCrudNet10IntegrationTests.ExecuteAsync_ReturnsFalse_WhenModelIsNull [3 ms]
  Passed Microsoft.DotNet.Tools.Scaffold.Tests.AspNet.Integration.Blazor.BlazorCrudNet10IntegrationTests.ExecuteAsync_TracksTelemetryEvent_OnValidationFailure_NullProject [2 ms]
  Passed Microsoft.DotNet.Tools.Scaffold.Tests.AspNet.Integration.Blazor.BlazorCrudNet10IntegrationTests.GetTemplateType_WithIndexTemplate_ReturnsNonNull [4 ms]
  Passed Microsoft.DotNet.Tools.Scaffold.Tests.AspNet.Integration.Blazor.BlazorCrudNet10IntegrationTests.ExecuteAsync_TracksTelemetryEvent_OnValidationFailure_NullModel [8 ms]
  Passed Microsoft.DotNet.Tools.Scaffold.Tests.AspNet.Integration.Blazor.BlazorCrudNet10IntegrationTests.GetTemplateType_WithEmpty_ReturnsNull [3 ms]
  Passed Microsoft.DotNet.Tools.Scaffold.Tests.AspNet.Integration.RazorViewEmptyNet9IntegrationTests.ExecuteAsync_GeneratedViewFile_HasCshtmlExtension [1 s]
  Passed Microsoft.DotNet.Tools.Scaffold.Tests.AspNet.Integration.Blazor.BlazorCrudNet10IntegrationTests.GetTemplateType_WithDetailsTemplate_ReturnsNonNull [2 ms]
  Passed Microsoft.DotNet.Tools.Scaffold.Tests.AspNet.Integration.Blazor.BlazorCrudNet10IntegrationTests.ExecuteAsync_ReturnsFalse_WhenDataContextIsEmpty [3 ms]
  Passed Microsoft.DotNet.Tools.Scaffold.Tests.AspNet.Integration.MVC.ControllerNet8IntegrationTests.EmptyControllerScaffolderStep_CreatesControllersDirectory [1 s]
  Passed Microsoft.DotNet.Tools.Scaffold.Tests.AspNet.Integration.Blazor.RazorComponentNet9IntegrationTests.ExecuteAsync_GeneratesCorrectFileName_WhenLowercaseInput [1 s]
  Passed Microsoft.DotNet.Tools.Scaffold.Tests.AspNet.Integration.MVC.AreaNet11IntegrationTests.Templates_HasExpectedScaffolderFolder(folderName: "CodeModificationConfigs") [8 ms]
  Passed Microsoft.DotNet.Tools.Scaffold.Tests.AspNet.Integration.MVC.AreaNet11IntegrationTests.Templates_HasExpectedScaffolderFolder(folderName: "BlazorIdentity") [2 ms]
  Passed Microsoft.DotNet.Tools.Scaffold.Tests.AspNet.Integration.MVC.AreaNet11IntegrationTests.Templates_HasExpectedScaffolderFolder(folderName: "RazorPages") [2 ms]
  Passed Microsoft.DotNet.Tools.Scaffold.Tests.AspNet.Integration.MVC.AreaNet11IntegrationTests.Templates_HasExpectedScaffolderFolder(folderName: "Files") [2 ms]
  Passed Microsoft.DotNet.Tools.Scaffold.Tests.AspNet.Integration.MVC.AreaNet11IntegrationTests.Templates_HasExpectedScaffolderFolder(folderName: "Views") [2 ms]
  Passed Microsoft.DotNet.Tools.Scaffold.Tests.AspNet.Integration.MVC.AreaNet11IntegrationTests.Templates_HasExpectedScaffolderFolder(folderName: "MinimalApi") [2 ms]
  Passed Microsoft.DotNet.Tools.Scaffold.Tests.AspNet.Integration.MVC.AreaNet11IntegrationTests.Templates_HasExpectedScaffolderFolder(folderName: "EfController") [2 ms]
  Passed Microsoft.DotNet.Tools.Scaffold.Tests.AspNet.Integration.MVC.AreaNet11IntegrationTests.Templates_HasExpectedScaffolderFolder(folderName: "BlazorCrud") [2 ms]
  Passed Microsoft.DotNet.Tools.Scaffold.Tests.AspNet.Integration.MVC.AreaNet11IntegrationTests.Templates_HasExpectedScaffolderFolder(folderName: "Identity") [2 ms]
  Passed Microsoft.DotNet.Tools.Scaffold.Tests.AspNet.Integration.MVC.AreaNet11IntegrationTests.AreaScaffolderStep_CreatesCorrectStructure_ForVariousNames(areaName: "Blog") [8 ms]
  Passed Microsoft.DotNet.Tools.Scaffold.Tests.AspNet.Integration.MVC.AreaNet11IntegrationTests.AreaScaffolderStep_CreatesCorrectStructure_ForVariousNames(areaName: "Reporting") [9 ms]
  Passed Microsoft.DotNet.Tools.Scaffold.Tests.AspNet.Integration.MVC.AreaNet11IntegrationTests.AreaScaffolderStep_CreatesCorrectStructure_ForVariousNames(areaName: "Dashboard") [9 ms]
  Passed Microsoft.DotNet.Tools.Scaffold.Tests.AspNet.Integration.MVC.AreaNet11IntegrationTests.AreaScaffolderStep_CreatesCorrectStructure_ForVariousNames(areaName: "Admin") [9 ms]
  Passed Microsoft.DotNet.Tools.Scaffold.Tests.AspNet.Integration.MVC.AreaNet11IntegrationTests.AreaScaffolderStep_CreatesCorrectStructure_ForVariousNames(areaName: "Api") [8 ms]
  Passed Microsoft.DotNet.Tools.Scaffold.Tests.AspNet.Integration.MVC.AreaNet11IntegrationTests.AreaScaffolderStep_CreatesViewsFolder [8 ms]
  Passed Microsoft.DotNet.Tools.Scaffold.Tests.AspNet.Integration.MVC.AreaNet11IntegrationTests.AreaScaffolderStep_CreatesAreasDirectory [8 ms]
  Passed Microsoft.DotNet.Tools.Scaffold.Tests.AspNet.Integration.MVC.AreaNet11IntegrationTests.AreaScaffolderStep_CreatesExactly6Directories [8 ms]
  Passed Microsoft.DotNet.Tools.Scaffold.Tests.AspNet.Integration.MVC.AreaNet11IntegrationTests.AreaScaffolderStep_CreatesDataFolder [8 ms]
  Passed Microsoft.DotNet.Tools.Scaffold.Tests.AspNet.Integration.MVC.AreaNet11IntegrationTests.Templates_NoAreaFolderExists [2 ms]
  Passed Microsoft.DotNet.Tools.Scaffold.Tests.AspNet.Integration.MVC.AreaNet11IntegrationTests.AreaScaffolderStep_SupportsCustomAreaName [8 ms]
  Passed Microsoft.DotNet.Tools.Scaffold.Tests.AspNet.Integration.MVC.AreaNet11IntegrationTests.AreaScaffolderStep_FallsBackToCurrentDirectory_WhenProjectDirMissing [6 ms]
  Passed Microsoft.DotNet.Tools.Scaffold.Tests.AspNet.Integration.MVC.AreaNet11IntegrationTests.AreaScaffolderStep_CreatesNamedAreaDirectory [8 ms]
  Passed Microsoft.DotNet.Tools.Scaffold.Tests.AspNet.Integration.MVC.AreaNet11IntegrationTests.AreaScaffolderStep_CreatesModelsFolder [8 ms]
  Passed Microsoft.DotNet.Tools.Scaffold.Tests.AspNet.Integration.MVC.AreaNet11IntegrationTests.AreaScaffolderStep_ReturnsTrue_OnSuccess [8 ms]
  Passed Microsoft.DotNet.Tools.Scaffold.Tests.AspNet.Integration.MVC.AreaNet11IntegrationTests.AreaScaffolderStep_UsesProjectDirectory_WhenExists [11 ms]
  Passed Microsoft.DotNet.Tools.Scaffold.Tests.AspNet.Integration.MVC.AreaNet11IntegrationTests.Templates_NoAreasFolderExists [15 ms]
  Passed Microsoft.DotNet.Tools.Scaffold.Tests.AspNet.Integration.MVC.AreaNet11IntegrationTests.AreaScaffolderStep_CreatesControllersFolder [15 ms]
  Passed Microsoft.DotNet.Tools.Scaffold.Tests.AspNet.Integration.RazorViewEmptyNet10IntegrationTests.ExecuteAsync_OnlyGeneratesSingleViewFile [1 s]
  Passed Microsoft.DotNet.Tools.Scaffold.Tests.AspNet.Integration.RazorViewEmptyNet10IntegrationTests.ExecuteAsync_TracksTelemetryEvent_OnValidFileNameFailure [2 ms]
  Passed Microsoft.DotNet.Tools.Scaffold.Tests.AspNet.Integration.RazorViewEmptyNet10IntegrationTests.RazorViewEmpty_DoesNotSetNamespace [2 ms]
  Passed Microsoft.DotNet.Tools.Scaffold.Tests.AspNet.Integration.RazorViewEmptyNet10IntegrationTests.RegressionGuard_EmptyInputs_DoNotThrow [2 ms]
  Passed Microsoft.DotNet.Tools.Scaffold.Tests.AspNet.Integration.RazorViewEmptyNet9IntegrationTests.ExecuteAsync_CreatesViewsDirectory_WhenProjectExists [1 s]
  Passed Microsoft.DotNet.Tools.Scaffold.Tests.AspNet.Integration.RazorViewEmptyNet9IntegrationTests.ExecuteAsync_TracksTelemetryEvent_OnValidationFailure [3 ms]
  Passed Microsoft.DotNet.Tools.Scaffold.Tests.AspNet.Integration.RazorViewEmptyNet9IntegrationTests.RegressionGuard_NonExistentProject_ReturnsFalseNotException [3 ms]
  Passed Microsoft.DotNet.Tools.Scaffold.Tests.AspNet.Integration.RazorViewEmptyNet9IntegrationTests.ExecuteAsync_ReturnsFalse_WhenProjectPathDoesNotExist [2 ms]
[xUnit.net 00:02:53.51]     Microsoft.DotNet.Tools.Scaffold.Tests.AspNet.Integr
ation.Identity.IdentityNet11IntegrationTests.IdentityMinimalHostingChangesConfi
g_IsNotEmpty [FAIL]
[xUnit.net 00:02:53.51]       System.IO.FileNotFoundException : Could not find file 'C:\Scaffolding\src\dotnet-scaffolding\dotnet-scaffold\AspNet\Templates\net11.0\CodeModificationConfigs\identityMinimalHostingChanges.json'.
[xUnit.net 00:02:53.51]       Stack Trace:
[xUnit.net 00:02:53.51]            at Microsoft.Win32.SafeHandles.SafeFileHandle.CreateFile(String fullPath, FileMode mode, FileAccess access, FileShare share, FileOptions options)
[xUnit.net 00:02:53.51]            at System.IO.Strategies.OSFileStreamStrategy..ctor(String path, FileMode mode, FileAccess access, FileShare share, FileOptions options, Int64 preallocationSize, Nullable`1 unixCreateMode)
[xUnit.net 00:02:53.51]            at System.IO.Strategies.FileStreamHelpers.ChooseStrategyCore(String path, FileMode mode, FileAccess access, FileShare share, FileOptions options, Int64 preallocationSize, Nullable`1 unixCreateMode)
[xUnit.net 00:02:53.51]            at System.IO.StreamReader.ValidateArgsAndOpenPath(String path, Int32 bufferSize)
[xUnit.net 00:02:53.51]            at System.IO.File.ReadAllText(String path, Encoding encoding)
[xUnit.net 00:02:53.51]         C:\Scaffolding\test\dotnet-scaffolding\dotnet-scaffold.Tests\AspNet\Integration\Identity\IdentityIntegrationTestsBase.cs(301,0): at Microsoft.DotNet.Tools.Scaffold.Tests.AspNet.Integration.IdentityIntegrationTestsBase.IdentityMinimalHostingChangesConfig_IsNotEmpty()
[xUnit.net 00:02:53.51]            at System.RuntimeMethodHandle.InvokeMethod(ObjectHandleOnStack target, Void** arguments, ObjectHandleOnStack sig, BOOL isConstructor, ObjectHandleOnStack result)
[xUnit.net 00:02:53.51]            at System.Reflection.MethodBaseInvoker.InterpretedInvoke_Method(Object obj, IntPtr* args)
[xUnit.net 00:02:53.51]            at System.Reflection.RuntimeMethodInfo.Invoke(Object obj, BindingFlags invokeAttr, Binder binder, Object[] parameters, CultureInfo culture)
  Passed Microsoft.DotNet.Tools.Scaffold.Tests.AspNet.Integration.Identity.IdentityNet11IntegrationTests.Scaffold_Identity_Net11_CliInvocation [2 m 51 s]
  Passed Microsoft.DotNet.Tools.Scaffold.Tests.AspNet.Integration.Identity.IdentityNet11IntegrationTests.ValidateIdentityStep_HasBlazorScenarioProperty [3 ms]
  Failed Microsoft.DotNet.Tools.Scaffold.Tests.AspNet.Integration.Identity.IdentityNet11IntegrationTests.IdentityMinimalHostingChangesConfig_IsNotEmpty [3 ms]
  Error Message:
   System.IO.FileNotFoundException : Could not find file 'C:\Scaffolding\src\dotnet-scaffolding\dotnet-scaffold\AspNet\Templates\net11.0\CodeModificationConfigs\identityMinimalHostingChanges.json'.
  Stack Trace:
     at Microsoft.Win32.SafeHandles.SafeFileHandle.CreateFile(String fullPath, FileMode mode, FileAccess access, FileShare share, FileOptions options)
   at System.IO.Strategies.OSFileStreamStrategy..ctor(String path, FileMode mode, FileAccess access, FileShare share, FileOptions options, Int64 preallocationSize, Nullable`1 unixCreateMode)
   at System.IO.Strategies.FileStreamHelpers.ChooseStrategyCore(String path, FileMode mode, FileAccess access, FileShare share, FileOptions options, Int64 preallocationSize, Nullable`1 unixCreateMode)
   at System.IO.StreamReader.ValidateArgsAndOpenPath(String path, Int32 bufferSize)
   at System.IO.File.ReadAllText(String path, Encoding encoding)
   at Microsoft.DotNet.Tools.Scaffold.Tests.AspNet.Integration.IdentityIntegrationTestsBase.IdentityMinimalHostingChangesConfig_IsNotEmpty() in C:\Scaffolding\test\dotnet-scaffolding\dotnet-scaffold.Tests\AspNet\Integration\Identity\IdentityIntegrationTestsBase.cs:line 301
   at System.RuntimeMethodHandle.InvokeMethod(ObjectHandleOnStack target, Void** arguments, ObjectHandleOnStack sig, BOOL isConstructor, ObjectHandleOnStack result)
   at System.Reflection.MethodBaseInvoker.InterpretedInvoke_Method(Object obj, IntPtr* args)
   at System.Reflection.RuntimeMethodInfo.Invoke(Object obj, BindingFlags invokeAttr, Binder binder, Object[] parameters, CultureInfo culture)
  Passed Microsoft.DotNet.Tools.Scaffold.Tests.AspNet.Integration.Identity.IdentityNet11IntegrationTests.Identity_Bootstrap5_HasMoreOrEqualFilesThanBootstrap4 [4 ms]
  Passed Microsoft.DotNet.Tools.Scaffold.Tests.AspNet.Integration.Identity.IdentityNet11IntegrationTests.ValidateIdentityStep_FailsWithNullProject [3 ms]
  Passed Microsoft.DotNet.Tools.Scaffold.Tests.AspNet.Integration.Identity.IdentityNet11IntegrationTests.IdentityEfPackagesDict_ContainsSqlServer [3 ms]
  Passed Microsoft.DotNet.Tools.Scaffold.Tests.AspNet.Integration.Identity.IdentityNet11IntegrationTests.ValidateIdentityStep_FailsWithEmptyDataContext [4 ms]
  Passed Microsoft.DotNet.Tools.Scaffold.Tests.AspNet.Integration.Identity.IdentityNet11IntegrationTests.IdentityEfPackagesDict_HasExactlyTwoProviders [3 ms]
  Passed Microsoft.DotNet.Tools.Scaffold.Tests.AspNet.Integration.Identity.IdentityNet11IntegrationTests.ValidateIdentityStep_TracksTelemetry_OnFailure [3 ms]
[xUnit.net 00:02:53.54]     Microsoft.DotNet.Tools.Scaffold.Tests.AspNet.Integr
ation.Identity.IdentityNet11IntegrationTests.IdentityMinimalHostingChangesConfi
g_ReferencesProgramCs [FAIL]
[xUnit.net 00:02:53.54]       System.IO.FileNotFoundException : Could not find file 'C:\Scaffolding\src\dotnet-scaffolding\dotnet-scaffold\AspNet\Templates\net11.0\CodeModificationConfigs\identityMinimalHostingChanges.json'.
[xUnit.net 00:02:53.54]       Stack Trace:
[xUnit.net 00:02:53.54]            at Microsoft.Win32.SafeHandles.SafeFileHandle.CreateFile(String fullPath, FileMode mode, FileAccess access, FileShare share, FileOptions options)
[xUnit.net 00:02:53.54]            at System.IO.Strategies.OSFileStreamStrategy..ctor(String path, FileMode mode, FileAccess access, FileShare share, FileOptions options, Int64 preallocationSize, Nullable`1 unixCreateMode)
[xUnit.net 00:02:53.54]            at System.IO.Strategies.FileStreamHelpers.ChooseStrategyCore(String path, FileMode mode, FileAccess access, FileShare share, FileOptions options, Int64 preallocationSize, Nullable`1 unixCreateMode)
[xUnit.net 00:02:53.54]            at System.IO.StreamReader.ValidateArgsAndOpenPath(String path, Int32 bufferSize)
[xUnit.net 00:02:53.54]            at System.IO.File.ReadAllText(String path, Encoding encoding)
[xUnit.net 00:02:53.54]         C:\Scaffolding\test\dotnet-scaffolding\dotnet-scaffold.Tests\AspNet\Integration\Identity\IdentityIntegrationTestsBase.cs(309,0): at Microsoft.DotNet.Tools.Scaffold.Tests.AspNet.Integration.IdentityIntegrationTestsBase.IdentityMinimalHostingChangesConfig_ReferencesProgramCs()
[xUnit.net 00:02:53.54]            at System.RuntimeMethodHandle.InvokeMethod(ObjectHandleOnStack target, Void** arguments, ObjectHandleOnStack sig, BOOL isConstructor, ObjectHandleOnStack result)
[xUnit.net 00:02:53.54]            at System.Reflection.MethodBaseInvoker.InterpretedInvoke_Method(Object obj, IntPtr* args)
[xUnit.net 00:02:53.54]            at System.Reflection.RuntimeMethodInfo.Invoke(Object obj, BindingFlags invokeAttr, Binder binder, Object[] parameters, CultureInfo culture)
  Passed Microsoft.DotNet.Tools.Scaffold.Tests.AspNet.Integration.Identity.IdentityNet11IntegrationTests.Identity_Bootstrap5_FolderExists [3 ms]
  Passed Microsoft.DotNet.Tools.Scaffold.Tests.AspNet.Integration.Identity.IdentityNet11IntegrationTests.ValidateIdentityStep_FailsWithNonExistentProject [3 ms]
  Failed Microsoft.DotNet.Tools.Scaffold.Tests.AspNet.Integration.Identity.IdentityNet11IntegrationTests.IdentityMinimalHostingChangesConfig_ReferencesProgramCs [3 ms]
  Error Message:
   System.IO.FileNotFoundException : Could not find file 'C:\Scaffolding\src\dotnet-scaffolding\dotnet-scaffold\AspNet\Templates\net11.0\CodeModificationConfigs\identityMinimalHostingChanges.json'.
  Stack Trace:
     at Microsoft.Win32.SafeHandles.SafeFileHandle.CreateFile(String fullPath, FileMode mode, FileAccess access, FileShare share, FileOptions options)
   at System.IO.Strategies.OSFileStreamStrategy..ctor(String path, FileMode mode, FileAccess access, FileShare share, FileOptions options, Int64 preallocationSize, Nullable`1 unixCreateMode)
   at System.IO.Strategies.FileStreamHelpers.ChooseStrategyCore(String path, FileMode mode, FileAccess access, FileShare share, FileOptions options, Int64 preallocationSize, Nullable`1 unixCreateMode)
   at System.IO.StreamReader.ValidateArgsAndOpenPath(String path, Int32 bufferSize)
   at System.IO.File.ReadAllText(String path, Encoding encoding)
   at Microsoft.DotNet.Tools.Scaffold.Tests.AspNet.Integration.IdentityIntegrationTestsBase.IdentityMinimalHostingChangesConfig_ReferencesProgramCs() in C:\Scaffolding\test\dotnet-scaffolding\dotnet-scaffold.Tests\AspNet\Integration\Identity\IdentityIntegrationTestsBase.cs:line 309
   at System.RuntimeMethodHandle.InvokeMethod(ObjectHandleOnStack target, Void** arguments, ObjectHandleOnStack sig, BOOL isConstructor, ObjectHandleOnStack result)
   at System.Reflection.MethodBaseInvoker.InterpretedInvoke_Method(Object obj, IntPtr* args)
   at System.Reflection.RuntimeMethodInfo.Invoke(Object obj, BindingFlags invokeAttr, Binder binder, Object[] parameters, CultureInfo culture)
  Passed Microsoft.DotNet.Tools.Scaffold.Tests.AspNet.Integration.Identity.IdentityNet11IntegrationTests.IdentityEfPackagesDict_DoesNotContainPostgres [37 ms]
  Passed Microsoft.DotNet.Tools.Scaffold.Tests.AspNet.Integration.Identity.IdentityNet11IntegrationTests.IdentityEfPackagesDict_DoesNotContainCosmos [3 ms]
  Passed Microsoft.DotNet.Tools.Scaffold.Tests.AspNet.Integration.Identity.IdentityNet11IntegrationTests.ValidateIdentityStep_FailsWithNullDataContext [3 ms]
  Passed Microsoft.DotNet.Tools.Scaffold.Tests.AspNet.Integration.RazorPageEmptyNet9IntegrationTests.ExecuteAsync_TracksTelemetryEvent_OnValidationFailure [3 ms]
  Passed Microsoft.DotNet.Tools.Scaffold.Tests.AspNet.Integration.RazorViewEmptyNet9IntegrationTests.ExecuteAsync_OutputFolder_IsViews_ForView [1 s]
  Passed Microsoft.DotNet.Tools.Scaffold.Tests.AspNet.Integration.RazorViewEmptyNet9IntegrationTests.ExecuteAsync_ReturnsFalse_WhenProjectPathIsNull [2 ms]
  Passed Microsoft.DotNet.Tools.Scaffold.Tests.AspNet.Integration.RazorViewEmptyNet9IntegrationTests.ExecuteAsync_TracksTelemetryEvent_OnValidFileNameFailure [2 ms]
  Passed Microsoft.DotNet.Tools.Scaffold.Tests.AspNet.Integration.RazorViewEmptyNet9IntegrationTests.FileName_DefaultsToNull [2 ms]
  Passed Microsoft.DotNet.Tools.Scaffold.Tests.AspNet.Integration.RazorViewEmptyNet9IntegrationTests.ProjectPath_DefaultsToNull [1 ms]
  Passed Microsoft.DotNet.Tools.Scaffold.Tests.AspNet.Integration.RazorViewEmptyNet9IntegrationTests.ExecuteAsync_ReturnsFalse_WhenProjectPathIsEmpty [2 ms]
  Passed Microsoft.DotNet.Tools.Scaffold.Tests.AspNet.Integration.RazorViewEmptyNet9IntegrationTests.RegressionGuard_EmptyInputs_DoNotThrow [2 ms]
  Passed Microsoft.DotNet.Tools.Scaffold.Tests.AspNet.Integration.RazorViewEmptyNet10IntegrationTests.ExecuteAsync_GeneratedViewFile_HasCshtmlExtension [1 s]
  Passed Microsoft.DotNet.Tools.Scaffold.Tests.AspNet.Integration.RazorViewEmptyNet10IntegrationTests.ExecuteAsync_ReturnsFalse_WhenFileNameIsEmpty [2 ms]
[xUnit.net 00:02:54.25]     Microsoft.DotNet.Tools.Scaffold.Tests.AspNet.Integr
ation.Identity.IdentityNet8IntegrationTests.Scaffold_Identity_Net8_CliInvocatio
n [FAIL]
[xUnit.net 00:02:54.25]       DbContext file should be created.
[xUnit.net 00:02:54.25]       Stack Trace:
[xUnit.net 00:02:54.25]         C:\Scaffolding\test\dotnet-scaffolding\dotnet-scaffold.Tests\AspNet\Integration\Identity\IdentityNet8IntegrationTests.cs(37,0): at Microsoft.DotNet.Tools.Scaffold.Tests.AspNet.Integration.Identity.IdentityNet8IntegrationTests.Scaffold_Identity_Net8_CliInvocation()
[xUnit.net 00:02:54.25]         --- End of stack trace from previous location ---
  Passed Microsoft.DotNet.Tools.Scaffold.Tests.AspNet.Integration.RazorViewEmptyNet10IntegrationTests.ExecuteAsync_TracksTelemetryEvent_OnValidationFailure [2 ms]
  Failed Microsoft.DotNet.Tools.Scaffold.Tests.AspNet.Integration.Identity.IdentityNet8IntegrationTests.Scaffold_Identity_Net8_CliInvocation [2 m 52 s]
  Error Message:
   DbContext file should be created.
  Stack Trace:
     at Microsoft.DotNet.Tools.Scaffold.Tests.AspNet.Integration.Identity.IdentityNet8IntegrationTests.Scaffold_Identity_Net8_CliInvocation() in C:\Scaffolding\test\dotnet-scaffolding\dotnet-scaffold.Tests\AspNet\Integration\Identity\IdentityNet8IntegrationTests.cs:line 37
--- End of stack trace from previous location ---
  Passed Microsoft.DotNet.Tools.Scaffold.Tests.AspNet.Integration.Identity.IdentityNet8IntegrationTests.Templates_HasExpectedScaffolderFolder(folderName: "Files") [2 ms]
  Passed Microsoft.DotNet.Tools.Scaffold.Tests.AspNet.Integration.Identity.IdentityNet8IntegrationTests.Templates_HasExpectedScaffolderFolder(folderName: "Views") [3 ms]
  Passed Microsoft.DotNet.Tools.Scaffold.Tests.AspNet.Integration.Identity.IdentityNet8IntegrationTests.Templates_HasExpectedScaffolderFolder(folderName: "CodeModificationConfigs") [3 ms]
  Passed Microsoft.DotNet.Tools.Scaffold.Tests.AspNet.Integration.Identity.IdentityNet8IntegrationTests.Templates_HasExpectedScaffolderFolder(folderName: "MinimalApi") [2 ms]
  Passed Microsoft.DotNet.Tools.Scaffold.Tests.AspNet.Integration.Identity.IdentityNet8IntegrationTests.Templates_HasExpectedScaffolderFolder(folderName: "BlazorIdentity") [2 ms]
  Passed Microsoft.DotNet.Tools.Scaffold.Tests.AspNet.Integration.Identity.IdentityNet8IntegrationTests.Templates_HasExpectedScaffolderFolder(folderName: "RazorPages") [2 ms]
  Passed Microsoft.DotNet.Tools.Scaffold.Tests.AspNet.Integration.Identity.IdentityNet8IntegrationTests.Templates_HasExpectedScaffolderFolder(folderName: "EfController") [2 ms]
  Passed Microsoft.DotNet.Tools.Scaffold.Tests.AspNet.Integration.Identity.IdentityNet8IntegrationTests.Templates_HasExpectedScaffolderFolder(folderName: "BlazorCrud") [9 ms]
  Passed Microsoft.DotNet.Tools.Scaffold.Tests.AspNet.Integration.Identity.IdentityNet8IntegrationTests.Templates_HasExpectedScaffolderFolder(folderName: "Identity") [2 ms]
  Passed Microsoft.DotNet.Tools.Scaffold.Tests.AspNet.Integration.Identity.IdentityNet8IntegrationTests.ValidateIdentityStep_HasOverwriteProperty [2 ms]
  Passed Microsoft.DotNet.Tools.Scaffold.Tests.AspNet.Integration.Identity.IdentityNet8IntegrationTests.Identity_Bootstrap5_HasFiles [4 ms]
  Passed Microsoft.DotNet.Tools.Scaffold.Tests.AspNet.Integration.Identity.IdentityNet8IntegrationTests.ValidateIdentityStep_FailsWithEmptyProject [3 ms]
  Passed Microsoft.DotNet.Tools.Scaffold.Tests.AspNet.Integration.Identity.IdentityNet8IntegrationTests.Identity_Bootstrap5_HasMoreOrEqualFilesThanBootstrap4 [13 ms]
  Passed Microsoft.DotNet.Tools.Scaffold.Tests.AspNet.Integration.Identity.IdentityNet8IntegrationTests.ValidateIdentityStep_FailsWithNullProject [4 ms]
  Passed Microsoft.DotNet.Tools.Scaffold.Tests.AspNet.Integration.Identity.IdentityNet8IntegrationTests.ValidateIdentityStep_HasPrereleaseProperty [4 ms]
  Passed Microsoft.DotNet.Tools.Scaffold.Tests.AspNet.Integration.Identity.IdentityNet8IntegrationTests.IdentityEfPackagesDict_DoesNotContainCosmos [3 ms]
  Passed Microsoft.DotNet.Tools.Scaffold.Tests.AspNet.Integration.Identity.IdentityNet8IntegrationTests.IdentityMinimalHostingChangesConfig_IsNotEmpty [58 ms]
  Passed Microsoft.DotNet.Tools.Scaffold.Tests.AspNet.Integration.Identity.IdentityNet8IntegrationTests.IdentityEfPackagesDict_DoesNotSupportProvider(provider: "npgsql-efcore") [6 ms]
  Passed Microsoft.DotNet.Tools.Scaffold.Tests.AspNet.Integration.Identity.IdentityNet8IntegrationTests.IdentityEfPackagesDict_DoesNotSupportProvider(provider: "cosmos-efcore") [2 ms]
  Passed Microsoft.DotNet.Tools.Scaffold.Tests.AspNet.Integration.Identity.IdentityNet8IntegrationTests.IdentityEfPackagesDict_DoesNotSupportProvider(provider: "mysql") [3 ms]
  Passed Microsoft.DotNet.Tools.Scaffold.Tests.AspNet.Integration.Identity.IdentityNet8IntegrationTests.IdentityEfPackagesDict_DoesNotSupportProvider(provider: "") [2 ms]
  Passed Microsoft.DotNet.Tools.Scaffold.Tests.AspNet.Integration.Identity.IdentityNet8IntegrationTests.IdentityMinimalHostingChangesConfig_ReferencesProgramCs [4 ms]
  Passed Microsoft.DotNet.Tools.Scaffold.Tests.AspNet.Integration.Identity.IdentityNet8IntegrationTests.ValidateIdentityStep_HasBlazorScenarioProperty [2 ms]
  Passed Microsoft.DotNet.Tools.Scaffold.Tests.AspNet.Integration.Identity.IdentityNet8IntegrationTests.IdentityEfPackagesDict_ContainsSqlite [2 ms]
  Passed Microsoft.DotNet.Tools.Scaffold.Tests.AspNet.Integration.Identity.IdentityNet8IntegrationTests.ValidateIdentityStep_FailsWithNonExistentProject [3 ms]
  Passed Microsoft.DotNet.Tools.Scaffold.Tests.AspNet.Integration.Identity.IdentityNet8IntegrationTests.IdentityMinimalHostingChangesConfig_ExistsForTargetFramework [2 ms]
  Passed Microsoft.DotNet.Tools.Scaffold.Tests.AspNet.Integration.Identity.IdentityNet8IntegrationTests.Identity_Bootstrap5_FolderExists [3 ms]
  Passed Microsoft.DotNet.Tools.Scaffold.Tests.AspNet.Integration.Identity.IdentityNet8IntegrationTests.IdentityEfPackagesDict_SupportsProvider(provider: "sqlserver-efcore") [2 ms]
  Passed Microsoft.DotNet.Tools.Scaffold.Tests.AspNet.Integration.Identity.IdentityNet8IntegrationTests.IdentityEfPackagesDict_SupportsProvider(provider: "sqlite-efcore") [3 ms]
  Passed Microsoft.DotNet.Tools.Scaffold.Tests.AspNet.Integration.Identity.IdentityNet8IntegrationTests.Identity_Bootstrap4_FolderExists [3 ms]
  Passed Microsoft.DotNet.Tools.Scaffold.Tests.AspNet.Integration.Identity.IdentityNet8IntegrationTests.ValidateIdentityStep_FailsWithEmptyDataContext [3 ms]
  Passed Microsoft.DotNet.Tools.Scaffold.Tests.AspNet.Integration.Identity.IdentityNet8IntegrationTests.ValidateIdentityStep_TracksTelemetry_OnFailure [2 ms]
  Passed Microsoft.DotNet.Tools.Scaffold.Tests.AspNet.Integration.Identity.IdentityNet8IntegrationTests.Identity_Bootstrap4_HasFiles [4 ms]
  Passed Microsoft.DotNet.Tools.Scaffold.Tests.AspNet.Integration.Identity.IdentityNet8IntegrationTests.IdentityEfPackagesDict_DoesNotContainPostgres [2 ms]
  Passed Microsoft.DotNet.Tools.Scaffold.Tests.AspNet.Integration.Identity.IdentityNet8IntegrationTests.IdentityEfPackagesDict_HasExactlyTwoProviders [2 ms]
  Passed Microsoft.DotNet.Tools.Scaffold.Tests.AspNet.Integration.Identity.IdentityNet8IntegrationTests.IdentityEfPackagesDict_ContainsSqlServer [3 ms]
  Passed Microsoft.DotNet.Tools.Scaffold.Tests.AspNet.Integration.Identity.IdentityNet8IntegrationTests.ValidateIdentityStep_FailsWithNullDataContext [4 ms]
  Passed Microsoft.DotNet.Tools.Scaffold.Tests.AspNet.Integration.API.ApiControllerNet11IntegrationTests.Templates_HasExpectedScaffolderFolder(folderName: "RazorPages") [2 ms]
  Passed Microsoft.DotNet.Tools.Scaffold.Tests.AspNet.Integration.API.ApiControllerNet11IntegrationTests.Templates_HasExpectedScaffolderFolder(folderName: "MinimalApi") [2 ms]
  Passed Microsoft.DotNet.Tools.Scaffold.Tests.AspNet.Integration.API.ApiControllerNet11IntegrationTests.Templates_HasExpectedScaffolderFolder(folderName: "CodeModificationConfigs") [2 ms]
  Passed Microsoft.DotNet.Tools.Scaffold.Tests.AspNet.Integration.API.ApiControllerNet11IntegrationTests.Templates_HasExpectedScaffolderFolder(folderName: "BlazorIdentity") [2 ms]
  Passed Microsoft.DotNet.Tools.Scaffold.Tests.AspNet.Integration.API.ApiControllerNet11IntegrationTests.Templates_HasExpectedScaffolderFolder(folderName: "Files") [2 ms]
  Passed Microsoft.DotNet.Tools.Scaffold.Tests.AspNet.Integration.API.ApiControllerNet11IntegrationTests.Templates_HasExpectedScaffolderFolder(folderName: "BlazorCrud") [2 ms]
  Passed Microsoft.DotNet.Tools.Scaffold.Tests.AspNet.Integration.API.ApiControllerNet11IntegrationTests.Templates_HasExpectedScaffolderFolder(folderName: "Identity") [2 ms]
  Passed Microsoft.DotNet.Tools.Scaffold.Tests.AspNet.Integration.API.ApiControllerNet11IntegrationTests.Templates_HasExpectedScaffolderFolder(folderName: "EfController") [2 ms]
  Passed Microsoft.DotNet.Tools.Scaffold.Tests.AspNet.Integration.API.ApiControllerNet11IntegrationTests.Templates_HasExpectedScaffolderFolder(folderName: "Views") [2 ms]
  Passed Microsoft.DotNet.Tools.Scaffold.Tests.AspNet.Integration.API.ApiControllerNet11IntegrationTests.UseDatabaseMethods_HasAllFourProviders [2 ms]
  Passed Microsoft.DotNet.Tools.Scaffold.Tests.AspNet.Integration.API.ApiControllerNet11IntegrationTests.ValidateEfControllerStep_FailsWithEmptyControllerName [2 ms]
  Passed Microsoft.DotNet.Tools.Scaffold.Tests.AspNet.Integration.RazorPageEmptyNet9IntegrationTests.ExecuteAsync_OutputFolder_IsPages_ForPage [1 s]
  Passed Microsoft.DotNet.Tools.Scaffold.Tests.AspNet.Integration.RazorPageEmptyNet9IntegrationTests.RegressionGuard_EmptyInputs_DoNotThrow [3 ms]
  Passed Microsoft.DotNet.Tools.Scaffold.Tests.AspNet.Integration.RazorPageEmptyNet9IntegrationTests.GetScaffoldSteps_ContainsDotnetNewScaffolderStep [2 ms]
  Passed Microsoft.DotNet.Tools.Scaffold.Tests.AspNet.Integration.RazorPageEmptyNet9IntegrationTests.ExecuteAsync_AcceptsCancellationToken [2 ms]
  Passed Microsoft.DotNet.Tools.Scaffold.Tests.AspNet.Integration.RazorPageEmptyNet9IntegrationTests.ExecuteAsync_ReturnsFalse_WhenProjectPathIsEmpty [2 ms]
  Passed Microsoft.DotNet.Tools.Scaffold.Tests.AspNet.Integration.RazorPageEmptyNet9IntegrationTests.FileName_DefaultsToNull [2 ms]
  Passed Microsoft.DotNet.Tools.Scaffold.Tests.AspNet.Integration.RazorPageEmptyNet9IntegrationTests.RegressionGuard_ValidationFailure_DoesNotThrow [6 ms]
  Passed Microsoft.DotNet.Tools.Scaffold.Tests.AspNet.Integration.RazorViewEmptyNet10IntegrationTests.ExecuteAsync_CreatesViewsDirectory_WhenProjectExists [1 s]
  Passed Microsoft.DotNet.Tools.Scaffold.Tests.AspNet.Integration.RazorViewEmptyNet10IntegrationTests.ExecuteAsync_ReturnsFalse_WhenProjectPathIsNull [2 ms]
  Passed Microsoft.DotNet.Tools.Scaffold.Tests.AspNet.Integration.RazorViewEmptyNet10IntegrationTests.ExecuteAsync_ReturnsFalse_WhenProjectPathIsEmpty [2 ms]
  Passed Microsoft.DotNet.Tools.Scaffold.Tests.AspNet.Integration.RazorViewEmptyNet10IntegrationTests.RegressionGuard_NonExistentProject_ReturnsFalseNotException [2 ms]
  Passed Microsoft.DotNet.Tools.Scaffold.Tests.AspNet.Integration.RazorViewEmptyNet9IntegrationTests.ExecuteAsync_GeneratesCorrectFileName_WhenLowercaseInput [1 s]
  Passed Microsoft.DotNet.Tools.Scaffold.Tests.AspNet.Integration.RazorPageEmptyNet9IntegrationTests.ExecuteAsync_GeneratedPageFile_ContainsValidContent [1 s]
  Passed Microsoft.DotNet.Tools.Scaffold.Tests.AspNet.Integration.RazorPageEmptyNet9IntegrationTests.RegressionGuard_NonExistentProject_ReturnsFalseNotException [2 ms]
  Passed Microsoft.DotNet.Tools.Scaffold.Tests.AspNet.Integration.RazorPageEmptyNet9IntegrationTests.ExecuteAsync_ReturnsFalse_WhenProjectPathDoesNotExist [2 ms]
  Passed Microsoft.DotNet.Tools.Scaffold.Tests.AspNet.Integration.RazorViewEmptyNet9IntegrationTests.ExecuteAsync_TracksTelemetryEvent_WhenSettingsAreValid [1 s]
  Passed Microsoft.DotNet.Tools.Scaffold.Tests.AspNet.Integration.RazorViewEmptyNet9IntegrationTests.ExecuteAsync_AcceptsCancellationToken [2 ms]
  Passed Microsoft.DotNet.Tools.Scaffold.Tests.AspNet.Integration.Blazor.BlazorCrudNet11IntegrationTests.BlazorCrudTemplates_FolderExists [2 ms]
  Passed Microsoft.DotNet.Tools.Scaffold.Tests.AspNet.Integration.Blazor.BlazorCrudNet11IntegrationTests.IsValidTemplate_ReturnsExpectedResult(template: "", expected: False) [2 ms]
  Passed Microsoft.DotNet.Tools.Scaffold.Tests.AspNet.Integration.Blazor.BlazorCrudNet11IntegrationTests.IsValidTemplate_ReturnsExpectedResult(template: "Index", expected: True) [2 ms]
  Passed Microsoft.DotNet.Tools.Scaffold.Tests.AspNet.Integration.Blazor.BlazorCrudNet11IntegrationTests.IsValidTemplate_ReturnsExpectedResult(template: "Details", expected: True) [2 ms]
  Passed Microsoft.DotNet.Tools.Scaffold.Tests.AspNet.Integration.Blazor.BlazorCrudNet11IntegrationTests.IsValidTemplate_ReturnsExpectedResult(template: "Edit", expected: True) [2 ms]
  Passed Microsoft.DotNet.Tools.Scaffold.Tests.AspNet.Integration.Blazor.BlazorCrudNet11IntegrationTests.IsValidTemplate_ReturnsExpectedResult(template: "Create", expected: True) [2 ms]
  Passed Microsoft.DotNet.Tools.Scaffold.Tests.AspNet.Integration.Blazor.BlazorCrudNet11IntegrationTests.IsValidTemplate_ReturnsExpectedResult(template: "Delete", expected: True) [2 ms]
[xUnit.net 00:02:56.87]     Microsoft.DotNet.Tools.Scaffold.Tests.AspNet.Integr
ation.Blazor.BlazorCrudNet11IntegrationTests.BlazorCrudTemplates_AllFilesAreTT 
[FAIL]
[xUnit.net 00:02:56.87]       Assert.All() Failure: 12 out of 18 items in the collection did not pass.
[xUnit.net 00:02:56.87]       [0]:  Item:  "C:\\Scaffolding\\src\\dotnet-scaffolding\\dotnet-s"┬╖┬╖┬╖
[xUnit.net 00:02:56.87]             Error: Assert.EndsWith() Failure: String end does not match
[xUnit.net 00:02:56.87]                    String:       ┬╖┬╖┬╖"et\\Templates\\net11.0\\BlazorCrud\\Create.cs"
[xUnit.net 00:02:56.87]                    Expected end: ".tt"
[xUnit.net 00:02:56.87]       [1]:  Item:  "C:\\Scaffolding\\src\\dotnet-scaffolding\\dotnet-s"┬╖┬╖┬╖
[xUnit.net 00:02:56.87]             Error: Assert.EndsWith() Failure: String end does not match
[xUnit.net 00:02:56.87]                    String:       ┬╖┬╖┬╖"s\\net11.0\\BlazorCrud\\Create.Interfaces.cs"
[xUnit.net 00:02:56.87]                    Expected end: ".tt"
[xUnit.net 00:02:56.87]       [3]:  Item:  "C:\\Scaffolding\\src\\dotnet-scaffolding\\dotnet-s"┬╖┬╖┬╖
[xUnit.net 00:02:56.87]             Error: Assert.EndsWith() Failure: String end does not match
[xUnit.net 00:02:56.87]                    String:       ┬╖┬╖┬╖"et\\Templates\\net11.0\\BlazorCrud\\Delete.cs"
[xUnit.net 00:02:56.87]                    Expected end: ".tt"
[xUnit.net 00:02:56.87]       [4]:  Item:  "C:\\Scaffolding\\src\\dotnet-scaffolding\\dotnet-s"┬╖┬╖┬╖
[xUnit.net 00:02:56.87]             Error: Assert.EndsWith() Failure: String end does not match
[xUnit.net 00:02:56.87]                    String:       ┬╖┬╖┬╖"s\\net11.0\\BlazorCrud\\Delete.Interfaces.cs"
[xUnit.net 00:02:56.87]                    Expected end: ".tt"
[xUnit.net 00:02:56.87]       [6]:  Item:  "C:\\Scaffolding\\src\\dotnet-scaffolding\\dotnet-s"┬╖┬╖┬╖
[xUnit.net 00:02:56.87]             Error: Assert.EndsWith() Failure: String end does not match
[xUnit.net 00:02:56.87]                    String:       ┬╖┬╖┬╖"t\\Templates\\net11.0\\BlazorCrud\\Details.cs"
[xUnit.net 00:02:56.87]                    Expected end: ".tt"
[xUnit.net 00:02:56.87]       [7]:  Item:  "C:\\Scaffolding\\src\\dotnet-scaffolding\\dotnet-s"┬╖┬╖┬╖
[xUnit.net 00:02:56.87]             Error: Assert.EndsWith() Failure: String end does not match
[xUnit.net 00:02:56.87]                    String:       ┬╖┬╖┬╖"\\net11.0\\BlazorCrud\\Details.Interfaces.cs"
[xUnit.net 00:02:56.87]                    Expected end: ".tt"
[xUnit.net 00:02:56.87]       [9]:  Item:  "C:\\Scaffolding\\src\\dotnet-scaffolding\\dotnet-s"┬╖┬╖┬╖
[xUnit.net 00:02:56.87]             Error: Assert.EndsWith() Failure: String end does not match
[xUnit.net 00:02:56.87]                    String:       ┬╖┬╖┬╖"pNet\\Templates\\net11.0\\BlazorCrud\\Edit.cs"
[xUnit.net 00:02:56.87]                    Expected end: ".tt"
[xUnit.net 00:02:56.87]       [10]: Item:  "C:\\Scaffolding\\src\\dotnet-scaffolding\\dotnet-s"┬╖┬╖┬╖
[xUnit.net 00:02:56.87]             Error: Assert.EndsWith() Failure: String end does not match
[xUnit.net 00:02:56.87]                    String:       ┬╖┬╖┬╖"tes\\net11.0\\BlazorCrud\\Edit.Interfaces.cs"
[xUnit.net 00:02:56.87]                    Expected end: ".tt"
[xUnit.net 00:02:56.87]       [12]: Item:  "C:\\Scaffolding\\src\\dotnet-scaffolding\\dotnet-s"┬╖┬╖┬╖
[xUnit.net 00:02:56.87]             Error: Assert.EndsWith() Failure: String end does not match
[xUnit.net 00:02:56.87]                    String:       ┬╖┬╖┬╖"Net\\Templates\\net11.0\\BlazorCrud\\Index.cs"
[xUnit.net 00:02:56.87]                    Expected end: ".tt"
[xUnit.net 00:02:56.87]       [13]: Item:  "C:\\Scaffolding\\src\\dotnet-scaffolding\\dotnet-s"┬╖┬╖┬╖
[xUnit.net 00:02:56.87]             Error: Assert.EndsWith() Failure: String end does not match
[xUnit.net 00:02:56.87]                    String:       ┬╖┬╖┬╖"es\\net11.0\\BlazorCrud\\Index.Interfaces.cs"
[xUnit.net 00:02:56.87]                    Expected end: ".tt"
[xUnit.net 00:02:56.87]       [15]: Item:  "C:\\Scaffolding\\src\\dotnet-scaffolding\\dotnet-s"┬╖┬╖┬╖
[xUnit.net 00:02:56.87]             Error: Assert.EndsWith() Failure: String end does not match
[xUnit.net 00:02:56.87]                    String:       ┬╖┬╖┬╖"\\Templates\\net11.0\\BlazorCrud\\NotFound.cs"
[xUnit.net 00:02:56.87]                    Expected end: ".tt"
[xUnit.net 00:02:56.87]       [16]: Item:  "C:\\Scaffolding\\src\\dotnet-scaffolding\\dotnet-s"┬╖┬╖┬╖
[xUnit.net 00:02:56.87]             Error: Assert.EndsWith() Failure: String end does not match
[xUnit.net 00:02:56.87]                    String:       ┬╖┬╖┬╖"net11.0\\BlazorCrud\\NotFound.Interfaces.cs"
[xUnit.net 00:02:56.87]                    Expected end: ".tt"
[xUnit.net 00:02:56.87]       Stack Trace:
[xUnit.net 00:02:56.87]         C:\Scaffolding\test\dotnet-scaffolding\dotnet-scaffold.Tests\AspNet\Integration\Blazor\BlazorCrudIntegrationTestsBase.cs(376,0): at Microsoft.DotNet.Tools.Scaffold.Tests.AspNet.Integration.BlazorCrudIntegrationTestsBase.BlazorCrudTemplates_AllFilesAreTT()
[xUnit.net 00:02:56.87]            at System.RuntimeMethodHandle.InvokeMethod(ObjectHandleOnStack target, Void** arguments, ObjectHandleOnStack sig, BOOL isConstructor, ObjectHandleOnStack result)
[xUnit.net 00:02:56.87]            at System.Reflection.MethodBaseInvoker.InterpretedInvoke_Method(Object obj, IntPtr* args)
[xUnit.net 00:02:56.87]            at System.Reflection.RuntimeMethodInfo.Invoke(Object obj, BindingFlags invokeAttr, Binder binder, Object[] parameters, CultureInfo culture)
  Passed Microsoft.DotNet.Tools.Scaffold.Tests.AspNet.Integration.Blazor.BlazorCrudNet11IntegrationTests.IsValidTemplate_ReturnsExpectedResult(template: "CRUD", expected: True) [2 ms]
  Passed Microsoft.DotNet.Tools.Scaffold.Tests.AspNet.Integration.Blazor.BlazorCrudNet11IntegrationTests.IsValidTemplate_ReturnsExpectedResult(template: "Unknown", expected: False) [2 ms]
  Passed Microsoft.DotNet.Tools.Scaffold.Tests.AspNet.Integration.Blazor.BlazorCrudNet11IntegrationTests.IsValidTemplate_ReturnsExpectedResult(template: "NotFound", expected: True) [2 ms]
  Passed Microsoft.DotNet.Tools.Scaffold.Tests.AspNet.Integration.Blazor.BlazorCrudNet11IntegrationTests.IsValidTemplate_ReturnsExpectedResult(template: null, expected: False) [2 ms]
  Failed Microsoft.DotNet.Tools.Scaffold.Tests.AspNet.Integration.Blazor.BlazorCrudNet11IntegrationTests.BlazorCrudTemplates_AllFilesAreTT [2 ms]
  Error Message:
   Assert.All() Failure: 12 out of 18 items in the collection did not pass.
[0]:  Item:  "C:\\Scaffolding\\src\\dotnet-scaffolding\\dotnet-s"┬╖┬╖┬╖
      Error: Assert.EndsWith() Failure: String end does not match
             String:       ┬╖┬╖┬╖"et\\Templates\\net11.0\\BlazorCrud\\Create.cs"
             Expected end: ".tt"
[1]:  Item:  "C:\\Scaffolding\\src\\dotnet-scaffolding\\dotnet-s"┬╖┬╖┬╖
      Error: Assert.EndsWith() Failure: String end does not match
             String:       ┬╖┬╖┬╖"s\\net11.0\\BlazorCrud\\Create.Interfaces.cs"
             Expected end: ".tt"
[3]:  Item:  "C:\\Scaffolding\\src\\dotnet-scaffolding\\dotnet-s"┬╖┬╖┬╖
      Error: Assert.EndsWith() Failure: String end does not match
             String:       ┬╖┬╖┬╖"et\\Templates\\net11.0\\BlazorCrud\\Delete.cs"
             Expected end: ".tt"
[4]:  Item:  "C:\\Scaffolding\\src\\dotnet-scaffolding\\dotnet-s"┬╖┬╖┬╖
      Error: Assert.EndsWith() Failure: String end does not match
             String:       ┬╖┬╖┬╖"s\\net11.0\\BlazorCrud\\Delete.Interfaces.cs"
             Expected end: ".tt"
[6]:  Item:  "C:\\Scaffolding\\src\\dotnet-scaffolding\\dotnet-s"┬╖┬╖┬╖
      Error: Assert.EndsWith() Failure: String end does not match
             String:       ┬╖┬╖┬╖"t\\Templates\\net11.0\\BlazorCrud\\Details.cs"
             Expected end: ".tt"
[7]:  Item:  "C:\\Scaffolding\\src\\dotnet-scaffolding\\dotnet-s"┬╖┬╖┬╖
      Error: Assert.EndsWith() Failure: String end does not match
             String:       ┬╖┬╖┬╖"\\net11.0\\BlazorCrud\\Details.Interfaces.cs"
             Expected end: ".tt"
[9]:  Item:  "C:\\Scaffolding\\src\\dotnet-scaffolding\\dotnet-s"┬╖┬╖┬╖
      Error: Assert.EndsWith() Failure: String end does not match
             String:       ┬╖┬╖┬╖"pNet\\Templates\\net11.0\\BlazorCrud\\Edit.cs"
             Expected end: ".tt"
[10]: Item:  "C:\\Scaffolding\\src\\dotnet-scaffolding\\dotnet-s"┬╖┬╖┬╖
      Error: Assert.EndsWith() Failure: String end does not match
             String:       ┬╖┬╖┬╖"tes\\net11.0\\BlazorCrud\\Edit.Interfaces.cs"
             Expected end: ".tt"
[12]: Item:  "C:\\Scaffolding\\src\\dotnet-scaffolding\\dotnet-s"┬╖┬╖┬╖
      Error: Assert.EndsWith() Failure: String end does not match
             String:       ┬╖┬╖┬╖"Net\\Templates\\net11.0\\BlazorCrud\\Index.cs"
             Expected end: ".tt"
[13]: Item:  "C:\\Scaffolding\\src\\dotnet-scaffolding\\dotnet-s"┬╖┬╖┬╖
      Error: Assert.EndsWith() Failure: String end does not match
             String:       ┬╖┬╖┬╖"es\\net11.0\\BlazorCrud\\Index.Interfaces.cs"
             Expected end: ".tt"
[15]: Item:  "C:\\Scaffolding\\src\\dotnet-scaffolding\\dotnet-s"┬╖┬╖┬╖
      Error: Assert.EndsWith() Failure: String end does not match
             String:       ┬╖┬╖┬╖"\\Templates\\net11.0\\BlazorCrud\\NotFound.cs"
             Expected end: ".tt"
[16]: Item:  "C:\\Scaffolding\\src\\dotnet-scaffolding\\dotnet-s"┬╖┬╖┬╖
      Error: Assert.EndsWith() Failure: String end does not match
             String:       ┬╖┬╖┬╖"net11.0\\BlazorCrud\\NotFound.Interfaces.cs"
             Expected end: ".tt"
  Stack Trace:
     at Microsoft.DotNet.Tools.Scaffold.Tests.AspNet.Integration.BlazorCrudIntegrationTestsBase.BlazorCrudTemplates_AllFilesAreTT() in C:\Scaffolding\test\dotnet-scaffolding\dotnet-scaffold.Tests\AspNet\Integration\Blazor\BlazorCrudIntegrationTestsBase.cs:line 376
   at System.RuntimeMethodHandle.InvokeMethod(ObjectHandleOnStack target, Void** arguments, ObjectHandleOnStack sig, BOOL isConstructor, ObjectHandleOnStack result)
   at System.Reflection.MethodBaseInvoker.InterpretedInvoke_Method(Object obj, IntPtr* args)
   at System.Reflection.RuntimeMethodInfo.Invoke(Object obj, BindingFlags invokeAttr, Binder binder, Object[] parameters, CultureInfo culture)
  Passed Microsoft.DotNet.Tools.Scaffold.Tests.AspNet.Integration.Blazor.BlazorCrudNet11IntegrationTests.GetTemplateType_WithEmpty_ReturnsNull [2 ms]
  Passed Microsoft.DotNet.Tools.Scaffold.Tests.AspNet.Integration.Blazor.BlazorCrudNet11IntegrationTests.ExecuteAsync_ReturnsFalse_WhenProjectIsEmpty [2 ms]
  Passed Microsoft.DotNet.Tools.Scaffold.Tests.AspNet.Integration.Blazor.BlazorCrudNet11IntegrationTests.Templates_HasExpectedScaffolderFolder(folderName: "MinimalApi") [2 ms]
  Passed Microsoft.DotNet.Tools.Scaffold.Tests.AspNet.Integration.Blazor.BlazorCrudNet11IntegrationTests.Templates_HasExpectedScaffolderFolder(folderName: "Files") [2 ms]
  Passed Microsoft.DotNet.Tools.Scaffold.Tests.AspNet.Integration.Blazor.BlazorCrudNet11IntegrationTests.Templates_HasExpectedScaffolderFolder(folderName: "BlazorCrud") [2 ms]
  Passed Microsoft.DotNet.Tools.Scaffold.Tests.AspNet.Integration.Blazor.BlazorCrudNet11IntegrationTests.Templates_HasExpectedScaffolderFolder(folderName: "EfController") [2 ms]
  Passed Microsoft.DotNet.Tools.Scaffold.Tests.AspNet.Integration.Blazor.BlazorCrudNet11IntegrationTests.Templates_HasExpectedScaffolderFolder(folderName: "Identity") [2 ms]
  Passed Microsoft.DotNet.Tools.Scaffold.Tests.AspNet.Integration.Blazor.BlazorCrudNet11IntegrationTests.Templates_HasExpectedScaffolderFolder(folderName: "BlazorIdentity") [2 ms]
  Passed Microsoft.DotNet.Tools.Scaffold.Tests.AspNet.Integration.Blazor.BlazorCrudNet11IntegrationTests.Templates_HasExpectedScaffolderFolder(folderName: "Views") [2 ms]
  Passed Microsoft.DotNet.Tools.Scaffold.Tests.AspNet.Integration.Blazor.BlazorCrudNet11IntegrationTests.Templates_HasExpectedScaffolderFolder(folderName: "CodeModificationConfigs") [2 ms]
  Passed Microsoft.DotNet.Tools.Scaffold.Tests.AspNet.Integration.Blazor.BlazorCrudNet11IntegrationTests.Templates_HasExpectedScaffolderFolder(folderName: "RazorPages") [2 ms]
  Passed Microsoft.DotNet.Tools.Scaffold.Tests.AspNet.Integration.RazorViewEmptyNet10IntegrationTests.ExecuteAsync_OutputFolder_IsViews_ForView [2 s]
[xUnit.net 00:02:58.38]     Microsoft.DotNet.Tools.Scaffold.Tests.AspNet.Integr
ation.Blazor.BlazorCrudNet8IntegrationTests.Scaffold_BlazorCrud_Net8_CliInvocat
ion [FAIL]
[xUnit.net 00:02:58.38]       DbContext file 'TestDbContext.cs' should be created.
[xUnit.net 00:02:58.38]       Stack Trace:
[xUnit.net 00:02:58.38]         C:\Scaffolding\test\dotnet-scaffolding\dotnet-scaffold.Tests\AspNet\Integration\Blazor\BlazorCrudNet8IntegrationTests.cs(50,0): at Microsoft.DotNet.Tools.Scaffold.Tests.AspNet.Integration.Blazor.BlazorCrudNet8IntegrationTests.Scaffold_BlazorCrud_Net8_CliInvocation()
[xUnit.net 00:02:58.38]         --- End of stack trace from previous location ---
[xUnit.net 00:02:58.39]     Microsoft.DotNet.Tools.Scaffold.Tests.AspNet.Integr
ation.Blazor.BlazorCrudNet8IntegrationTests.GetBaseOutputPath_DifferentModels_P
roduceDifferentPaths [FAIL]
[xUnit.net 00:02:58.39]       Assert.NotEqual() Failure: Strings are equal
[xUnit.net 00:02:58.39]       Expected: Not "C:\\Users\\hmckelvie\\AppData\\Local\\Temp\\Blazor"┬╖┬╖┬╖
[xUnit.net 00:02:58.39]       Actual:       "C:\\Users\\hmckelvie\\AppData\\Local\\Temp\\Blazor"┬╖┬╖┬╖
[xUnit.net 00:02:58.39]       Stack Trace:
[xUnit.net 00:02:58.39]         C:\Scaffolding\test\dotnet-scaffolding\dotnet-scaffold.Tests\AspNet\Integration\Blazor\BlazorCrudIntegrationTestsBase.cs(354,0): at Microsoft.DotNet.Tools.Scaffold.Tests.AspNet.Integration.BlazorCrudIntegrationTestsBase.GetBaseOutputPath_DifferentModels_ProduceDifferentPaths()
[xUnit.net 00:02:58.39]            at System.RuntimeMethodHandle.InvokeMethod(ObjectHandleOnStack target, Void** arguments, ObjectHandleOnStack sig, BOOL isConstructor, ObjectHandleOnStack result)
[xUnit.net 00:02:58.39]            at System.Reflection.MethodBaseInvoker.InterpretedInvoke_Method(Object obj, IntPtr* args)
[xUnit.net 00:02:58.39]            at System.Reflection.RuntimeMethodInfo.Invoke(Object obj, BindingFlags invokeAttr, Binder binder, Object[] parameters, CultureInfo culture)
  Passed Microsoft.DotNet.Tools.Scaffold.Tests.AspNet.Integration.RazorViewEmptyNet10IntegrationTests.ExecuteAsync_ReturnsFalse_WhenFileNameIsNull [65 ms]
  Passed Microsoft.DotNet.Tools.Scaffold.Tests.AspNet.Integration.RazorViewEmptyNet10IntegrationTests.RegressionGuard_ValidationFailure_DoesNotThrow [2 ms]
  Passed Microsoft.DotNet.Tools.Scaffold.Tests.AspNet.Integration.RazorPageEmptyNet9IntegrationTests.ExecuteAsync_GeneratesPageFiles_WhenProjectIsValid [1 s]
  Failed Microsoft.DotNet.Tools.Scaffold.Tests.AspNet.Integration.Blazor.BlazorCrudNet8IntegrationTests.Scaffold_BlazorCrud_Net8_CliInvocation [2 m 56 s]
  Error Message:
   DbContext file 'TestDbContext.cs' should be created.
  Stack Trace:
     at Microsoft.DotNet.Tools.Scaffold.Tests.AspNet.Integration.Blazor.BlazorCrudNet8IntegrationTests.Scaffold_BlazorCrud_Net8_CliInvocation() in C:\Scaffolding\test\dotnet-scaffolding\dotnet-scaffold.Tests\AspNet\Integration\Blazor\BlazorCrudNet8IntegrationTests.cs:line 50
--- End of stack trace from previous location ---
  Passed Microsoft.DotNet.Tools.Scaffold.Tests.AspNet.Integration.Blazor.BlazorCrudNet8IntegrationTests.GetTemplateType_WithDeleteTemplate_ReturnsNonNull [6 ms]
  Passed Microsoft.DotNet.Tools.Scaffold.Tests.AspNet.Integration.Blazor.BlazorCrudNet8IntegrationTests.ExecuteAsync_ReturnsFalse_WhenModelIsNull [2 ms]
  Failed Microsoft.DotNet.Tools.Scaffold.Tests.AspNet.Integration.Blazor.BlazorCrudNet8IntegrationTests.GetBaseOutputPath_DifferentModels_ProduceDifferentPaths [2 ms]
  Error Message:
   Assert.NotEqual() Failure: Strings are equal
Expected: Not "C:\\Users\\hmckelvie\\AppData\\Local\\Temp\\Blazor"┬╖┬╖┬╖
Actual:       "C:\\Users\\hmckelvie\\AppData\\Local\\Temp\\Blazor"┬╖┬╖┬╖
  Stack Trace:
     at Microsoft.DotNet.Tools.Scaffold.Tests.AspNet.Integration.BlazorCrudIntegrationTestsBase.GetBaseOutputPath_DifferentModels_ProduceDifferentPaths() in C:\Scaffolding\test\dotnet-scaffolding\dotnet-scaffold.Tests\AspNet\Integration\Blazor\BlazorCrudIntegrationTestsBase.cs:line 354
   at System.RuntimeMethodHandle.InvokeMethod(ObjectHandleOnStack target, Void** arguments, ObjectHandleOnStack sig, BOOL isConstructor, ObjectHandleOnStack result)
   at System.Reflection.MethodBaseInvoker.InterpretedInvoke_Method(Object obj, IntPtr* args)
   at System.Reflection.RuntimeMethodInfo.Invoke(Object obj, BindingFlags invokeAttr, Binder binder, Object[] parameters, CultureInfo culture)
[xUnit.net 00:02:58.39]     Microsoft.DotNet.Tools.Scaffold.Tests.AspNet.Integr
ation.Blazor.BlazorCrudNet8IntegrationTests.GetBaseOutputPath_WithValidInputs_C
ontainsComponentsPagesModelPages [FAIL]
[xUnit.net 00:02:58.39]       Assert.Contains() Failure: Sub-string not found
[xUnit.net 00:02:58.39]       String:    "C:\\Users\\hmckelvie\\AppData\\Local\\Temp\\Bla"┬╖┬╖┬╖
[xUnit.net 00:02:58.39]       Not found: "Components"
[xUnit.net 00:02:58.39]       Stack Trace:
[xUnit.net 00:02:58.39]         C:\Scaffolding\test\dotnet-scaffolding\dotnet-scaffold.Tests\AspNet\Integration\Blazor\BlazorCrudIntegrationTestsBase.cs(346,0): at Microsoft.DotNet.Tools.Scaffold.Tests.AspNet.Integration.BlazorCrudIntegrationTestsBase.GetBaseOutputPath_WithValidInputs_ContainsComponentsPagesModelPages()
[xUnit.net 00:02:58.39]            at System.RuntimeMethodHandle.InvokeMethod(ObjectHandleOnStack target, Void** arguments, ObjectHandleOnStack sig, BOOL isConstructor, ObjectHandleOnStack result)
[xUnit.net 00:02:58.39]            at System.Reflection.MethodBaseInvoker.InterpretedInvoke_Method(Object obj, IntPtr* args)
[xUnit.net 00:02:58.39]            at System.Reflection.RuntimeMethodInfo.Invoke(Object obj, BindingFlags invokeAttr, Binder binder, Object[] parameters, CultureInfo culture)
[xUnit.net 00:02:58.40]     Microsoft.DotNet.Tools.Scaffold.Tests.AspNet.Integr
ation.Blazor.BlazorCrudNet8IntegrationTests.BlazorCrudTemplates_AllFilesAreTT 
[FAIL]
[xUnit.net 00:02:58.40]       Assert.All() Failure: 10 out of 15 items in the collection did not pass.
[xUnit.net 00:02:58.40]       [0]:  Item:  "C:\\Scaffolding\\src\\dotnet-scaffolding\\dotnet-s"┬╖┬╖┬╖
[xUnit.net 00:02:58.40]             Error: Assert.EndsWith() Failure: String end does not match
[xUnit.net 00:02:58.40]                    String:       ┬╖┬╖┬╖"Net\\Templates\\net8.0\\BlazorCrud\\Create.cs"
[xUnit.net 00:02:58.40]                    Expected end: ".tt"
[xUnit.net 00:02:58.40]       [1]:  Item:  "C:\\Scaffolding\\src\\dotnet-scaffolding\\dotnet-s"┬╖┬╖┬╖
[xUnit.net 00:02:58.40]             Error: Assert.EndsWith() Failure: String end does not match
[xUnit.net 00:02:58.40]                    String:       ┬╖┬╖┬╖"es\\net8.0\\BlazorCrud\\Create.Interfaces.cs"
[xUnit.net 00:02:58.40]                    Expected end: ".tt"
[xUnit.net 00:02:58.40]       [3]:  Item:  "C:\\Scaffolding\\src\\dotnet-scaffolding\\dotnet-s"┬╖┬╖┬╖
[xUnit.net 00:02:58.40]             Error: Assert.EndsWith() Failure: String end does not match
[xUnit.net 00:02:58.40]                    String:       ┬╖┬╖┬╖"Net\\Templates\\net8.0\\BlazorCrud\\Delete.cs"
[xUnit.net 00:02:58.40]                    Expected end: ".tt"
[xUnit.net 00:02:58.40]       [4]:  Item:  "C:\\Scaffolding\\src\\dotnet-scaffolding\\dotnet-s"┬╖┬╖┬╖
[xUnit.net 00:02:58.40]             Error: Assert.EndsWith() Failure: String end does not match
[xUnit.net 00:02:58.40]                    String:       ┬╖┬╖┬╖"es\\net8.0\\BlazorCrud\\Delete.Interfaces.cs"
[xUnit.net 00:02:58.40]                    Expected end: ".tt"
[xUnit.net 00:02:58.40]       [6]:  Item:  "C:\\Scaffolding\\src\\dotnet-scaffolding\\dotnet-s"┬╖┬╖┬╖
[xUnit.net 00:02:58.40]             Error: Assert.EndsWith() Failure: String end does not match
[xUnit.net 00:02:58.40]                    String:       ┬╖┬╖┬╖"et\\Templates\\net8.0\\BlazorCrud\\Details.cs"
[xUnit.net 00:02:58.40]                    Expected end: ".tt"
[xUnit.net 00:02:58.40]       [7]:  Item:  "C:\\Scaffolding\\src\\dotnet-scaffolding\\dotnet-s"┬╖┬╖┬╖
[xUnit.net 00:02:58.40]             Error: Assert.EndsWith() Failure: String end does not match
[xUnit.net 00:02:58.40]                    String:       ┬╖┬╖┬╖"s\\net8.0\\BlazorCrud\\Details.Interfaces.cs"
[xUnit.net 00:02:58.40]                    Expected end: ".tt"
[xUnit.net 00:02:58.40]       [9]:  Item:  "C:\\Scaffolding\\src\\dotnet-scaffolding\\dotnet-s"┬╖┬╖┬╖
[xUnit.net 00:02:58.40]             Error: Assert.EndsWith() Failure: String end does not match
[xUnit.net 00:02:58.40]                    String:       ┬╖┬╖┬╖"spNet\\Templates\\net8.0\\BlazorCrud\\Edit.cs"
[xUnit.net 00:02:58.40]                    Expected end: ".tt"
[xUnit.net 00:02:58.40]       [10]: Item:  "C:\\Scaffolding\\src\\dotnet-scaffolding\\dotnet-s"┬╖┬╖┬╖
[xUnit.net 00:02:58.40]             Error: Assert.EndsWith() Failure: String end does not match
[xUnit.net 00:02:58.40]                    String:       ┬╖┬╖┬╖"ates\\net8.0\\BlazorCrud\\Edit.Interfaces.cs"
[xUnit.net 00:02:58.40]                    Expected end: ".tt"
[xUnit.net 00:02:58.40]       [12]: Item:  "C:\\Scaffolding\\src\\dotnet-scaffolding\\dotnet-s"┬╖┬╖┬╖
[xUnit.net 00:02:58.40]             Error: Assert.EndsWith() Failure: String end does not match
[xUnit.net 00:02:58.40]                    String:       ┬╖┬╖┬╖"pNet\\Templates\\net8.0\\BlazorCrud\\Index.cs"
[xUnit.net 00:02:58.40]                    Expected end: ".tt"
[xUnit.net 00:02:58.40]       [13]: Item:  "C:\\Scaffolding\\src\\dotnet-scaffolding\\dotnet-s"┬╖┬╖┬╖
[xUnit.net 00:02:58.40]             Error: Assert.EndsWith() Failure: String end does not match
[xUnit.net 00:02:58.40]                    String:       ┬╖┬╖┬╖"tes\\net8.0\\BlazorCrud\\Index.Interfaces.cs"
[xUnit.net 00:02:58.40]                    Expected end: ".tt"
[xUnit.net 00:02:58.40]       Stack Trace:
[xUnit.net 00:02:58.40]         C:\Scaffolding\test\dotnet-scaffolding\dotnet-scaffold.Tests\AspNet\Integration\Blazor\BlazorCrudIntegrationTestsBase.cs(376,0): at Microsoft.DotNet.Tools.Scaffold.Tests.AspNet.Integration.BlazorCrudIntegrationTestsBase.BlazorCrudTemplates_AllFilesAreTT()
[xUnit.net 00:02:58.40]            at System.RuntimeMethodHandle.InvokeMethod(ObjectHandleOnStack target, Void** arguments, ObjectHandleOnStack sig, BOOL isConstructor, ObjectHandleOnStack result)
[xUnit.net 00:02:58.40]            at System.Reflection.MethodBaseInvoker.InterpretedInvoke_Method(Object obj, IntPtr* args)
[xUnit.net 00:02:58.40]            at System.Reflection.RuntimeMethodInfo.Invoke(Object obj, BindingFlags invokeAttr, Binder binder, Object[] parameters, CultureInfo culture)
  Failed Microsoft.DotNet.Tools.Scaffold.Tests.AspNet.Integration.Blazor.BlazorCrudNet8IntegrationTests.GetBaseOutputPath_WithValidInputs_ContainsComponentsPagesModelPages [2 ms]
  Error Message:
   Assert.Contains() Failure: Sub-string not found
String:    "C:\\Users\\hmckelvie\\AppData\\Local\\Temp\\Bla"┬╖┬╖┬╖
Not found: "Components"
  Stack Trace:
     at Microsoft.DotNet.Tools.Scaffold.Tests.AspNet.Integration.BlazorCrudIntegrationTestsBase.GetBaseOutputPath_WithValidInputs_ContainsComponentsPagesModelPages() in C:\Scaffolding\test\dotnet-scaffolding\dotnet-scaffold.Tests\AspNet\Integration\Blazor\BlazorCrudIntegrationTestsBase.cs:line 346
   at System.RuntimeMethodHandle.InvokeMethod(ObjectHandleOnStack target, Void** arguments, ObjectHandleOnStack sig, BOOL isConstructor, ObjectHandleOnStack result)
   at System.Reflection.MethodBaseInvoker.InterpretedInvoke_Method(Object obj, IntPtr* args)
   at System.Reflection.RuntimeMethodInfo.Invoke(Object obj, BindingFlags invokeAttr, Binder binder, Object[] parameters, CultureInfo culture)
  Passed Microsoft.DotNet.Tools.Scaffold.Tests.AspNet.Integration.Blazor.BlazorCrudNet8IntegrationTests.GetTemplateType_WithEditTemplate_ReturnsNonNull [2 ms]
  Passed Microsoft.DotNet.Tools.Scaffold.Tests.AspNet.Integration.Blazor.BlazorCrudNet8IntegrationTests.ExecuteAsync_ReturnsFalse_WhenModelIsEmpty [2 ms]
  Failed Microsoft.DotNet.Tools.Scaffold.Tests.AspNet.Integration.Blazor.BlazorCrudNet8IntegrationTests.BlazorCrudTemplates_AllFilesAreTT [2 ms]
  Error Message:
   Assert.All() Failure: 10 out of 15 items in the collection did not pass.
[0]:  Item:  "C:\\Scaffolding\\src\\dotnet-scaffolding\\dotnet-s"┬╖┬╖┬╖
      Error: Assert.EndsWith() Failure: String end does not match
             String:       ┬╖┬╖┬╖"Net\\Templates\\net8.0\\BlazorCrud\\Create.cs"
             Expected end: ".tt"
[1]:  Item:  "C:\\Scaffolding\\src\\dotnet-scaffolding\\dotnet-s"┬╖┬╖┬╖
      Error: Assert.EndsWith() Failure: String end does not match
             String:       ┬╖┬╖┬╖"es\\net8.0\\BlazorCrud\\Create.Interfaces.cs"
             Expected end: ".tt"
[3]:  Item:  "C:\\Scaffolding\\src\\dotnet-scaffolding\\dotnet-s"┬╖┬╖┬╖
      Error: Assert.EndsWith() Failure: String end does not match
             String:       ┬╖┬╖┬╖"Net\\Templates\\net8.0\\BlazorCrud\\Delete.cs"
             Expected end: ".tt"
[4]:  Item:  "C:\\Scaffolding\\src\\dotnet-scaffolding\\dotnet-s"┬╖┬╖┬╖
      Error: Assert.EndsWith() Failure: String end does not match
             String:       ┬╖┬╖┬╖"es\\net8.0\\BlazorCrud\\Delete.Interfaces.cs"
             Expected end: ".tt"
[6]:  Item:  "C:\\Scaffolding\\src\\dotnet-scaffolding\\dotnet-s"┬╖┬╖┬╖
      Error: Assert.EndsWith() Failure: String end does not match
             String:       ┬╖┬╖┬╖"et\\Templates\\net8.0\\BlazorCrud\\Details.cs"
             Expected end: ".tt"
[7]:  Item:  "C:\\Scaffolding\\src\\dotnet-scaffolding\\dotnet-s"┬╖┬╖┬╖
      Error: Assert.EndsWith() Failure: String end does not match
             String:       ┬╖┬╖┬╖"s\\net8.0\\BlazorCrud\\Details.Interfaces.cs"
             Expected end: ".tt"
[9]:  Item:  "C:\\Scaffolding\\src\\dotnet-scaffolding\\dotnet-s"┬╖┬╖┬╖
      Error: Assert.EndsWith() Failure: String end does not match
             String:       ┬╖┬╖┬╖"spNet\\Templates\\net8.0\\BlazorCrud\\Edit.cs"
             Expected end: ".tt"
[10]: Item:  "C:\\Scaffolding\\src\\dotnet-scaffolding\\dotnet-s"┬╖┬╖┬╖
      Error: Assert.EndsWith() Failure: String end does not match
             String:       ┬╖┬╖┬╖"ates\\net8.0\\BlazorCrud\\Edit.Interfaces.cs"
             Expected end: ".tt"
[12]: Item:  "C:\\Scaffolding\\src\\dotnet-scaffolding\\dotnet-s"┬╖┬╖┬╖
      Error: Assert.EndsWith() Failure: String end does not match
             String:       ┬╖┬╖┬╖"pNet\\Templates\\net8.0\\BlazorCrud\\Index.cs"
             Expected end: ".tt"
[13]: Item:  "C:\\Scaffolding\\src\\dotnet-scaffolding\\dotnet-s"┬╖┬╖┬╖
      Error: Assert.EndsWith() Failure: String end does not match
             String:       ┬╖┬╖┬╖"tes\\net8.0\\BlazorCrud\\Index.Interfaces.cs"
             Expected end: ".tt"
  Stack Trace:
     at Microsoft.DotNet.Tools.Scaffold.Tests.AspNet.Integration.BlazorCrudIntegrationTestsBase.BlazorCrudTemplates_AllFilesAreTT() in C:\Scaffolding\test\dotnet-scaffolding\dotnet-scaffold.Tests\AspNet\Integration\Blazor\BlazorCrudIntegrationTestsBase.cs:line 376
   at System.RuntimeMethodHandle.InvokeMethod(ObjectHandleOnStack target, Void** arguments, ObjectHandleOnStack sig, BOOL isConstructor, ObjectHandleOnStack result)
   at System.Reflection.MethodBaseInvoker.InterpretedInvoke_Method(Object obj, IntPtr* args)
   at System.Reflection.RuntimeMethodInfo.Invoke(Object obj, BindingFlags invokeAttr, Binder binder, Object[] parameters, CultureInfo culture)
  Passed Microsoft.DotNet.Tools.Scaffold.Tests.AspNet.Integration.EntraId.EntraIdNet11IntegrationTests.ValidateEntraIdStep_HasTenantIdProperty [2 ms]
  Passed Microsoft.DotNet.Tools.Scaffold.Tests.AspNet.Integration.EntraId.EntraIdNet11IntegrationTests.Templates_HasExpectedScaffolderFolder(folderName: "CodeModificationConfigs") [2 ms]
  Passed Microsoft.DotNet.Tools.Scaffold.Tests.AspNet.Integration.EntraId.EntraIdNet11IntegrationTests.Templates_HasExpectedScaffolderFolder(folderName: "BlazorCrud") [2 ms]
  Passed Microsoft.DotNet.Tools.Scaffold.Tests.AspNet.Integration.EntraId.EntraIdNet11IntegrationTests.Templates_HasExpectedScaffolderFolder(folderName: "MinimalApi") [1 ms]
  Passed Microsoft.DotNet.Tools.Scaffold.Tests.AspNet.Integration.EntraId.EntraIdNet11IntegrationTests.Templates_HasExpectedScaffolderFolder(folderName: "RazorPages") [1 ms]
  Passed Microsoft.DotNet.Tools.Scaffold.Tests.AspNet.Integration.EntraId.EntraIdNet11IntegrationTests.Templates_HasExpectedScaffolderFolder(folderName: "BlazorIdentity") [2 ms]
  Passed Microsoft.DotNet.Tools.Scaffold.Tests.AspNet.Integration.EntraId.EntraIdNet11IntegrationTests.Templates_HasExpectedScaffolderFolder(folderName: "Identity") [2 ms]
  Passed Microsoft.DotNet.Tools.Scaffold.Tests.AspNet.Integration.EntraId.EntraIdNet11IntegrationTests.Templates_HasExpectedScaffolderFolder(folderName: "Views") [2 ms]
  Passed Microsoft.DotNet.Tools.Scaffold.Tests.AspNet.Integration.EntraId.EntraIdNet11IntegrationTests.Templates_HasExpectedScaffolderFolder(folderName: "EfController") [2 ms]
  Passed Microsoft.DotNet.Tools.Scaffold.Tests.AspNet.Integration.EntraId.EntraIdNet11IntegrationTests.Templates_HasExpectedScaffolderFolder(folderName: "Files") [2 ms]
  Passed Microsoft.DotNet.Tools.Scaffold.Tests.AspNet.Integration.EntraId.EntraIdNet11IntegrationTests.ValidateEntraIdStep_HasUseExistingApplicationProperty [1 ms]
  Passed Microsoft.DotNet.Tools.Scaffold.Tests.AspNet.Integration.EntraId.EntraIdNet11IntegrationTests.ValidateEntraIdStep_TracksTelemetry_OnProjectMissingFailure [2 ms]
  Passed Microsoft.DotNet.Tools.Scaffold.Tests.AspNet.Integration.EntraId.EntraIdNet11IntegrationTests.ValidateEntraIdStep_HasProjectProperty [2 ms]
  Passed Microsoft.DotNet.Tools.Scaffold.Tests.AspNet.Integration.EntraId.EntraIdNet11IntegrationTests.ValidateEntraIdStep_FailsWhenProjectFileDoesNotExist [2 ms]
[xUnit.net 00:02:58.44]     Microsoft.DotNet.Tools.Scaffold.Tests.AspNet.Integration.EntraId.EntraIdNet11IntegrationTests.Scaffold_EntraId_Net11_CliInvocation [SKIP]
[xUnit.net 00:02:58.44]       Requires real Azure AD credentials ΓÇö entra-id scaffolder calls 'dotnet msidentity' which validates the tenant-id against Azure AD.
  Passed Microsoft.DotNet.Tools.Scaffold.Tests.AspNet.Integration.EntraId.EntraIdNet11IntegrationTests.BlazorWasmEntraChangesConfig_ExistsForTargetFramework [2 ms]
  Passed Microsoft.DotNet.Tools.Scaffold.Tests.AspNet.Integration.EntraId.EntraIdNet11IntegrationTests.ValidateEntraIdStep_FailsWhenTenantIdMissing [2 ms]
  Skipped Microsoft.DotNet.Tools.Scaffold.Tests.AspNet.Integration.EntraId.EntraIdNet11IntegrationTests.Scaffold_EntraId_Net11_CliInvocation [1 ms]
  Passed Microsoft.DotNet.Tools.Scaffold.Tests.AspNet.Integration.EntraId.EntraIdNet11IntegrationTests.ValidateEntraIdStep_SingleEventPerValidation [2 ms]
  Passed Microsoft.DotNet.Tools.Scaffold.Tests.AspNet.Integration.EntraId.EntraIdNet11IntegrationTests.ValidateEntraIdStep_HasApplicationProperty [2 ms]
  Passed Microsoft.DotNet.Tools.Scaffold.Tests.AspNet.Integration.EntraId.EntraIdNet11IntegrationTests.ValidateEntraIdStep_IsScaffoldStep [2 ms]
  Passed Microsoft.DotNet.Tools.Scaffold.Tests.AspNet.Integration.EntraId.EntraIdNet11IntegrationTests.ValidateEntraIdStep_FailsWhenProjectMissing [2 ms]
  Passed Microsoft.DotNet.Tools.Scaffold.Tests.AspNet.Integration.EntraId.EntraIdNet11IntegrationTests.ValidateEntraIdStep_HasUsernameProperty [2 ms]
  Passed Microsoft.DotNet.Tools.Scaffold.Tests.AspNet.Integration.EntraId.EntraIdNet11IntegrationTests.ValidateEntraIdStep_FailsWhenUseExistingTrueButApplicationMissing [2 ms]
  Passed Microsoft.DotNet.Tools.Scaffold.Tests.AspNet.Integration.EntraId.EntraIdNet11IntegrationTests.ValidateEntraIdStep_FailsWhenUsernameMissing [3 ms]
  Passed Microsoft.DotNet.Tools.Scaffold.Tests.AspNet.Integration.EntraId.EntraIdNet11IntegrationTests.ValidateEntraIdStep_TracksTelemetry_OnUsernameMissingFailure [2 ms]
  Passed Microsoft.DotNet.Tools.Scaffold.Tests.AspNet.Integration.EntraId.EntraIdNet11IntegrationTests.ValidateEntraIdStep_AllNullInputs_DoNotThrow [2 ms]
  Passed Microsoft.DotNet.Tools.Scaffold.Tests.AspNet.Integration.EntraId.EntraIdNet11IntegrationTests.BlazorEntraChangesConfig_ExistsForTargetFramework [2 ms]
  Passed Microsoft.DotNet.Tools.Scaffold.Tests.AspNet.Integration.Identity.IdentityNet9IntegrationTests.ValidateIdentityStep_FailsWithEmptyProject [3 ms]
  Passed Microsoft.DotNet.Tools.Scaffold.Tests.AspNet.Integration.Identity.IdentityNet9IntegrationTests.IdentityEfPackagesDict_DoesNotSupportProvider(provider: "mysql") [3 ms]
  Passed Microsoft.DotNet.Tools.Scaffold.Tests.AspNet.Integration.Identity.IdentityNet9IntegrationTests.IdentityEfPackagesDict_DoesNotSupportProvider(provider: "cosmos-efcore") [3 ms]
  Passed Microsoft.DotNet.Tools.Scaffold.Tests.AspNet.Integration.Identity.IdentityNet9IntegrationTests.IdentityEfPackagesDict_DoesNotSupportProvider(provider: "npgsql-efcore") [2 ms]
  Passed Microsoft.DotNet.Tools.Scaffold.Tests.AspNet.Integration.Identity.IdentityNet9IntegrationTests.IdentityEfPackagesDict_DoesNotSupportProvider(provider: "") [2 ms]
  Passed Microsoft.DotNet.Tools.Scaffold.Tests.AspNet.Integration.Identity.IdentityNet9IntegrationTests.IdentityEfPackagesDict_ContainsSqlServer [13 ms]
  Passed Microsoft.DotNet.Tools.Scaffold.Tests.AspNet.Integration.Identity.IdentityNet9IntegrationTests.Templates_HasExpectedScaffolderFolder(folderName: "MinimalApi") [3 ms]
  Passed Microsoft.DotNet.Tools.Scaffold.Tests.AspNet.Integration.Identity.IdentityNet9IntegrationTests.Templates_HasExpectedScaffolderFolder(folderName: "Files") [3 ms]
  Passed Microsoft.DotNet.Tools.Scaffold.Tests.AspNet.Integration.Identity.IdentityNet9IntegrationTests.Templates_HasExpectedScaffolderFolder(folderName: "BlazorIdentity") [2 ms]
  Passed Microsoft.DotNet.Tools.Scaffold.Tests.AspNet.Integration.Identity.IdentityNet9IntegrationTests.Templates_HasExpectedScaffolderFolder(folderName: "BlazorCrud") [2 ms]
  Passed Microsoft.DotNet.Tools.Scaffold.Tests.AspNet.Integration.Identity.IdentityNet9IntegrationTests.Templates_HasExpectedScaffolderFolder(folderName: "Identity") [3 ms]
  Passed Microsoft.DotNet.Tools.Scaffold.Tests.AspNet.Integration.Identity.IdentityNet9IntegrationTests.Templates_HasExpectedScaffolderFolder(folderName: "RazorPages") [2 ms]
  Passed Microsoft.DotNet.Tools.Scaffold.Tests.AspNet.Integration.Identity.IdentityNet9IntegrationTests.Templates_HasExpectedScaffolderFolder(folderName: "Views") [3 ms]
  Passed Microsoft.DotNet.Tools.Scaffold.Tests.AspNet.Integration.Identity.IdentityNet9IntegrationTests.Templates_HasExpectedScaffolderFolder(folderName: "EfController") [2 ms]
  Passed Microsoft.DotNet.Tools.Scaffold.Tests.AspNet.Integration.Identity.IdentityNet9IntegrationTests.Templates_HasExpectedScaffolderFolder(folderName: "CodeModificationConfigs") [2 ms]
  Passed Microsoft.DotNet.Tools.Scaffold.Tests.AspNet.Integration.Identity.IdentityNet9IntegrationTests.ValidateIdentityStep_HasBlazorScenarioProperty [2 ms]
  Passed Microsoft.DotNet.Tools.Scaffold.Tests.AspNet.Integration.Identity.IdentityNet9IntegrationTests.ValidateIdentityStep_HasPrereleaseProperty [2 ms]
  Passed Microsoft.DotNet.Tools.Scaffold.Tests.AspNet.Integration.Identity.IdentityNet9IntegrationTests.Identity_Bootstrap5_FolderExists [3 ms]
  Passed Microsoft.DotNet.Tools.Scaffold.Tests.AspNet.Integration.Identity.IdentityNet9IntegrationTests.IdentityEfPackagesDict_SupportsProvider(provider: "sqlserver-efcore") [3 ms]
  Passed Microsoft.DotNet.Tools.Scaffold.Tests.AspNet.Integration.Identity.IdentityNet9IntegrationTests.IdentityEfPackagesDict_SupportsProvider(provider: "sqlite-efcore") [3 ms]
  Passed Microsoft.DotNet.Tools.Scaffold.Tests.AspNet.Integration.Identity.IdentityNet9IntegrationTests.IdentityEfPackagesDict_DoesNotContainCosmos [2 ms]
  Passed Microsoft.DotNet.Tools.Scaffold.Tests.AspNet.Integration.RazorViewEmptyNet10IntegrationTests.ExecuteAsync_TracksSuccessTelemetry_WhenGenerationSucceeds [1 s]
  Passed Microsoft.DotNet.Tools.Scaffold.Tests.AspNet.Integration.RazorPageEmptyNet9IntegrationTests.ExecuteAsync_CodeBehindContainsPageModel [1 s]
  Passed Microsoft.DotNet.Tools.Scaffold.Tests.AspNet.Integration.RazorPageEmptyNet9IntegrationTests.ExecuteAsync_DoesNotCreateComponentsDirectory [1 s]
  Passed Microsoft.DotNet.Tools.Scaffold.Tests.AspNet.Integration.RazorViewEmptyNet10IntegrationTests.ExecuteAsync_GeneratedViewFile_ContainsValidContent [1 s]
  Passed Microsoft.DotNet.Tools.Scaffold.Tests.AspNet.Integration.RazorPageEmptyNet9IntegrationTests.ExecuteAsync_GeneratesPageAndCodeBehind [1 s]
  Passed Microsoft.DotNet.Tools.Scaffold.Tests.AspNet.Integration.RazorViewEmptyNet10IntegrationTests.ExecuteAsync_CreatesViewsSubdirectory [1 s]
  Passed Microsoft.DotNet.Tools.Scaffold.Tests.AspNet.Integration.RazorViewEmptyNet10IntegrationTests.ExecuteAsync_DoesNotCreateComponentsDirectory [1 s]
  Passed Microsoft.DotNet.Tools.Scaffold.Tests.AspNet.Integration.Blazor.RazorComponentNet11IntegrationTests.ExecuteAsync_TracksTelemetryEvent_OnValidationFailure [3 ms]
  Passed Microsoft.DotNet.Tools.Scaffold.Tests.AspNet.Integration.RazorPageEmptyNet9IntegrationTests.ExecuteAsync_CreatesPagesDirectory_WhenProjectExists [1 s]
  Passed Microsoft.DotNet.Tools.Scaffold.Tests.AspNet.Integration.Blazor.RazorComponentNet11IntegrationTests.ExecuteAsync_GeneratedRazorFile_DoesNotContainPageDirective [1 s]
  Passed Microsoft.DotNet.Tools.Scaffold.Tests.AspNet.Integration.Blazor.RazorComponentNet11IntegrationTests.ExecuteAsync_ReturnsFalse_WhenProjectPathIsNull [2 ms]
  Passed Microsoft.DotNet.Tools.Scaffold.Tests.AspNet.Integration.RazorPageEmptyNet9IntegrationTests.ExecuteAsync_GeneratedPageFile_HasCshtmlExtension [1 s]
  Passed Microsoft.DotNet.Tools.Scaffold.Tests.AspNet.Integration.RazorPageEmptyNet9IntegrationTests.ProjectPath_DefaultsToNull [2 ms]
  Passed Microsoft.DotNet.Tools.Scaffold.Tests.AspNet.Integration.RazorPageEmptyNet9IntegrationTests.ExecuteAsync_CreatesPagesSubdirectory [1 s]
  Passed Microsoft.DotNet.Tools.Scaffold.Tests.AspNet.Integration.RazorPageEmptyNet9IntegrationTests.ExecuteAsync_ReturnsFalse_WhenFileNameIsNull [2 ms]
  Passed Microsoft.DotNet.Tools.Scaffold.Tests.AspNet.Integration.Blazor.RazorComponentNet11IntegrationTests.ExecuteAsync_DoesNotCreatePagesDirectory [1 s]
  Passed Microsoft.DotNet.Tools.Scaffold.Tests.AspNet.Integration.Blazor.RazorComponentNet11IntegrationTests.ExecuteAsync_ReturnsFalse_WhenProjectPathIsEmpty [3 ms]
  Passed Microsoft.DotNet.Tools.Scaffold.Tests.AspNet.Integration.Blazor.RazorComponentNet11IntegrationTests.ExecuteAsync_GeneratesCorrectFileName_WhenLowercaseInput [1 s]
  Passed Microsoft.DotNet.Tools.Scaffold.Tests.AspNet.Integration.Blazor.RazorComponentNet11IntegrationTests.ExecuteAsync_GeneratedFile_HasRazorExtension [1 s]
  Passed Microsoft.DotNet.Tools.Scaffold.Tests.AspNet.Integration.Blazor.RazorComponentNet11IntegrationTests.FileName_DefaultsToNull [3 ms]
  Passed Microsoft.DotNet.Tools.Scaffold.Tests.AspNet.Integration.Blazor.RazorComponentNet11IntegrationTests.RegressionGuard_NonExistentProject_ReturnsFalseNotException [3 ms]
  Passed Microsoft.DotNet.Tools.Scaffold.Tests.AspNet.Integration.RazorPageEmptyNet10IntegrationTests.Scaffold_RazorPageEmpty_Net10_CliInvocation [1 m 58 s]
  Passed Microsoft.DotNet.Tools.Scaffold.Tests.AspNet.Integration.RazorPageEmptyNet10IntegrationTests.ExecuteAsync_CodeBehindContainsPageModel [1 s]
  Passed Microsoft.DotNet.Tools.Scaffold.Tests.AspNet.Integration.RazorPageEmptyNet10IntegrationTests.ExecuteAsync_DoesNotCreateComponentsDirectory [1 s]
  Passed Microsoft.DotNet.Tools.Scaffold.Tests.AspNet.Integration.RazorPageEmptyNet10IntegrationTests.ExecuteAsync_TracksTelemetryEvent_WhenSettingsAreValid [1 s]
  Passed Microsoft.DotNet.Tools.Scaffold.Tests.AspNet.Integration.RazorPageEmptyNet10IntegrationTests.FileName_DefaultsToNull [2 ms]
  Passed Microsoft.DotNet.Tools.Scaffold.Tests.AspNet.Integration.RazorPageEmptyNet10IntegrationTests.ExecuteAsync_AcceptsCancellationToken [2 ms]
  Passed Microsoft.DotNet.Tools.Scaffold.Tests.AspNet.Integration.RazorPageEmptyNet10IntegrationTests.ExecuteAsync_ReturnsFalse_WhenProjectPathIsEmpty [2 ms]
  Passed Microsoft.DotNet.Tools.Scaffold.Tests.AspNet.Integration.RazorPageEmptyNet10IntegrationTests.RegressionGuard_EmptyInputs_DoNotThrow [2 ms]
  Passed Microsoft.DotNet.Tools.Scaffold.Tests.AspNet.Integration.RazorPageEmptyNet10IntegrationTests.ExecuteAsync_ReturnsFalse_WhenProjectPathIsNull [2 ms]
  Passed Microsoft.DotNet.Tools.Scaffold.Tests.AspNet.Integration.RazorPageEmptyNet10IntegrationTests.ProjectPath_DefaultsToNull [2 ms]
  Passed Microsoft.DotNet.Tools.Scaffold.Tests.AspNet.Integration.RazorPageEmptyNet10IntegrationTests.NamespaceName_DefaultsToNull [2 ms]
  Passed Microsoft.DotNet.Tools.Scaffold.Tests.AspNet.Integration.RazorPageEmptyNet10IntegrationTests.ExecuteAsync_GeneratedPageFile_HasCshtmlExtension [1 s]
  Passed Microsoft.DotNet.Tools.Scaffold.Tests.AspNet.Integration.RazorPageEmptyNet10IntegrationTests.ExecuteAsync_OutputFolder_IsPages_ForPage [1 s]
  Passed Microsoft.DotNet.Tools.Scaffold.Tests.AspNet.Integration.RazorPageEmptyNet10IntegrationTests.ExecuteAsync_GeneratesPageFiles_WhenProjectIsValid [1 s]
  Passed Microsoft.DotNet.Tools.Scaffold.Tests.AspNet.Integration.RazorPageEmptyNet10IntegrationTests.ExecuteAsync_TracksTelemetryEvent_OnValidationFailure [2 ms]
  Passed Microsoft.DotNet.Tools.Scaffold.Tests.AspNet.Integration.RazorPageEmptyNet10IntegrationTests.ExecuteAsync_ReturnsFalse_WhenProjectPathDoesNotExist [2 ms]
  Passed Microsoft.DotNet.Tools.Scaffold.Tests.AspNet.Integration.Blazor.RazorComponentNet10IntegrationTests.ExecuteAsync_TracksSuccessTelemetry_WhenGenerationSucceeds [1 s]
  Passed Microsoft.DotNet.Tools.Scaffold.Tests.AspNet.Integration.Blazor.RazorComponentNet10IntegrationTests.RegressionGuard_ValidationFailure_DoesNotThrow [2 ms]
  Passed Microsoft.DotNet.Tools.Scaffold.Tests.AspNet.Integration.Blazor.RazorComponentNet10IntegrationTests.RegressionGuard_NonExistentProject_ReturnsFalseNotException [2 ms]
  Passed Microsoft.DotNet.Tools.Scaffold.Tests.AspNet.Integration.Blazor.RazorComponentNet10IntegrationTests.Constructor_InitializesCorrectly [2 ms]
  Passed Microsoft.DotNet.Tools.Scaffold.Tests.AspNet.Integration.Blazor.RazorComponentNet10IntegrationTests.ExecuteAsync_GeneratesCorrectFileName_WhenLowercaseInput [1 s]
  Passed Microsoft.DotNet.Tools.Scaffold.Tests.AspNet.Integration.Blazor.RazorComponentNet10IntegrationTests.ProjectPath_DefaultsToNull [2 ms]
  Passed Microsoft.DotNet.Tools.Scaffold.Tests.AspNet.Integration.Blazor.RazorComponentNet10IntegrationTests.ExecuteAsync_CreatesComponentsDirectory_WhenProjectExists [1 s]
  Passed Microsoft.DotNet.Tools.Scaffold.Tests.AspNet.Integration.Blazor.RazorComponentNet10IntegrationTests.NamespaceName_DefaultsToNull [2 ms]
  Passed Microsoft.DotNet.Tools.Scaffold.Tests.AspNet.Integration.Blazor.RazorComponentNet10IntegrationTests.ExecuteAsync_GeneratedRazorFile_DoesNotContainPageDirective [1 s]
  Passed Microsoft.DotNet.Tools.Scaffold.Tests.AspNet.Integration.Blazor.RazorComponentNet10IntegrationTests.ExecuteAsync_ReturnsFalse_WhenProjectPathIsEmpty [2 ms]
  Passed Microsoft.DotNet.Tools.Scaffold.Tests.AspNet.Integration.Blazor.RazorComponentNet10IntegrationTests.ExecuteAsync_DoesNotCreateViewsDirectory [1 s]
  Passed Microsoft.DotNet.Tools.Scaffold.Tests.AspNet.Integration.MVC.ControllerNet10IntegrationTests.Scaffold_MvcController_Net10_CliInvocation [1 m 32 s]
  Passed Microsoft.DotNet.Tools.Scaffold.Tests.AspNet.Integration.MVC.ControllerNet10IntegrationTests.EmptyControllerScaffolderStep_TracksTelemetry_OnFileNameValidationFailure [2 ms]
  Passed Microsoft.DotNet.Tools.Scaffold.Tests.AspNet.Integration.MVC.ControllerNet10IntegrationTests.EmptyControllerScaffolderStep_TracksTelemetry_OnValidationFailure [2 ms]
  Passed Microsoft.DotNet.Tools.Scaffold.Tests.AspNet.Integration.Blazor.RazorComponentNet10IntegrationTests.ExecuteAsync_DoesNotCreatePagesDirectory [1 s]
  Passed Microsoft.DotNet.Tools.Scaffold.Tests.AspNet.Integration.Blazor.RazorComponentNet10IntegrationTests.FileName_DefaultsToNull [2 ms]
  Passed Microsoft.DotNet.Tools.Scaffold.Tests.AspNet.Integration.Blazor.RazorComponentNet10IntegrationTests.GetScaffoldSteps_ContainsDotnetNewScaffolderStep [2 ms]
  Passed Microsoft.DotNet.Tools.Scaffold.Tests.AspNet.Integration.MVC.ControllerNet10IntegrationTests.EmptyControllerScaffolderStep_WithActionsTrue_CreatesControllersDir [1 s]
  Passed Microsoft.DotNet.Tools.Scaffold.Tests.AspNet.Integration.Blazor.RazorComponentNet10IntegrationTests.ExecuteAsync_GeneratedFile_HasRazorExtension [1 s]
  Passed Microsoft.DotNet.Tools.Scaffold.Tests.AspNet.Integration.MVC.ControllerNet10IntegrationTests.EmptyControllerScaffolderStep_CreatesControllersDir_ForVariousNames(controllerName: "HomeController") [1 s]
  Passed Microsoft.DotNet.Tools.Scaffold.Tests.AspNet.Integration.Blazor.RazorComponentNet10IntegrationTests.ExecuteAsync_OutputFolder_IsComponents_ForRazorComponent [1 s]
  Passed Microsoft.DotNet.Tools.Scaffold.Tests.AspNet.Integration.Blazor.RazorComponentNet10IntegrationTests.ExecuteAsync_GeneratedRazorFile_ContainsValidContent [1 s]
  Passed Microsoft.DotNet.Tools.Scaffold.Tests.AspNet.Integration.Blazor.RazorComponentNet10IntegrationTests.ExecuteAsync_AcceptsCancellationToken [2 ms]
  Passed Microsoft.DotNet.Tools.Scaffold.Tests.AspNet.Integration.Blazor.RazorComponentNet10IntegrationTests.RegressionGuard_EmptyInputs_DoNotThrow [2 ms]
  Passed Microsoft.DotNet.Tools.Scaffold.Tests.AspNet.Integration.Blazor.RazorComponentNet10IntegrationTests.ExecuteAsync_ReturnsFalse_WhenProjectPathDoesNotExist [2 ms]
  Passed Microsoft.DotNet.Tools.Scaffold.Tests.AspNet.Integration.Blazor.RazorComponentNet10IntegrationTests.ExecuteAsync_CreatesComponentsSubdirectory [1 s]
  Passed Microsoft.DotNet.Tools.Scaffold.Tests.AspNet.Integration.MVC.ControllerNet10IntegrationTests.EmptyControllerScaffolderStep_CreatesControllersDir_ForVariousNames(controllerName: "ProductController") [4 s]
  Passed Microsoft.DotNet.Tools.Scaffold.Tests.AspNet.Integration.MVC.AreaNet10IntegrationTests.Scaffold_Area_Net10_CliInvocation [1 m 38 s]
  Passed Microsoft.DotNet.Tools.Scaffold.Tests.AspNet.Integration.MVC.AreaNet10IntegrationTests.AreaScaffolderStep_ReturnsTrue_OnSuccess [9 ms]
  Passed Microsoft.DotNet.Tools.Scaffold.Tests.AspNet.Integration.MVC.AreaNet10IntegrationTests.AreaScaffolderStep_UsesProjectDirectory_WhenExists [12 ms]
  Passed Microsoft.DotNet.Tools.Scaffold.Tests.AspNet.Integration.MVC.AreaNet10IntegrationTests.AreaScaffolderStep_SupportsCustomAreaName [9 ms]
  Passed Microsoft.DotNet.Tools.Scaffold.Tests.AspNet.Integration.MVC.AreaNet10IntegrationTests.AreaScaffolderStep_CreatesModelsFolder [8 ms]
  Passed Microsoft.DotNet.Tools.Scaffold.Tests.AspNet.Integration.Blazor.RazorComponentNet8IntegrationTests.Scaffold_BlazorEmpty_Net8_CliInvocation [1 m 37 s]
  Passed Microsoft.DotNet.Tools.Scaffold.Tests.AspNet.Integration.Blazor.RazorComponentNet8IntegrationTests.ExecuteAsync_AcceptsCancellationToken [3 ms]
  Passed Microsoft.DotNet.Tools.Scaffold.Tests.AspNet.Integration.Blazor.RazorComponentNet8IntegrationTests.ExecuteAsync_ReturnsFalse_WhenFileNameIsEmpty [18 ms]
  Passed Microsoft.DotNet.Tools.Scaffold.Tests.AspNet.Integration.Blazor.RazorComponentNet8IntegrationTests.GetScaffoldSteps_ContainsDotnetNewScaffolderStep [2 ms]
  Passed Microsoft.DotNet.Tools.Scaffold.Tests.AspNet.Integration.Blazor.RazorComponentNet8IntegrationTests.ExecuteAsync_ReturnsFalse_WhenProjectPathDoesNotExist [3 ms]
  Passed Microsoft.DotNet.Tools.Scaffold.Tests.AspNet.Integration.Blazor.RazorComponentNet8IntegrationTests.RegressionGuard_ValidationFailure_DoesNotThrow [2 ms]
  Passed Microsoft.DotNet.Tools.Scaffold.Tests.AspNet.Integration.API.ApiControllerNet8IntegrationTests.ValidateEfControllerStep_FailsWithInvalidDataContext(dataContext: null) [2 ms]
  Passed Microsoft.DotNet.Tools.Scaffold.Tests.AspNet.Integration.API.ApiControllerNet8IntegrationTests.ValidateEfControllerStep_FailsWithInvalidDataContext(dataContext: "") [2 ms]
  Passed Microsoft.DotNet.Tools.Scaffold.Tests.AspNet.Integration.API.ApiControllerNet8IntegrationTests.Templates_HasExpectedScaffolderFolder(folderName: "MinimalApi") [2 ms]
  Passed Microsoft.DotNet.Tools.Scaffold.Tests.AspNet.Integration.API.ApiControllerNet8IntegrationTests.Templates_HasExpectedScaffolderFolder(folderName: "BlazorIdentity") [2 ms]
  Passed Microsoft.DotNet.Tools.Scaffold.Tests.AspNet.Integration.API.ApiControllerNet8IntegrationTests.Templates_HasExpectedScaffolderFolder(folderName: "Views") [2 ms]
  Passed Microsoft.DotNet.Tools.Scaffold.Tests.AspNet.Integration.API.ApiControllerNet8IntegrationTests.Templates_HasExpectedScaffolderFolder(folderName: "Identity") [2 ms]
  Passed Microsoft.DotNet.Tools.Scaffold.Tests.AspNet.Integration.API.ApiControllerNet8IntegrationTests.Templates_HasExpectedScaffolderFolder(folderName: "BlazorCrud") [2 ms]
  Passed Microsoft.DotNet.Tools.Scaffold.Tests.AspNet.Integration.API.ApiControllerNet8IntegrationTests.Templates_HasExpectedScaffolderFolder(folderName: "EfController") [2 ms]
  Passed Microsoft.DotNet.Tools.Scaffold.Tests.AspNet.Integration.API.ApiControllerNet8IntegrationTests.Templates_HasExpectedScaffolderFolder(folderName: "CodeModificationConfigs") [2 ms]
[xUnit.net 00:04:24.55]     Microsoft.DotNet.Tools.Scaffold.Tests.AspNet.Integr
ation.MVC.ControllerNet10IntegrationTests.EfControllerTemplates_HasExactly2File
s [FAIL]
[xUnit.net 00:04:24.55]       Assert.Equal() Failure: Values differ
[xUnit.net 00:04:24.55]       Expected: 2
[xUnit.net 00:04:24.55]       Actual:   6
[xUnit.net 00:04:24.55]       Stack Trace:
[xUnit.net 00:04:24.55]         C:\Scaffolding\test\dotnet-scaffolding\dotnet-scaffold.Tests\AspNet\Integration\MVC\ControllerIntegrationTestsBase.cs(291,0): at Microsoft.DotNet.Tools.Scaffold.Tests.AspNet.Integration.ControllerIntegrationTestsBase.EfControllerTemplates_HasExactly2Files()
[xUnit.net 00:04:24.55]            at System.RuntimeMethodHandle.InvokeMethod(ObjectHandleOnStack target, Void** arguments, ObjectHandleOnStack sig, BOOL isConstructor, ObjectHandleOnStack result)
[xUnit.net 00:04:24.55]            at System.Reflection.MethodBaseInvoker.InterpretedInvoke_Method(Object obj, IntPtr* args)
[xUnit.net 00:04:24.55]            at System.Reflection.RuntimeMethodInfo.Invoke(Object obj, BindingFlags invokeAttr, Binder binder, Object[] parameters, CultureInfo culture)
  Passed Microsoft.DotNet.Tools.Scaffold.Tests.AspNet.Integration.API.ApiControllerNet8IntegrationTests.Templates_HasExpectedScaffolderFolder(folderName: "Files") [2 ms]
  Passed Microsoft.DotNet.Tools.Scaffold.Tests.AspNet.Integration.API.ApiControllerNet8IntegrationTests.Templates_HasExpectedScaffolderFolder(folderName: "RazorPages") [2 ms]
  Passed Microsoft.DotNet.Tools.Scaffold.Tests.AspNet.Integration.API.ApiControllerNet8IntegrationTests.ValidateEfControllerStep_FailsWithEmptyProject [2 ms]
  Passed Microsoft.DotNet.Tools.Scaffold.Tests.AspNet.Integration.MVC.ControllerNet10IntegrationTests.EmptyControllerScaffolderStep_CreatesControllersDir_ForVariousNames(controllerName: "AccountController") [1 s]
  Passed Microsoft.DotNet.Tools.Scaffold.Tests.AspNet.Integration.MVC.ControllerNet10IntegrationTests.EmptyControllerScaffolderStep_FailsWithNonExistentProject [2 ms]
  Failed Microsoft.DotNet.Tools.Scaffold.Tests.AspNet.Integration.MVC.ControllerNet10IntegrationTests.EfControllerTemplates_HasExactly2Files [2 ms]
  Error Message:
   Assert.Equal() Failure: Values differ
Expected: 2
Actual:   6
  Stack Trace:
     at Microsoft.DotNet.Tools.Scaffold.Tests.AspNet.Integration.ControllerIntegrationTestsBase.EfControllerTemplates_HasExactly2Files() in C:\Scaffolding\test\dotnet-scaffolding\dotnet-scaffold.Tests\AspNet\Integration\MVC\ControllerIntegrationTestsBase.cs:line 291
   at System.RuntimeMethodHandle.InvokeMethod(ObjectHandleOnStack target, Void** arguments, ObjectHandleOnStack sig, BOOL isConstructor, ObjectHandleOnStack result)
   at System.Reflection.MethodBaseInvoker.InterpretedInvoke_Method(Object obj, IntPtr* args)
   at System.Reflection.RuntimeMethodInfo.Invoke(Object obj, BindingFlags invokeAttr, Binder binder, Object[] parameters, CultureInfo culture)
  Passed Microsoft.DotNet.Tools.Scaffold.Tests.AspNet.Integration.MVC.ControllerNet10IntegrationTests.EmptyControllerScaffolderStep_FailsWithNullFileName [2 ms]
  Passed Microsoft.DotNet.Tools.Scaffold.Tests.AspNet.Integration.MVC.ControllerNet10IntegrationTests.EmptyControllerScaffolderStep_FailsWithNullProjectPath [2 ms]
  Passed Microsoft.DotNet.Tools.Scaffold.Tests.AspNet.Integration.MVC.ControllerNet10IntegrationTests.Templates_NoMvcControllerFolderExists [2 ms]
  Passed Microsoft.DotNet.Tools.Scaffold.Tests.AspNet.Integration.MVC.ControllerNet10IntegrationTests.Templates_NoControllerFolderExists [2 ms]
  Passed Microsoft.DotNet.Tools.Scaffold.Tests.AspNet.Integration.MVC.ControllerNet10IntegrationTests.EmptyControllerScaffolderStep_ControllersDir_IsUnderProjectDir [2 s]
  Passed Microsoft.DotNet.Tools.Scaffold.Tests.AspNet.Integration.Blazor.RazorComponentNet8IntegrationTests.ExecuteAsync_OutputFolder_IsComponents_ForRazorComponent [4 s]
  Passed Microsoft.DotNet.Tools.Scaffold.Tests.AspNet.Integration.MVC.ControllerNet10IntegrationTests.EfControllerTemplates_FolderExists [2 ms]
  Passed Microsoft.DotNet.Tools.Scaffold.Tests.AspNet.Integration.RazorPageEmptyNet11IntegrationTests.Scaffold_RazorPageEmpty_Net11_CliInvocation [1 m 36 s]
  Passed Microsoft.DotNet.Tools.Scaffold.Tests.AspNet.Integration.RazorPageEmptyNet11IntegrationTests.ExecuteAsync_DoesNotCreateViewsDirectory [3 s]
  Passed Microsoft.DotNet.Tools.Scaffold.Tests.AspNet.Integration.RazorPageEmptyNet11IntegrationTests.RegressionGuard_EmptyInputs_DoNotThrow [2 ms]
  Passed Microsoft.DotNet.Tools.Scaffold.Tests.AspNet.Integration.Blazor.RazorComponentNet8IntegrationTests.ExecuteAsync_GeneratedRazorFile_DoesNotContainPageDirective [3 s]
  Passed Microsoft.DotNet.Tools.Scaffold.Tests.AspNet.Integration.RazorPageEmptyNet11IntegrationTests.ExecuteAsync_TracksTelemetryEvent_OnValidationFailure [2 ms]
  Passed Microsoft.DotNet.Tools.Scaffold.Tests.AspNet.Integration.RazorPageEmptyNet11IntegrationTests.ExecuteAsync_CreatesPagesSubdirectory [1 s]
  Passed Microsoft.DotNet.Tools.Scaffold.Tests.AspNet.Integration.Blazor.RazorComponentNet8IntegrationTests.ExecuteAsync_GeneratedRazorFile_ContainsH3Heading [1 s]
  Passed Microsoft.DotNet.Tools.Scaffold.Tests.AspNet.Integration.MVC.AreaNet11IntegrationTests.Scaffold_Area_Net11_CliInvocation [1 m 40 s]
  Passed Microsoft.DotNet.Tools.Scaffold.Tests.AspNet.Integration.MVC.ControllerNet11IntegrationTests.EmptyControllerScaffolderStep_TracksTelemetry_OnFileNameValidationFailure [3 ms]
  Passed Microsoft.DotNet.Tools.Scaffold.Tests.AspNet.Integration.MVC.ControllerNet11IntegrationTests.Templates_HasExpectedScaffolderFolder(folderName: "BlazorCrud") [2 ms]
  Passed Microsoft.DotNet.Tools.Scaffold.Tests.AspNet.Integration.MVC.ControllerNet11IntegrationTests.Templates_HasExpectedScaffolderFolder(folderName: "EfController") [2 ms]
  Passed Microsoft.DotNet.Tools.Scaffold.Tests.AspNet.Integration.MVC.ControllerNet11IntegrationTests.Templates_HasExpectedScaffolderFolder(folderName: "CodeModificationConfigs") [2 ms]
  Passed Microsoft.DotNet.Tools.Scaffold.Tests.AspNet.Integration.MVC.ControllerNet11IntegrationTests.Templates_HasExpectedScaffolderFolder(folderName: "Files") [2 ms]
  Passed Microsoft.DotNet.Tools.Scaffold.Tests.AspNet.Integration.MVC.ControllerNet11IntegrationTests.Templates_HasExpectedScaffolderFolder(folderName: "RazorPages") [2 ms]
  Passed Microsoft.DotNet.Tools.Scaffold.Tests.AspNet.Integration.MVC.ControllerNet11IntegrationTests.Templates_HasExpectedScaffolderFolder(folderName: "MinimalApi") [3 ms]
  Passed Microsoft.DotNet.Tools.Scaffold.Tests.AspNet.Integration.MVC.ControllerNet11IntegrationTests.Templates_HasExpectedScaffolderFolder(folderName: "Identity") [2 ms]
  Passed Microsoft.DotNet.Tools.Scaffold.Tests.AspNet.Integration.MVC.ControllerNet11IntegrationTests.Templates_HasExpectedScaffolderFolder(folderName: "Views") [2 ms]
  Passed Microsoft.DotNet.Tools.Scaffold.Tests.AspNet.Integration.MVC.ControllerNet11IntegrationTests.Templates_HasExpectedScaffolderFolder(folderName: "BlazorIdentity") [2 ms]
  Passed Microsoft.DotNet.Tools.Scaffold.Tests.AspNet.Integration.MVC.ControllerNet11IntegrationTests.EmptyControllerScaffolderStep_TracksTelemetry_OnValidationFailure [2 ms]
  Passed Microsoft.DotNet.Tools.Scaffold.Tests.AspNet.Integration.RazorPageEmptyNet11IntegrationTests.ExecuteAsync_DoesNotCreateComponentsDirectory [1 s]
  Passed Microsoft.DotNet.Tools.Scaffold.Tests.AspNet.Integration.RazorPageEmptyNet11IntegrationTests.NamespaceName_DefaultsToNull [2 ms]
  Passed Microsoft.DotNet.Tools.Scaffold.Tests.AspNet.Integration.RazorPageEmptyNet11IntegrationTests.RazorPageEmpty_DiffersFromRazorViewEmpty_InNamespaceHandling [1 ms]
  Passed Microsoft.DotNet.Tools.Scaffold.Tests.AspNet.Integration.RazorPageEmptyNet11IntegrationTests.RegressionGuard_NonExistentProject_ReturnsFalseNotException [2 ms]
  Passed Microsoft.DotNet.Tools.Scaffold.Tests.AspNet.Integration.RazorPageEmptyNet11IntegrationTests.ExecuteAsync_ReturnsFalse_WhenFileNameIsEmpty [2 ms]
  Passed Microsoft.DotNet.Tools.Scaffold.Tests.AspNet.Integration.Blazor.RazorComponentNet8IntegrationTests.ExecuteAsync_CreatesComponentsSubdirectory [1 s]
  Passed Microsoft.DotNet.Tools.Scaffold.Tests.AspNet.Integration.Blazor.RazorComponentNet9IntegrationTests.Scaffold_BlazorEmpty_Net9_CliInvocation [1 m 42 s]
  Passed Microsoft.DotNet.Tools.Scaffold.Tests.AspNet.Integration.Blazor.RazorComponentNet9IntegrationTests.FileName_DefaultsToNull [2 ms]
  Passed Microsoft.DotNet.Tools.Scaffold.Tests.AspNet.Integration.Blazor.RazorComponentNet9IntegrationTests.ExecuteAsync_ReturnsFalse_WhenProjectPathIsEmpty [2 ms]
  Passed Microsoft.DotNet.Tools.Scaffold.Tests.AspNet.Integration.Blazor.RazorComponentNet9IntegrationTests.RegressionGuard_NonExistentProject_ReturnsFalseNotException [2 ms]
  Passed Microsoft.DotNet.Tools.Scaffold.Tests.AspNet.Integration.Blazor.RazorComponentNet9IntegrationTests.GetScaffoldSteps_ContainsDotnetNewScaffolderStep [2 ms]
  Passed Microsoft.DotNet.Tools.Scaffold.Tests.AspNet.Integration.Blazor.RazorComponentNet9IntegrationTests.ProjectPath_DefaultsToNull [2 ms]
  Passed Microsoft.DotNet.Tools.Scaffold.Tests.AspNet.Integration.MVC.ControllerNet11IntegrationTests.EmptyControllerScaffolderStep_CreatesControllersDir_ForVariousNames(controllerName: "ProductController") [1 s]
  Passed Microsoft.DotNet.Tools.Scaffold.Tests.AspNet.Integration.Blazor.RazorComponentNet8IntegrationTests.ExecuteAsync_OnlyGeneratesSingleRazorFile [1 s]
  Passed Microsoft.DotNet.Tools.Scaffold.Tests.AspNet.Integration.RazorPageEmptyNet11IntegrationTests.ExecuteAsync_GeneratesPageFiles_WhenProjectIsValid [1 s]
  Passed Microsoft.DotNet.Tools.Scaffold.Tests.AspNet.Integration.Blazor.RazorComponentNet9IntegrationTests.ExecuteAsync_GeneratedRazorFile_ContainsValidContent [1 s]
  Passed Microsoft.DotNet.Tools.Scaffold.Tests.AspNet.Integration.MVC.ControllerNet11IntegrationTests.EmptyControllerScaffolderStep_CreatesControllersDir_ForVariousNames(controllerName: "HomeController") [1 s]
  Passed Microsoft.DotNet.Tools.Scaffold.Tests.AspNet.Integration.RazorPageEmptyNet11IntegrationTests.ExecuteAsync_CreatesPagesDirectory_WhenProjectExists [2 s]
  Passed Microsoft.DotNet.Tools.Scaffold.Tests.AspNet.Integration.Blazor.RazorComponentNet8IntegrationTests.ExecuteAsync_TracksTelemetryEvent_WhenSettingsAreValid [2 s]
  Passed Microsoft.DotNet.Tools.Scaffold.Tests.AspNet.Integration.Blazor.RazorComponentNet8IntegrationTests.ExecuteAsync_ReturnsFalse_WhenProjectPathIsEmpty [3 ms]
  Passed Microsoft.DotNet.Tools.Scaffold.Tests.AspNet.Integration.MVC.ControllerNet11IntegrationTests.EmptyControllerScaffolderStep_CreatesControllersDir_ForVariousNames(controllerName: "AccountController") [1 s]
  Passed Microsoft.DotNet.Tools.Scaffold.Tests.AspNet.Integration.Blazor.RazorComponentNet9IntegrationTests.ExecuteAsync_CreatesComponentsSubdirectory [2 s]
  Passed Microsoft.DotNet.Tools.Scaffold.Tests.AspNet.Integration.RazorPageEmptyNet11IntegrationTests.ExecuteAsync_TracksSuccessTelemetry_WhenGenerationSucceeds [2 s]
  Passed Microsoft.DotNet.Tools.Scaffold.Tests.AspNet.Integration.Blazor.RazorComponentNet8IntegrationTests.ExecuteAsync_GeneratesRazorFile_WhenProjectIsValid [4 s]
  Passed Microsoft.DotNet.Tools.Scaffold.Tests.AspNet.Integration.Blazor.RazorComponentNet8IntegrationTests.RazorComponent_DoesNotSetNamespace [2 ms]
  Passed Microsoft.DotNet.Tools.Scaffold.Tests.AspNet.Integration.Blazor.RazorComponentNet8IntegrationTests.ExecuteAsync_TracksTelemetryEvent_OnValidationFailure [2 ms]
  Passed Microsoft.DotNet.Tools.Scaffold.Tests.AspNet.Integration.Blazor.RazorComponentNet8IntegrationTests.RegressionGuard_NonExistentProject_ReturnsFalseNotException [2 ms]
[xUnit.net 00:04:42.98]     Microsoft.DotNet.Tools.Scaffold.Tests.AspNet.Integr
ation.MVC.ControllerNet11IntegrationTests.ViewsTemplates_HasBootstrap5Subfolder
 [FAIL]
[xUnit.net 00:04:42.98]       Bootstrap5 subfolder should exist for net11.0 Views templates
[xUnit.net 00:04:42.98]       Stack Trace:
[xUnit.net 00:04:42.98]         C:\Scaffolding\test\dotnet-scaffolding\dotnet-scaffold.Tests\AspNet\Integration\MVC\ControllerIntegrationTestsBase.cs(330,0): at Microsoft.DotNet.Tools.Scaffold.Tests.AspNet.Integration.ControllerIntegrationTestsBase.ViewsTemplates_HasBootstrap5Subfolder()
[xUnit.net 00:04:42.98]            at System.RuntimeMethodHandle.InvokeMethod(ObjectHandleOnStack target, Void** arguments, ObjectHandleOnStack sig, BOOL isConstructor, ObjectHandleOnStack result)
[xUnit.net 00:04:42.98]            at System.Reflection.MethodBaseInvoker.InterpretedInvoke_Method(Object obj, IntPtr* args)
[xUnit.net 00:04:42.98]            at System.Reflection.RuntimeMethodInfo.Invoke(Object obj, BindingFlags invokeAttr, Binder binder, Object[] parameters, CultureInfo culture)
  Passed Microsoft.DotNet.Tools.Scaffold.Tests.AspNet.Integration.MVC.ControllerNet11IntegrationTests.EmptyControllerScaffolderStep_WithActionsTrue_CreatesControllersDir [4 s]
  Passed Microsoft.DotNet.Tools.Scaffold.Tests.AspNet.Integration.Blazor.RazorComponentNet9IntegrationTests.ExecuteAsync_CreatesComponentsDirectory_WhenProjectExists [3 s]
  Failed Microsoft.DotNet.Tools.Scaffold.Tests.AspNet.Integration.MVC.ControllerNet11IntegrationTests.ViewsTemplates_HasBootstrap5Subfolder [3 ms]
  Error Message:
   Bootstrap5 subfolder should exist for net11.0 Views templates
  Stack Trace:
     at Microsoft.DotNet.Tools.Scaffold.Tests.AspNet.Integration.ControllerIntegrationTestsBase.ViewsTemplates_HasBootstrap5Subfolder() in C:\Scaffolding\test\dotnet-scaffolding\dotnet-scaffold.Tests\AspNet\Integration\MVC\ControllerIntegrationTestsBase.cs:line 330
   at System.RuntimeMethodHandle.InvokeMethod(ObjectHandleOnStack target, Void** arguments, ObjectHandleOnStack sig, BOOL isConstructor, ObjectHandleOnStack result)
   at System.Reflection.MethodBaseInvoker.InterpretedInvoke_Method(Object obj, IntPtr* args)
   at System.Reflection.RuntimeMethodInfo.Invoke(Object obj, BindingFlags invokeAttr, Binder binder, Object[] parameters, CultureInfo culture)
  Passed Microsoft.DotNet.Tools.Scaffold.Tests.AspNet.Integration.MVC.ControllerNet11IntegrationTests.EmptyControllerScaffolderStep_FailsValidation_ForVariousNames_WhenProjectMissing(controllerName: "OrderController") [2 ms]
  Passed Microsoft.DotNet.Tools.Scaffold.Tests.AspNet.Integration.MVC.ControllerNet11IntegrationTests.EmptyControllerScaffolderStep_FailsValidation_ForVariousNames_WhenProjectMissing(controllerName: "HomeController") [2 ms]
  Passed Microsoft.DotNet.Tools.Scaffold.Tests.AspNet.Integration.MVC.ControllerNet11IntegrationTests.EmptyControllerScaffolderStep_FailsValidation_ForVariousNames_WhenProjectMissing(controllerName: "DashboardController") [2 ms]
  Passed Microsoft.DotNet.Tools.Scaffold.Tests.AspNet.Integration.MVC.ControllerNet11IntegrationTests.EmptyControllerScaffolderStep_FailsValidation_ForVariousNames_WhenProjectMissing(controllerName: "ProductController") [2 ms]
  Passed Microsoft.DotNet.Tools.Scaffold.Tests.AspNet.Integration.MVC.ControllerNet11IntegrationTests.EmptyControllerScaffolderStep_FailsValidation_ForVariousNames_WhenProjectMissing(controllerName: "AccountController") [7 ms]
  Passed Microsoft.DotNet.Tools.Scaffold.Tests.AspNet.Integration.MVC.ControllerNet11IntegrationTests.ViewsTemplates_FolderExists [5 ms]
  Passed Microsoft.DotNet.Tools.Scaffold.Tests.AspNet.Integration.MVC.ControllerNet9IntegrationTests.EmptyControllerScaffolderStep_WithActionsTrue_CreatesControllersDir [3 s]
  Passed Microsoft.DotNet.Tools.Scaffold.Tests.AspNet.Integration.Blazor.RazorComponentNet8IntegrationTests.ExecuteAsync_CreatesComponentsDirectory_WhenProjectExists [2 s]
  Passed Microsoft.DotNet.Tools.Scaffold.Tests.AspNet.Integration.Blazor.RazorComponentNet8IntegrationTests.ExecuteAsync_TracksTelemetryEvent_OnValidFileNameFailure [3 ms]
  Passed Microsoft.DotNet.Tools.Scaffold.Tests.AspNet.Integration.Blazor.RazorComponentNet8IntegrationTests.ExecuteAsync_DoesNotCreatePagesDirectory [2 s]
[xUnit.net 00:04:47.99]     Microsoft.DotNet.Tools.Scaffold.Tests.AspNet.Integr
ation.MVC.ControllerNet11IntegrationTests.EfControllerTemplates_HasExactly2File
s [FAIL]
[xUnit.net 00:04:47.99]       Assert.Equal() Failure: Values differ
[xUnit.net 00:04:47.99]       Expected: 2
[xUnit.net 00:04:47.99]       Actual:   6
[xUnit.net 00:04:47.99]       Stack Trace:
[xUnit.net 00:04:47.99]         C:\Scaffolding\test\dotnet-scaffolding\dotnet-scaffold.Tests\AspNet\Integration\MVC\ControllerIntegrationTestsBase.cs(291,0): at Microsoft.DotNet.Tools.Scaffold.Tests.AspNet.Integration.ControllerIntegrationTestsBase.EfControllerTemplates_HasExactly2Files()
[xUnit.net 00:04:47.99]            at System.RuntimeMethodHandle.InvokeMethod(ObjectHandleOnStack target, Void** arguments, ObjectHandleOnStack sig, BOOL isConstructor, ObjectHandleOnStack result)
[xUnit.net 00:04:47.99]            at System.Reflection.MethodBaseInvoker.InterpretedInvoke_Method(Object obj, IntPtr* args)
[xUnit.net 00:04:47.99]            at System.Reflection.RuntimeMethodInfo.Invoke(Object obj, BindingFlags invokeAttr, Binder binder, Object[] parameters, CultureInfo culture)
  Passed Microsoft.DotNet.Tools.Scaffold.Tests.AspNet.Integration.Blazor.RazorComponentNet9IntegrationTests.ExecuteAsync_OutputFolder_IsComponents_ForRazorComponent [3 s]
  Passed Microsoft.DotNet.Tools.Scaffold.Tests.AspNet.Integration.Blazor.RazorComponentNet9IntegrationTests.NamespaceName_DefaultsToNull [2 ms]
  Passed Microsoft.DotNet.Tools.Scaffold.Tests.AspNet.Integration.MVC.ControllerNet11IntegrationTests.EmptyControllerScaffolderStep_WithActionsFalse_CreatesControllersDir [4 s]
  Passed Microsoft.DotNet.Tools.Scaffold.Tests.AspNet.Integration.MVC.ControllerNet11IntegrationTests.EfControllerTemplates_FolderExists [2 ms]
  Failed Microsoft.DotNet.Tools.Scaffold.Tests.AspNet.Integration.MVC.ControllerNet11IntegrationTests.EfControllerTemplates_HasExactly2Files [2 ms]
  Error Message:
   Assert.Equal() Failure: Values differ
Expected: 2
Actual:   6
  Stack Trace:
     at Microsoft.DotNet.Tools.Scaffold.Tests.AspNet.Integration.ControllerIntegrationTestsBase.EfControllerTemplates_HasExactly2Files() in C:\Scaffolding\test\dotnet-scaffolding\dotnet-scaffold.Tests\AspNet\Integration\MVC\ControllerIntegrationTestsBase.cs:line 291
   at System.RuntimeMethodHandle.InvokeMethod(ObjectHandleOnStack target, Void** arguments, ObjectHandleOnStack sig, BOOL isConstructor, ObjectHandleOnStack result)
   at System.Reflection.MethodBaseInvoker.InterpretedInvoke_Method(Object obj, IntPtr* args)
   at System.Reflection.RuntimeMethodInfo.Invoke(Object obj, BindingFlags invokeAttr, Binder binder, Object[] parameters, CultureInfo culture)
  Passed Microsoft.DotNet.Tools.Scaffold.Tests.AspNet.Integration.MVC.ControllerNet11IntegrationTests.EmptyControllerScaffolderStep_FailsWithNullProjectPath [3 ms]
  Passed Microsoft.DotNet.Tools.Scaffold.Tests.AspNet.Integration.MVC.ControllerNet11IntegrationTests.Templates_NoControllerFolderExists [3 ms]
  Passed Microsoft.DotNet.Tools.Scaffold.Tests.AspNet.Integration.MVC.ControllerNet11IntegrationTests.EmptyControllerScaffolderStep_FailsWithNonExistentProject [2 ms]
[xUnit.net 00:04:48.02]     Microsoft.DotNet.Tools.Scaffold.Tests.AspNet.Integr
ation.MVC.ControllerNet11IntegrationTests.ViewsTemplates_HasBootstrap4Subfolder
 [FAIL]
[xUnit.net 00:04:48.02]       Bootstrap4 subfolder should exist for net11.0 Views templates
[xUnit.net 00:04:48.02]       Stack Trace:
[xUnit.net 00:04:48.02]         C:\Scaffolding\test\dotnet-scaffolding\dotnet-scaffold.Tests\AspNet\Integration\MVC\ControllerIntegrationTestsBase.cs(321,0): at Microsoft.DotNet.Tools.Scaffold.Tests.AspNet.Integration.ControllerIntegrationTestsBase.ViewsTemplates_HasBootstrap4Subfolder()
[xUnit.net 00:04:48.02]            at System.RuntimeMethodHandle.InvokeMethod(ObjectHandleOnStack target, Void** arguments, ObjectHandleOnStack sig, BOOL isConstructor, ObjectHandleOnStack result)
[xUnit.net 00:04:48.02]            at System.Reflection.MethodBaseInvoker.InterpretedInvoke_Method(Object obj, IntPtr* args)
[xUnit.net 00:04:48.02]            at System.Reflection.RuntimeMethodInfo.Invoke(Object obj, BindingFlags invokeAttr, Binder binder, Object[] parameters, CultureInfo culture)
[xUnit.net 00:04:48.03]     Microsoft.DotNet.Tools.Scaffold.Tests.AspNet.Integr
ation.MVC.ControllerNet11IntegrationTests.EfControllerTemplates_UsesCshtmlForma
t [FAIL]
[xUnit.net 00:04:48.03]       Assert.All() Failure: 6 out of 6 items in the collection did not pass.
[xUnit.net 00:04:48.03]       [0]: Item:  "C:\\Scaffolding\\src\\dotnet-scaffolding\\dotnet-s"┬╖┬╖┬╖
[xUnit.net 00:04:48.03]            Error: Assert.EndsWith() Failure: String end does not match
[xUnit.net 00:04:48.03]                   String:       ┬╖┬╖┬╖"s\\net11.0\\EfController\\ApiEfController.cs"
[xUnit.net 00:04:48.03]                   Expected end: ".cshtml"
[xUnit.net 00:04:48.03]       [1]: Item:  "C:\\Scaffolding\\src\\dotnet-scaffolding\\dotnet-s"┬╖┬╖┬╖
[xUnit.net 00:04:48.03]            Error: Assert.EndsWith() Failure: String end does not match
[xUnit.net 00:04:48.03]                   String:       ┬╖┬╖┬╖"fController\\ApiEfController.Interfaces.cs"
[xUnit.net 00:04:48.03]                   Expected end: ".cshtml"
[xUnit.net 00:04:48.03]       [2]: Item:  "C:\\Scaffolding\\src\\dotnet-scaffolding\\dotnet-s"┬╖┬╖┬╖
[xUnit.net 00:04:48.03]            Error: Assert.EndsWith() Failure: String end does not match
[xUnit.net 00:04:48.03]                   String:       ┬╖┬╖┬╖"s\\net11.0\\EfController\\ApiEfController.tt"
[xUnit.net 00:04:48.03]                   Expected end: ".cshtml"
[xUnit.net 00:04:48.03]       [3]: Item:  "C:\\Scaffolding\\src\\dotnet-scaffolding\\dotnet-s"┬╖┬╖┬╖
[xUnit.net 00:04:48.03]            Error: Assert.EndsWith() Failure: String end does not match
[xUnit.net 00:04:48.03]                   String:       ┬╖┬╖┬╖"s\\net11.0\\EfController\\MvcEfController.cs"
[xUnit.net 00:04:48.03]                   Expected end: ".cshtml"
[xUnit.net 00:04:48.03]       [4]: Item:  "C:\\Scaffolding\\src\\dotnet-scaffolding\\dotnet-s"┬╖┬╖┬╖
[xUnit.net 00:04:48.03]            Error: Assert.EndsWith() Failure: String end does not match
[xUnit.net 00:04:48.03]                   String:       ┬╖┬╖┬╖"fController\\MvcEfController.Interfaces.cs"
[xUnit.net 00:04:48.03]                   Expected end: ".cshtml"
[xUnit.net 00:04:48.03]       [5]: Item:  "C:\\Scaffolding\\src\\dotnet-scaffolding\\dotnet-s"┬╖┬╖┬╖
[xUnit.net 00:04:48.03]            Error: Assert.EndsWith() Failure: String end does not match
[xUnit.net 00:04:48.03]                   String:       ┬╖┬╖┬╖"s\\net11.0\\EfController\\MvcEfController.tt"
[xUnit.net 00:04:48.03]                   Expected end: ".cshtml"
[xUnit.net 00:04:48.03]       Stack Trace:
[xUnit.net 00:04:48.03]         C:\Scaffolding\test\dotnet-scaffolding\dotnet-scaffold.Tests\AspNet\Integration\MVC\ControllerIntegrationTestsBase.cs(300,0): at Microsoft.DotNet.Tools.Scaffold.Tests.AspNet.Integration.ControllerIntegrationTestsBase.EfControllerTemplates_UsesCshtmlFormat()
[xUnit.net 00:04:48.03]            at System.RuntimeMethodHandle.InvokeMethod(ObjectHandleOnStack target, Void** arguments, ObjectHandleOnStack sig, BOOL isConstructor, ObjectHandleOnStack result)
[xUnit.net 00:04:48.03]            at System.Reflection.MethodBaseInvoker.InterpretedInvoke_Method(Object obj, IntPtr* args)
[xUnit.net 00:04:48.03]            at System.Reflection.RuntimeMethodInfo.Invoke(Object obj, BindingFlags invokeAttr, Binder binder, Object[] parameters, CultureInfo culture)
  Failed Microsoft.DotNet.Tools.Scaffold.Tests.AspNet.Integration.MVC.ControllerNet11IntegrationTests.ViewsTemplates_HasBootstrap4Subfolder [23 ms]
  Error Message:
   Bootstrap4 subfolder should exist for net11.0 Views templates
  Stack Trace:
     at Microsoft.DotNet.Tools.Scaffold.Tests.AspNet.Integration.ControllerIntegrationTestsBase.ViewsTemplates_HasBootstrap4Subfolder() in C:\Scaffolding\test\dotnet-scaffolding\dotnet-scaffold.Tests\AspNet\Integration\MVC\ControllerIntegrationTestsBase.cs:line 321
   at System.RuntimeMethodHandle.InvokeMethod(ObjectHandleOnStack target, Void** arguments, ObjectHandleOnStack sig, BOOL isConstructor, ObjectHandleOnStack result)
   at System.Reflection.MethodBaseInvoker.InterpretedInvoke_Method(Object obj, IntPtr* args)
   at System.Reflection.RuntimeMethodInfo.Invoke(Object obj, BindingFlags invokeAttr, Binder binder, Object[] parameters, CultureInfo culture)
  Failed Microsoft.DotNet.Tools.Scaffold.Tests.AspNet.Integration.MVC.ControllerNet11IntegrationTests.EfControllerTemplates_UsesCshtmlFormat [7 ms]
  Error Message:
   Assert.All() Failure: 6 out of 6 items in the collection did not pass.
[0]: Item:  "C:\\Scaffolding\\src\\dotnet-scaffolding\\dotnet-s"┬╖┬╖┬╖
     Error: Assert.EndsWith() Failure: String end does not match
            String:       ┬╖┬╖┬╖"s\\net11.0\\EfController\\ApiEfController.cs"
            Expected end: ".cshtml"
[1]: Item:  "C:\\Scaffolding\\src\\dotnet-scaffolding\\dotnet-s"┬╖┬╖┬╖
     Error: Assert.EndsWith() Failure: String end does not match
            String:       ┬╖┬╖┬╖"fController\\ApiEfController.Interfaces.cs"
            Expected end: ".cshtml"
[2]: Item:  "C:\\Scaffolding\\src\\dotnet-scaffolding\\dotnet-s"┬╖┬╖┬╖
     Error: Assert.EndsWith() Failure: String end does not match
            String:       ┬╖┬╖┬╖"s\\net11.0\\EfController\\ApiEfController.tt"
            Expected end: ".cshtml"
[3]: Item:  "C:\\Scaffolding\\src\\dotnet-scaffolding\\dotnet-s"┬╖┬╖┬╖
     Error: Assert.EndsWith() Failure: String end does not match
            String:       ┬╖┬╖┬╖"s\\net11.0\\EfController\\MvcEfController.cs"
            Expected end: ".cshtml"
[4]: Item:  "C:\\Scaffolding\\src\\dotnet-scaffolding\\dotnet-s"┬╖┬╖┬╖
     Error: Assert.EndsWith() Failure: String end does not match
            String:       ┬╖┬╖┬╖"fController\\MvcEfController.Interfaces.cs"
            Expected end: ".cshtml"
[5]: Item:  "C:\\Scaffolding\\src\\dotnet-scaffolding\\dotnet-s"┬╖┬╖┬╖
     Error: Assert.EndsWith() Failure: String end does not match
            String:       ┬╖┬╖┬╖"s\\net11.0\\EfController\\MvcEfController.tt"
            Expected end: ".cshtml"
  Stack Trace:
     at Microsoft.DotNet.Tools.Scaffold.Tests.AspNet.Integration.ControllerIntegrationTestsBase.EfControllerTemplates_UsesCshtmlFormat() in C:\Scaffolding\test\dotnet-scaffolding\dotnet-scaffold.Tests\AspNet\Integration\MVC\ControllerIntegrationTestsBase.cs:line 300
   at System.RuntimeMethodHandle.InvokeMethod(ObjectHandleOnStack target, Void** arguments, ObjectHandleOnStack sig, BOOL isConstructor, ObjectHandleOnStack result)
   at System.Reflection.MethodBaseInvoker.InterpretedInvoke_Method(Object obj, IntPtr* args)
   at System.Reflection.RuntimeMethodInfo.Invoke(Object obj, BindingFlags invokeAttr, Binder binder, Object[] parameters, CultureInfo culture)
  Passed Microsoft.DotNet.Tools.Scaffold.Tests.AspNet.Integration.Blazor.RazorComponentNet9IntegrationTests.ExecuteAsync_GeneratedRazorFile_DoesNotContainPageDirective [1 s]
  Passed Microsoft.DotNet.Tools.Scaffold.Tests.AspNet.Integration.Blazor.RazorComponentNet8IntegrationTests.ExecuteAsync_GeneratedRazorFile_ContainsCodeBlock [1 s]
  Passed Microsoft.DotNet.Tools.Scaffold.Tests.AspNet.Integration.Blazor.RazorComponentNet8IntegrationTests.ProjectPath_DefaultsToNull [2 ms]
  Passed Microsoft.DotNet.Tools.Scaffold.Tests.AspNet.Integration.Blazor.RazorComponentNet9IntegrationTests.ExecuteAsync_DoesNotCreatePagesDirectory [2 s]
  Passed Microsoft.DotNet.Tools.Scaffold.Tests.AspNet.Integration.Blazor.RazorComponentNet9IntegrationTests.ExecuteAsync_TracksTelemetryEvent_OnValidationFailure [2 ms]
  Passed Microsoft.DotNet.Tools.Scaffold.Tests.AspNet.Integration.Blazor.RazorComponentNet8IntegrationTests.ExecuteAsync_GeneratedRazorFile_ContainsValidContent [2 s]
  Passed Microsoft.DotNet.Tools.Scaffold.Tests.AspNet.Integration.Blazor.RazorComponentNet8IntegrationTests.ExecuteAsync_ReturnsFalse_WhenProjectPathIsNull [2 ms]
  Passed Microsoft.DotNet.Tools.Scaffold.Tests.AspNet.Integration.Blazor.RazorComponentNet8IntegrationTests.NamespaceName_DefaultsToNull [6 ms]
  Passed Microsoft.DotNet.Tools.Scaffold.Tests.AspNet.Integration.Blazor.RazorComponentNet9IntegrationTests.ExecuteAsync_TracksSuccessTelemetry_WhenGenerationSucceeds [1 s]
[xUnit.net 00:04:52.53]     Microsoft.DotNet.Tools.Scaffold.Tests.AspNet.Integr
ation.MVC.RazorViewsNet10IntegrationTests.ViewsTemplates_HasBootstrap5Subfolder
 [FAIL]
[xUnit.net 00:04:52.53]       Bootstrap5 subfolder should exist for net10.0 Views templates
[xUnit.net 00:04:52.53]       Stack Trace:
[xUnit.net 00:04:52.53]         C:\Scaffolding\test\dotnet-scaffolding\dotnet-scaffold.Tests\AspNet\Integration\MVC\RazorViewsIntegrationTestsBase.cs(351,0): at Microsoft.DotNet.Tools.Scaffold.Tests.AspNet.Integration.RazorViewsIntegrationTestsBase.ViewsTemplates_HasBootstrap5Subfolder()
[xUnit.net 00:04:52.53]            at System.RuntimeMethodHandle.InvokeMethod(ObjectHandleOnStack target, Void** arguments, ObjectHandleOnStack sig, BOOL isConstructor, ObjectHandleOnStack result)
[xUnit.net 00:04:52.53]            at System.Reflection.MethodBaseInvoker.InterpretedInvoke_Method(Object obj, IntPtr* args)
[xUnit.net 00:04:52.53]            at System.Reflection.RuntimeMethodInfo.Invoke(Object obj, BindingFlags invokeAttr, Binder binder, Object[] parameters, CultureInfo culture)
  Passed Microsoft.DotNet.Tools.Scaffold.Tests.AspNet.Integration.Blazor.RazorComponentNet8IntegrationTests.ExecuteAsync_TracksSuccessTelemetry_WhenGenerationSucceeds [1 s]
  Failed Microsoft.DotNet.Tools.Scaffold.Tests.AspNet.Integration.MVC.RazorViewsNet10IntegrationTests.ViewsTemplates_HasBootstrap5Subfolder [2 ms]
  Error Message:
   Bootstrap5 subfolder should exist for net10.0 Views templates
  Stack Trace:
     at Microsoft.DotNet.Tools.Scaffold.Tests.AspNet.Integration.RazorViewsIntegrationTestsBase.ViewsTemplates_HasBootstrap5Subfolder() in C:\Scaffolding\test\dotnet-scaffolding\dotnet-scaffold.Tests\AspNet\Integration\MVC\RazorViewsIntegrationTestsBase.cs:line 351
   at System.RuntimeMethodHandle.InvokeMethod(ObjectHandleOnStack target, Void** arguments, ObjectHandleOnStack sig, BOOL isConstructor, ObjectHandleOnStack result)
   at System.Reflection.MethodBaseInvoker.InterpretedInvoke_Method(Object obj, IntPtr* args)
   at System.Reflection.RuntimeMethodInfo.Invoke(Object obj, BindingFlags invokeAttr, Binder binder, Object[] parameters, CultureInfo culture)
  Passed Microsoft.DotNet.Tools.Scaffold.Tests.AspNet.Integration.MVC.RazorViewsNet10IntegrationTests.Templates_HasExpectedScaffolderFolder(folderName: "Views") [2 ms]
  Passed Microsoft.DotNet.Tools.Scaffold.Tests.AspNet.Integration.MVC.RazorViewsNet10IntegrationTests.Templates_HasExpectedScaffolderFolder(folderName: "BlazorIdentity") [2 ms]
  Passed Microsoft.DotNet.Tools.Scaffold.Tests.AspNet.Integration.MVC.RazorViewsNet10IntegrationTests.Templates_HasExpectedScaffolderFolder(folderName: "Identity") [2 ms]
  Passed Microsoft.DotNet.Tools.Scaffold.Tests.AspNet.Integration.MVC.RazorViewsNet10IntegrationTests.Templates_HasExpectedScaffolderFolder(folderName: "BlazorCrud") [1 ms]
  Passed Microsoft.DotNet.Tools.Scaffold.Tests.AspNet.Integration.MVC.RazorViewsNet10IntegrationTests.Templates_HasExpectedScaffolderFolder(folderName: "MinimalApi") [1 ms]
  Passed Microsoft.DotNet.Tools.Scaffold.Tests.AspNet.Integration.MVC.RazorViewsNet10IntegrationTests.Templates_HasExpectedScaffolderFolder(folderName: "CodeModificationConfigs") [2 ms]
  Passed Microsoft.DotNet.Tools.Scaffold.Tests.AspNet.Integration.MVC.RazorViewsNet10IntegrationTests.Templates_HasExpectedScaffolderFolder(folderName: "Files") [2 ms]
[xUnit.net 00:04:52.55]     Microsoft.DotNet.Tools.Scaffold.Tests.AspNet.Integr
ation.MVC.RazorViewsNet10IntegrationTests.ViewsTemplates_HasExpectedFile(subfol
der: "Bootstrap5", fileName: "Edit.cshtml") [FAIL]
[xUnit.net 00:04:52.55]       Expected Views template file 'Bootstrap5/Edit.cshtml' not found for net10.0
[xUnit.net 00:04:52.55]       Stack Trace:
[xUnit.net 00:04:52.55]         C:\Scaffolding\test\dotnet-scaffolding\dotnet-scaffold.Tests\AspNet\Integration\MVC\RazorViewsIntegrationTestsBase.cs(392,0): at Microsoft.DotNet.Tools.Scaffold.Tests.AspNet.Integration.RazorViewsIntegrationTestsBase.ViewsTemplates_HasExpectedFile(String subfolder, String fileName)
[xUnit.net 00:04:52.55]            at System.RuntimeMethodHandle.InvokeMethod(ObjectHandleOnStack target, Void** arguments, ObjectHandleOnStack sig, BOOL isConstructor, ObjectHandleOnStack result)
[xUnit.net 00:04:52.55]            at System.Reflection.MethodBaseInvoker.InvokeDirectByRefWithFewArgs(Object obj, Span`1 copyOfArgs, BindingFlags invokeAttr)
[xUnit.net 00:04:52.55]     Microsoft.DotNet.Tools.Scaffold.Tests.AspNet.Integr
ation.MVC.RazorViewsNet10IntegrationTests.ViewsTemplates_HasExpectedFile(subfol
der: "Bootstrap4", fileName: "Empty.cshtml") [FAIL]
[xUnit.net 00:04:52.55]       Expected Views template file 'Bootstrap4/Empty.cshtml' not found for net10.0
[xUnit.net 00:04:52.55]       Stack Trace:
[xUnit.net 00:04:52.55]         C:\Scaffolding\test\dotnet-scaffolding\dotnet-scaffold.Tests\AspNet\Integration\MVC\RazorViewsIntegrationTestsBase.cs(392,0): at Microsoft.DotNet.Tools.Scaffold.Tests.AspNet.Integration.RazorViewsIntegrationTestsBase.ViewsTemplates_HasExpectedFile(String subfolder, String fileName)
[xUnit.net 00:04:52.55]            at InvokeStub_RazorViewsIntegrationTestsBase.ViewsTemplates_HasExpectedFile(Object, Span`1)
[xUnit.net 00:04:52.55]            at System.Reflection.MethodBaseInvoker.InvokeWithFewArgs(Object obj, BindingFlags invokeAttr, Binder binder, Object[] parameters, CultureInfo culture)
[xUnit.net 00:04:52.55]     Microsoft.DotNet.Tools.Scaffold.Tests.AspNet.Integr
ation.MVC.RazorViewsNet10IntegrationTests.ViewsTemplates_HasExpectedFile(subfol
der: "Bootstrap4", fileName: "Edit.cshtml") [FAIL]
[xUnit.net 00:04:52.56]       Expected Views template file 'Bootstrap4/Edit.cshtml' not found for net10.0
[xUnit.net 00:04:52.56]       Stack Trace:
[xUnit.net 00:04:52.56]         C:\Scaffolding\test\dotnet-scaffolding\dotnet-scaffold.Tests\AspNet\Integration\MVC\RazorViewsIntegrationTestsBase.cs(392,0): at Microsoft.DotNet.Tools.Scaffold.Tests.AspNet.Integration.RazorViewsIntegrationTestsBase.ViewsTemplates_HasExpectedFile(String subfolder, String fileName)
[xUnit.net 00:04:52.56]            at InvokeStub_RazorViewsIntegrationTestsBase.ViewsTemplates_HasExpectedFile(Object, Span`1)
[xUnit.net 00:04:52.56]            at System.Reflection.MethodBaseInvoker.InvokeWithFewArgs(Object obj, BindingFlags invokeAttr, Binder binder, Object[] parameters, CultureInfo culture)
[xUnit.net 00:04:52.56]     Microsoft.DotNet.Tools.Scaffold.Tests.AspNet.Integr
ation.MVC.RazorViewsNet10IntegrationTests.ViewsTemplates_HasExpectedFile(subfol
der: "Bootstrap4", fileName: "Delete.cshtml") [FAIL]
[xUnit.net 00:04:52.56]       Expected Views template file 'Bootstrap4/Delete.cshtml' not found for net10.0
[xUnit.net 00:04:52.56]       Stack Trace:
[xUnit.net 00:04:52.56]         C:\Scaffolding\test\dotnet-scaffolding\dotnet-scaffold.Tests\AspNet\Integration\MVC\RazorViewsIntegrationTestsBase.cs(392,0): at Microsoft.DotNet.Tools.Scaffold.Tests.AspNet.Integration.RazorViewsIntegrationTestsBase.ViewsTemplates_HasExpectedFile(String subfolder, String fileName)
[xUnit.net 00:04:52.56]            at InvokeStub_RazorViewsIntegrationTestsBase.ViewsTemplates_HasExpectedFile(Object, Span`1)
[xUnit.net 00:04:52.56]            at System.Reflection.MethodBaseInvoker.InvokeWithFewArgs(Object obj, BindingFlags invokeAttr, Binder binder, Object[] parameters, CultureInfo culture)
[xUnit.net 00:04:52.56]     Microsoft.DotNet.Tools.Scaffold.Tests.AspNet.Integr
ation.MVC.RazorViewsNet10IntegrationTests.ViewsTemplates_HasExpectedFile(subfol
der: "Bootstrap5", fileName: "Create.cshtml") [FAIL]
[xUnit.net 00:04:52.56]       Expected Views template file 'Bootstrap5/Create.cshtml' not found for net10.0
[xUnit.net 00:04:52.56]       Stack Trace:
[xUnit.net 00:04:52.56]         C:\Scaffolding\test\dotnet-scaffolding\dotnet-scaffold.Tests\AspNet\Integration\MVC\RazorViewsIntegrationTestsBase.cs(392,0): at Microsoft.DotNet.Tools.Scaffold.Tests.AspNet.Integration.RazorViewsIntegrationTestsBase.ViewsTemplates_HasExpectedFile(String subfolder, String fileName)
[xUnit.net 00:04:52.56]            at InvokeStub_RazorViewsIntegrationTestsBase.ViewsTemplates_HasExpectedFile(Object, Span`1)
[xUnit.net 00:04:52.56]            at System.Reflection.MethodBaseInvoker.InvokeWithFewArgs(Object obj, BindingFlags invokeAttr, Binder binder, Object[] parameters, CultureInfo culture)
[xUnit.net 00:04:52.56]     Microsoft.DotNet.Tools.Scaffold.Tests.AspNet.Integr
ation.MVC.RazorViewsNet10IntegrationTests.ViewsTemplates_HasExpectedFile(subfol
der: "Bootstrap4", fileName: "Details.cshtml") [FAIL]
[xUnit.net 00:04:52.56]       Expected Views template file 'Bootstrap4/Details.cshtml' not found for net10.0
[xUnit.net 00:04:52.56]       Stack Trace:
[xUnit.net 00:04:52.56]         C:\Scaffolding\test\dotnet-scaffolding\dotnet-scaffold.Tests\AspNet\Integration\MVC\RazorViewsIntegrationTestsBase.cs(392,0): at Microsoft.DotNet.Tools.Scaffold.Tests.AspNet.Integration.RazorViewsIntegrationTestsBase.ViewsTemplates_HasExpectedFile(String subfolder, String fileName)
[xUnit.net 00:04:52.56]            at InvokeStub_RazorViewsIntegrationTestsBase.ViewsTemplates_HasExpectedFile(Object, Span`1)
[xUnit.net 00:04:52.56]            at System.Reflection.MethodBaseInvoker.InvokeWithFewArgs(Object obj, BindingFlags invokeAttr, Binder binder, Object[] parameters, CultureInfo culture)
[xUnit.net 00:04:52.57]     Microsoft.DotNet.Tools.Scaffold.Tests.AspNet.Integr
ation.MVC.RazorViewsNet10IntegrationTests.ViewsTemplates_HasExpectedFile(subfol
der: "Bootstrap5", fileName: "_ValidationScriptsPartial.cshtml") [FAIL]
[xUnit.net 00:04:52.57]       Expected Views template file 'Bootstrap5/_ValidationScriptsPartial.cshtml' not found for net10.0
[xUnit.net 00:04:52.57]       Stack Trace:
[xUnit.net 00:04:52.57]         C:\Scaffolding\test\dotnet-scaffolding\dotnet-scaffold.Tests\AspNet\Integration\MVC\RazorViewsIntegrationTestsBase.cs(392,0): at Microsoft.DotNet.Tools.Scaffold.Tests.AspNet.Integration.RazorViewsIntegrationTestsBase.ViewsTemplates_HasExpectedFile(String subfolder, String fileName)
[xUnit.net 00:04:52.57]            at InvokeStub_RazorViewsIntegrationTestsBase.ViewsTemplates_HasExpectedFile(Object, Span`1)
[xUnit.net 00:04:52.57]            at System.Reflection.MethodBaseInvoker.InvokeWithFewArgs(Object obj, BindingFlags invokeAttr, Binder binder, Object[] parameters, CultureInfo culture)
  Passed Microsoft.DotNet.Tools.Scaffold.Tests.AspNet.Integration.MVC.RazorViewsNet10IntegrationTests.Templates_HasExpectedScaffolderFolder(folderName: "EfController") [1 ms]
  Passed Microsoft.DotNet.Tools.Scaffold.Tests.AspNet.Integration.MVC.RazorViewsNet10IntegrationTests.Templates_HasExpectedScaffolderFolder(folderName: "RazorPages") [2 ms]
  Failed Microsoft.DotNet.Tools.Scaffold.Tests.AspNet.Integration.MVC.RazorViewsNet10IntegrationTests.ViewsTemplates_HasExpectedFile(subfolder: "Bootstrap5", fileName: "Edit.cshtml") [2 ms]
  Error Message:
   Expected Views template file 'Bootstrap5/Edit.cshtml' not found for net10.0
  Stack Trace:
     at Microsoft.DotNet.Tools.Scaffold.Tests.AspNet.Integration.RazorViewsIntegrationTestsBase.ViewsTemplates_HasExpectedFile(String subfolder, String fileName) in C:\Scaffolding\test\dotnet-scaffolding\dotnet-scaffold.Tests\AspNet\Integration\MVC\RazorViewsIntegrationTestsBase.cs:line 392
   at System.RuntimeMethodHandle.InvokeMethod(ObjectHandleOnStack target, Void** arguments, ObjectHandleOnStack sig, BOOL isConstructor, ObjectHandleOnStack result)
   at System.Reflection.MethodBaseInvoker.InvokeDirectByRefWithFewArgs(Object obj, Span`1 copyOfArgs, BindingFlags invokeAttr)
  Failed Microsoft.DotNet.Tools.Scaffold.Tests.AspNet.Integration.MVC.RazorViewsNet10IntegrationTests.ViewsTemplates_HasExpectedFile(subfolder: "Bootstrap4", fileName: "Empty.cshtml") [2 ms]
  Error Message:
   Expected Views template file 'Bootstrap4/Empty.cshtml' not found for net10.0
  Stack Trace:
     at Microsoft.DotNet.Tools.Scaffold.Tests.AspNet.Integration.RazorViewsIntegrationTestsBase.ViewsTemplates_HasExpectedFile(String subfolder, String fileName) in C:\Scaffolding\test\dotnet-scaffolding\dotnet-scaffold.Tests\AspNet\Integration\MVC\RazorViewsIntegrationTestsBase.cs:line 392
   at InvokeStub_RazorViewsIntegrationTestsBase.ViewsTemplates_HasExpectedFile(Object, Span`1)
   at System.Reflection.MethodBaseInvoker.InvokeWithFewArgs(Object obj, BindingFlags invokeAttr, Binder binder, Object[] parameters, CultureInfo culture)
  Failed Microsoft.DotNet.Tools.Scaffold.Tests.AspNet.Integration.MVC.RazorViewsNet10IntegrationTests.ViewsTemplates_HasExpectedFile(subfolder: "Bootstrap4", fileName: "Edit.cshtml") [2 ms]
  Error Message:
   Expected Views template file 'Bootstrap4/Edit.cshtml' not found for net10.0
  Stack Trace:
     at Microsoft.DotNet.Tools.Scaffold.Tests.AspNet.Integration.RazorViewsIntegrationTestsBase.ViewsTemplates_HasExpectedFile(String subfolder, String fileName) in C:\Scaffolding\test\dotnet-scaffolding\dotnet-scaffold.Tests\AspNet\Integration\MVC\RazorViewsIntegrationTestsBase.cs:line 392
   at InvokeStub_RazorViewsIntegrationTestsBase.ViewsTemplates_HasExpectedFile(Object, Span`1)
   at System.Reflection.MethodBaseInvoker.InvokeWithFewArgs(Object obj, BindingFlags invokeAttr, Binder binder, Object[] parameters, CultureInfo culture)
  Failed Microsoft.DotNet.Tools.Scaffold.Tests.AspNet.Integration.MVC.RazorViewsNet10IntegrationTests.ViewsTemplates_HasExpectedFile(subfolder: "Bootstrap4", fileName: "Delete.cshtml") [2 ms]
  Error Message:
   Expected Views template file 'Bootstrap4/Delete.cshtml' not found for net10.0
  Stack Trace:
     at Microsoft.DotNet.Tools.Scaffold.Tests.AspNet.Integration.RazorViewsIntegrationTestsBase.ViewsTemplates_HasExpectedFile(String subfolder, String fileName) in C:\Scaffolding\test\dotnet-scaffolding\dotnet-scaffold.Tests\AspNet\Integration\MVC\RazorViewsIntegrationTestsBase.cs:line 392
   at InvokeStub_RazorViewsIntegrationTestsBase.ViewsTemplates_HasExpectedFile(Object, Span`1)
   at System.Reflection.MethodBaseInvoker.InvokeWithFewArgs(Object obj, BindingFlags invokeAttr, Binder binder, Object[] parameters, CultureInfo culture)
  Failed Microsoft.DotNet.Tools.Scaffold.Tests.AspNet.Integration.MVC.RazorViewsNet10IntegrationTests.ViewsTemplates_HasExpectedFile(subfolder: "Bootstrap5", fileName: "Create.cshtml") [2 ms]
  Error Message:
   Expected Views template file 'Bootstrap5/Create.cshtml' not found for net10.0
  Stack Trace:
     at Microsoft.DotNet.Tools.Scaffold.Tests.AspNet.Integration.RazorViewsIntegrationTestsBase.ViewsTemplates_HasExpectedFile(String subfolder, String fileName) in C:\Scaffolding\test\dotnet-scaffolding\dotnet-scaffold.Tests\AspNet\Integration\MVC\RazorViewsIntegrationTestsBase.cs:line 392
   at InvokeStub_RazorViewsIntegrationTestsBase.ViewsTemplates_HasExpectedFile(Object, Span`1)
   at System.Reflection.MethodBaseInvoker.InvokeWithFewArgs(Object obj, BindingFlags invokeAttr, Binder binder, Object[] parameters, CultureInfo culture)
  Failed Microsoft.DotNet.Tools.Scaffold.Tests.AspNet.Integration.MVC.RazorViewsNet10IntegrationTests.ViewsTemplates_HasExpectedFile(subfolder: "Bootstrap4", fileName: "Details.cshtml") [2 ms]
  Error Message:
   Expected Views template file 'Bootstrap4/Details.cshtml' not found for net10.0
  Stack Trace:
     at Microsoft.DotNet.Tools.Scaffold.Tests.AspNet.Integration.RazorViewsIntegrationTestsBase.ViewsTemplates_HasExpectedFile(String subfolder, String fileName) in C:\Scaffolding\test\dotnet-scaffolding\dotnet-scaffold.Tests\AspNet\Integration\MVC\RazorViewsIntegrationTestsBase.cs:line 392
   at InvokeStub_RazorViewsIntegrationTestsBase.ViewsTemplates_HasExpectedFile(Object, Span`1)
   at System.Reflection.MethodBaseInvoker.InvokeWithFewArgs(Object obj, BindingFlags invokeAttr, Binder binder, Object[] parameters, CultureInfo culture)
  Failed Microsoft.DotNet.Tools.Scaffold.Tests.AspNet.Integration.MVC.RazorViewsNet10IntegrationTests.ViewsTemplates_HasExpectedFile(subfolder: "Bootstrap5", fileName: "_ValidationScriptsPartial.cshtml") [2 ms]
  Error Message:
   Expected Views template file 'Bootstrap5/_ValidationScriptsPartial.cshtml' not found for net10.0
  Stack Trace:
     at Microsoft.DotNet.Tools.Scaffold.Tests.AspNet.Integration.RazorViewsIntegrationTestsBase.ViewsTemplates_HasExpectedFile(String subfolder, String fileName) in C:\Scaffolding\test\dotnet-scaffolding\dotnet-scaffold.Tests\AspNet\Integration\MVC\RazorViewsIntegrationTestsBase.cs:line 392
   at InvokeStub_RazorViewsIntegrationTestsBase.ViewsTemplates_HasExpectedFile(Object, Span`1)
   at System.Reflection.MethodBaseInvoker.InvokeWithFewArgs(Object obj, BindingFlags invokeAttr, Binder binder, Object[] parameters, CultureInfo culture)
[xUnit.net 00:04:52.57]     Microsoft.DotNet.Tools.Scaffold.Tests.AspNet.Integr
ation.MVC.RazorViewsNet10IntegrationTests.ViewsTemplates_HasExpectedFile(subfol
der: "Bootstrap4", fileName: "List.cshtml") [FAIL]
[xUnit.net 00:04:52.57]       Expected Views template file 'Bootstrap4/List.cshtml' not found for net10.0
[xUnit.net 00:04:52.57]       Stack Trace:
[xUnit.net 00:04:52.57]         C:\Scaffolding\test\dotnet-scaffolding\dotnet-scaffold.Tests\AspNet\Integration\MVC\RazorViewsIntegrationTestsBase.cs(392,0): at Microsoft.DotNet.Tools.Scaffold.Tests.AspNet.Integration.RazorViewsIntegrationTestsBase.ViewsTemplates_HasExpectedFile(String subfolder, String fileName)
[xUnit.net 00:04:52.57]            at InvokeStub_RazorViewsIntegrationTestsBase.ViewsTemplates_HasExpectedFile(Object, Span`1)
[xUnit.net 00:04:52.57]            at System.Reflection.MethodBaseInvoker.InvokeWithFewArgs(Object obj, BindingFlags invokeAttr, Binder binder, Object[] parameters, CultureInfo culture)
[xUnit.net 00:04:52.57]     Microsoft.DotNet.Tools.Scaffold.Tests.AspNet.Integr
ation.MVC.RazorViewsNet10IntegrationTests.ViewsTemplates_HasExpectedFile(subfol
der: "Bootstrap5", fileName: "Delete.cshtml") [FAIL]
[xUnit.net 00:04:52.57]       Expected Views template file 'Bootstrap5/Delete.cshtml' not found for net10.0
[xUnit.net 00:04:52.57]       Stack Trace:
[xUnit.net 00:04:52.57]         C:\Scaffolding\test\dotnet-scaffolding\dotnet-scaffold.Tests\AspNet\Integration\MVC\RazorViewsIntegrationTestsBase.cs(392,0): at Microsoft.DotNet.Tools.Scaffold.Tests.AspNet.Integration.RazorViewsIntegrationTestsBase.ViewsTemplates_HasExpectedFile(String subfolder, String fileName)
[xUnit.net 00:04:52.57]            at InvokeStub_RazorViewsIntegrationTestsBase.ViewsTemplates_HasExpectedFile(Object, Span`1)
[xUnit.net 00:04:52.57]            at System.Reflection.MethodBaseInvoker.InvokeWithFewArgs(Object obj, BindingFlags invokeAttr, Binder binder, Object[] parameters, CultureInfo culture)
[xUnit.net 00:04:52.58]     Microsoft.DotNet.Tools.Scaffold.Tests.AspNet.Integr
ation.MVC.RazorViewsNet10IntegrationTests.ViewsTemplates_HasExpectedFile(subfol
der: "Bootstrap4", fileName: "_ValidationScriptsPartial.cshtml") [FAIL]
[xUnit.net 00:04:52.58]       Expected Views template file 'Bootstrap4/_ValidationScriptsPartial.cshtml' not found for net10.0
[xUnit.net 00:04:52.58]       Stack Trace:
[xUnit.net 00:04:52.58]         C:\Scaffolding\test\dotnet-scaffolding\dotnet-scaffold.Tests\AspNet\Integration\MVC\RazorViewsIntegrationTestsBase.cs(392,0): at Microsoft.DotNet.Tools.Scaffold.Tests.AspNet.Integration.RazorViewsIntegrationTestsBase.ViewsTemplates_HasExpectedFile(String subfolder, String fileName)
[xUnit.net 00:04:52.58]            at InvokeStub_RazorViewsIntegrationTestsBase.ViewsTemplates_HasExpectedFile(Object, Span`1)
[xUnit.net 00:04:52.58]            at System.Reflection.MethodBaseInvoker.InvokeWithFewArgs(Object obj, BindingFlags invokeAttr, Binder binder, Object[] parameters, CultureInfo culture)
[xUnit.net 00:04:52.58]     Microsoft.DotNet.Tools.Scaffold.Tests.AspNet.Integr
ation.MVC.RazorViewsNet10IntegrationTests.ViewsTemplates_HasExpectedFile(subfol
der: "Bootstrap5", fileName: "List.cshtml") [FAIL]
[xUnit.net 00:04:52.58]       Expected Views template file 'Bootstrap5/List.cshtml' not found for net10.0
[xUnit.net 00:04:52.58]       Stack Trace:
[xUnit.net 00:04:52.58]         C:\Scaffolding\test\dotnet-scaffolding\dotnet-scaffold.Tests\AspNet\Integration\MVC\RazorViewsIntegrationTestsBase.cs(392,0): at Microsoft.DotNet.Tools.Scaffold.Tests.AspNet.Integration.RazorViewsIntegrationTestsBase.ViewsTemplates_HasExpectedFile(String subfolder, String fileName)
[xUnit.net 00:04:52.58]            at InvokeStub_RazorViewsIntegrationTestsBase.ViewsTemplates_HasExpectedFile(Object, Span`1)
[xUnit.net 00:04:52.58]            at System.Reflection.MethodBaseInvoker.InvokeWithFewArgs(Object obj, BindingFlags invokeAttr, Binder binder, Object[] parameters, CultureInfo culture)
[xUnit.net 00:04:52.59]     Microsoft.DotNet.Tools.Scaffold.Tests.AspNet.Integr
ation.MVC.RazorViewsNet10IntegrationTests.ViewsTemplates_HasExpectedFile(subfol
der: "Bootstrap5", fileName: "Empty.cshtml") [FAIL]
[xUnit.net 00:04:52.59]       Expected Views template file 'Bootstrap5/Empty.cshtml' not found for net10.0
[xUnit.net 00:04:52.59]       Stack Trace:
[xUnit.net 00:04:52.59]         C:\Scaffolding\test\dotnet-scaffolding\dotnet-scaffold.Tests\AspNet\Integration\MVC\RazorViewsIntegrationTestsBase.cs(392,0): at Microsoft.DotNet.Tools.Scaffold.Tests.AspNet.Integration.RazorViewsIntegrationTestsBase.ViewsTemplates_HasExpectedFile(String subfolder, String fileName)
[xUnit.net 00:04:52.59]            at InvokeStub_RazorViewsIntegrationTestsBase.ViewsTemplates_HasExpectedFile(Object, Span`1)
[xUnit.net 00:04:52.59]            at System.Reflection.MethodBaseInvoker.InvokeWithFewArgs(Object obj, BindingFlags invokeAttr, Binder binder, Object[] parameters, CultureInfo culture)
[xUnit.net 00:04:52.59]     Microsoft.DotNet.Tools.Scaffold.Tests.AspNet.Integr
ation.MVC.RazorViewsNet10IntegrationTests.ViewsTemplates_HasExpectedFile(subfol
der: "Bootstrap4", fileName: "Create.cshtml") [FAIL]
[xUnit.net 00:04:52.59]       Expected Views template file 'Bootstrap4/Create.cshtml' not found for net10.0
[xUnit.net 00:04:52.59]       Stack Trace:
[xUnit.net 00:04:52.59]         C:\Scaffolding\test\dotnet-scaffolding\dotnet-scaffold.Tests\AspNet\Integration\MVC\RazorViewsIntegrationTestsBase.cs(392,0): at Microsoft.DotNet.Tools.Scaffold.Tests.AspNet.Integration.RazorViewsIntegrationTestsBase.ViewsTemplates_HasExpectedFile(String subfolder, String fileName)
[xUnit.net 00:04:52.59]            at InvokeStub_RazorViewsIntegrationTestsBase.ViewsTemplates_HasExpectedFile(Object, Span`1)
[xUnit.net 00:04:52.59]            at System.Reflection.MethodBaseInvoker.InvokeWithFewArgs(Object obj, BindingFlags invokeAttr, Binder binder, Object[] parameters, CultureInfo culture)
[xUnit.net 00:04:52.59]     Microsoft.DotNet.Tools.Scaffold.Tests.AspNet.Integr
ation.MVC.RazorViewsNet10IntegrationTests.ViewsTemplates_HasExpectedFile(subfol
der: "Bootstrap5", fileName: "Details.cshtml") [FAIL]
[xUnit.net 00:04:52.59]       Expected Views template file 'Bootstrap5/Details.cshtml' not found for net10.0
[xUnit.net 00:04:52.59]       Stack Trace:
[xUnit.net 00:04:52.59]         C:\Scaffolding\test\dotnet-scaffolding\dotnet-scaffold.Tests\AspNet\Integration\MVC\RazorViewsIntegrationTestsBase.cs(392,0): at Microsoft.DotNet.Tools.Scaffold.Tests.AspNet.Integration.RazorViewsIntegrationTestsBase.ViewsTemplates_HasExpectedFile(String subfolder, String fileName)
[xUnit.net 00:04:52.59]            at InvokeStub_RazorViewsIntegrationTestsBase.ViewsTemplates_HasExpectedFile(Object, Span`1)
[xUnit.net 00:04:52.59]            at System.Reflection.MethodBaseInvoker.InvokeWithFewArgs(Object obj, BindingFlags invokeAttr, Binder binder, Object[] parameters, CultureInfo culture)
  Failed Microsoft.DotNet.Tools.Scaffold.Tests.AspNet.Integration.MVC.RazorViewsNet10IntegrationTests.ViewsTemplates_HasExpectedFile(subfolder: "Bootstrap4", fileName: "List.cshtml") [2 ms]
  Error Message:
   Expected Views template file 'Bootstrap4/List.cshtml' not found for net10.0
  Stack Trace:
     at Microsoft.DotNet.Tools.Scaffold.Tests.AspNet.Integration.RazorViewsIntegrationTestsBase.ViewsTemplates_HasExpectedFile(String subfolder, String fileName) in C:\Scaffolding\test\dotnet-scaffolding\dotnet-scaffold.Tests\AspNet\Integration\MVC\RazorViewsIntegrationTestsBase.cs:line 392
   at InvokeStub_RazorViewsIntegrationTestsBase.ViewsTemplates_HasExpectedFile(Object, Span`1)
   at System.Reflection.MethodBaseInvoker.InvokeWithFewArgs(Object obj, BindingFlags invokeAttr, Binder binder, Object[] parameters, CultureInfo culture)
  Failed Microsoft.DotNet.Tools.Scaffold.Tests.AspNet.Integration.MVC.RazorViewsNet10IntegrationTests.ViewsTemplates_HasExpectedFile(subfolder: "Bootstrap5", fileName: "Delete.cshtml") [3 ms]
  Error Message:
   Expected Views template file 'Bootstrap5/Delete.cshtml' not found for net10.0
  Stack Trace:
     at Microsoft.DotNet.Tools.Scaffold.Tests.AspNet.Integration.RazorViewsIntegrationTestsBase.ViewsTemplates_HasExpectedFile(String subfolder, String fileName) in C:\Scaffolding\test\dotnet-scaffolding\dotnet-scaffold.Tests\AspNet\Integration\MVC\RazorViewsIntegrationTestsBase.cs:line 392
   at InvokeStub_RazorViewsIntegrationTestsBase.ViewsTemplates_HasExpectedFile(Object, Span`1)
   at System.Reflection.MethodBaseInvoker.InvokeWithFewArgs(Object obj, BindingFlags invokeAttr, Binder binder, Object[] parameters, CultureInfo culture)
  Failed Microsoft.DotNet.Tools.Scaffold.Tests.AspNet.Integration.MVC.RazorViewsNet10IntegrationTests.ViewsTemplates_HasExpectedFile(subfolder: "Bootstrap4", fileName: "_ValidationScriptsPartial.cshtml") [6 ms]
  Error Message:
   Expected Views template file 'Bootstrap4/_ValidationScriptsPartial.cshtml' not found for net10.0
  Stack Trace:
     at Microsoft.DotNet.Tools.Scaffold.Tests.AspNet.Integration.RazorViewsIntegrationTestsBase.ViewsTemplates_HasExpectedFile(String subfolder, String fileName) in C:\Scaffolding\test\dotnet-scaffolding\dotnet-scaffold.Tests\AspNet\Integration\MVC\RazorViewsIntegrationTestsBase.cs:line 392
   at InvokeStub_RazorViewsIntegrationTestsBase.ViewsTemplates_HasExpectedFile(Object, Span`1)
   at System.Reflection.MethodBaseInvoker.InvokeWithFewArgs(Object obj, BindingFlags invokeAttr, Binder binder, Object[] parameters, CultureInfo culture)
